22 3a 30 2c |,"MemorySwap":0,|
|00000560| 22 4d 65 6d 6f 72 79 53 77 61 70 70 69 6e 65 73 |"MemorySwappines|
|00000570| 73 22 3a 6e 75 6c 6c 2c 22 4f 6f 6d 4b 69 6c 6c |s":null,"OomKill|
|00000580| 44 69 73 61 62 6c 65 22 3a 66 61 6c 73 65 2c 22 |Disable":false,"|
|00000590| 50 69 64 73 4c 69 6d 69 74 22 3a 30 2c 22 55 6c |PidsLimit":0,"Ul|
|000005a0| 69 6d 69 74 73 22 3a 6e 75 6c 6c 2c 22 43 70 75 |imits":null,"Cpu|
|000005b0| 43 6f 75 6e 74 22 3a 30 2c 22 43 70 75 50 65 72 |Count":0,"CpuPer|
|000005c0| 63 65 6e 74 22 3a 30 2c 22 49 4f 4d 61 78 69 6d |cent":0,"IOMaxim|
|000005d0| 75 6d 49 4f 70 73 22 3a 30 2c 22 49 4f 4d 61 78 |umIOps":0,"IOMax|
|000005e0| 69 6d 75 6d 42 61 6e 64 77 69 64 74 68 22 3a 30 |imumBandwidth":0|
|000005f0| 7d 2c 22 47 72 61 70 68 44 72 69 76 65 72 22 3a |},"GraphDriver":|
|00000600| 7b 22 44 61 74 61 22 3a 6e 75 6c 6c 2c 22 4e 61 |{"Data":null,"Na|
|00000610| 6d 65 22 3a 22 61 75 66 73 22 7d 2c 22 4d 6f 75 |me":"aufs"},"Mou|
|00000620| 6e 74 73 22 3a 5b 7b 22 54 79 70 65 22 3a 22 76 |nts":[{"Type":"v|
|00000630| 6f 6c 75 6d 65 22 2c 22 4e 61 6d 65 22 3a 22 65 |olume","Name":"e|
|00000640| 64 33 30 66 34 65 64 39 63 37 31 31 66 32 32 63 |d30f4ed9c711f22c|
|00000650| 62 63 66 30 31 39 66 31 33 36 39 62 61 36 63 33 |bcf019f1369ba6c3|
|00000660| 63 64 35 62 66 36 30 61 35 66 64 31 34 30 39 65 |cd5bf60a5fd1409e|
|00000670| 30 61 39 61 62 61 61 38 34 30 61 63 33 63 32 22 |0a9abaa840ac3c2"|
|00000680| 2c 22 53 6f 75 72 63 65 22 3a 22 2f 76 61 72 2f |,"Source":"/var/|
|00000690| 6c 69 62 2f 64 6f 63 6b 65 72 2f 76 6f 6c 75 6d |lib/docker/volum|
|000006a0| 65 73 2f 65 64 33 30 66 34 65 64 39 63 37 31 31 |es/ed30f4ed9c711|
|000006b0| 66 32 32 63 62 63 66 30 31 39 66 31 33 36 39 62 |f22cbcf019f1369b|
|000006c0| 61 36 63 33 63 64 35 62 66 36 30 61 35 66 64 31 |a6c3cd5bf60a5fd1|
|000006d0| 34 30 39 65 30 61 39 61 62 61 61 38 34 30 61 63 |409e0a9abaa840ac|
|000006e0| 33 63 32 2f 5f 64 61 74 61 22 2c 22 44 65 73 74 |3c2/_data","Dest|
|000006f0| 69 6e 61 74 69 6f 6e 22 3a 22 2f 76 61 72 2f 6c |ination":"/var/l|
|00000700| 69 62 2f 72 61 62 62 69 74 6d 71 22 2c 22 44 72 |ib/rabbitmq","Dr|
|00000710| 69 76 65 72 22 3a 22 6c 6f 63 61 6c 22 2c 22 4d |iver":"local","M|
|00000720| 6f 64 65 22 3a 22 22 2c 22 52 57 22 3a 74 72 75 |ode":"","RW":tru|
|00000730| 65 2c 22 50 72 6f 70 61 67 61 74 69 6f 6e 22 3a |e,"Propagation":|
|00000740| 22 22 7d 5d 2c 22 43 6f 6e 66 69 67 22 3a 7b 22 |""}],"Config":{"|
|00000750| 48 6f 73 74 6e 61 6d 65 22 3a 22 37 36 30 61 31 |Hostname":"760a1|
|00000760| 31 63 64 61 30 32 65 22 2c 22 44 6f 6d 61 69 6e |1cda02e","Domain|
|00000770| 6e 61 6d 65 22 3a 22 22 2c 22 55 73 65 72 22 3a |name":"","User":|
|00000780| 22 22 2c 22 41 74 74 61 63 68 53 74 64 69 6e 22 |"","AttachStdin"|
|00000790| 3a 66 61 6c 73 65 2c 22 41 74 74 61 63 68 53 74 |:false,"AttachSt|
|000007a0| 64 6f 75 74 22 3a 66 61 6c 73 65 2c 22 41 74 74 |dout":false,"Att|
|000007b0| 61 63 68 53 74 64 65 72 72 22 3a 66 61 6c 73 65 |achStderr":false|
|000007c0| 2c 22 45 78 70 6f 73 65 64 50 6f 72 74 73 22 3a |,"ExposedPorts":|
|000007d0| 7b 22 32 35 36 37 32 2f 74 63 70 22 3a 7b 7d 2c |{"25672/tcp":{},|
|000007e0| 22 34 33 36 39 2f 74 63 70 22 3a 7b 7d 2c 22 35 |"4369/tcp":{},"5|
|000007f0| 36 37 31 2f 74 63 70 22 3a 7b 7d 2c 22 35 36 37 |671/tcp":{},"567|
|00000800| 32 2f 74 63 70 22 3a 7b 7d 7d 2c 22 54 74 79 22 |2/tcp":{}},"Tty"|
|00000810| 3a 66 61 6c 73 65 2c 22 4f 70 65 6e 53 74 64 69 |:false,"OpenStdi|
|00000820| 6e 22 3a 66 61 6c 73 65 2c 22 53 74 64 69 6e 4f |n":false,"StdinO|
|00000830| 6e 63 65 22 3a 66 61 6c 73 65 2c 22 45 6e 76 22 |nce":false,"Env"|
|00000840| 3a 5b 22 52 41 42 42 49 54 4d 51 5f 55 53 45 52 |:["RABBITMQ_USER|
|00000850| 3d 67 75 65 73 74 22 2c 22 52 41 42 42 49 54 4d |=guest","RABBITM|
|00000860| 51 5f 50 41 53 53 57 4f 52 44 3d 67 75 65 73 74 |Q_PASSWORD=guest|
|00000870| 22 2c 22 6e 6f 5f 70 72 6f 78 79 3d 2a 2e 6c 6f |","no_proxy=*.lo|
|00000880| 63 61 6c 2c 20 31 36 39 2e 32 35 34 2f 31 36 22 |cal, 169.254/16"|
|00000890| 2c 22 50 41 54 48 3d 2f 75 73 72 2f 6c 69 62 2f |,"PATH=/usr/lib/|
|000008a0| 72 61 62 62 69 74 6d 71 2f 62 69 6e 3a 2f 75 73 |rabbitmq/bin:/us|
|000008b0| 72 2f 6c 6f 63 61 6c 2f 73 62 69 6e 3a 2f 75 73 |r/local/sbin:/us|
|000008c0| 72 2f 6c 6f 63 61 6c 2f 62 69 6e 3a 2f 75 73 72 |r/local/bin:/usr|
|000008d0| 2f 73 62 69 6e 3a 2f 75 73 72 2f 62 69 6e 3a 2f |/sbin:/usr/bin:/|
|000008e0| 73 62 69 6e 3a 2f 62 69 6e 22 2c 22 47 4f 53 55 |sbin:/bin","GOSU|
|000008f0| 5f 56 45 52 53 49 4f 4e 3d 31 2e 31 30 22 2c 22 |_VERSION=1.10","|
|00000900| 52 41 42 42 49 54 4d 51 5f 4c 4f 47 53 3d 2d 22 |RABBITMQ_LOGS=-"|
|00000910| 2c 22 52 41 42 42 49 54 4d 51 5f 53 41 53 4c 5f |,"RABBITMQ_SASL_|
|00000920| 4c 4f 47 53 3d 2d 22 2c 22 52 41 42 42 49 54 4d |LOGS=-","RABBITM|
|00000930| 51 5f 47 50 47 5f 4b 45 59 3d 30 41 39 41 46 32 |Q_GPG_KEY=0A9AF2|
|00000940| 31 31 35 46 34 36 38 37 42 44 32 39 38 30 33 41 |115F4687BD29803A|
|00000950| 32 30 36 42 37 33 41 33 36 45 36 30 32 36 44 46 |206B73A36E6026DF|
|00000960| 43 41 22 2c 22 52 41 42 42 49 54 4d 51 5f 56 45 |CA","RABBITMQ_VE|
|00000970| 52 53 49 4f 4e 3d 33 2e 36 2e 31 34 22 2c 22 52 |RSION=3.6.14","R|
|00000980| 41 42 42 49 54 4d 51 5f 47 49 54 48 55 42 5f 54 |ABBITMQ_GITHUB_T|
|00000990| 41 47 3d 72 61 62 62 69 74 6d 71 5f 76 33 5f 36 |AG=rabbitmq_v3_6|
|000009a0| 5f 31 34 22 2c 22 52 41 42 42 49 54 4d 51 5f 44 |_14","RABBITMQ_D|
|000009b0| 45 42 49 41 4e 5f 56 45 52 53 49 4f 4e 3d 33 2e |EBIAN_VERSION=3.|
|000009c0| 36 2e 31 34 2d 31 22 2c 22 48 4f 4d 45 3d 2f 76 |6.14-1","HOME=/v|
|000009d0| 61 72 2f 6c 69 62 2f 72 61 62 62 69 74 6d 71 22 |ar/lib/rabbitmq"|
|000009e0| 5d 2c 22 43 6d 64 22 3a 5b 22 72 61 62 62 69 74 |],"Cmd":["rabbit|
|000009f0| 6d 71 2d 73 65 72 76 65 72 22 5d 2c 22 41 72 67 |mq-server"],"Arg|
|00000a00| 73 45 73 63 61 70 65 64 22 3a 74 72 75 65 2c 22 |sEscaped":true,"|
|00000a10| 49 6d 61 67 65 22 3a 22 72 61 62 62 69 74 6d 71 |Image":"rabbitmq|
|00000a20| 3a 33 2e 36 2e 31 34 22 2c 22 56 6f 6c 75 6d 65 |:3.6.14","Volume|
|00000a30| 73 22 3a 7b 22 2f 76 61 72 2f 6c 69 62 2f 72 61 |s":{"/var/lib/ra|
|00000a40| 62 62 69 74 6d 71 22 3a 7b 7d 7d 2c 22 57 6f 72 |bbitmq":{}},"Wor|
|00000a50| 6b 69 6e 67 44 69 72 22 3a 22 22 2c 22 45 6e 74 |kingDir":"","Ent|
|00000a60| 72 79 70 6f 69 6e 74 22 3a 5b 22 64 6f 63 6b 65 |rypoint":["docke|
|00000a70| 72 2d 65 6e 74 72 79 70 6f 69 6e 74 2e 73 68 22 |r-entrypoint.sh"|
|00000a80| 5d 2c 22 4f 6e 42 75 69 6c 64 22 3a 6e 75 6c 6c |],"OnBuild":null|
|00000a90| 2c 22 4c 61 62 65 6c 73 22 3a 7b 22 6f 72 67 2e |,"Labels":{"org.|
|00000aa0| 74 65 73 74 63 6f 6e 74 61 69 6e 65 72 73 22 3a |testcontainers":|
|00000ab0| 22 74 72 75 65 22 7d 7d 2c 22 4e 65 74 77 6f 72 |"true"}},"Networ|
|00000ac0| 6b 53 65 74 74 69 6e 67 73 22 3a 7b 22 42 72 69 |kSettings":{"Bri|
|00000ad0| 64 67 65 22 3a 22 22 2c 22 53 61 6e 64 62 6f 78 |dge":"","Sandbox|
|00000ae0| 49 44 22 3a 22 38 66 38 35 65 33 63 65 66 39 62 |ID":"8f85e3cef9b|
|00000af0| 32 66 39 39 31 63 39 36 30 30 35 61 32 38 64 36 |2f991c96005a28d6|
|00000b00| 65 63 35 32 64 63 34 35 33 33 33 64 63 65 37 38 |ec52dc45333dce78|
|00000b10| 38 37 36 64 30 39 37 65 63 31 32 38 66 39 39 36 |876d097ec128f996|
|00000b20| 37 33 38 36 64 22 2c 22 48 61 69 72 70 69 6e 4d |7386d","HairpinM|
|00000b30| 6f 64 65 22 3a 66 61 6c 73 65 2c 22 4c 69 6e 6b |ode":false,"Link|
|00000b40| 4c 6f 63 61 6c 49 50 76 36 41 64 64 72 65 73 73 |LocalIPv6Address|
|00000b50| 22 3a 22 22 2c 22 4c 69 6e 6b 4c 6f 63 61 6c 49 |":"","LinkLocalI|
|00000b60| 50 76 36 50 72 65 66 69 78 4c 65 6e 22 3a 30 2c |Pv6PrefixLen":0,|
|00000b70| 22 50 6f 72 74 73 22 3a 7b 22 32 35 36 37 32 2f |"Ports":{"25672/|
|00000b80| 74 63 70 22 3a 5b 7b 22 48 6f 73 74 49 70 22 3a |tcp":[{"HostIp":|
|00000b90| 22 30 2e 30 2e 30 2e 30 22 2c 22 48 6f 73 74 50 |"0.0.0.0","HostP|
|00000ba0| 6f 72 74 22 3a 22 33 32 39 36 36 22 7d 5d 2c 22 |ort":"32966"}],"|
|00000bb0| 34 33 36 39 2f 74 63 70 22 3a 5b 7b 22 48 6f 73 |4369/tcp":[{"Hos|
|00000bc0| 74 49 70 22 3a 22 30 2e 30 2e 30 2e 30 22 2c 22 |tIp":"0.0.0.0","|
|00000bd0| 48 6f 73 74 50 6f 72 74 22 3a 22 33 32 39 36 39 |HostPort":"32969|
|00000be0| 22 7d 5d 2c 22 35 36 37 31 2f 74 63 70 22 3a 5b |"}],"5671/tcp":[|
|00000bf0| 7b 22 48 6f 73 74 49 70 22 3a 22 30 2e 30 2e 30 |{"HostIp":"0.0.0|
|00000c00| 2e 30 22 2c 22 48 6f 73 74 50 6f 72 74 22 3a 22 |.0","HostPort":"|
|00000c10| 33 32 39 36 38 22 7d 5d 2c 22 35 36 37 32 2f 74 |32968"}],"5672/t|
|00000c20| 63 70 22 3a 5b 7b 22 48 6f 73 74 49 70 22 3a 22 |cp":[{"HostIp":"|
|00000c30| 30 2e 30 2e 30 2e 30 22 2c 22 48 6f 73 74 50 6f |0.0.0.0","HostPo|
|00000c40| 72 74 22 3a 22 33 32 39 36 37 22 7d 5d 7d 2c 22 |rt":"32967"}]},"|
|00000c50| 53 61 6e 64 62 6f 78 4b 65 79 22 3a 22 2f 76 61 |SandboxKey":"/va|
|00000c60| 72 2f 72 75 6e 2f 64 6f 63 6b 65 72 2f 6e 65 74 |r/run/docker/net|
|00000c70| 6e 73 2f 38 66 38 35 65 33 63 65 66 39 62 32 22 |ns/8f85e3cef9b2"|
|00000c80| 2c 22 53 65 63 6f 6e 64 61 72 79 49 50 41 64 64 |,"SecondaryIPAdd|
|00000c90| 72 65 73 73 65 73 22 3a 6e 75 6c 6c 2c 22 53 65 |resses":null,"Se|
|00000ca0| 63 6f 6e 64 61 72 79 49 50 76 36 41 64 64 72 65 |condaryIPv6Addre|
|00000cb0| 73 73 65 73 22 3a 6e 75 6c 6c 2c 22 45 6e 64 70 |sses":null,"Endp|
|00000cc0| 6f 69 6e 74 49 44 22 3a 22 61 38 30 65 33 33 34 |ointID":"a80e334|
|00000cd0| 39 64 38 64 61 66 31 37 64 35 32 30 31 33 64 64 |9d8daf17d52013dd|
|00000ce0| 37 64 30 63 62 66 32 31 34 31 64 30 35 30 32 64 |7d0cbf2141d0502d|
|00000cf0| 33 34 37 61 31 30 61 39 64 36 65 33 32 31 66 39 |347a10a9d6e321f9|
|00000d00| 64 38 62 32 37 61 32 65 34 22 2c 22 47 61 74 65 |d8b27a2e4","Gate|
|00000d10| 77 61 79 22 3a 22 31 37 32 2e 31 37 2e 30 2e 31 |way":"172.17.0.1|
|00000d20| 22 2c 22 47 6c 6f 62 61 6c 49 50 76 36 41 64 64 |","GlobalIPv6Add|
|00000d30| 72 65 73 73 22 3a 22 22 2c 22 47 6c 6f 62 61 6c |ress":"","Global|
|00000d40| 49 50 76 36 50 72 65 66 69 78 4c 65 6e 22 3a 30 |IPv6PrefixLen":0|
|00000d50| 2c 22 49 50 41 64 64 72 65 73 73 22 3a 22 31 37 |,"IPAddress":"17|
|00000d60| 32 2e 31 37 2e 30 2e 33 22 2c 22 49 50 50 72 65 |2.17.0.3","IPPre|
|00000d70| 66 69 78 4c 65 6e 22 3a 31 36 2c 22 49 50 76 36 |fixLen":16,"IPv6|
|00000d80| 47 61 74 65 77 61 79 22 3a 22 22 2c 22 4d 61 63 |Gateway":"","Mac|
|00000d90| 41 64 64 72 65 73 73 22 3a 22 30 32 3a 34 32 3a |Address":"02:42:|
|00000da0| 61 63 3a 31 31 3a 30 30 3a 30 33 22 2c 22 4e 65 |ac:11:00:03","Ne|
|00000db0| 74 77 6f 72 6b 73 22 3a 7b 22 62 72 69 64 67 65 |tworks":{"bridge|
|00000dc0| 22 3a 7b 22 49 50 41 4d 43 6f 6e 66 69 67 22 3a |":{"IPAMConfig":|
|00000dd0| 6e 75 6c 6c 2c 22 4c 69 6e 6b 73 22 3a 6e 75 6c |null,"Links":nul|
|00000de0| 6c 2c 22 41 6c 69 61 73 65 73 22 3a 6e 75 6c 6c |l,"Aliases":null|
|00000df0| 2c 22 4e 65 74 77 6f 72 6b 49 44 22 3a 22 39 66 |,"NetworkID":"9f|
|00000e00| 65 38 62 39 32 64 61 66 63 30 35 34 34 36 33 33 |e8b92dafc0544633|
|00000e10| 37 39 64 39 34 35 38 61 64 65 37 37 64 35 31 61 |79d9458ade77d51a|
|00000e20| 34 61 62 39 30 61 64 31 33 65 35 34 61 65 32 31 |4ab90ad13e54ae21|
|00000e30| 61 31 38 64 36 35 66 66 32 63 30 37 63 61 22 2c |a18d65ff2c07ca",|
|00000e40| 22 45 6e 64 70 6f 69 6e 74 49 44 22 3a 22 61 38 |"EndpointID":"a8|
|00000e50| 30 65 33 33 34 39 64 38 64 61 66 31 37 64 35 32 |0e3349d8daf17d52|
|00000e60| 30 31 33 64 64 37 64 30 63 62 66 32 31 34 31 64 |013dd7d0cbf2141d|
|00000e70| 30 35 30 32 64 33 34 37 61 31 30 61 39 64 36 65 |0502d347a10a9d6e|
|00000e80| 33 32 31 66 39 64 38 62 32 37 61 32 65 34 22 2c |321f9d8b27a2e4",|
|00000e90| 22 47 61 74 65 77 61 79 22 3a 22 31 37 32 2e 31 |"Gateway":"172.1|
|00000ea0| 37 2e 30 2e 31 22 2c 22 49 50 41 64 64 72 65 73 |7.0.1","IPAddres|
|00000eb0| 73 22 3a 22 31 37 32 2e 31 37 2e 30 2e 33 22 2c |s":"172.17.0.3",|
|00000ec0| 22 49 50 50 72 65 66 69 78 4c 65 6e 22 3a 31 36 |"IPPrefixLen":16|
|00000ed0| 2c 22 49 50 76 36 47 61 74 65 77 61 79 22 3a 22 |,"IPv6Gateway":"|
|00000ee0| 22 2c 22 47 6c 6f 62 61 6c 49 50 76 36 41 64 64 |","GlobalIPv6Add|
|00000ef0| 72 65 73 73 22 3a 22 22 2c 22 47 6c 6f 62 61 6c |ress":"","Global|
|00000f00| 49 50 76 36 50 72 65 66 69 78 4c 65 6e 22 3a 30 |IPv6PrefixLen":0|
|00000f10| 2c 22 4d 61 63 41 64 64 72 65 73 73 22 3a 22 30 |,"MacAddress":"0|
|00000f20| 32 3a 34 32 3a 61 63 3a 31 31 3a 30 30 3a 30 33 |2:42:ac:11:00:03|
|00000f30| 22 2c 22 44 72 69 76 65 72 4f 70 74 73 22 3a 6e |","DriverOpts":n|
|00000f40| 75 6c 6c 7d 7d 7d 7d 0a                         |ull}}}}.        |
+--------+-------------------------------------------------+----------------+
2017-11-27 22:09:10.216 DEBUG   --- [java-netty-1-15] c.g.d.netty.NettyDockerCmdExecFactory$1  : [id: 0xb7b15c4a, L:null - R:/var/run/docker.sock] READ, EmptyLastHttpContent, 0B
2017-11-27 22:09:10.216 DEBUG   --- [java-netty-1-15] c.g.d.netty.NettyDockerCmdExecFactory$1  : [id: 0xb7b15c4a, L:null - R:/var/run/docker.sock] CLOSE
2017-11-27 22:09:10.216 DEBUG   --- [java-netty-1-15] xecFactory$UnixDomainSocketInitializer$3 : [id: 0xb7b15c4a, L:null - R:/var/run/docker.sock] CLOSE
2017-11-27 22:09:10.217 DEBUG   --- [java-netty-1-15] xecFactory$UnixDomainSocketInitializer$3 : [id: 0xb7b15c4a, L:null ! R:/var/run/docker.sock] READ COMPLETE
2017-11-27 22:09:10.217 DEBUG   --- [java-netty-1-15] c.g.d.netty.NettyDockerCmdExecFactory$1  : [id: 0xb7b15c4a, L:null ! R:/var/run/docker.sock] READ COMPLETE
2017-11-27 22:09:10.217 DEBUG   --- [java-netty-1-15] xecFactory$UnixDomainSocketInitializer$3 : [id: 0xb7b15c4a, L:null ! R:/var/run/docker.sock] INACTIVE
2017-11-27 22:09:10.217 DEBUG   --- [java-netty-1-15] c.g.d.netty.NettyDockerCmdExecFactory$1  : [id: 0xb7b15c4a, L:null ! R:/var/run/docker.sock] INACTIVE
2017-11-27 22:09:10.217 DEBUG   --- [java-netty-1-15] xecFactory$UnixDomainSocketInitializer$3 : [id: 0xb7b15c4a, L:null ! R:/var/run/docker.sock] UNREGISTERED
2017-11-27 22:09:10.217 DEBUG   --- [java-netty-1-15] c.g.d.netty.NettyDockerCmdExecFactory$1  : [id: 0xb7b15c4a, L:null ! R:/var/run/docker.sock] UNREGISTERED
2017-11-27 22:09:10.218 DEBUG   --- [pool-1-thread-1] c.g.d.core.command.AbstrDockerCmd        : Cmd: 760a11cda02e910f00711b5a13bda9b1a918e18eb4153f1bfc40e23e16ada5cc,false,com.github.dockerjava.netty.exec.InspectContainerCmdExec@59229142
2017-11-27 22:09:10.219 DEBUG   --- [pool-1-thread-1] c.g.d.n.exec.InspectContainerCmdExec     : GET: com.github.dockerjava.netty.WebTarget@35426afe
2017-11-27 22:09:10.222 DEBUG   --- [java-netty-1-16] xecFactory$UnixDomainSocketInitializer$3 : [id: 0x59e5fece] REGISTERED
2017-11-27 22:09:10.222 DEBUG   --- [java-netty-1-16] xecFactory$UnixDomainSocketInitializer$3 : [id: 0x59e5fece] CONNECT: /var/run/docker.sock
2017-11-27 22:09:10.222 DEBUG   --- [java-netty-1-16] xecFactory$UnixDomainSocketInitializer$3 : [id: 0x59e5fece, L:null - R:/var/run/docker.sock] ACTIVE
2017-11-27 22:09:10.223 DEBUG   --- [java-netty-1-16] c.g.d.netty.NettyDockerCmdExecFactory$1  : [id: 0x59e5fece, L:null - R:/var/run/docker.sock] WRITE, DefaultFullHttpRequest(decodeResult: success, version: HTTP/1.1, content: UnpooledByteBufAllocator$InstrumentedUnpooledUnsafeHeapByteBuf(ridx: 0, widx: 0, cap: 0))
GET /containers/760a11cda02e910f00711b5a13bda9b1a918e18eb4153f1bfc40e23e16ada5cc/json HTTP/1.1
host:
connection: keep-alive
accept-encoding: gzip
accept: application/json, 0B
2017-11-27 22:09:10.223 DEBUG   --- [java-netty-1-16] xecFactory$UnixDomainSocketInitializer$3 : [id: 0x59e5fece, L:null - R:/var/run/docker.sock] WRITE: 179B
         +-------------------------------------------------+
         |  0  1  2  3  4  5  6  7  8  9  a  b  c  d  e  f |
+--------+-------------------------------------------------+----------------+
|00000000| 47 45 54 20 2f 63 6f 6e 74 61 69 6e 65 72 73 2f |GET /containers/|
|00000010| 37 36 30 61 31 31 63 64 61 30 32 65 39 31 30 66 |760a11cda02e910f|
|00000020| 30 30 37 31 31 62 35 61 31 33 62 64 61 39 62 31 |00711b5a13bda9b1|
|00000030| 61 39 31 38 65 31 38 65 62 34 31 35 33 66 31 62 |a918e18eb4153f1b|
|00000040| 66 63 34 30 65 32 33 65 31 36 61 64 61 35 63 63 |fc40e23e16ada5cc|
|00000050| 2f 6a 73 6f 6e 20 48 54 54 50 2f 31 2e 31 0d 0a |/json HTTP/1.1..|
|00000060| 68 6f 73 74 3a 20 0d 0a 63 6f 6e 6e 65 63 74 69 |host: ..connecti|
|00000070| 6f 6e 3a 20 6b 65 65 70 2d 61 6c 69 76 65 0d 0a |on: keep-alive..|
|00000080| 61 63 63 65 70 74 2d 65 6e 63 6f 64 69 6e 67 3a |accept-encoding:|
|00000090| 20 67 7a 69 70 0d 0a 61 63 63 65 70 74 3a 20 61 | gzip..accept: a|
|000000a0| 70 70 6c 69 63 61 74 69 6f 6e 2f 6a 73 6f 6e 0d |pplication/json.|
|000000b0| 0a 0d 0a                                        |...             |
+--------+-------------------------------------------------+----------------+
2017-11-27 22:09:10.224 DEBUG   --- [java-netty-1-16] c.g.d.netty.NettyDockerCmdExecFactory$1  : [id: 0x59e5fece, L:null - R:/var/run/docker.sock] FLUSH
2017-11-27 22:09:10.224 DEBUG   --- [java-netty-1-16] xecFactory$UnixDomainSocketInitializer$3 : [id: 0x59e5fece, L:null - R:/var/run/docker.sock] FLUSH
2017-11-27 22:09:10.226 DEBUG   --- [java-netty-1-16] xecFactory$UnixDomainSocketInitializer$3 : [id: 0x59e5fece, L:null - R:/var/run/docker.sock] READ: 1024B
         +-------------------------------------------------+
         |  0  1  2  3  4  5  6  7  8  9  a  b  c  d  e  f |
+--------+-------------------------------------------------+----------------+
|00000000| 48 54 54 50 2f 31 2e 31 20 32 30 30 20 4f 4b 0d |HTTP/1.1 200 OK.|
|00000010| 0a 41 70 69 2d 56 65 72 73 69 6f 6e 3a 20 31 2e |.Api-Version: 1.|
|00000020| 33 32 0d 0a 43 6f 6e 74 65 6e 74 2d 54 79 70 65 |32..Content-Type|
|00000030| 3a 20 61 70 70 6c 69 63 61 74 69 6f 6e 2f 6a 73 |: application/js|
|00000040| 6f 6e 0d 0a 44 61 74 65 3a 20 4d 6f 6e 2c 20 32 |on..Date: Mon, 2|
|00000050| 37 20 4e 6f 76 20 32 30 31 37 20 32 31 3a 30 39 |7 Nov 2017 21:09|
|00000060| 3a 30 36 20 47 4d 54 0d 0a 44 6f 63 6b 65 72 2d |:06 GMT..Docker-|
|00000070| 45 78 70 65 72 69 6d 65 6e 74 61 6c 3a 20 66 61 |Experimental: fa|
|00000080| 6c 73 65 0d 0a 4f 73 74 79 70 65 3a 20 6c 69 6e |lse..Ostype: lin|
|00000090| 75 78 0d 0a 53 65 72 76 65 72 3a 20 44 6f 63 6b |ux..Server: Dock|
|000000a0| 65 72 2f 31 37 2e 30 39 2e 30 2d 63 65 20 28 6c |er/17.09.0-ce (l|
|000000b0| 69 6e 75 78 29 0d 0a 54 72 61 6e 73 66 65 72 2d |inux)..Transfer-|
|000000c0| 45 6e 63 6f 64 69 6e 67 3a 20 63 68 75 6e 6b 65 |Encoding: chunke|
|000000d0| 64 0d 0a 0d 0a 31 32 36 64 0d 0a 7b 22 49 64 22 |d....126d..{"Id"|
|000000e0| 3a 22 37 36 30 61 31 31 63 64 61 30 32 65 39 31 |:"760a11cda02e91|
|000000f0| 30 66 30 30 37 31 31 62 35 61 31 33 62 64 61 39 |0f00711b5a13bda9|
|00000100| 62 31 61 39 31 38 65 31 38 65 62 34 31 35 33 66 |b1a918e18eb4153f|
|00000110| 31 62 66 63 34 30 65 32 33 65 31 36 61 64 61 35 |1bfc40e23e16ada5|
|00000120| 63 63 22 2c 22 43 72 65 61 74 65 64 22 3a 22 32 |cc","Created":"2|
|00000130| 30 31 37 2d 31 31 2d 32 37 54 32 31 3a 30 39 3a |017-11-27T21:09:|
|00000140| 30 35 2e 36 30 36 37 39 38 31 30 32 5a 22 2c 22 |05.606798102Z","|
|00000150| 50 61 74 68 22 3a 22 64 6f 63 6b 65 72 2d 65 6e |Path":"docker-en|
|00000160| 74 72 79 70 6f 69 6e 74 2e 73 68 22 2c 22 41 72 |trypoint.sh","Ar|
|00000170| 67 73 22 3a 5b 22 72 61 62 62 69 74 6d 71 2d 73 |gs":["rabbitmq-s|
|00000180| 65 72 76 65 72 22 5d 2c 22 53 74 61 74 65 22 3a |erver"],"State":|
|00000190| 7b 22 53 74 61 74 75 73 22 3a 22 72 75 6e 6e 69 |{"Status":"runni|
|000001a0| 6e 67 22 2c 22 52 75 6e 6e 69 6e 67 22 3a 74 72 |ng","Running":tr|
|000001b0| 75 65 2c 22 50 61 75 73 65 64 22 3a 66 61 6c 73 |ue,"Paused":fals|
|000001c0| 65 2c 22 52 65 73 74 61 72 74 69 6e 67 22 3a 66 |e,"Restarting":f|
|000001d0| 61 6c 73 65 2c 22 4f 4f 4d 4b 69 6c 6c 65 64 22 |alse,"OOMKilled"|
|000001e0| 3a 66 61 6c 73 65 2c 22 44 65 61 64 22 3a 66 61 |:false,"Dead":fa|
|000001f0| 6c 73 65 2c 22 50 69 64 22 3a 31 35 38 38 39 2c |lse,"Pid":15889,|
|00000200| 22 45 78 69 74 43 6f 64 65 22 3a 30 2c 22 45 72 |"ExitCode":0,"Er|
|00000210| 72 6f 72 22 3a 22 22 2c 22 53 74 61 72 74 65 64 |ror":"","Started|
|00000220| 41 74 22 3a 22 32 30 31 37 2d 31 31 2d 32 37 54 |At":"2017-11-27T|
|00000230| 32 31 3a 30 39 3a 30 36 2e 37 34 37 30 36 37 33 |21:09:06.7470673|
|00000240| 38 38 5a 22 2c 22 46 69 6e 69 73 68 65 64 41 74 |88Z","FinishedAt|
|00000250| 22 3a 22 30 30 30 31 2d 30 31 2d 30 31 54 30 30 |":"0001-01-01T00|
|00000260| 3a 30 30 3a 30 30 5a 22 7d 2c 22 49 6d 61 67 65 |:00:00Z"},"Image|
|00000270| 22 3a 22 73 68 61 32 35 36 3a 37 39 61 30 30 38 |":"sha256:79a008|
|00000280| 62 32 35 39 36 32 65 31 61 31 34 33 65 30 32 62 |b25962e1a143e02b|
|00000290| 33 37 31 38 37 66 38 35 35 63 62 32 32 34 65 32 |37187f855cb224e2|
|000002a0| 32 30 33 62 39 34 63 63 39 66 38 37 65 38 31 66 |203b94cc9f87e81f|
|000002b0| 65 32 37 35 36 36 30 63 39 64 22 2c 22 52 65 73 |e275660c9d","Res|
|000002c0| 6f 6c 76 43 6f 6e 66 50 61 74 68 22 3a 22 2f 76 |olvConfPath":"/v|
|000002d0| 61 72 2f 6c 69 62 2f 64 6f 63 6b 65 72 2f 63 6f |ar/lib/docker/co|
|000002e0| 6e 74 61 69 6e 65 72 73 2f 37 36 30 61 31 31 63 |ntainers/760a11c|
|000002f0| 64 61 30 32 65 39 31 30 66 30 30 37 31 31 62 35 |da02e910f00711b5|
|00000300| 61 31 33 62 64 61 39 62 31 61 39 31 38 65 31 38 |a13bda9b1a918e18|
|00000310| 65 62 34 31 35 33 66 31 62 66 63 34 30 65 32 33 |eb4153f1bfc40e23|
|00000320| 65 31 36 61 64 61 35 63 63 2f 72 65 73 6f 6c 76 |e16ada5cc/resolv|
|00000330| 2e 63 6f 6e 66 22 2c 22 48 6f 73 74 6e 61 6d 65 |.conf","Hostname|
|00000340| 50 61 74 68 22 3a 22 2f 76 61 72 2f 6c 69 62 2f |Path":"/var/lib/|
|00000350| 64 6f 63 6b 65 72 2f 63 6f 6e 74 61 69 6e 65 72 |docker/container|
|00000360| 73 2f 37 36 30 61 31 31 63 64 61 30 32 65 39 31 |s/760a11cda02e91|
|00000370| 30 66 30 30 37 31 31 62 35 61 31 33 62 64 61 39 |0f00711b5a13bda9|
|00000380| 62 31 61 39 31 38 65 31 38 65 62 34 31 35 33 66 |b1a918e18eb4153f|
|00000390| 31 62 66 63 34 30 65 32 33 65 31 36 61 64 61 35 |1bfc40e23e16ada5|
|000003a0| 63 63 2f 68 6f 73 74 6e 61 6d 65 22 2c 22 48 6f |cc/hostname","Ho|
|000003b0| 73 74 73 50 61 74 68 22 3a 22 2f 76 61 72 2f 6c |stsPath":"/var/l|
|000003c0| 69 62 2f 64 6f 63 6b 65 72 2f 63 6f 6e 74 61 69 |ib/docker/contai|
|000003d0| 6e 65 72 73 2f 37 36 30 61 31 31 63 64 61 30 32 |ners/760a11cda02|
|000003e0| 65 39 31 30 66 30 30 37 31 31 62 35 61 31 33 62 |e910f00711b5a13b|
|000003f0| 64 61 39 62 31 61 39 31 38 65 31 38 65 62 34 31 |da9b1a918e18eb41|
+--------+-------------------------------------------------+----------------+
2017-11-27 22:09:10.226 DEBUG   --- [java-netty-1-16] c.g.d.netty.NettyDockerCmdExecFactory$1  : [id: 0x59e5fece, L:null - R:/var/run/docker.sock] READ: DefaultHttpResponse(decodeResult: success, version: HTTP/1.1)
HTTP/1.1 200 OK
Api-Version: 1.32
Content-Type: application/json
Date: Mon, 27 Nov 2017 21:09:06 GMT
Docker-Experimental: false
Ostype: linux
Server: Docker/17.09.0-ce (linux)
Transfer-Encoding: chunked
2017-11-27 22:09:10.227 DEBUG   --- [java-netty-1-16] c.g.d.netty.NettyDockerCmdExecFactory$1  : [id: 0x59e5fece, L:null - R:/var/run/docker.sock] READ: DefaultHttpContent(data: PooledSlicedByteBuf(ridx: 0, widx: 805, cap: 805/805, unwrapped: PooledUnsafeDirectByteBuf(ridx: 1024, widx: 1024, cap: 1024)), decoderResult: success), 805B
         +-------------------------------------------------+
         |  0  1  2  3  4  5  6  7  8  9  a  b  c  d  e  f |
+--------+-------------------------------------------------+----------------+
|00000000| 7b 22 49 64 22 3a 22 37 36 30 61 31 31 63 64 61 |{"Id":"760a11cda|
|00000010| 30 32 65 39 31 30 66 30 30 37 31 31 62 35 61 31 |02e910f00711b5a1|
|00000020| 33 62 64 61 39 62 31 61 39 31 38 65 31 38 65 62 |3bda9b1a918e18eb|
|00000030| 34 31 35 33 66 31 62 66 63 34 30 65 32 33 65 31 |4153f1bfc40e23e1|
|00000040| 36 61 64 61 35 63 63 22 2c 22 43 72 65 61 74 65 |6ada5cc","Create|
|00000050| 64 22 3a 22 32 30 31 37 2d 31 31 2d 32 37 54 32 |d":"2017-11-27T2|
|00000060| 31 3a 30 39 3a 30 35 2e 36 30 36 37 39 38 31 30 |1:09:05.60679810|
|00000070| 32 5a 22 2c 22 50 61 74 68 22 3a 22 64 6f 63 6b |2Z","Path":"dock|
|00000080| 65 72 2d 65 6e 74 72 79 70 6f 69 6e 74 2e 73 68 |er-entrypoint.sh|
|00000090| 22 2c 22 41 72 67 73 22 3a 5b 22 72 61 62 62 69 |","Args":["rabbi|
|000000a0| 74 6d 71 2d 73 65 72 76 65 72 22 5d 2c 22 53 74 |tmq-server"],"St|
|000000b0| 61 74 65 22 3a 7b 22 53 74 61 74 75 73 22 3a 22 |ate":{"Status":"|
|000000c0| 72 75 6e 6e 69 6e 67 22 2c 22 52 75 6e 6e 69 6e |running","Runnin|
|000000d0| 67 22 3a 74 72 75 65 2c 22 50 61 75 73 65 64 22 |g":true,"Paused"|
|000000e0| 3a 66 61 6c 73 65 2c 22 52 65 73 74 61 72 74 69 |:false,"Restarti|
|000000f0| 6e 67 22 3a 66 61 6c 73 65 2c 22 4f 4f 4d 4b 69 |ng":false,"OOMKi|
|00000100| 6c 6c 65 64 22 3a 66 61 6c 73 65 2c 22 44 65 61 |lled":false,"Dea|
|00000110| 64 22 3a 66 61 6c 73 65 2c 22 50 69 64 22 3a 31 |d":false,"Pid":1|
|00000120| 35 38 38 39 2c 22 45 78 69 74 43 6f 64 65 22 3a |5889,"ExitCode":|
|00000130| 30 2c 22 45 72 72 6f 72 22 3a 22 22 2c 22 53 74 |0,"Error":"","St|
|00000140| 61 72 74 65 64 41 74 22 3a 22 32 30 31 37 2d 31 |artedAt":"2017-1|
|00000150| 31 2d 32 37 54 32 31 3a 30 39 3a 30 36 2e 37 34 |1-27T21:09:06.74|
|00000160| 37 30 36 37 33 38 38 5a 22 2c 22 46 69 6e 69 73 |7067388Z","Finis|
|00000170| 68 65 64 41 74 22 3a 22 30 30 30 31 2d 30 31 2d |hedAt":"0001-01-|
|00000180| 30 31 54 30 30 3a 30 30 3a 30 30 5a 22 7d 2c 22 |01T00:00:00Z"},"|
|00000190| 49 6d 61 67 65 22 3a 22 73 68 61 32 35 36 3a 37 |Image":"sha256:7|
|000001a0| 39 61 30 30 38 62 32 35 39 36 32 65 31 61 31 34 |9a008b25962e1a14|
|000001b0| 33 65 30 32 62 33 37 31 38 37 66 38 35 35 63 62 |3e02b37187f855cb|
|000001c0| 32 32 34 65 32 32 30 33 62 39 34 63 63 39 66 38 |224e2203b94cc9f8|
|000001d0| 37 65 38 31 66 65 32 37 35 36 36 30 63 39 64 22 |7e81fe275660c9d"|
|000001e0| 2c 22 52 65 73 6f 6c 76 43 6f 6e 66 50 61 74 68 |,"ResolvConfPath|
|000001f0| 22 3a 22 2f 76 61 72 2f 6c 69 62 2f 64 6f 63 6b |":"/var/lib/dock|
|00000200| 65 72 2f 63 6f 6e 74 61 69 6e 65 72 73 2f 37 36 |er/containers/76|
|00000210| 30 61 31 31 63 64 61 30 32 65 39 31 30 66 30 30 |0a11cda02e910f00|
|00000220| 37 31 31 62 35 61 31 33 62 64 61 39 62 31 61 39 |711b5a13bda9b1a9|
|00000230| 31 38 65 31 38 65 62 34 31 35 33 66 31 62 66 63 |18e18eb4153f1bfc|
|00000240| 34 30 65 32 33 65 31 36 61 64 61 35 63 63 2f 72 |40e23e16ada5cc/r|
|00000250| 65 73 6f 6c 76 2e 63 6f 6e 66 22 2c 22 48 6f 73 |esolv.conf","Hos|
|00000260| 74 6e 61 6d 65 50 61 74 68 22 3a 22 2f 76 61 72 |tnamePath":"/var|
|00000270| 2f 6c 69 62 2f 64 6f 63 6b 65 72 2f 63 6f 6e 74 |/lib/docker/cont|
|00000280| 61 69 6e 65 72 73 2f 37 36 30 61 31 31 63 64 61 |ainers/760a11cda|
|00000290| 30 32 65 39 31 30 66 30 30 37 31 31 62 35 61 31 |02e910f00711b5a1|
|000002a0| 33 62 64 61 39 62 31 61 39 31 38 65 31 38 65 62 |3bda9b1a918e18eb|
|000002b0| 34 31 35 33 66 31 62 66 63 34 30 65 32 33 65 31 |4153f1bfc40e23e1|
|000002c0| 36 61 64 61 35 63 63 2f 68 6f 73 74 6e 61 6d 65 |6ada5cc/hostname|
|000002d0| 22 2c 22 48 6f 73 74 73 50 61 74 68 22 3a 22 2f |","HostsPath":"/|
|000002e0| 76 61 72 2f 6c 69 62 2f 64 6f 63 6b 65 72 2f 63 |var/lib/docker/c|
|000002f0| 6f 6e 74 61 69 6e 65 72 73 2f 37 36 30 61 31 31 |ontainers/760a11|
|00000300| 63 64 61 30 32 65 39 31 30 66 30 30 37 31 31 62 |cda02e910f00711b|
|00000310| 35 61 31 33 62 64 61 39 62 31 61 39 31 38 65 31 |5a13bda9b1a918e1|
|00000320| 38 65 62 34 31                                  |8eb41           |
+--------+-------------------------------------------------+----------------+
2017-11-27 22:09:10.227 DEBUG   --- [java-netty-1-16] xecFactory$UnixDomainSocketInitializer$3 : [id: 0x59e5fece, L:null - R:/var/run/docker.sock] READ COMPLETE
2017-11-27 22:09:10.227 DEBUG   --- [java-netty-1-16] c.g.d.netty.NettyDockerCmdExecFactory$1  : [id: 0x59e5fece, L:null - R:/var/run/docker.sock] READ COMPLETE
2017-11-27 22:09:10.228 DEBUG   --- [java-netty-1-16] xecFactory$UnixDomainSocketInitializer$3 : [id: 0x59e5fece, L:null - R:/var/run/docker.sock] READ: 3919B
         +-------------------------------------------------+
         |  0  1  2  3  4  5  6  7  8  9  a  b  c  d  e  f |
+--------+-------------------------------------------------+----------------+
|00000000| 35 33 66 31 62 66 63 34 30 65 32 33 65 31 36 61 |53f1bfc40e23e16a|
|00000010| 64 61 35 63 63 2f 68 6f 73 74 73 22 2c 22 4c 6f |da5cc/hosts","Lo|
|00000020| 67 50 61 74 68 22 3a 22 2f 76 61 72 2f 6c 69 62 |gPath":"/var/lib|
|00000030| 2f 64 6f 63 6b 65 72 2f 63 6f 6e 74 61 69 6e 65 |/docker/containe|
|00000040| 72 73 2f 37 36 30 61 31 31 63 64 61 30 32 65 39 |rs/760a11cda02e9|
|00000050| 31 30 66 30 30 37 31 31 62 35 61 31 33 62 64 61 |10f00711b5a13bda|
|00000060| 39 62 31 61 39 31 38 65 31 38 65 62 34 31 35 33 |9b1a918e18eb4153|
|00000070| 66 31 62 66 63 34 30 65 32 33 65 31 36 61 64 61 |f1bfc40e23e16ada|
|00000080| 35 63 63 2f 37 36 30 61 31 31 63 64 61 30 32 65 |5cc/760a11cda02e|
|00000090| 39 31 30 66 30 30 37 31 31 62 35 61 31 33 62 64 |910f00711b5a13bd|
|000000a0| 61 39 62 31 61 39 31 38 65 31 38 65 62 34 31 35 |a9b1a918e18eb415|
|000000b0| 33 66 31 62 66 63 34 30 65 32 33 65 31 36 61 64 |3f1bfc40e23e16ad|
|000000c0| 61 35 63 63 2d 6a 73 6f 6e 2e 6c 6f 67 22 2c 22 |a5cc-json.log","|
|000000d0| 4e 61 6d 65 22 3a 22 2f 64 69 73 74 72 61 63 74 |Name":"/distract|
|000000e0| 65 64 5f 62 65 6e 7a 22 2c 22 52 65 73 74 61 72 |ed_benz","Restar|
|000000f0| 74 43 6f 75 6e 74 22 3a 30 2c 22 44 72 69 76 65 |tCount":0,"Drive|
|00000100| 72 22 3a 22 61 75 66 73 22 2c 22 50 6c 61 74 66 |r":"aufs","Platf|
|00000110| 6f 72 6d 22 3a 22 6c 69 6e 75 78 22 2c 22 4d 6f |orm":"linux","Mo|
|00000120| 75 6e 74 4c 61 62 65 6c 22 3a 22 22 2c 22 50 72 |untLabel":"","Pr|
|00000130| 6f 63 65 73 73 4c 61 62 65 6c 22 3a 22 22 2c 22 |ocessLabel":"","|
|00000140| 41 70 70 41 72 6d 6f 72 50 72 6f 66 69 6c 65 22 |AppArmorProfile"|
|00000150| 3a 22 22 2c 22 45 78 65 63 49 44 73 22 3a 6e 75 |:"","ExecIDs":nu|
|00000160| 6c 6c 2c 22 48 6f 73 74 43 6f 6e 66 69 67 22 3a |ll,"HostConfig":|
|00000170| 7b 22 42 69 6e 64 73 22 3a 5b 5d 2c 22 43 6f 6e |{"Binds":[],"Con|
|00000180| 74 61 69 6e 65 72 49 44 46 69 6c 65 22 3a 22 22 |tainerIDFile":""|
|00000190| 2c 22 4c 6f 67 43 6f 6e 66 69 67 22 3a 7b 22 54 |,"LogConfig":{"T|
|000001a0| 79 70 65 22 3a 22 6a 73 6f 6e 2d 66 69 6c 65 22 |ype":"json-file"|
|000001b0| 2c 22 43 6f 6e 66 69 67 22 3a 7b 7d 7d 2c 22 4e |,"Config":{}},"N|
|000001c0| 65 74 77 6f 72 6b 4d 6f 64 65 22 3a 22 64 65 66 |etworkMode":"def|
|000001d0| 61 75 6c 74 22 2c 22 50 6f 72 74 42 69 6e 64 69 |ault","PortBindi|
|000001e0| 6e 67 73 22 3a 7b 7d 2c 22 52 65 73 74 61 72 74 |ngs":{},"Restart|
|000001f0| 50 6f 6c 69 63 79 22 3a 7b 22 4e 61 6d 65 22 3a |Policy":{"Name":|
|00000200| 22 22 2c 22 4d 61 78 69 6d 75 6d 52 65 74 72 79 |"","MaximumRetry|
|00000210| 43 6f 75 6e 74 22 3a 30 7d 2c 22 41 75 74 6f 52 |Count":0},"AutoR|
|00000220| 65 6d 6f 76 65 22 3a 66 61 6c 73 65 2c 22 56 6f |emove":false,"Vo|
|00000230| 6c 75 6d 65 44 72 69 76 65 72 22 3a 22 22 2c 22 |lumeDriver":"","|
|00000240| 56 6f 6c 75 6d 65 73 46 72 6f 6d 22 3a 5b 5d 2c |VolumesFrom":[],|
|00000250| 22 43 61 70 41 64 64 22 3a 6e 75 6c 6c 2c 22 43 |"CapAdd":null,"C|
|00000260| 61 70 44 72 6f 70 22 3a 6e 75 6c 6c 2c 22 44 6e |apDrop":null,"Dn|
|00000270| 73 22 3a 6e 75 6c 6c 2c 22 44 6e 73 4f 70 74 69 |s":null,"DnsOpti|
|00000280| 6f 6e 73 22 3a 6e 75 6c 6c 2c 22 44 6e 73 53 65 |ons":null,"DnsSe|
|00000290| 61 72 63 68 22 3a 6e 75 6c 6c 2c 22 45 78 74 72 |arch":null,"Extr|
|000002a0| 61 48 6f 73 74 73 22 3a 5b 5d 2c 22 47 72 6f 75 |aHosts":[],"Grou|
|000002b0| 70 41 64 64 22 3a 6e 75 6c 6c 2c 22 49 70 63 4d |pAdd":null,"IpcM|
|000002c0| 6f 64 65 22 3a 22 73 68 61 72 65 61 62 6c 65 22 |ode":"shareable"|
|000002d0| 2c 22 43 67 72 6f 75 70 22 3a 22 22 2c 22 4c 69 |,"Cgroup":"","Li|
|000002e0| 6e 6b 73 22 3a 6e 75 6c 6c 2c 22 4f 6f 6d 53 63 |nks":null,"OomSc|
|000002f0| 6f 72 65 41 64 6a 22 3a 30 2c 22 50 69 64 4d 6f |oreAdj":0,"PidMo|
|00000300| 64 65 22 3a 22 22 2c 22 50 72 69 76 69 6c 65 67 |de":"","Privileg|
|00000310| 65 64 22 3a 66 61 6c 73 65 2c 22 50 75 62 6c 69 |ed":false,"Publi|
|00000320| 73 68 41 6c 6c 50 6f 72 74 73 22 3a 74 72 75 65 |shAllPorts":true|
|00000330| 2c 22 52 65 61 64 6f 6e 6c 79 52 6f 6f 74 66 73 |,"ReadonlyRootfs|
|00000340| 22 3a 66 61 6c 73 65 2c 22 53 65 63 75 72 69 74 |":false,"Securit|
|00000350| 79 4f 70 74 22 3a 6e 75 6c 6c 2c 22 55 54 53 4d |yOpt":null,"UTSM|
|00000360| 6f 64 65 22 3a 22 22 2c 22 55 73 65 72 6e 73 4d |ode":"","UsernsM|
|00000370| 6f 64 65 22 3a 22 22 2c 22 53 68 6d 53 69 7a 65 |ode":"","ShmSize|
|00000380| 22 3a 36 37 31 30 38 38 36 34 2c 22 52 75 6e 74 |":67108864,"Runt|
|00000390| 69 6d 65 22 3a 22 72 75 6e 63 22 2c 22 43 6f 6e |ime":"runc","Con|
|000003a0| 73 6f 6c 65 53 69 7a 65 22 3a 5b 30 2c 30 5d 2c |soleSize":[0,0],|
|000003b0| 22 49 73 6f 6c 61 74 69 6f 6e 22 3a 22 22 2c 22 |"Isolation":"","|
|000003c0| 43 70 75 53 68 61 72 65 73 22 3a 30 2c 22 4d 65 |CpuShares":0,"Me|
|000003d0| 6d 6f 72 79 22 3a 30 2c 22 4e 61 6e 6f 43 70 75 |mory":0,"NanoCpu|
|000003e0| 73 22 3a 30 2c 22 43 67 72 6f 75 70 50 61 72 65 |s":0,"CgroupPare|
|000003f0| 6e 74 22 3a 22 22 2c 22 42 6c 6b 69 6f 57 65 69 |nt":"","BlkioWei|
|00000400| 67 68 74 22 3a 30 2c 22 42 6c 6b 69 6f 57 65 69 |ght":0,"BlkioWei|
|00000410| 67 68 74 44 65 76 69 63 65 22 3a 6e 75 6c 6c 2c |ghtDevice":null,|
|00000420| 22 42 6c 6b 69 6f 44 65 76 69 63 65 52 65 61 64 |"BlkioDeviceRead|
|00000430| 42 70 73 22 3a 6e 75 6c 6c 2c 22 42 6c 6b 69 6f |Bps":null,"Blkio|
|00000440| 44 65 76 69 63 65 57 72 69 74 65 42 70 73 22 3a |DeviceWriteBps":|
|00000450| 6e 75 6c 6c 2c 22 42 6c 6b 69 6f 44 65 76 69 63 |null,"BlkioDevic|
|00000460| 65 52 65 61 64 49 4f 70 73 22 3a 6e 75 6c 6c 2c |eReadIOps":null,|
|00000470| 22 42 6c 6b 69 6f 44 65 76 69 63 65 57 72 69 74 |"BlkioDeviceWrit|
|00000480| 65 49 4f 70 73 22 3a 6e 75 6c 6c 2c 22 43 70 75 |eIOps":null,"Cpu|
|00000490| 50 65 72 69 6f 64 22 3a 30 2c 22 43 70 75 51 75 |Period":0,"CpuQu|
|000004a0| 6f 74 61 22 3a 30 2c 22 43 70 75 52 65 61 6c 74 |ota":0,"CpuRealt|
|000004b0| 69 6d 65 50 65 72 69 6f 64 22 3a 30 2c 22 43 70 |imePeriod":0,"Cp|
|000004c0| 75 52 65 61 6c 74 69 6d 65 52 75 6e 74 69 6d 65 |uRealtimeRuntime|
|000004d0| 22 3a 30 2c 22 43 70 75 73 65 74 43 70 75 73 22 |":0,"CpusetCpus"|
|000004e0| 3a 22 22 2c 22 43 70 75 73 65 74 4d 65 6d 73 22 |:"","CpusetMems"|
|000004f0| 3a 22 22 2c 22 44 65 76 69 63 65 73 22 3a 6e 75 |:"","Devices":nu|
|00000500| 6c 6c 2c 22 44 65 76 69 63 65 43 67 72 6f 75 70 |ll,"DeviceCgroup|
|00000510| 52 75 6c 65 73 22 3a 6e 75 6c 6c 2c 22 44 69 73 |Rules":null,"Dis|
|00000520| 6b 51 75 6f 74 61 22 3a 30 2c 22 4b 65 72 6e 65 |kQuota":0,"Kerne|
|00000530| 6c 4d 65 6d 6f 72 79 22 3a 30 2c 22 4d 65 6d 6f |lMemory":0,"Memo|
|00000540| 72 79 52 65 73 65 72 76 61 74 69 6f 6e 22 3a 30 |ryReservation":0|
|00000550| 2c 22 4d 65 6d 6f 72 79 53 77 61 70 22 3a 30 2c |,"MemorySwap":0,|
|00000560| 22 4d 65 6d 6f 72 79 53 77 61 70 70 69 6e 65 73 |"MemorySwappines|
|00000570| 73 22 3a 6e 75 6c 6c 2c 22 4f 6f 6d 4b 69 6c 6c |s":null,"OomKill|
|00000580| 44 69 73 61 62 6c 65 22 3a 66 61 6c 73 65 2c 22 |Disable":false,"|
|00000590| 50 69 64 73 4c 69 6d 69 74 22 3a 30 2c 22 55 6c |PidsLimit":0,"Ul|
|000005a0| 69 6d 69 74 73 22 3a 6e 75 6c 6c 2c 22 43 70 75 |imits":null,"Cpu|
|000005b0| 43 6f 75 6e 74 22 3a 30 2c 22 43 70 75 50 65 72 |Count":0,"CpuPer|
|000005c0| 63 65 6e 74 22 3a 30 2c 22 49 4f 4d 61 78 69 6d |cent":0,"IOMaxim|
|000005d0| 75 6d 49 4f 70 73 22 3a 30 2c 22 49 4f 4d 61 78 |umIOps":0,"IOMax|
|000005e0| 69 6d 75 6d 42 61 6e 64 77 69 64 74 68 22 3a 30 |imumBandwidth":0|
|000005f0| 7d 2c 22 47 72 61 70 68 44 72 69 76 65 72 22 3a |},"GraphDriver":|
|00000600| 7b 22 44 61 74 61 22 3a 6e 75 6c 6c 2c 22 4e 61 |{"Data":null,"Na|
|00000610| 6d 65 22 3a 22 61 75 66 73 22 7d 2c 22 4d 6f 75 |me":"aufs"},"Mou|
|00000620| 6e 74 73 22 3a 5b 7b 22 54 79 70 65 22 3a 22 76 |nts":[{"Type":"v|
|00000630| 6f 6c 75 6d 65 22 2c 22 4e 61 6d 65 22 3a 22 65 |olume","Name":"e|
|00000640| 64 33 30 66 34 65 64 39 63 37 31 31 66 32 32 63 |d30f4ed9c711f22c|
|00000650| 62 63 66 30 31 39 66 31 33 36 39 62 61 36 63 33 |bcf019f1369ba6c3|
|00000660| 63 64 35 62 66 36 30 61 35 66 64 31 34 30 39 65 |cd5bf60a5fd1409e|
|00000670| 30 61 39 61 62 61 61 38 34 30 61 63 33 63 32 22 |0a9abaa840ac3c2"|
|00000680| 2c 22 53 6f 75 72 63 65 22 3a 22 2f 76 61 72 2f |,"Source":"/var/|
|00000690| 6c 69 62 2f 64 6f 63 6b 65 72 2f 76 6f 6c 75 6d |lib/docker/volum|
|000006a0| 65 73 2f 65 64 33 30 66 34 65 64 39 63 37 31 31 |es/ed30f4ed9c711|
|000006b0| 66 32 32 63 62 63 66 30 31 39 66 31 33 36 39 62 |f22cbcf019f1369b|
|000006c0| 61 36 63 33 63 64 35 62 66 36 30 61 35 66 64 31 |a6c3cd5bf60a5fd1|
|000006d0| 34 30 39 65 30 61 39 61 62 61 61 38 34 30 61 63 |409e0a9abaa840ac|
|000006e0| 33 63 32 2f 5f 64 61 74 61 22 2c 22 44 65 73 74 |3c2/_data","Dest|
|000006f0| 69 6e 61 74 69 6f 6e 22 3a 22 2f 76 61 72 2f 6c |ination":"/var/l|
|00000700| 69 62 2f 72 61 62 62 69 74 6d 71 22 2c 22 44 72 |ib/rabbitmq","Dr|
|00000710| 69 76 65 72 22 3a 22 6c 6f 63 61 6c 22 2c 22 4d |iver":"local","M|
|00000720| 6f 64 65 22 3a 22 22 2c 22 52 57 22 3a 74 72 75 |ode":"","RW":tru|
|00000730| 65 2c 22 50 72 6f 70 61 67 61 74 69 6f 6e 22 3a |e,"Propagation":|
|00000740| 22 22 7d 5d 2c 22 43 6f 6e 66 69 67 22 3a 7b 22 |""}],"Config":{"|
|00000750| 48 6f 73 74 6e 61 6d 65 22 3a 22 37 36 30 61 31 |Hostname":"760a1|
|00000760| 31 63 64 61 30 32 65 22 2c 22 44 6f 6d 61 69 6e |1cda02e","Domain|
|00000770| 6e 61 6d 65 22 3a 22 22 2c 22 55 73 65 72 22 3a |name":"","User":|
|00000780| 22 22 2c 22 41 74 74 61 63 68 53 74 64 69 6e 22 |"","AttachStdin"|
|00000790| 3a 66 61 6c 73 65 2c 22 41 74 74 61 63 68 53 74 |:false,"AttachSt|
|000007a0| 64 6f 75 74 22 3a 66 61 6c 73 65 2c 22 41 74 74 |dout":false,"Att|
|000007b0| 61 63 68 53 74 64 65 72 72 22 3a 66 61 6c 73 65 |achStderr":false|
|000007c0| 2c 22 45 78 70 6f 73 65 64 50 6f 72 74 73 22 3a |,"ExposedPorts":|
|000007d0| 7b 22 32 35 36 37 32 2f 74 63 70 22 3a 7b 7d 2c |{"25672/tcp":{},|
|000007e0| 22 34 33 36 39 2f 74 63 70 22 3a 7b 7d 2c 22 35 |"4369/tcp":{},"5|
|000007f0| 36 37 31 2f 74 63 70 22 3a 7b 7d 2c 22 35 36 37 |671/tcp":{},"567|
|00000800| 32 2f 74 63 70 22 3a 7b 7d 7d 2c 22 54 74 79 22 |2/tcp":{}},"Tty"|
|00000810| 3a 66 61 6c 73 65 2c 22 4f 70 65 6e 53 74 64 69 |:false,"OpenStdi|
|00000820| 6e 22 3a 66 61 6c 73 65 2c 22 53 74 64 69 6e 4f |n":false,"StdinO|
|00000830| 6e 63 65 22 3a 66 61 6c 73 65 2c 22 45 6e 76 22 |nce":false,"Env"|
|00000840| 3a 5b 22 52 41 42 42 49 54 4d 51 5f 55 53 45 52 |:["RABBITMQ_USER|
|00000850| 3d 67 75 65 73 74 22 2c 22 52 41 42 42 49 54 4d |=guest","RABBITM|
|00000860| 51 5f 50 41 53 53 57 4f 52 44 3d 67 75 65 73 74 |Q_PASSWORD=guest|
|00000870| 22 2c 22 6e 6f 5f 70 72 6f 78 79 3d 2a 2e 6c 6f |","no_proxy=*.lo|
|00000880| 63 61 6c 2c 20 31 36 39 2e 32 35 34 2f 31 36 22 |cal, 169.254/16"|
|00000890| 2c 22 50 41 54 48 3d 2f 75 73 72 2f 6c 69 62 2f |,"PATH=/usr/lib/|
|000008a0| 72 61 62 62 69 74 6d 71 2f 62 69 6e 3a 2f 75 73 |rabbitmq/bin:/us|
|000008b0| 72 2f 6c 6f 63 61 6c 2f 73 62 69 6e 3a 2f 75 73 |r/local/sbin:/us|
|000008c0| 72 2f 6c 6f 63 61 6c 2f 62 69 6e 3a 2f 75 73 72 |r/local/bin:/usr|
|000008d0| 2f 73 62 69 6e 3a 2f 75 73 72 2f 62 69 6e 3a 2f |/sbin:/usr/bin:/|
|000008e0| 73 62 69 6e 3a 2f 62 69 6e 22 2c 22 47 4f 53 55 |sbin:/bin","GOSU|
|000008f0| 5f 56 45 52 53 49 4f 4e 3d 31 2e 31 30 22 2c 22 |_VERSION=1.10","|
|00000900| 52 41 42 42 49 54 4d 51 5f 4c 4f 47 53 3d 2d 22 |RABBITMQ_LOGS=-"|
|00000910| 2c 22 52 41 42 42 49 54 4d 51 5f 53 41 53 4c 5f |,"RABBITMQ_SASL_|
|00000920| 4c 4f 47 53 3d 2d 22 2c 22 52 41 42 42 49 54 4d |LOGS=-","RABBITM|
|00000930| 51 5f 47 50 47 5f 4b 45 59 3d 30 41 39 41 46 32 |Q_GPG_KEY=0A9AF2|
|00000940| 31 31 35 46 34 36 38 37 42 44 32 39 38 30 33 41 |115F4687BD29803A|
|00000950| 32 30 36 42 37 33 41 33 36 45 36 30 32 36 44 46 |206B73A36E6026DF|
|00000960| 43 41 22 2c 22 52 41 42 42 49 54 4d 51 5f 56 45 |CA","RABBITMQ_VE|
|00000970| 52 53 49 4f 4e 3d 33 2e 36 2e 31 34 22 2c 22 52 |RSION=3.6.14","R|
|00000980| 41 42 42 49 54 4d 51 5f 47 49 54 48 55 42 5f 54 |ABBITMQ_GITHUB_T|
|00000990| 41 47 3d 72 61 62 62 69 74 6d 71 5f 76 33 5f 36 |AG=rabbitmq_v3_6|
|000009a0| 5f 31 34 22 2c 22 52 41 42 42 49 54 4d 51 5f 44 |_14","RABBITMQ_D|
|000009b0| 45 42 49 41 4e 5f 56 45 52 53 49 4f 4e 3d 33 2e |EBIAN_VERSION=3.|
|000009c0| 36 2e 31 34 2d 31 22 2c 22 48 4f 4d 45 3d 2f 76 |6.14-1","HOME=/v|
|000009d0| 61 72 2f 6c 69 62 2f 72 61 62 62 69 74 6d 71 22 |ar/lib/rabbitmq"|
|000009e0| 5d 2c 22 43 6d 64 22 3a 5b 22 72 61 62 62 69 74 |],"Cmd":["rabbit|
|000009f0| 6d 71 2d 73 65 72 76 65 72 22 5d 2c 22 41 72 67 |mq-server"],"Arg|
|00000a00| 73 45 73 63 61 70 65 64 22 3a 74 72 75 65 2c 22 |sEscaped":true,"|
|00000a10| 49 6d 61 67 65 22 3a 22 72 61 62 62 69 74 6d 71 |Image":"rabbitmq|
|00000a20| 3a 33 2e 36 2e 31 34 22 2c 22 56 6f 6c 75 6d 65 |:3.6.14","Volume|
|00000a30| 73 22 3a 7b 22 2f 76 61 72 2f 6c 69 62 2f 72 61 |s":{"/var/lib/ra|
|00000a40| 62 62 69 74 6d 71 22 3a 7b 7d 7d 2c 22 57 6f 72 |bbitmq":{}},"Wor|
|00000a50| 6b 69 6e 67 44 69 72 22 3a 22 22 2c 22 45 6e 74 |kingDir":"","Ent|
|00000a60| 72 79 70 6f 69 6e 74 22 3a 5b 22 64 6f 63 6b 65 |rypoint":["docke|
|00000a70| 72 2d 65 6e 74 72 79 70 6f 69 6e 74 2e 73 68 22 |r-entrypoint.sh"|
|00000a80| 5d 2c 22 4f 6e 42 75 69 6c 64 22 3a 6e 75 6c 6c |],"OnBuild":null|
|00000a90| 2c 22 4c 61 62 65 6c 73 22 3a 7b 22 6f 72 67 2e |,"Labels":{"org.|
|00000aa0| 74 65 73 74 63 6f 6e 74 61 69 6e 65 72 73 22 3a |testcontainers":|
|00000ab0| 22 74 72 75 65 22 7d 7d 2c 22 4e 65 74 77 6f 72 |"true"}},"Networ|
|00000ac0| 6b 53 65 74 74 69 6e 67 73 22 3a 7b 22 42 72 69 |kSettings":{"Bri|
|00000ad0| 64 67 65 22 3a 22 22 2c 22 53 61 6e 64 62 6f 78 |dge":"","Sandbox|
|00000ae0| 49 44 22 3a 22 38 66 38 35 65 33 63 65 66 39 62 |ID":"8f85e3cef9b|
|00000af0| 32 66 39 39 31 63 39 36 30 30 35 61 32 38 64 36 |2f991c96005a28d6|
|00000b00| 65 63 35 32 64 63 34 35 33 33 33 64 63 65 37 38 |ec52dc45333dce78|
|00000b10| 38 37 36 64 30 39 37 65 63 31 32 38 66 39 39 36 |876d097ec128f996|
|00000b20| 37 33 38 36 64 22 2c 22 48 61 69 72 70 69 6e 4d |7386d","HairpinM|
|00000b30| 6f 64 65 22 3a 66 61 6c 73 65 2c 22 4c 69 6e 6b |ode":false,"Link|
|00000b40| 4c 6f 63 61 6c 49 50 76 36 41 64 64 72 65 73 73 |LocalIPv6Address|
|00000b50| 22 3a 22 22 2c 22 4c 69 6e 6b 4c 6f 63 61 6c 49 |":"","LinkLocalI|
|00000b60| 50 76 36 50 72 65 66 69 78 4c 65 6e 22 3a 30 2c |Pv6PrefixLen":0,|
|00000b70| 22 50 6f 72 74 73 22 3a 7b 22 32 35 36 37 32 2f |"Ports":{"25672/|
|00000b80| 74 63 70 22 3a 5b 7b 22 48 6f 73 74 49 70 22 3a |tcp":[{"HostIp":|
|00000b90| 22 30 2e 30 2e 30 2e 30 22 2c 22 48 6f 73 74 50 |"0.0.0.0","HostP|
|00000ba0| 6f 72 74 22 3a 22 33 32 39 36 36 22 7d 5d 2c 22 |ort":"32966"}],"|
|00000bb0| 34 33 36 39 2f 74 63 70 22 3a 5b 7b 22 48 6f 73 |4369/tcp":[{"Hos|
|00000bc0| 74 49 70 22 3a 22 30 2e 30 2e 30 2e 30 22 2c 22 |tIp":"0.0.0.0","|
|00000bd0| 48 6f 73 74 50 6f 72 74 22 3a 22 33 32 39 36 39 |HostPort":"32969|
|00000be0| 22 7d 5d 2c 22 35 36 37 31 2f 74 63 70 22 3a 5b |"}],"5671/tcp":[|
|00000bf0| 7b 22 48 6f 73 74 49 70 22 3a 22 30 2e 30 2e 30 |{"HostIp":"0.0.0|
|00000c00| 2e 30 22 2c 22 48 6f 73 74 50 6f 72 74 22 3a 22 |.0","HostPort":"|
|00000c10| 33 32 39 36 38 22 7d 5d 2c 22 35 36 37 32 2f 74 |32968"}],"5672/t|
|00000c20| 63 70 22 3a 5b 7b 22 48 6f 73 74 49 70 22 3a 22 |cp":[{"HostIp":"|
|00000c30| 30 2e 30 2e 30 2e 30 22 2c 22 48 6f 73 74 50 6f |0.0.0.0","HostPo|
|00000c40| 72 74 22 3a 22 33 32 39 36 37 22 7d 5d 7d 2c 22 |rt":"32967"}]},"|
|00000c50| 53 61 6e 64 62 6f 78 4b 65 79 22 3a 22 2f 76 61 |SandboxKey":"/va|
|00000c60| 72 2f 72 75 6e 2f 64 6f 63 6b 65 72 2f 6e 65 74 |r/run/docker/net|
|00000c70| 6e 73 2f 38 66 38 35 65 33 63 65 66 39 62 32 22 |ns/8f85e3cef9b2"|
|00000c80| 2c 22 53 65 63 6f 6e 64 61 72 79 49 50 41 64 64 |,"SecondaryIPAdd|
|00000c90| 72 65 73 73 65 73 22 3a 6e 75 6c 6c 2c 22 53 65 |resses":null,"Se|
|00000ca0| 63 6f 6e 64 61 72 79 49 50 76 36 41 64 64 72 65 |condaryIPv6Addre|
|00000cb0| 73 73 65 73 22 3a 6e 75 6c 6c 2c 22 45 6e 64 70 |sses":null,"Endp|
|00000cc0| 6f 69 6e 74 49 44 22 3a 22 61 38 30 65 33 33 34 |ointID":"a80e334|
|00000cd0| 39 64 38 64 61 66 31 37 64 35 32 30 31 33 64 64 |9d8daf17d52013dd|
|00000ce0| 37 64 30 63 62 66 32 31 34 31 64 30 35 30 32 64 |7d0cbf2141d0502d|
|00000cf0| 33 34 37 61 31 30 61 39 64 36 65 33 32 31 66 39 |347a10a9d6e321f9|
|00000d00| 64 38 62 32 37 61 32 65 34 22 2c 22 47 61 74 65 |d8b27a2e4","Gate|
|00000d10| 77 61 79 22 3a 22 31 37 32 2e 31 37 2e 30 2e 31 |way":"172.17.0.1|
|00000d20| 22 2c 22 47 6c 6f 62 61 6c 49 50 76 36 41 64 64 |","GlobalIPv6Add|
|00000d30| 72 65 73 73 22 3a 22 22 2c 22 47 6c 6f 62 61 6c |ress":"","Global|
|00000d40| 49 50 76 36 50 72 65 66 69 78 4c 65 6e 22 3a 30 |IPv6PrefixLen":0|
|00000d50| 2c 22 49 50 41 64 64 72 65 73 73 22 3a 22 31 37 |,"IPAddress":"17|
|00000d60| 32 2e 31 37 2e 30 2e 33 22 2c 22 49 50 50 72 65 |2.17.0.3","IPPre|
|00000d70| 66 69 78 4c 65 6e 22 3a 31 36 2c 22 49 50 76 36 |fixLen":16,"IPv6|
|00000d80| 47 61 74 65 77 61 79 22 3a 22 22 2c 22 4d 61 63 |Gateway":"","Mac|
|00000d90| 41 64 64 72 65 73 73 22 3a 22 30 32 3a 34 32 3a |Address":"02:42:|
|00000da0| 61 63 3a 31 31 3a 30 30 3a 30 33 22 2c 22 4e 65 |ac:11:00:03","Ne|
|00000db0| 74 77 6f 72 6b 73 22 3a 7b 22 62 72 69 64 67 65 |tworks":{"bridge|
|00000dc0| 22 3a 7b 22 49 50 41 4d 43 6f 6e 66 69 67 22 3a |":{"IPAMConfig":|
|00000dd0| 6e 75 6c 6c 2c 22 4c 69 6e 6b 73 22 3a 6e 75 6c |null,"Links":nul|
|00000de0| 6c 2c 22 41 6c 69 61 73 65 73 22 3a 6e 75 6c 6c |l,"Aliases":null|
|00000df0| 2c 22 4e 65 74 77 6f 72 6b 49 44 22 3a 22 39 66 |,"NetworkID":"9f|
|00000e00| 65 38 62 39 32 64 61 66 63 30 35 34 34 36 33 33 |e8b92dafc0544633|
|00000e10| 37 39 64 39 34 35 38 61 64 65 37 37 64 35 31 61 |79d9458ade77d51a|
|00000e20| 34 61 62 39 30 61 64 31 33 65 35 34 61 65 32 31 |4ab90ad13e54ae21|
|00000e30| 61 31 38 64 36 35 66 66 32 63 30 37 63 61 22 2c |a18d65ff2c07ca",|
|00000e40| 22 45 6e 64 70 6f 69 6e 74 49 44 22 3a 22 61 38 |"EndpointID":"a8|
|00000e50| 30 65 33 33 34 39 64 38 64 61 66 31 37 64 35 32 |0e3349d8daf17d52|
|00000e60| 30 31 33 64 64 37 64 30 63 62 66 32 31 34 31 64 |013dd7d0cbf2141d|
|00000e70| 30 35 30 32 64 33 34 37 61 31 30 61 39 64 36 65 |0502d347a10a9d6e|
|00000e80| 33 32 31 66 39 64 38 62 32 37 61 32 65 34 22 2c |321f9d8b27a2e4",|
|00000e90| 22 47 61 74 65 77 61 79 22 3a 22 31 37 32 2e 31 |"Gateway":"172.1|
|00000ea0| 37 2e 30 2e 31 22 2c 22 49 50 41 64 64 72 65 73 |7.0.1","IPAddres|
|00000eb0| 73 22 3a 22 31 37 32 2e 31 37 2e 30 2e 33 22 2c |s":"172.17.0.3",|
|00000ec0| 22 49 50 50 72 65 66 69 78 4c 65 6e 22 3a 31 36 |"IPPrefixLen":16|
|00000ed0| 2c 22 49 50 76 36 47 61 74 65 77 61 79 22 3a 22 |,"IPv6Gateway":"|
|00000ee0| 22 2c 22 47 6c 6f 62 61 6c 49 50 76 36 41 64 64 |","GlobalIPv6Add|
|00000ef0| 72 65 73 73 22 3a 22 22 2c 22 47 6c 6f 62 61 6c |ress":"","Global|
|00000f00| 49 50 76 36 50 72 65 66 69 78 4c 65 6e 22 3a 30 |IPv6PrefixLen":0|
|00000f10| 2c 22 4d 61 63 41 64 64 72 65 73 73 22 3a 22 30 |,"MacAddress":"0|
|00000f20| 32 3a 34 32 3a 61 63 3a 31 31 3a 30 30 3a 30 33 |2:42:ac:11:00:03|
|00000f30| 22 2c 22 44 72 69 76 65 72 4f 70 74 73 22 3a 6e |","DriverOpts":n|
|00000f40| 75 6c 6c 7d 7d 7d 7d 0a 0d 0a 30 0d 0a 0d 0a    |ull}}}}...0.... |
+--------+-------------------------------------------------+----------------+
2017-11-27 22:09:10.229 DEBUG   --- [java-netty-1-16] c.g.d.netty.NettyDockerCmdExecFactory$1  : [id: 0x59e5fece, L:null - R:/var/run/docker.sock] READ: DefaultHttpContent(data: PooledSlicedByteBuf(ridx: 0, widx: 3912, cap: 3912/3912, unwrapped: PooledUnsafeDirectByteBuf(ridx: 3914, widx: 3919, cap: 16384)), decoderResult: success), 3912B
         +-------------------------------------------------+
         |  0  1  2  3  4  5  6  7  8  9  a  b  c  d  e  f |
+--------+-------------------------------------------------+----------------+
|00000000| 35 33 66 31 62 66 63 34 30 65 32 33 65 31 36 61 |53f1bfc40e23e16a|
|00000010| 64 61 35 63 63 2f 68 6f 73 74 73 22 2c 22 4c 6f |da5cc/hosts","Lo|
|00000020| 67 50 61 74 68 22 3a 22 2f 76 61 72 2f 6c 69 62 |gPath":"/var/lib|
|00000030| 2f 64 6f 63 6b 65 72 2f 63 6f 6e 74 61 69 6e 65 |/docker/containe|
|00000040| 72 73 2f 37 36 30 61 31 31 63 64 61 30 32 65 39 |rs/760a11cda02e9|
|00000050| 31 30 66 30 30 37 31 31 62 35 61 31 33 62 64 61 |10f00711b5a13bda|
|00000060| 39 62 31 61 39 31 38 65 31 38 65 62 34 31 35 33 |9b1a918e18eb4153|
|00000070| 66 31 62 66 63 34 30 65 32 33 65 31 36 61 64 61 |f1bfc40e23e16ada|
|00000080| 35 63 63 2f 37 36 30 61 31 31 63 64 61 30 32 65 |5cc/760a11cda02e|
|00000090| 39 31 30 66 30 30 37 31 31 62 35 61 31 33 62 64 |910f00711b5a13bd|
|000000a0| 61 39 62 31 61 39 31 38 65 31 38 65 62 34 31 35 |a9b1a918e18eb415|
|000000b0| 33 66 31 62 66 63 34 30 65 32 33 65 31 36 61 64 |3f1bfc40e23e16ad|
|000000c0| 61 35 63 63 2d 6a 73 6f 6e 2e 6c 6f 67 22 2c 22 |a5cc-json.log","|
|000000d0| 4e 61 6d 65 22 3a 22 2f 64 69 73 74 72 61 63 74 |Name":"/distract|
|000000e0| 65 64 5f 62 65 6e 7a 22 2c 22 52 65 73 74 61 72 |ed_benz","Restar|
|000000f0| 74 43 6f 75 6e 74 22 3a 30 2c 22 44 72 69 76 65 |tCount":0,"Drive|
|00000100| 72 22 3a 22 61 75 66 73 22 2c 22 50 6c 61 74 66 |r":"aufs","Platf|
|00000110| 6f 72 6d 22 3a 22 6c 69 6e 75 78 22 2c 22 4d 6f |orm":"linux","Mo|
|00000120| 75 6e 74 4c 61 62 65 6c 22 3a 22 22 2c 22 50 72 |untLabel":"","Pr|
|00000130| 6f 63 65 73 73 4c 61 62 65 6c 22 3a 22 22 2c 22 |ocessLabel":"","|
|00000140| 41 70 70 41 72 6d 6f 72 50 72 6f 66 69 6c 65 22 |AppArmorProfile"|
|00000150| 3a 22 22 2c 22 45 78 65 63 49 44 73 22 3a 6e 75 |:"","ExecIDs":nu|
|00000160| 6c 6c 2c 22 48 6f 73 74 43 6f 6e 66 69 67 22 3a |ll,"HostConfig":|
|00000170| 7b 22 42 69 6e 64 73 22 3a 5b 5d 2c 22 43 6f 6e |{"Binds":[],"Con|
|00000180| 74 61 69 6e 65 72 49 44 46 69 6c 65 22 3a 22 22 |tainerIDFile":""|
|00000190| 2c 22 4c 6f 67 43 6f 6e 66 69 67 22 3a 7b 22 54 |,"LogConfig":{"T|
|000001a0| 79 70 65 22 3a 22 6a 73 6f 6e 2d 66 69 6c 65 22 |ype":"json-file"|
|000001b0| 2c 22 43 6f 6e 66 69 67 22 3a 7b 7d 7d 2c 22 4e |,"Config":{}},"N|
|000001c0| 65 74 77 6f 72 6b 4d 6f 64 65 22 3a 22 64 65 66 |etworkMode":"def|
|000001d0| 61 75 6c 74 22 2c 22 50 6f 72 74 42 69 6e 64 69 |ault","PortBindi|
|000001e0| 6e 67 73 22 3a 7b 7d 2c 22 52 65 73 74 61 72 74 |ngs":{},"Restart|
|000001f0| 50 6f 6c 69 63 79 22 3a 7b 22 4e 61 6d 65 22 3a |Policy":{"Name":|
|00000200| 22 22 2c 22 4d 61 78 69 6d 75 6d 52 65 74 72 79 |"","MaximumRetry|
|00000210| 43 6f 75 6e 74 22 3a 30 7d 2c 22 41 75 74 6f 52 |Count":0},"AutoR|
|00000220| 65 6d 6f 76 65 22 3a 66 61 6c 73 65 2c 22 56 6f |emove":false,"Vo|
|00000230| 6c 75 6d 65 44 72 69 76 65 72 22 3a 22 22 2c 22 |lumeDriver":"","|
|00000240| 56 6f 6c 75 6d 65 73 46 72 6f 6d 22 3a 5b 5d 2c |VolumesFrom":[],|
|00000250| 22 43 61 70 41 64 64 22 3a 6e 75 6c 6c 2c 22 43 |"CapAdd":null,"C|
|00000260| 61 70 44 72 6f 70 22 3a 6e 75 6c 6c 2c 22 44 6e |apDrop":null,"Dn|
|00000270| 73 22 3a 6e 75 6c 6c 2c 22 44 6e 73 4f 70 74 69 |s":null,"DnsOpti|
|00000280| 6f 6e 73 22 3a 6e 75 6c 6c 2c 22 44 6e 73 53 65 |ons":null,"DnsSe|
|00000290| 61 72 63 68 22 3a 6e 75 6c 6c 2c 22 45 78 74 72 |arch":null,"Extr|
|000002a0| 61 48 6f 73 74 73 22 3a 5b 5d 2c 22 47 72 6f 75 |aHosts":[],"Grou|
|000002b0| 70 41 64 64 22 3a 6e 75 6c 6c 2c 22 49 70 63 4d |pAdd":null,"IpcM|
|000002c0| 6f 64 65 22 3a 22 73 68 61 72 65 61 62 6c 65 22 |ode":"shareable"|
|000002d0| 2c 22 43 67 72 6f 75 70 22 3a 22 22 2c 22 4c 69 |,"Cgroup":"","Li|
|000002e0| 6e 6b 73 22 3a 6e 75 6c 6c 2c 22 4f 6f 6d 53 63 |nks":null,"OomSc|
|000002f0| 6f 72 65 41 64 6a 22 3a 30 2c 22 50 69 64 4d 6f |oreAdj":0,"PidMo|
|00000300| 64 65 22 3a 22 22 2c 22 50 72 69 76 69 6c 65 67 |de":"","Privileg|
|00000310| 65 64 22 3a 66 61 6c 73 65 2c 22 50 75 62 6c 69 |ed":false,"Publi|
|00000320| 73 68 41 6c 6c 50 6f 72 74 73 22 3a 74 72 75 65 |shAllPorts":true|
|00000330| 2c 22 52 65 61 64 6f 6e 6c 79 52 6f 6f 74 66 73 |,"ReadonlyRootfs|
|00000340| 22 3a 66 61 6c 73 65 2c 22 53 65 63 75 72 69 74 |":false,"Securit|
|00000350| 79 4f 70 74 22 3a 6e 75 6c 6c 2c 22 55 54 53 4d |yOpt":null,"UTSM|
|00000360| 6f 64 65 22 3a 22 22 2c 22 55 73 65 72 6e 73 4d |ode":"","UsernsM|
|00000370| 6f 64 65 22 3a 22 22 2c 22 53 68 6d 53 69 7a 65 |ode":"","ShmSize|
|00000380| 22 3a 36 37 31 30 38 38 36 34 2c 22 52 75 6e 74 |":67108864,"Runt|
|00000390| 69 6d 65 22 3a 22 72 75 6e 63 22 2c 22 43 6f 6e |ime":"runc","Con|
|000003a0| 73 6f 6c 65 53 69 7a 65 22 3a 5b 30 2c 30 5d 2c |soleSize":[0,0],|
|000003b0| 22 49 73 6f 6c 61 74 69 6f 6e 22 3a 22 22 2c 22 |"Isolation":"","|
|000003c0| 43 70 75 53 68 61 72 65 73 22 3a 30 2c 22 4d 65 |CpuShares":0,"Me|
|000003d0| 6d 6f 72 79 22 3a 30 2c 22 4e 61 6e 6f 43 70 75 |mory":0,"NanoCpu|
|000003e0| 73 22 3a 30 2c 22 43 67 72 6f 75 70 50 61 72 65 |s":0,"CgroupPare|
|000003f0| 6e 74 22 3a 22 22 2c 22 42 6c 6b 69 6f 57 65 69 |nt":"","BlkioWei|
|00000400| 67 68 74 22 3a 30 2c 22 42 6c 6b 69 6f 57 65 69 |ght":0,"BlkioWei|
|00000410| 67 68 74 44 65 76 69 63 65 22 3a 6e 75 6c 6c 2c |ghtDevice":null,|
|00000420| 22 42 6c 6b 69 6f 44 65 76 69 63 65 52 65 61 64 |"BlkioDeviceRead|
|00000430| 42 70 73 22 3a 6e 75 6c 6c 2c 22 42 6c 6b 69 6f |Bps":null,"Blkio|
|00000440| 44 65 76 69 63 65 57 72 69 74 65 42 70 73 22 3a |DeviceWriteBps":|
|00000450| 6e 75 6c 6c 2c 22 42 6c 6b 69 6f 44 65 76 69 63 |null,"BlkioDevic|
|00000460| 65 52 65 61 64 49 4f 70 73 22 3a 6e 75 6c 6c 2c |eReadIOps":null,|
|00000470| 22 42 6c 6b 69 6f 44 65 76 69 63 65 57 72 69 74 |"BlkioDeviceWrit|
|00000480| 65 49 4f 70 73 22 3a 6e 75 6c 6c 2c 22 43 70 75 |eIOps":null,"Cpu|
|00000490| 50 65 72 69 6f 64 22 3a 30 2c 22 43 70 75 51 75 |Period":0,"CpuQu|
|000004a0| 6f 74 61 22 3a 30 2c 22 43 70 75 52 65 61 6c 74 |ota":0,"CpuRealt|
|000004b0| 69 6d 65 50 65 72 69 6f 64 22 3a 30 2c 22 43 70 |imePeriod":0,"Cp|
|000004c0| 75 52 65 61 6c 74 69 6d 65 52 75 6e 74 69 6d 65 |uRealtimeRuntime|
|000004d0| 22 3a 30 2c 22 43 70 75 73 65 74 43 70 75 73 22 |":0,"CpusetCpus"|
|000004e0| 3a 22 22 2c 22 43 70 75 73 65 74 4d 65 6d 73 22 |:"","CpusetMems"|
|000004f0| 3a 22 22 2c 22 44 65 76 69 63 65 73 22 3a 6e 75 |:"","Devices":nu|
|00000500| 6c 6c 2c 22 44 65 76 69 63 65 43 67 72 6f 75 70 |ll,"DeviceCgroup|
|00000510| 52 75 6c 65 73 22 3a 6e 75 6c 6c 2c 22 44 69 73 |Rules":null,"Dis|
|00000520| 6b 51 75 6f 74 61 22 3a 30 2c 22 4b 65 72 6e 65 |kQuota":0,"Kerne|
|00000530| 6c 4d 65 6d 6f 72 79 22 3a 30 2c 22 4d 65 6d 6f |lMemory":0,"Memo|
|00000540| 72 79 52 65 73 65 72 76 61 74 69 6f 6e 22 3a 30 |ryReservation":0|
|00000550| 2c 22 4d 65 6d 6f 72 79 53 77 61 70 22 3a 30 2c |,"MemorySwap":0,|
|00000560| 22 4d 65 6d 6f 72 79 53 77 61 70 70 69 6e 65 73 |"MemorySwappines|
|00000570| 73 22 3a 6e 75 6c 6c 2c 22 4f 6f 6d 4b 69 6c 6c |s":null,"OomKill|
|00000580| 44 69 73 61 62 6c 65 22 3a 66 61 6c 73 65 2c 22 |Disable":false,"|
|00000590| 50 69 64 73 4c 69 6d 69 74 22 3a 30 2c 22 55 6c |PidsLimit":0,"Ul|
|000005a0| 69 6d 69 74 73 22 3a 6e 75 6c 6c 2c 22 43 70 75 |imits":null,"Cpu|
|000005b0| 43 6f 75 6e 74 22 3a 30 2c 22 43 70 75 50 65 72 |Count":0,"CpuPer|
|000005c0| 63 65 6e 74 22 3a 30 2c 22 49 4f 4d 61 78 69 6d |cent":0,"IOMaxim|
|000005d0| 75 6d 49 4f 70 73 22 3a 30 2c 22 49 4f 4d 61 78 |umIOps":0,"IOMax|
|000005e0| 69 6d 75 6d 42 61 6e 64 77 69 64 74 68 22 3a 30 |imumBandwidth":0|
|000005f0| 7d 2c 22 47 72 61 70 68 44 72 69 76 65 72 22 3a |},"GraphDriver":|
|00000600| 7b 22 44 61 74 61 22 3a 6e 75 6c 6c 2c 22 4e 61 |{"Data":null,"Na|
|00000610| 6d 65 22 3a 22 61 75 66 73 22 7d 2c 22 4d 6f 75 |me":"aufs"},"Mou|
|00000620| 6e 74 73 22 3a 5b 7b 22 54 79 70 65 22 3a 22 76 |nts":[{"Type":"v|
|00000630| 6f 6c 75 6d 65 22 2c 22 4e 61 6d 65 22 3a 22 65 |olume","Name":"e|
|00000640| 64 33 30 66 34 65 64 39 63 37 31 31 66 32 32 63 |d30f4ed9c711f22c|
|00000650| 62 63 66 30 31 39 66 31 33 36 39 62 61 36 63 33 |bcf019f1369ba6c3|
|00000660| 63 64 35 62 66 36 30 61 35 66 64 31 34 30 39 65 |cd5bf60a5fd1409e|
|00000670| 30 61 39 61 62 61 61 38 34 30 61 63 33 63 32 22 |0a9abaa840ac3c2"|
|00000680| 2c 22 53 6f 75 72 63 65 22 3a 22 2f 76 61 72 2f |,"Source":"/var/|
|00000690| 6c 69 62 2f 64 6f 63 6b 65 72 2f 76 6f 6c 75 6d |lib/docker/volum|
|000006a0| 65 73 2f 65 64 33 30 66 34 65 64 39 63 37 31 31 |es/ed30f4ed9c711|
|000006b0| 66 32 32 63 62 63 66 30 31 39 66 31 33 36 39 62 |f22cbcf019f1369b|
|000006c0| 61 36 63 33 63 64 35 62 66 36 30 61 35 66 64 31 |a6c3cd5bf60a5fd1|
|000006d0| 34 30 39 65 30 61 39 61 62 61 61 38 34 30 61 63 |409e0a9abaa840ac|
|000006e0| 33 63 32 2f 5f 64 61 74 61 22 2c 22 44 65 73 74 |3c2/_data","Dest|
|000006f0| 69 6e 61 74 69 6f 6e 22 3a 22 2f 76 61 72 2f 6c |ination":"/var/l|
|00000700| 69 62 2f 72 61 62 62 69 74 6d 71 22 2c 22 44 72 |ib/rabbitmq","Dr|
|00000710| 69 76 65 72 22 3a 22 6c 6f 63 61 6c 22 2c 22 4d |iver":"local","M|
|00000720| 6f 64 65 22 3a 22 22 2c 22 52 57 22 3a 74 72 75 |ode":"","RW":tru|
|00000730| 65 2c 22 50 72 6f 70 61 67 61 74 69 6f 6e 22 3a |e,"Propagation":|
|00000740| 22 22 7d 5d 2c 22 43 6f 6e 66 69 67 22 3a 7b 22 |""}],"Config":{"|
|00000750| 48 6f 73 74 6e 61 6d 65 22 3a 22 37 36 30 61 31 |Hostname":"760a1|
|00000760| 31 63 64 61 30 32 65 22 2c 22 44 6f 6d 61 69 6e |1cda02e","Domain|
|00000770| 6e 61 6d 65 22 3a 22 22 2c 22 55 73 65 72 22 3a |name":"","User":|
|00000780| 22 22 2c 22 41 74 74 61 63 68 53 74 64 69 6e 22 |"","AttachStdin"|
|00000790| 3a 66 61 6c 73 65 2c 22 41 74 74 61 63 68 53 74 |:false,"AttachSt|
|000007a0| 64 6f 75 74 22 3a 66 61 6c 73 65 2c 22 41 74 74 |dout":false,"Att|
|000007b0| 61 63 68 53 74 64 65 72 72 22 3a 66 61 6c 73 65 |achStderr":false|
|000007c0| 2c 22 45 78 70 6f 73 65 64 50 6f 72 74 73 22 3a |,"ExposedPorts":|
|000007d0| 7b 22 32 35 36 37 32 2f 74 63 70 22 3a 7b 7d 2c |{"25672/tcp":{},|
|000007e0| 22 34 33 36 39 2f 74 63 70 22 3a 7b 7d 2c 22 35 |"4369/tcp":{},"5|
|000007f0| 36 37 31 2f 74 63 70 22 3a 7b 7d 2c 22 35 36 37 |671/tcp":{},"567|
|00000800| 32 2f 74 63 70 22 3a 7b 7d 7d 2c 22 54 74 79 22 |2/tcp":{}},"Tty"|
|00000810| 3a 66 61 6c 73 65 2c 22 4f 70 65 6e 53 74 64 69 |:false,"OpenStdi|
|00000820| 6e 22 3a 66 61 6c 73 65 2c 22 53 74 64 69 6e 4f |n":false,"StdinO|
|00000830| 6e 63 65 22 3a 66 61 6c 73 65 2c 22 45 6e 76 22 |nce":false,"Env"|
|00000840| 3a 5b 22 52 41 42 42 49 54 4d 51 5f 55 53 45 52 |:["RABBITMQ_USER|
|00000850| 3d 67 75 65 73 74 22 2c 22 52 41 42 42 49 54 4d |=guest","RABBITM|
|00000860| 51 5f 50 41 53 53 57 4f 52 44 3d 67 75 65 73 74 |Q_PASSWORD=guest|
|00000870| 22 2c 22 6e 6f 5f 70 72 6f 78 79 3d 2a 2e 6c 6f |","no_proxy=*.lo|
|00000880| 63 61 6c 2c 20 31 36 39 2e 32 35 34 2f 31 36 22 |cal, 169.254/16"|
|00000890| 2c 22 50 41 54 48 3d 2f 75 73 72 2f 6c 69 62 2f |,"PATH=/usr/lib/|
|000008a0| 72 61 62 62 69 74 6d 71 2f 62 69 6e 3a 2f 75 73 |rabbitmq/bin:/us|
|000008b0| 72 2f 6c 6f 63 61 6c 2f 73 62 69 6e 3a 2f 75 73 |r/local/sbin:/us|
|000008c0| 72 2f 6c 6f 63 61 6c 2f 62 69 6e 3a 2f 75 73 72 |r/local/bin:/usr|
|000008d0| 2f 73 62 69 6e 3a 2f 75 73 72 2f 62 69 6e 3a 2f |/sbin:/usr/bin:/|
|000008e0| 73 62 69 6e 3a 2f 62 69 6e 22 2c 22 47 4f 53 55 |sbin:/bin","GOSU|
|000008f0| 5f 56 45 52 53 49 4f 4e 3d 31 2e 31 30 22 2c 22 |_VERSION=1.10","|
|00000900| 52 41 42 42 49 54 4d 51 5f 4c 4f 47 53 3d 2d 22 |RABBITMQ_LOGS=-"|
|00000910| 2c 22 52 41 42 42 49 54 4d 51 5f 53 41 53 4c 5f |,"RABBITMQ_SASL_|
|00000920| 4c 4f 47 53 3d 2d 22 2c 22 52 41 42 42 49 54 4d |LOGS=-","RABBITM|
|00000930| 51 5f 47 50 47 5f 4b 45 59 3d 30 41 39 41 46 32 |Q_GPG_KEY=0A9AF2|
|00000940| 31 31 35 46 34 36 38 37 42 44 32 39 38 30 33 41 |115F4687BD29803A|
|00000950| 32 30 36 42 37 33 41 33 36 45 36 30 32 36 44 46 |206B73A36E6026DF|
|00000960| 43 41 22 2c 22 52 41 42 42 49 54 4d 51 5f 56 45 |CA","RABBITMQ_VE|
|00000970| 52 53 49 4f 4e 3d 33 2e 36 2e 31 34 22 2c 22 52 |RSION=3.6.14","R|
|00000980| 41 42 42 49 54 4d 51 5f 47 49 54 48 55 42 5f 54 |ABBITMQ_GITHUB_T|
|00000990| 41 47 3d 72 61 62 62 69 74 6d 71 5f 76 33 5f 36 |AG=rabbitmq_v3_6|
|000009a0| 5f 31 34 22 2c 22 52 41 42 42 49 54 4d 51 5f 44 |_14","RABBITMQ_D|
|000009b0| 45 42 49 41 4e 5f 56 45 52 53 49 4f 4e 3d 33 2e |EBIAN_VERSION=3.|
|000009c0| 36 2e 31 34 2d 31 22 2c 22 48 4f 4d 45 3d 2f 76 |6.14-1","HOME=/v|
|000009d0| 61 72 2f 6c 69 62 2f 72 61 62 62 69 74 6d 71 22 |ar/lib/rabbitmq"|
|000009e0| 5d 2c 22 43 6d 64 22 3a 5b 22 72 61 62 62 69 74 |],"Cmd":["rabbit|
|000009f0| 6d 71 2d 73 65 72 76 65 72 22 5d 2c 22 41 72 67 |mq-server"],"Arg|
|00000a00| 73 45 73 63 61 70 65 64 22 3a 74 72 75 65 2c 22 |sEscaped":true,"|
|00000a10| 49 6d 61 67 65 22 3a 22 72 61 62 62 69 74 6d 71 |Image":"rabbitmq|
|00000a20| 3a 33 2e 36 2e 31 34 22 2c 22 56 6f 6c 75 6d 65 |:3.6.14","Volume|
|00000a30| 73 22 3a 7b 22 2f 76 61 72 2f 6c 69 62 2f 72 61 |s":{"/var/lib/ra|
|00000a40| 62 62 69 74 6d 71 22 3a 7b 7d 7d 2c 22 57 6f 72 |bbitmq":{}},"Wor|
|00000a50| 6b 69 6e 67 44 69 72 22 3a 22 22 2c 22 45 6e 74 |kingDir":"","Ent|
|00000a60| 72 79 70 6f 69 6e 74 22 3a 5b 22 64 6f 63 6b 65 |rypoint":["docke|
|00000a70| 72 2d 65 6e 74 72 79 70 6f 69 6e 74 2e 73 68 22 |r-entrypoint.sh"|
|00000a80| 5d 2c 22 4f 6e 42 75 69 6c 64 22 3a 6e 75 6c 6c |],"OnBuild":null|
|00000a90| 2c 22 4c 61 62 65 6c 73 22 3a 7b 22 6f 72 67 2e |,"Labels":{"org.|
|00000aa0| 74 65 73 74 63 6f 6e 74 61 69 6e 65 72 73 22 3a |testcontainers":|
|00000ab0| 22 74 72 75 65 22 7d 7d 2c 22 4e 65 74 77 6f 72 |"true"}},"Networ|
|00000ac0| 6b 53 65 74 74 69 6e 67 73 22 3a 7b 22 42 72 69 |kSettings":{"Bri|
|00000ad0| 64 67 65 22 3a 22 22 2c 22 53 61 6e 64 62 6f 78 |dge":"","Sandbox|
|00000ae0| 49 44 22 3a 22 38 66 38 35 65 33 63 65 66 39 62 |ID":"8f85e3cef9b|
|00000af0| 32 66 39 39 31 63 39 36 30 30 35 61 32 38 64 36 |2f991c96005a28d6|
|00000b00| 65 63 35 32 64 63 34 35 33 33 33 64 63 65 37 38 |ec52dc45333dce78|
|00000b10| 38 37 36 64 30 39 37 65 63 31 32 38 66 39 39 36 |876d097ec128f996|
|00000b20| 37 33 38 36 64 22 2c 22 48 61 69 72 70 69 6e 4d |7386d","HairpinM|
|00000b30| 6f 64 65 22 3a 66 61 6c 73 65 2c 22 4c 69 6e 6b |ode":false,"Link|
|00000b40| 4c 6f 63 61 6c 49 50 76 36 41 64 64 72 65 73 73 |LocalIPv6Address|
|00000b50| 22 3a 22 22 2c 22 4c 69 6e 6b 4c 6f 63 61 6c 49 |":"","LinkLocalI|
|00000b60| 50 76 36 50 72 65 66 69 78 4c 65 6e 22 3a 30 2c |Pv6PrefixLen":0,|
|00000b70| 22 50 6f 72 74 73 22 3a 7b 22 32 35 36 37 32 2f |"Ports":{"25672/|
|00000b80| 74 63 70 22 3a 5b 7b 22 48 6f 73 74 49 70 22 3a |tcp":[{"HostIp":|
|00000b90| 22 30 2e 30 2e 30 2e 30 22 2c 22 48 6f 73 74 50 |"0.0.0.0","HostP|
|00000ba0| 6f 72 74 22 3a 22 33 32 39 36 36 22 7d 5d 2c 22 |ort":"32966"}],"|
|00000bb0| 34 33 36 39 2f 74 63 70 22 3a 5b 7b 22 48 6f 73 |4369/tcp":[{"Hos|
|00000bc0| 74 49 70 22 3a 22 30 2e 30 2e 30 2e 30 22 2c 22 |tIp":"0.0.0.0","|
|00000bd0| 48 6f 73 74 50 6f 72 74 22 3a 22 33 32 39 36 39 |HostPort":"32969|
|00000be0| 22 7d 5d 2c 22 35 36 37 31 2f 74 63 70 22 3a 5b |"}],"5671/tcp":[|
|00000bf0| 7b 22 48 6f 73 74 49 70 22 3a 22 30 2e 30 2e 30 |{"HostIp":"0.0.0|
|00000c00| 2e 30 22 2c 22 48 6f 73 74 50 6f 72 74 22 3a 22 |.0","HostPort":"|
|00000c10| 33 32 39 36 38 22 7d 5d 2c 22 35 36 37 32 2f 74 |32968"}],"5672/t|
|00000c20| 63 70 22 3a 5b 7b 22 48 6f 73 74 49 70 22 3a 22 |cp":[{"HostIp":"|
|00000c30| 30 2e 30 2e 30 2e 30 22 2c 22 48 6f 73 74 50 6f |0.0.0.0","HostPo|
|00000c40| 72 74 22 3a 22 33 32 39 36 37 22 7d 5d 7d 2c 22 |rt":"32967"}]},"|
|00000c50| 53 61 6e 64 62 6f 78 4b 65 79 22 3a 22 2f 76 61 |SandboxKey":"/va|
|00000c60| 72 2f 72 75 6e 2f 64 6f 63 6b 65 72 2f 6e 65 74 |r/run/docker/net|
|00000c70| 6e 73 2f 38 66 38 35 65 33 63 65 66 39 62 32 22 |ns/8f85e3cef9b2"|
|00000c80| 2c 22 53 65 63 6f 6e 64 61 72 79 49 50 41 64 64 |,"SecondaryIPAdd|
|00000c90| 72 65 73 73 65 73 22 3a 6e 75 6c 6c 2c 22 53 65 |resses":null,"Se|
|00000ca0| 63 6f 6e 64 61 72 79 49 50 76 36 41 64 64 72 65 |condaryIPv6Addre|
|00000cb0| 73 73 65 73 22 3a 6e 75 6c 6c 2c 22 45 6e 64 70 |sses":null,"Endp|
|00000cc0| 6f 69 6e 74 49 44 22 3a 22 61 38 30 65 33 33 34 |ointID":"a80e334|
|00000cd0| 39 64 38 64 61 66 31 37 64 35 32 30 31 33 64 64 |9d8daf17d52013dd|
|00000ce0| 37 64 30 63 62 66 32 31 34 31 64 30 35 30 32 64 |7d0cbf2141d0502d|
|00000cf0| 33 34 37 61 31 30 61 39 64 36 65 33 32 31 66 39 |347a10a9d6e321f9|
|00000d00| 64 38 62 32 37 61 32 65 34 22 2c 22 47 61 74 65 |d8b27a2e4","Gate|
|00000d10| 77 61 79 22 3a 22 31 37 32 2e 31 37 2e 30 2e 31 |way":"172.17.0.1|
|00000d20| 22 2c 22 47 6c 6f 62 61 6c 49 50 76 36 41 64 64 |","GlobalIPv6Add|
|00000d30| 72 65 73 73 22 3a 22 22 2c 22 47 6c 6f 62 61 6c |ress":"","Global|
|00000d40| 49 50 76 36 50 72 65 66 69 78 4c 65 6e 22 3a 30 |IPv6PrefixLen":0|
|00000d50| 2c 22 49 50 41 64 64 72 65 73 73 22 3a 22 31 37 |,"IPAddress":"17|
|00000d60| 32 2e 31 37 2e 30 2e 33 22 2c 22 49 50 50 72 65 |2.17.0.3","IPPre|
|00000d70| 66 69 78 4c 65 6e 22 3a 31 36 2c 22 49 50 76 36 |fixLen":16,"IPv6|
|00000d80| 47 61 74 65 77 61 79 22 3a 22 22 2c 22 4d 61 63 |Gateway":"","Mac|
|00000d90| 41 64 64 72 65 73 73 22 3a 22 30 32 3a 34 32 3a |Address":"02:42:|
|00000da0| 61 63 3a 31 31 3a 30 30 3a 30 33 22 2c 22 4e 65 |ac:11:00:03","Ne|
|00000db0| 74 77 6f 72 6b 73 22 3a 7b 22 62 72 69 64 67 65 |tworks":{"bridge|
|00000dc0| 22 3a 7b 22 49 50 41 4d 43 6f 6e 66 69 67 22 3a |":{"IPAMConfig":|
|00000dd0| 6e 75 6c 6c 2c 22 4c 69 6e 6b 73 22 3a 6e 75 6c |null,"Links":nul|
|00000de0| 6c 2c 22 41 6c 69 61 73 65 73 22 3a 6e 75 6c 6c |l,"Aliases":null|
|00000df0| 2c 22 4e 65 74 77 6f 72 6b 49 44 22 3a 22 39 66 |,"NetworkID":"9f|
|00000e00| 65 38 62 39 32 64 61 66 63 30 35 34 34 36 33 33 |e8b92dafc0544633|
|00000e10| 37 39 64 39 34 35 38 61 64 65 37 37 64 35 31 61 |79d9458ade77d51a|
|00000e20| 34 61 62 39 30 61 64 31 33 65 35 34 61 65 32 31 |4ab90ad13e54ae21|
|00000e30| 61 31 38 64 36 35 66 66 32 63 30 37 63 61 22 2c |a18d65ff2c07ca",|
|00000e40| 22 45 6e 64 70 6f 69 6e 74 49 44 22 3a 22 61 38 |"EndpointID":"a8|
|00000e50| 30 65 33 33 34 39 64 38 64 61 66 31 37 64 35 32 |0e3349d8daf17d52|
|00000e60| 30 31 33 64 64 37 64 30 63 62 66 32 31 34 31 64 |013dd7d0cbf2141d|
|00000e70| 30 35 30 32 64 33 34 37 61 31 30 61 39 64 36 65 |0502d347a10a9d6e|
|00000e80| 33 32 31 66 39 64 38 62 32 37 61 32 65 34 22 2c |321f9d8b27a2e4",|
|00000e90| 22 47 61 74 65 77 61 79 22 3a 22 31 37 32 2e 31 |"Gateway":"172.1|
|00000ea0| 37 2e 30 2e 31 22 2c 22 49 50 41 64 64 72 65 73 |7.0.1","IPAddres|
|00000eb0| 73 22 3a 22 31 37 32 2e 31 37 2e 30 2e 33 22 2c |s":"172.17.0.3",|
|00000ec0| 22 49 50 50 72 65 66 69 78 4c 65 6e 22 3a 31 36 |"IPPrefixLen":16|
|00000ed0| 2c 22 49 50 76 36 47 61 74 65 77 61 79 22 3a 22 |,"IPv6Gateway":"|
|00000ee0| 22 2c 22 47 6c 6f 62 61 6c 49 50 76 36 41 64 64 |","GlobalIPv6Add|
|00000ef0| 72 65 73 73 22 3a 22 22 2c 22 47 6c 6f 62 61 6c |ress":"","Global|
|00000f00| 49 50 76 36 50 72 65 66 69 78 4c 65 6e 22 3a 30 |IPv6PrefixLen":0|
|00000f10| 2c 22 4d 61 63 41 64 64 72 65 73 73 22 3a 22 30 |,"MacAddress":"0|
|00000f20| 32 3a 34 32 3a 61 63 3a 31 31 3a 30 30 3a 30 33 |2:42:ac:11:00:03|
|00000f30| 22 2c 22 44 72 69 76 65 72 4f 70 74 73 22 3a 6e |","DriverOpts":n|
|00000f40| 75 6c 6c 7d 7d 7d 7d 0a                         |ull}}}}.        |
+--------+-------------------------------------------------+----------------+
2017-11-27 22:09:10.231 DEBUG   --- [java-netty-1-16] c.g.d.netty.NettyDockerCmdExecFactory$1  : [id: 0x59e5fece, L:null - R:/var/run/docker.sock] READ, EmptyLastHttpContent, 0B
2017-11-27 22:09:10.231 DEBUG   --- [java-netty-1-16] c.g.d.netty.NettyDockerCmdExecFactory$1  : [id: 0x59e5fece, L:null - R:/var/run/docker.sock] CLOSE
2017-11-27 22:09:10.232 DEBUG   --- [java-netty-1-16] xecFactory$UnixDomainSocketInitializer$3 : [id: 0x59e5fece, L:null - R:/var/run/docker.sock] CLOSE
2017-11-27 22:09:10.232 DEBUG   --- [java-netty-1-16] xecFactory$UnixDomainSocketInitializer$3 : [id: 0x59e5fece, L:null ! R:/var/run/docker.sock] READ COMPLETE
2017-11-27 22:09:10.232 DEBUG   --- [java-netty-1-16] c.g.d.netty.NettyDockerCmdExecFactory$1  : [id: 0x59e5fece, L:null ! R:/var/run/docker.sock] READ COMPLETE
2017-11-27 22:09:10.232 DEBUG   --- [java-netty-1-16] xecFactory$UnixDomainSocketInitializer$3 : [id: 0x59e5fece, L:null ! R:/var/run/docker.sock] INACTIVE
2017-11-27 22:09:10.232 DEBUG   --- [java-netty-1-16] c.g.d.netty.NettyDockerCmdExecFactory$1  : [id: 0x59e5fece, L:null ! R:/var/run/docker.sock] INACTIVE
2017-11-27 22:09:10.232 DEBUG   --- [java-netty-1-16] xecFactory$UnixDomainSocketInitializer$3 : [id: 0x59e5fece, L:null ! R:/var/run/docker.sock] UNREGISTERED
2017-11-27 22:09:10.232 DEBUG   --- [java-netty-1-16] c.g.d.netty.NettyDockerCmdExecFactory$1  : [id: 0x59e5fece, L:null ! R:/var/run/docker.sock] UNREGISTERED
2017-11-27 22:09:10.239 DEBUG   --- [pool-1-thread-1] c.g.d.core.command.AbstrDockerCmd        : Cmd: 760a11cda02e910f00711b5a13bda9b1a918e18eb4153f1bfc40e23e16ada5cc,false,com.github.dockerjava.netty.exec.InspectContainerCmdExec@12af648a
2017-11-27 22:09:10.239 DEBUG   --- [pool-1-thread-1] c.g.d.n.exec.InspectContainerCmdExec     : GET: com.github.dockerjava.netty.WebTarget@35426afe
2017-11-27 22:09:10.240 DEBUG   --- [rjava-netty-1-1] xecFactory$UnixDomainSocketInitializer$3 : [id: 0x7e0fcb5d] REGISTERED
2017-11-27 22:09:10.240 DEBUG   --- [rjava-netty-1-1] xecFactory$UnixDomainSocketInitializer$3 : [id: 0x7e0fcb5d] CONNECT: /var/run/docker.sock
2017-11-27 22:09:10.240 DEBUG   --- [rjava-netty-1-1] xecFactory$UnixDomainSocketInitializer$3 : [id: 0x7e0fcb5d, L:null - R:/var/run/docker.sock] ACTIVE
2017-11-27 22:09:10.241 DEBUG   --- [rjava-netty-1-1] c.g.d.netty.NettyDockerCmdExecFactory$1  : [id: 0x7e0fcb5d, L:null - R:/var/run/docker.sock] WRITE, DefaultFullHttpRequest(decodeResult: success, version: HTTP/1.1, content: UnpooledByteBufAllocator$InstrumentedUnpooledUnsafeHeapByteBuf(ridx: 0, widx: 0, cap: 0))
GET /containers/760a11cda02e910f00711b5a13bda9b1a918e18eb4153f1bfc40e23e16ada5cc/json HTTP/1.1
host:
connection: keep-alive
accept-encoding: gzip
accept: application/json, 0B
2017-11-27 22:09:10.241 DEBUG   --- [rjava-netty-1-1] xecFactory$UnixDomainSocketInitializer$3 : [id: 0x7e0fcb5d, L:null - R:/var/run/docker.sock] WRITE: 179B
         +-------------------------------------------------+
         |  0  1  2  3  4  5  6  7  8  9  a  b  c  d  e  f |
+--------+-------------------------------------------------+----------------+
|00000000| 47 45 54 20 2f 63 6f 6e 74 61 69 6e 65 72 73 2f |GET /containers/|
|00000010| 37 36 30 61 31 31 63 64 61 30 32 65 39 31 30 66 |760a11cda02e910f|
|00000020| 30 30 37 31 31 62 35 61 31 33 62 64 61 39 62 31 |00711b5a13bda9b1|
|00000030| 61 39 31 38 65 31 38 65 62 34 31 35 33 66 31 62 |a918e18eb4153f1b|
|00000040| 66 63 34 30 65 32 33 65 31 36 61 64 61 35 63 63 |fc40e23e16ada5cc|
|00000050| 2f 6a 73 6f 6e 20 48 54 54 50 2f 31 2e 31 0d 0a |/json HTTP/1.1..|
|00000060| 68 6f 73 74 3a 20 0d 0a 63 6f 6e 6e 65 63 74 69 |host: ..connecti|
|00000070| 6f 6e 3a 20 6b 65 65 70 2d 61 6c 69 76 65 0d 0a |on: keep-alive..|
|00000080| 61 63 63 65 70 74 2d 65 6e 63 6f 64 69 6e 67 3a |accept-encoding:|
|00000090| 20 67 7a 69 70 0d 0a 61 63 63 65 70 74 3a 20 61 | gzip..accept: a|
|000000a0| 70 70 6c 69 63 61 74 69 6f 6e 2f 6a 73 6f 6e 0d |pplication/json.|
|000000b0| 0a 0d 0a                                        |...             |
+--------+-------------------------------------------------+----------------+
2017-11-27 22:09:10.241 DEBUG   --- [rjava-netty-1-1] c.g.d.netty.NettyDockerCmdExecFactory$1  : [id: 0x7e0fcb5d, L:null - R:/var/run/docker.sock] FLUSH
2017-11-27 22:09:10.241 DEBUG   --- [rjava-netty-1-1] xecFactory$UnixDomainSocketInitializer$3 : [id: 0x7e0fcb5d, L:null - R:/var/run/docker.sock] FLUSH
2017-11-27 22:09:10.243 DEBUG   --- [rjava-netty-1-1] xecFactory$UnixDomainSocketInitializer$3 : [id: 0x7e0fcb5d, L:null - R:/var/run/docker.sock] READ: 1024B
         +-------------------------------------------------+
         |  0  1  2  3  4  5  6  7  8  9  a  b  c  d  e  f |
+--------+-------------------------------------------------+----------------+
|00000000| 48 54 54 50 2f 31 2e 31 20 32 30 30 20 4f 4b 0d |HTTP/1.1 200 OK.|
|00000010| 0a 41 70 69 2d 56 65 72 73 69 6f 6e 3a 20 31 2e |.Api-Version: 1.|
|00000020| 33 32 0d 0a 43 6f 6e 74 65 6e 74 2d 54 79 70 65 |32..Content-Type|
|00000030| 3a 20 61 70 70 6c 69 63 61 74 69 6f 6e 2f 6a 73 |: application/js|
|00000040| 6f 6e 0d 0a 44 61 74 65 3a 20 4d 6f 6e 2c 20 32 |on..Date: Mon, 2|
|00000050| 37 20 4e 6f 76 20 32 30 31 37 20 32 31 3a 30 39 |7 Nov 2017 21:09|
|00000060| 3a 30 36 20 47 4d 54 0d 0a 44 6f 63 6b 65 72 2d |:06 GMT..Docker-|
|00000070| 45 78 70 65 72 69 6d 65 6e 74 61 6c 3a 20 66 61 |Experimental: fa|
|00000080| 6c 73 65 0d 0a 4f 73 74 79 70 65 3a 20 6c 69 6e |lse..Ostype: lin|
|00000090| 75 78 0d 0a 53 65 72 76 65 72 3a 20 44 6f 63 6b |ux..Server: Dock|
|000000a0| 65 72 2f 31 37 2e 30 39 2e 30 2d 63 65 20 28 6c |er/17.09.0-ce (l|
|000000b0| 69 6e 75 78 29 0d 0a 54 72 61 6e 73 66 65 72 2d |inux)..Transfer-|
|000000c0| 45 6e 63 6f 64 69 6e 67 3a 20 63 68 75 6e 6b 65 |Encoding: chunke|
|000000d0| 64 0d 0a 0d 0a 31 32 36 64 0d 0a 7b 22 49 64 22 |d....126d..{"Id"|
|000000e0| 3a 22 37 36 30 61 31 31 63 64 61 30 32 65 39 31 |:"760a11cda02e91|
|000000f0| 30 66 30 30 37 31 31 62 35 61 31 33 62 64 61 39 |0f00711b5a13bda9|
|00000100| 62 31 61 39 31 38 65 31 38 65 62 34 31 35 33 66 |b1a918e18eb4153f|
|00000110| 31 62 66 63 34 30 65 32 33 65 31 36 61 64 61 35 |1bfc40e23e16ada5|
|00000120| 63 63 22 2c 22 43 72 65 61 74 65 64 22 3a 22 32 |cc","Created":"2|
|00000130| 30 31 37 2d 31 31 2d 32 37 54 32 31 3a 30 39 3a |017-11-27T21:09:|
|00000140| 30 35 2e 36 30 36 37 39 38 31 30 32 5a 22 2c 22 |05.606798102Z","|
|00000150| 50 61 74 68 22 3a 22 64 6f 63 6b 65 72 2d 65 6e |Path":"docker-en|
|00000160| 74 72 79 70 6f 69 6e 74 2e 73 68 22 2c 22 41 72 |trypoint.sh","Ar|
|00000170| 67 73 22 3a 5b 22 72 61 62 62 69 74 6d 71 2d 73 |gs":["rabbitmq-s|
|00000180| 65 72 76 65 72 22 5d 2c 22 53 74 61 74 65 22 3a |erver"],"State":|
|00000190| 7b 22 53 74 61 74 75 73 22 3a 22 72 75 6e 6e 69 |{"Status":"runni|
|000001a0| 6e 67 22 2c 22 52 75 6e 6e 69 6e 67 22 3a 74 72 |ng","Running":tr|
|000001b0| 75 65 2c 22 50 61 75 73 65 64 22 3a 66 61 6c 73 |ue,"Paused":fals|
|000001c0| 65 2c 22 52 65 73 74 61 72 74 69 6e 67 22 3a 66 |e,"Restarting":f|
|000001d0| 61 6c 73 65 2c 22 4f 4f 4d 4b 69 6c 6c 65 64 22 |alse,"OOMKilled"|
|000001e0| 3a 66 61 6c 73 65 2c 22 44 65 61 64 22 3a 66 61 |:false,"Dead":fa|
|000001f0| 6c 73 65 2c 22 50 69 64 22 3a 31 35 38 38 39 2c |lse,"Pid":15889,|
|00000200| 22 45 78 69 74 43 6f 64 65 22 3a 30 2c 22 45 72 |"ExitCode":0,"Er|
|00000210| 72 6f 72 22 3a 22 22 2c 22 53 74 61 72 74 65 64 |ror":"","Started|
|00000220| 41 74 22 3a 22 32 30 31 37 2d 31 31 2d 32 37 54 |At":"2017-11-27T|
|00000230| 32 31 3a 30 39 3a 30 36 2e 37 34 37 30 36 37 33 |21:09:06.7470673|
|00000240| 38 38 5a 22 2c 22 46 69 6e 69 73 68 65 64 41 74 |88Z","FinishedAt|
|00000250| 22 3a 22 30 30 30 31 2d 30 31 2d 30 31 54 30 30 |":"0001-01-01T00|
|00000260| 3a 30 30 3a 30 30 5a 22 7d 2c 22 49 6d 61 67 65 |:00:00Z"},"Image|
|00000270| 22 3a 22 73 68 61 32 35 36 3a 37 39 61 30 30 38 |":"sha256:79a008|
|00000280| 62 32 35 39 36 32 65 31 61 31 34 33 65 30 32 62 |b25962e1a143e02b|
|00000290| 33 37 31 38 37 66 38 35 35 63 62 32 32 34 65 32 |37187f855cb224e2|
|000002a0| 32 30 33 62 39 34 63 63 39 66 38 37 65 38 31 66 |203b94cc9f87e81f|
|000002b0| 65 32 37 35 36 36 30 63 39 64 22 2c 22 52 65 73 |e275660c9d","Res|
|000002c0| 6f 6c 76 43 6f 6e 66 50 61 74 68 22 3a 22 2f 76 |olvConfPath":"/v|
|000002d0| 61 72 2f 6c 69 62 2f 64 6f 63 6b 65 72 2f 63 6f |ar/lib/docker/co|
|000002e0| 6e 74 61 69 6e 65 72 73 2f 37 36 30 61 31 31 63 |ntainers/760a11c|
|000002f0| 64 61 30 32 65 39 31 30 66 30 30 37 31 31 62 35 |da02e910f00711b5|
|00000300| 61 31 33 62 64 61 39 62 31 61 39 31 38 65 31 38 |a13bda9b1a918e18|
|00000310| 65 62 34 31 35 33 66 31 62 66 63 34 30 65 32 33 |eb4153f1bfc40e23|
|00000320| 65 31 36 61 64 61 35 63 63 2f 72 65 73 6f 6c 76 |e16ada5cc/resolv|
|00000330| 2e 63 6f 6e 66 22 2c 22 48 6f 73 74 6e 61 6d 65 |.conf","Hostname|
|00000340| 50 61 74 68 22 3a 22 2f 76 61 72 2f 6c 69 62 2f |Path":"/var/lib/|
|00000350| 64 6f 63 6b 65 72 2f 63 6f 6e 74 61 69 6e 65 72 |docker/container|
|00000360| 73 2f 37 36 30 61 31 31 63 64 61 30 32 65 39 31 |s/760a11cda02e91|
|00000370| 30 66 30 30 37 31 31 62 35 61 31 33 62 64 61 39 |0f00711b5a13bda9|
|00000380| 62 31 61 39 31 38 65 31 38 65 62 34 31 35 33 66 |b1a918e18eb4153f|
|00000390| 31 62 66 63 34 30 65 32 33 65 31 36 61 64 61 35 |1bfc40e23e16ada5|
|000003a0| 63 63 2f 68 6f 73 74 6e 61 6d 65 22 2c 22 48 6f |cc/hostname","Ho|
|000003b0| 73 74 73 50 61 74 68 22 3a 22 2f 76 61 72 2f 6c |stsPath":"/var/l|
|000003c0| 69 62 2f 64 6f 63 6b 65 72 2f 63 6f 6e 74 61 69 |ib/docker/contai|
|000003d0| 6e 65 72 73 2f 37 36 30 61 31 31 63 64 61 30 32 |ners/760a11cda02|
|000003e0| 65 39 31 30 66 30 30 37 31 31 62 35 61 31 33 62 |e910f00711b5a13b|
|000003f0| 64 61 39 62 31 61 39 31 38 65 31 38 65 62 34 31 |da9b1a918e18eb41|
+--------+-------------------------------------------------+----------------+
2017-11-27 22:09:10.244 DEBUG   --- [rjava-netty-1-1] c.g.d.netty.NettyDockerCmdExecFactory$1  : [id: 0x7e0fcb5d, L:null - R:/var/run/docker.sock] READ: DefaultHttpResponse(decodeResult: success, version: HTTP/1.1)
HTTP/1.1 200 OK
Api-Version: 1.32
Content-Type: application/json
Date: Mon, 27 Nov 2017 21:09:06 GMT
Docker-Experimental: false
Ostype: linux
Server: Docker/17.09.0-ce (linux)
Transfer-Encoding: chunked
2017-11-27 22:09:10.244 DEBUG   --- [rjava-netty-1-1] c.g.d.netty.NettyDockerCmdExecFactory$1  : [id: 0x7e0fcb5d, L:null - R:/var/run/docker.sock] READ: DefaultHttpContent(data: PooledSlicedByteBuf(ridx: 0, widx: 805, cap: 805/805, unwrapped: PooledUnsafeDirectByteBuf(ridx: 1024, widx: 1024, cap: 1024)), decoderResult: success), 805B
         +-------------------------------------------------+
         |  0  1  2  3  4  5  6  7  8  9  a  b  c  d  e  f |
+--------+-------------------------------------------------+----------------+
|00000000| 7b 22 49 64 22 3a 22 37 36 30 61 31 31 63 64 61 |{"Id":"760a11cda|
|00000010| 30 32 65 39 31 30 66 30 30 37 31 31 62 35 61 31 |02e910f00711b5a1|
|00000020| 33 62 64 61 39 62 31 61 39 31 38 65 31 38 65 62 |3bda9b1a918e18eb|
|00000030| 34 31 35 33 66 31 62 66 63 34 30 65 32 33 65 31 |4153f1bfc40e23e1|
|00000040| 36 61 64 61 35 63 63 22 2c 22 43 72 65 61 74 65 |6ada5cc","Create|
|00000050| 64 22 3a 22 32 30 31 37 2d 31 31 2d 32 37 54 32 |d":"2017-11-27T2|
|00000060| 31 3a 30 39 3a 30 35 2e 36 30 36 37 39 38 31 30 |1:09:05.60679810|
|00000070| 32 5a 22 2c 22 50 61 74 68 22 3a 22 64 6f 63 6b |2Z","Path":"dock|
|00000080| 65 72 2d 65 6e 74 72 79 70 6f 69 6e 74 2e 73 68 |er-entrypoint.sh|
|00000090| 22 2c 22 41 72 67 73 22 3a 5b 22 72 61 62 62 69 |","Args":["rabbi|
|000000a0| 74 6d 71 2d 73 65 72 76 65 72 22 5d 2c 22 53 74 |tmq-server"],"St|
|000000b0| 61 74 65 22 3a 7b 22 53 74 61 74 75 73 22 3a 22 |ate":{"Status":"|
|000000c0| 72 75 6e 6e 69 6e 67 22 2c 22 52 75 6e 6e 69 6e |running","Runnin|
|000000d0| 67 22 3a 74 72 75 65 2c 22 50 61 75 73 65 64 22 |g":true,"Paused"|
|000000e0| 3a 66 61 6c 73 65 2c 22 52 65 73 74 61 72 74 69 |:false,"Restarti|
|000000f0| 6e 67 22 3a 66 61 6c 73 65 2c 22 4f 4f 4d 4b 69 |ng":false,"OOMKi|
|00000100| 6c 6c 65 64 22 3a 66 61 6c 73 65 2c 22 44 65 61 |lled":false,"Dea|
|00000110| 64 22 3a 66 61 6c 73 65 2c 22 50 69 64 22 3a 31 |d":false,"Pid":1|
|00000120| 35 38 38 39 2c 22 45 78 69 74 43 6f 64 65 22 3a |5889,"ExitCode":|
|00000130| 30 2c 22 45 72 72 6f 72 22 3a 22 22 2c 22 53 74 |0,"Error":"","St|
|00000140| 61 72 74 65 64 41 74 22 3a 22 32 30 31 37 2d 31 |artedAt":"2017-1|
|00000150| 31 2d 32 37 54 32 31 3a 30 39 3a 30 36 2e 37 34 |1-27T21:09:06.74|
|00000160| 37 30 36 37 33 38 38 5a 22 2c 22 46 69 6e 69 73 |7067388Z","Finis|
|00000170| 68 65 64 41 74 22 3a 22 30 30 30 31 2d 30 31 2d |hedAt":"0001-01-|
|00000180| 30 31 54 30 30 3a 30 30 3a 30 30 5a 22 7d 2c 22 |01T00:00:00Z"},"|
|00000190| 49 6d 61 67 65 22 3a 22 73 68 61 32 35 36 3a 37 |Image":"sha256:7|
|000001a0| 39 61 30 30 38 62 32 35 39 36 32 65 31 61 31 34 |9a008b25962e1a14|
|000001b0| 33 65 30 32 62 33 37 31 38 37 66 38 35 35 63 62 |3e02b37187f855cb|
|000001c0| 32 32 34 65 32 32 30 33 62 39 34 63 63 39 66 38 |224e2203b94cc9f8|
|000001d0| 37 65 38 31 66 65 32 37 35 36 36 30 63 39 64 22 |7e81fe275660c9d"|
|000001e0| 2c 22 52 65 73 6f 6c 76 43 6f 6e 66 50 61 74 68 |,"ResolvConfPath|
|000001f0| 22 3a 22 2f 76 61 72 2f 6c 69 62 2f 64 6f 63 6b |":"/var/lib/dock|
|00000200| 65 72 2f 63 6f 6e 74 61 69 6e 65 72 73 2f 37 36 |er/containers/76|
|00000210| 30 61 31 31 63 64 61 30 32 65 39 31 30 66 30 30 |0a11cda02e910f00|
|00000220| 37 31 31 62 35 61 31 33 62 64 61 39 62 31 61 39 |711b5a13bda9b1a9|
|00000230| 31 38 65 31 38 65 62 34 31 35 33 66 31 62 66 63 |18e18eb4153f1bfc|
|00000240| 34 30 65 32 33 65 31 36 61 64 61 35 63 63 2f 72 |40e23e16ada5cc/r|
|00000250| 65 73 6f 6c 76 2e 63 6f 6e 66 22 2c 22 48 6f 73 |esolv.conf","Hos|
|00000260| 74 6e 61 6d 65 50 61 74 68 22 3a 22 2f 76 61 72 |tnamePath":"/var|
|00000270| 2f 6c 69 62 2f 64 6f 63 6b 65 72 2f 63 6f 6e 74 |/lib/docker/cont|
|00000280| 61 69 6e 65 72 73 2f 37 36 30 61 31 31 63 64 61 |ainers/760a11cda|
|00000290| 30 32 65 39 31 30 66 30 30 37 31 31 62 35 61 31 |02e910f00711b5a1|
|000002a0| 33 62 64 61 39 62 31 61 39 31 38 65 31 38 65 62 |3bda9b1a918e18eb|
|000002b0| 34 31 35 33 66 31 62 66 63 34 30 65 32 33 65 31 |4153f1bfc40e23e1|
|000002c0| 36 61 64 61 35 63 63 2f 68 6f 73 74 6e 61 6d 65 |6ada5cc/hostname|
|000002d0| 22 2c 22 48 6f 73 74 73 50 61 74 68 22 3a 22 2f |","HostsPath":"/|
|000002e0| 76 61 72 2f 6c 69 62 2f 64 6f 63 6b 65 72 2f 63 |var/lib/docker/c|
|000002f0| 6f 6e 74 61 69 6e 65 72 73 2f 37 36 30 61 31 31 |ontainers/760a11|
|00000300| 63 64 61 30 32 65 39 31 30 66 30 30 37 31 31 62 |cda02e910f00711b|
|00000310| 35 61 31 33 62 64 61 39 62 31 61 39 31 38 65 31 |5a13bda9b1a918e1|
|00000320| 38 65 62 34 31                                  |8eb41           |
+--------+-------------------------------------------------+----------------+
2017-11-27 22:09:10.244 DEBUG   --- [rjava-netty-1-1] xecFactory$UnixDomainSocketInitializer$3 : [id: 0x7e0fcb5d, L:null - R:/var/run/docker.sock] READ COMPLETE
2017-11-27 22:09:10.244 DEBUG   --- [rjava-netty-1-1] c.g.d.netty.NettyDockerCmdExecFactory$1  : [id: 0x7e0fcb5d, L:null - R:/var/run/docker.sock] READ COMPLETE
2017-11-27 22:09:10.245 DEBUG   --- [rjava-netty-1-1] xecFactory$UnixDomainSocketInitializer$3 : [id: 0x7e0fcb5d, L:null - R:/var/run/docker.sock] READ: 3919B
         +-------------------------------------------------+
         |  0  1  2  3  4  5  6  7  8  9  a  b  c  d  e  f |
+--------+-------------------------------------------------+----------------+
|00000000| 35 33 66 31 62 66 63 34 30 65 32 33 65 31 36 61 |53f1bfc40e23e16a|
|00000010| 64 61 35 63 63 2f 68 6f 73 74 73 22 2c 22 4c 6f |da5cc/hosts","Lo|
|00000020| 67 50 61 74 68 22 3a 22 2f 76 61 72 2f 6c 69 62 |gPath":"/var/lib|
|00000030| 2f 64 6f 63 6b 65 72 2f 63 6f 6e 74 61 69 6e 65 |/docker/containe|
|00000040| 72 73 2f 37 36 30 61 31 31 63 64 61 30 32 65 39 |rs/760a11cda02e9|
|00000050| 31 30 66 30 30 37 31 31 62 35 61 31 33 62 64 61 |10f00711b5a13bda|
|00000060| 39 62 31 61 39 31 38 65 31 38 65 62 34 31 35 33 |9b1a918e18eb4153|
|00000070| 66 31 62 66 63 34 30 65 32 33 65 31 36 61 64 61 |f1bfc40e23e16ada|
|00000080| 35 63 63 2f 37 36 30 61 31 31 63 64 61 30 32 65 |5cc/760a11cda02e|
|00000090| 39 31 30 66 30 30 37 31 31 62 35 61 31 33 62 64 |910f00711b5a13bd|
|000000a0| 61 39 62 31 61 39 31 38 65 31 38 65 62 34 31 35 |a9b1a918e18eb415|
|000000b0| 33 66 31 62 66 63 34 30 65 32 33 65 31 36 61 64 |3f1bfc40e23e16ad|
|000000c0| 61 35 63 63 2d 6a 73 6f 6e 2e 6c 6f 67 22 2c 22 |a5cc-json.log","|
|000000d0| 4e 61 6d 65 22 3a 22 2f 64 69 73 74 72 61 63 74 |Name":"/distract|
|000000e0| 65 64 5f 62 65 6e 7a 22 2c 22 52 65 73 74 61 72 |ed_benz","Restar|
|000000f0| 74 43 6f 75 6e 74 22 3a 30 2c 22 44 72 69 76 65 |tCount":0,"Drive|
|00000100| 72 22 3a 22 61 75 66 73 22 2c 22 50 6c 61 74 66 |r":"aufs","Platf|
|00000110| 6f 72 6d 22 3a 22 6c 69 6e 75 78 22 2c 22 4d 6f |orm":"linux","Mo|
|00000120| 75 6e 74 4c 61 62 65 6c 22 3a 22 22 2c 22 50 72 |untLabel":"","Pr|
|00000130| 6f 63 65 73 73 4c 61 62 65 6c 22 3a 22 22 2c 22 |ocessLabel":"","|
|00000140| 41 70 70 41 72 6d 6f 72 50 72 6f 66 69 6c 65 22 |AppArmorProfile"|
|00000150| 3a 22 22 2c 22 45 78 65 63 49 44 73 22 3a 6e 75 |:"","ExecIDs":nu|
|00000160| 6c 6c 2c 22 48 6f 73 74 43 6f 6e 66 69 67 22 3a |ll,"HostConfig":|
|00000170| 7b 22 42 69 6e 64 73 22 3a 5b 5d 2c 22 43 6f 6e |{"Binds":[],"Con|
|00000180| 74 61 69 6e 65 72 49 44 46 69 6c 65 22 3a 22 22 |tainerIDFile":""|
|00000190| 2c 22 4c 6f 67 43 6f 6e 66 69 67 22 3a 7b 22 54 |,"LogConfig":{"T|
|000001a0| 79 70 65 22 3a 22 6a 73 6f 6e 2d 66 69 6c 65 22 |ype":"json-file"|
|000001b0| 2c 22 43 6f 6e 66 69 67 22 3a 7b 7d 7d 2c 22 4e |,"Config":{}},"N|
|000001c0| 65 74 77 6f 72 6b 4d 6f 64 65 22 3a 22 64 65 66 |etworkMode":"def|
|000001d0| 61 75 6c 74 22 2c 22 50 6f 72 74 42 69 6e 64 69 |ault","PortBindi|
|000001e0| 6e 67 73 22 3a 7b 7d 2c 22 52 65 73 74 61 72 74 |ngs":{},"Restart|
|000001f0| 50 6f 6c 69 63 79 22 3a 7b 22 4e 61 6d 65 22 3a |Policy":{"Name":|
|00000200| 22 22 2c 22 4d 61 78 69 6d 75 6d 52 65 74 72 79 |"","MaximumRetry|
|00000210| 43 6f 75 6e 74 22 3a 30 7d 2c 22 41 75 74 6f 52 |Count":0},"AutoR|
|00000220| 65 6d 6f 76 65 22 3a 66 61 6c 73 65 2c 22 56 6f |emove":false,"Vo|
|00000230| 6c 75 6d 65 44 72 69 76 65 72 22 3a 22 22 2c 22 |lumeDriver":"","|
|00000240| 56 6f 6c 75 6d 65 73 46 72 6f 6d 22 3a 5b 5d 2c |VolumesFrom":[],|
|00000250| 22 43 61 70 41 64 64 22 3a 6e 75 6c 6c 2c 22 43 |"CapAdd":null,"C|
|00000260| 61 70 44 72 6f 70 22 3a 6e 75 6c 6c 2c 22 44 6e |apDrop":null,"Dn|
|00000270| 73 22 3a 6e 75 6c 6c 2c 22 44 6e 73 4f 70 74 69 |s":null,"DnsOpti|
|00000280| 6f 6e 73 22 3a 6e 75 6c 6c 2c 22 44 6e 73 53 65 |ons":null,"DnsSe|
|00000290| 61 72 63 68 22 3a 6e 75 6c 6c 2c 22 45 78 74 72 |arch":null,"Extr|
|000002a0| 61 48 6f 73 74 73 22 3a 5b 5d 2c 22 47 72 6f 75 |aHosts":[],"Grou|
|000002b0| 70 41 64 64 22 3a 6e 75 6c 6c 2c 22 49 70 63 4d |pAdd":null,"IpcM|
|000002c0| 6f 64 65 22 3a 22 73 68 61 72 65 61 62 6c 65 22 |ode":"shareable"|
|000002d0| 2c 22 43 67 72 6f 75 70 22 3a 22 22 2c 22 4c 69 |,"Cgroup":"","Li|
|000002e0| 6e 6b 73 22 3a 6e 75 6c 6c 2c 22 4f 6f 6d 53 63 |nks":null,"OomSc|
|000002f0| 6f 72 65 41 64 6a 22 3a 30 2c 22 50 69 64 4d 6f |oreAdj":0,"PidMo|
|00000300| 64 65 22 3a 22 22 2c 22 50 72 69 76 69 6c 65 67 |de":"","Privileg|
|00000310| 65 64 22 3a 66 61 6c 73 65 2c 22 50 75 62 6c 69 |ed":false,"Publi|
|00000320| 73 68 41 6c 6c 50 6f 72 74 73 22 3a 74 72 75 65 |shAllPorts":true|
|00000330| 2c 22 52 65 61 64 6f 6e 6c 79 52 6f 6f 74 66 73 |,"ReadonlyRootfs|
|00000340| 22 3a 66 61 6c 73 65 2c 22 53 65 63 75 72 69 74 |":false,"Securit|
|00000350| 79 4f 70 74 22 3a 6e 75 6c 6c 2c 22 55 54 53 4d |yOpt":null,"UTSM|
|00000360| 6f 64 65 22 3a 22 22 2c 22 55 73 65 72 6e 73 4d |ode":"","UsernsM|
|00000370| 6f 64 65 22 3a 22 22 2c 22 53 68 6d 53 69 7a 65 |ode":"","ShmSize|
|00000380| 22 3a 36 37 31 30 38 38 36 34 2c 22 52 75 6e 74 |":67108864,"Runt|
|00000390| 69 6d 65 22 3a 22 72 75 6e 63 22 2c 22 43 6f 6e |ime":"runc","Con|
|000003a0| 73 6f 6c 65 53 69 7a 65 22 3a 5b 30 2c 30 5d 2c |soleSize":[0,0],|
|000003b0| 22 49 73 6f 6c 61 74 69 6f 6e 22 3a 22 22 2c 22 |"Isolation":"","|
|000003c0| 43 70 75 53 68 61 72 65 73 22 3a 30 2c 22 4d 65 |CpuShares":0,"Me|
|000003d0| 6d 6f 72 79 22 3a 30 2c 22 4e 61 6e 6f 43 70 75 |mory":0,"NanoCpu|
|000003e0| 73 22 3a 30 2c 22 43 67 72 6f 75 70 50 61 72 65 |s":0,"CgroupPare|
|000003f0| 6e 74 22 3a 22 22 2c 22 42 6c 6b 69 6f 57 65 69 |nt":"","BlkioWei|
|00000400| 67 68 74 22 3a 30 2c 22 42 6c 6b 69 6f 57 65 69 |ght":0,"BlkioWei|
|00000410| 67 68 74 44 65 76 69 63 65 22 3a 6e 75 6c 6c 2c |ghtDevice":null,|
|00000420| 22 42 6c 6b 69 6f 44 65 76 69 63 65 52 65 61 64 |"BlkioDeviceRead|
|00000430| 42 70 73 22 3a 6e 75 6c 6c 2c 22 42 6c 6b 69 6f |Bps":null,"Blkio|
|00000440| 44 65 76 69 63 65 57 72 69 74 65 42 70 73 22 3a |DeviceWriteBps":|
|00000450| 6e 75 6c 6c 2c 22 42 6c 6b 69 6f 44 65 76 69 63 |null,"BlkioDevic|
|00000460| 65 52 65 61 64 49 4f 70 73 22 3a 6e 75 6c 6c 2c |eReadIOps":null,|
|00000470| 22 42 6c 6b 69 6f 44 65 76 69 63 65 57 72 69 74 |"BlkioDeviceWrit|
|00000480| 65 49 4f 70 73 22 3a 6e 75 6c 6c 2c 22 43 70 75 |eIOps":null,"Cpu|
|00000490| 50 65 72 69 6f 64 22 3a 30 2c 22 43 70 75 51 75 |Period":0,"CpuQu|
|000004a0| 6f 74 61 22 3a 30 2c 22 43 70 75 52 65 61 6c 74 |ota":0,"CpuRealt|
|000004b0| 69 6d 65 50 65 72 69 6f 64 22 3a 30 2c 22 43 70 |imePeriod":0,"Cp|
|000004c0| 75 52 65 61 6c 74 69 6d 65 52 75 6e 74 69 6d 65 |uRealtimeRuntime|
|000004d0| 22 3a 30 2c 22 43 70 75 73 65 74 43 70 75 73 22 |":0,"CpusetCpus"|
|000004e0| 3a 22 22 2c 22 43 70 75 73 65 74 4d 65 6d 73 22 |:"","CpusetMems"|
|000004f0| 3a 22 22 2c 22 44 65 76 69 63 65 73 22 3a 6e 75 |:"","Devices":nu|
|00000500| 6c 6c 2c 22 44 65 76 69 63 65 43 67 72 6f 75 70 |ll,"DeviceCgroup|
|00000510| 52 75 6c 65 73 22 3a 6e 75 6c 6c 2c 22 44 69 73 |Rules":null,"Dis|
|00000520| 6b 51 75 6f 74 61 22 3a 30 2c 22 4b 65 72 6e 65 |kQuota":0,"Kerne|
|00000530| 6c 4d 65 6d 6f 72 79 22 3a 30 2c 22 4d 65 6d 6f |lMemory":0,"Memo|
|00000540| 72 79 52 65 73 65 72 76 61 74 69 6f 6e 22 3a 30 |ryReservation":0|
|00000550| 2c 22 4d 65 6d 6f 72 79 53 77 61 70 22 3a 30 2c |,"MemorySwap":0,|
|00000560| 22 4d 65 6d 6f 72 79 53 77 61 70 70 69 6e 65 73 |"MemorySwappines|
|00000570| 73 22 3a 6e 75 6c 6c 2c 22 4f 6f 6d 4b 69 6c 6c |s":null,"OomKill|
|00000580| 44 69 73 61 62 6c 65 22 3a 66 61 6c 73 65 2c 22 |Disable":false,"|
|00000590| 50 69 64 73 4c 69 6d 69 74 22 3a 30 2c 22 55 6c |PidsLimit":0,"Ul|
|000005a0| 69 6d 69 74 73 22 3a 6e 75 6c 6c 2c 22 43 70 75 |imits":null,"Cpu|
|000005b0| 43 6f 75 6e 74 22 3a 30 2c 22 43 70 75 50 65 72 |Count":0,"CpuPer|
|000005c0| 63 65 6e 74 22 3a 30 2c 22 49 4f 4d 61 78 69 6d |cent":0,"IOMaxim|
|000005d0| 75 6d 49 4f 70 73 22 3a 30 2c 22 49 4f 4d 61 78 |umIOps":0,"IOMax|
|000005e0| 69 6d 75 6d 42 61 6e 64 77 69 64 74 68 22 3a 30 |imumBandwidth":0|
|000005f0| 7d 2c 22 47 72 61 70 68 44 72 69 76 65 72 22 3a |},"GraphDriver":|
|00000600| 7b 22 44 61 74 61 22 3a 6e 75 6c 6c 2c 22 4e 61 |{"Data":null,"Na|
|00000610| 6d 65 22 3a 22 61 75 66 73 22 7d 2c 22 4d 6f 75 |me":"aufs"},"Mou|
|00000620| 6e 74 73 22 3a 5b 7b 22 54 79 70 65 22 3a 22 76 |nts":[{"Type":"v|
|00000630| 6f 6c 75 6d 65 22 2c 22 4e 61 6d 65 22 3a 22 65 |olume","Name":"e|
|00000640| 64 33 30 66 34 65 64 39 63 37 31 31 66 32 32 63 |d30f4ed9c711f22c|
|00000650| 62 63 66 30 31 39 66 31 33 36 39 62 61 36 63 33 |bcf019f1369ba6c3|
|00000660| 63 64 35 62 66 36 30 61 35 66 64 31 34 30 39 65 |cd5bf60a5fd1409e|
|00000670| 30 61 39 61 62 61 61 38 34 30 61 63 33 63 32 22 |0a9abaa840ac3c2"|
|00000680| 2c 22 53 6f 75 72 63 65 22 3a 22 2f 76 61 72 2f |,"Source":"/var/|
|00000690| 6c 69 62 2f 64 6f 63 6b 65 72 2f 76 6f 6c 75 6d |lib/docker/volum|
|000006a0| 65 73 2f 65 64 33 30 66 34 65 64 39 63 37 31 31 |es/ed30f4ed9c711|
|000006b0| 66 32 32 63 62 63 66 30 31 39 66 31 33 36 39 62 |f22cbcf019f1369b|
|000006c0| 61 36 63 33 63 64 35 62 66 36 30 61 35 66 64 31 |a6c3cd5bf60a5fd1|
|000006d0| 34 30 39 65 30 61 39 61 62 61 61 38 34 30 61 63 |409e0a9abaa840ac|
|000006e0| 33 63 32 2f 5f 64 61 74 61 22 2c 22 44 65 73 74 |3c2/_data","Dest|
|000006f0| 69 6e 61 74 69 6f 6e 22 3a 22 2f 76 61 72 2f 6c |ination":"/var/l|
|00000700| 69 62 2f 72 61 62 62 69 74 6d 71 22 2c 22 44 72 |ib/rabbitmq","Dr|
|00000710| 69 76 65 72 22 3a 22 6c 6f 63 61 6c 22 2c 22 4d |iver":"local","M|
|00000720| 6f 64 65 22 3a 22 22 2c 22 52 57 22 3a 74 72 75 |ode":"","RW":tru|
|00000730| 65 2c 22 50 72 6f 70 61 67 61 74 69 6f 6e 22 3a |e,"Propagation":|
|00000740| 22 22 7d 5d 2c 22 43 6f 6e 66 69 67 22 3a 7b 22 |""}],"Config":{"|
|00000750| 48 6f 73 74 6e 61 6d 65 22 3a 22 37 36 30 61 31 |Hostname":"760a1|
|00000760| 31 63 64 61 30 32 65 22 2c 22 44 6f 6d 61 69 6e |1cda02e","Domain|
|00000770| 6e 61 6d 65 22 3a 22 22 2c 22 55 73 65 72 22 3a |name":"","User":|
|00000780| 22 22 2c 22 41 74 74 61 63 68 53 74 64 69 6e 22 |"","AttachStdin"|
|00000790| 3a 66 61 6c 73 65 2c 22 41 74 74 61 63 68 53 74 |:false,"AttachSt|
|000007a0| 64 6f 75 74 22 3a 66 61 6c 73 65 2c 22 41 74 74 |dout":false,"Att|
|000007b0| 61 63 68 53 74 64 65 72 72 22 3a 66 61 6c 73 65 |achStderr":false|
|000007c0| 2c 22 45 78 70 6f 73 65 64 50 6f 72 74 73 22 3a |,"ExposedPorts":|
|000007d0| 7b 22 32 35 36 37 32 2f 74 63 70 22 3a 7b 7d 2c |{"25672/tcp":{},|
|000007e0| 22 34 33 36 39 2f 74 63 70 22 3a 7b 7d 2c 22 35 |"4369/tcp":{},"5|
|000007f0| 36 37 31 2f 74 63 70 22 3a 7b 7d 2c 22 35 36 37 |671/tcp":{},"567|
|00000800| 32 2f 74 63 70 22 3a 7b 7d 7d 2c 22 54 74 79 22 |2/tcp":{}},"Tty"|
|00000810| 3a 66 61 6c 73 65 2c 22 4f 70 65 6e 53 74 64 69 |:false,"OpenStdi|
|00000820| 6e 22 3a 66 61 6c 73 65 2c 22 53 74 64 69 6e 4f |n":false,"StdinO|
|00000830| 6e 63 65 22 3a 66 61 6c 73 65 2c 22 45 6e 76 22 |nce":false,"Env"|
|00000840| 3a 5b 22 52 41 42 42 49 54 4d 51 5f 55 53 45 52 |:["RABBITMQ_USER|
|00000850| 3d 67 75 65 73 74 22 2c 22 52 41 42 42 49 54 4d |=guest","RABBITM|
|00000860| 51 5f 50 41 53 53 57 4f 52 44 3d 67 75 65 73 74 |Q_PASSWORD=guest|
|00000870| 22 2c 22 6e 6f 5f 70 72 6f 78 79 3d 2a 2e 6c 6f |","no_proxy=*.lo|
|00000880| 63 61 6c 2c 20 31 36 39 2e 32 35 34 2f 31 36 22 |cal, 169.254/16"|
|00000890| 2c 22 50 41 54 48 3d 2f 75 73 72 2f 6c 69 62 2f |,"PATH=/usr/lib/|
|000008a0| 72 61 62 62 69 74 6d 71 2f 62 69 6e 3a 2f 75 73 |rabbitmq/bin:/us|
|000008b0| 72 2f 6c 6f 63 61 6c 2f 73 62 69 6e 3a 2f 75 73 |r/local/sbin:/us|
|000008c0| 72 2f 6c 6f 63 61 6c 2f 62 69 6e 3a 2f 75 73 72 |r/local/bin:/usr|
|000008d0| 2f 73 62 69 6e 3a 2f 75 73 72 2f 62 69 6e 3a 2f |/sbin:/usr/bin:/|
|000008e0| 73 62 69 6e 3a 2f 62 69 6e 22 2c 22 47 4f 53 55 |sbin:/bin","GOSU|
|000008f0| 5f 56 45 52 53 49 4f 4e 3d 31 2e 31 30 22 2c 22 |_VERSION=1.10","|
|00000900| 52 41 42 42 49 54 4d 51 5f 4c 4f 47 53 3d 2d 22 |RABBITMQ_LOGS=-"|
|00000910| 2c 22 52 41 42 42 49 54 4d 51 5f 53 41 53 4c 5f |,"RABBITMQ_SASL_|
|00000920| 4c 4f 47 53 3d 2d 22 2c 22 52 41 42 42 49 54 4d |LOGS=-","RABBITM|
|00000930| 51 5f 47 50 47 5f 4b 45 59 3d 30 41 39 41 46 32 |Q_GPG_KEY=0A9AF2|
|00000940| 31 31 35 46 34 36 38 37 42 44 32 39 38 30 33 41 |115F4687BD29803A|
|00000950| 32 30 36 42 37 33 41 33 36 45 36 30 32 36 44 46 |206B73A36E6026DF|
|00000960| 43 41 22 2c 22 52 41 42 42 49 54 4d 51 5f 56 45 |CA","RABBITMQ_VE|
|00000970| 52 53 49 4f 4e 3d 33 2e 36 2e 31 34 22 2c 22 52 |RSION=3.6.14","R|
|00000980| 41 42 42 49 54 4d 51 5f 47 49 54 48 55 42 5f 54 |ABBITMQ_GITHUB_T|
|00000990| 41 47 3d 72 61 62 62 69 74 6d 71 5f 76 33 5f 36 |AG=rabbitmq_v3_6|
|000009a0| 5f 31 34 22 2c 22 52 41 42 42 49 54 4d 51 5f 44 |_14","RABBITMQ_D|
|000009b0| 45 42 49 41 4e 5f 56 45 52 53 49 4f 4e 3d 33 2e |EBIAN_VERSION=3.|
|000009c0| 36 2e 31 34 2d 31 22 2c 22 48 4f 4d 45 3d 2f 76 |6.14-1","HOME=/v|
|000009d0| 61 72 2f 6c 69 62 2f 72 61 62 62 69 74 6d 71 22 |ar/lib/rabbitmq"|
|000009e0| 5d 2c 22 43 6d 64 22 3a 5b 22 72 61 62 62 69 74 |],"Cmd":["rabbit|
|000009f0| 6d 71 2d 73 65 72 76 65 72 22 5d 2c 22 41 72 67 |mq-server"],"Arg|
|00000a00| 73 45 73 63 61 70 65 64 22 3a 74 72 75 65 2c 22 |sEscaped":true,"|
|00000a10| 49 6d 61 67 65 22 3a 22 72 61 62 62 69 74 6d 71 |Image":"rabbitmq|
|00000a20| 3a 33 2e 36 2e 31 34 22 2c 22 56 6f 6c 75 6d 65 |:3.6.14","Volume|
|00000a30| 73 22 3a 7b 22 2f 76 61 72 2f 6c 69 62 2f 72 61 |s":{"/var/lib/ra|
|00000a40| 62 62 69 74 6d 71 22 3a 7b 7d 7d 2c 22 57 6f 72 |bbitmq":{}},"Wor|
|00000a50| 6b 69 6e 67 44 69 72 22 3a 22 22 2c 22 45 6e 74 |kingDir":"","Ent|
|00000a60| 72 79 70 6f 69 6e 74 22 3a 5b 22 64 6f 63 6b 65 |rypoint":["docke|
|00000a70| 72 2d 65 6e 74 72 79 70 6f 69 6e 74 2e 73 68 22 |r-entrypoint.sh"|
|00000a80| 5d 2c 22 4f 6e 42 75 69 6c 64 22 3a 6e 75 6c 6c |],"OnBuild":null|
|00000a90| 2c 22 4c 61 62 65 6c 73 22 3a 7b 22 6f 72 67 2e |,"Labels":{"org.|
|00000aa0| 74 65 73 74 63 6f 6e 74 61 69 6e 65 72 73 22 3a |testcontainers":|
|00000ab0| 22 74 72 75 65 22 7d 7d 2c 22 4e 65 74 77 6f 72 |"true"}},"Networ|
|00000ac0| 6b 53 65 74 74 69 6e 67 73 22 3a 7b 22 42 72 69 |kSettings":{"Bri|
|00000ad0| 64 67 65 22 3a 22 22 2c 22 53 61 6e 64 62 6f 78 |dge":"","Sandbox|
|00000ae0| 49 44 22 3a 22 38 66 38 35 65 33 63 65 66 39 62 |ID":"8f85e3cef9b|
|00000af0| 32 66 39 39 31 63 39 36 30 30 35 61 32 38 64 36 |2f991c96005a28d6|
|00000b00| 65 63 35 32 64 63 34 35 33 33 33 64 63 65 37 38 |ec52dc45333dce78|
|00000b10| 38 37 36 64 30 39 37 65 63 31 32 38 66 39 39 36 |876d097ec128f996|
|00000b20| 37 33 38 36 64 22 2c 22 48 61 69 72 70 69 6e 4d |7386d","HairpinM|
|00000b30| 6f 64 65 22 3a 66 61 6c 73 65 2c 22 4c 69 6e 6b |ode":false,"Link|
|00000b40| 4c 6f 63 61 6c 49 50 76 36 41 64 64 72 65 73 73 |LocalIPv6Address|
|00000b50| 22 3a 22 22 2c 22 4c 69 6e 6b 4c 6f 63 61 6c 49 |":"","LinkLocalI|
|00000b60| 50 76 36 50 72 65 66 69 78 4c 65 6e 22 3a 30 2c |Pv6PrefixLen":0,|
|00000b70| 22 50 6f 72 74 73 22 3a 7b 22 32 35 36 37 32 2f |"Ports":{"25672/|
|00000b80| 74 63 70 22 3a 5b 7b 22 48 6f 73 74 49 70 22 3a |tcp":[{"HostIp":|
|00000b90| 22 30 2e 30 2e 30 2e 30 22 2c 22 48 6f 73 74 50 |"0.0.0.0","HostP|
|00000ba0| 6f 72 74 22 3a 22 33 32 39 36 36 22 7d 5d 2c 22 |ort":"32966"}],"|
|00000bb0| 34 33 36 39 2f 74 63 70 22 3a 5b 7b 22 48 6f 73 |4369/tcp":[{"Hos|
|00000bc0| 74 49 70 22 3a 22 30 2e 30 2e 30 2e 30 22 2c 22 |tIp":"0.0.0.0","|
|00000bd0| 48 6f 73 74 50 6f 72 74 22 3a 22 33 32 39 36 39 |HostPort":"32969|
|00000be0| 22 7d 5d 2c 22 35 36 37 31 2f 74 63 70 22 3a 5b |"}],"5671/tcp":[|
|00000bf0| 7b 22 48 6f 73 74 49 70 22 3a 22 30 2e 30 2e 30 |{"HostIp":"0.0.0|
|00000c00| 2e 30 22 2c 22 48 6f 73 74 50 6f 72 74 22 3a 22 |.0","HostPort":"|
|00000c10| 33 32 39 36 38 22 7d 5d 2c 22 35 36 37 32 2f 74 |32968"}],"5672/t|
|00000c20| 63 70 22 3a 5b 7b 22 48 6f 73 74 49 70 22 3a 22 |cp":[{"HostIp":"|
|00000c30| 30 2e 30 2e 30 2e 30 22 2c 22 48 6f 73 74 50 6f |0.0.0.0","HostPo|
|00000c40| 72 74 22 3a 22 33 32 39 36 37 22 7d 5d 7d 2c 22 |rt":"32967"}]},"|
|00000c50| 53 61 6e 64 62 6f 78 4b 65 79 22 3a 22 2f 76 61 |SandboxKey":"/va|
|00000c60| 72 2f 72 75 6e 2f 64 6f 63 6b 65 72 2f 6e 65 74 |r/run/docker/net|
|00000c70| 6e 73 2f 38 66 38 35 65 33 63 65 66 39 62 32 22 |ns/8f85e3cef9b2"|
|00000c80| 2c 22 53 65 63 6f 6e 64 61 72 79 49 50 41 64 64 |,"SecondaryIPAdd|
|00000c90| 72 65 73 73 65 73 22 3a 6e 75 6c 6c 2c 22 53 65 |resses":null,"Se|
|00000ca0| 63 6f 6e 64 61 72 79 49 50 76 36 41 64 64 72 65 |condaryIPv6Addre|
|00000cb0| 73 73 65 73 22 3a 6e 75 6c 6c 2c 22 45 6e 64 70 |sses":null,"Endp|
|00000cc0| 6f 69 6e 74 49 44 22 3a 22 61 38 30 65 33 33 34 |ointID":"a80e334|
|00000cd0| 39 64 38 64 61 66 31 37 64 35 32 30 31 33 64 64 |9d8daf17d52013dd|
|00000ce0| 37 64 30 63 62 66 32 31 34 31 64 30 35 30 32 64 |7d0cbf2141d0502d|
|00000cf0| 33 34 37 61 31 30 61 39 64 36 65 33 32 31 66 39 |347a10a9d6e321f9|
|00000d00| 64 38 62 32 37 61 32 65 34 22 2c 22 47 61 74 65 |d8b27a2e4","Gate|
|00000d10| 77 61 79 22 3a 22 31 37 32 2e 31 37 2e 30 2e 31 |way":"172.17.0.1|
|00000d20| 22 2c 22 47 6c 6f 62 61 6c 49 50 76 36 41 64 64 |","GlobalIPv6Add|
|00000d30| 72 65 73 73 22 3a 22 22 2c 22 47 6c 6f 62 61 6c |ress":"","Global|
|00000d40| 49 50 76 36 50 72 65 66 69 78 4c 65 6e 22 3a 30 |IPv6PrefixLen":0|
|00000d50| 2c 22 49 50 41 64 64 72 65 73 73 22 3a 22 31 37 |,"IPAddress":"17|
|00000d60| 32 2e 31 37 2e 30 2e 33 22 2c 22 49 50 50 72 65 |2.17.0.3","IPPre|
|00000d70| 66 69 78 4c 65 6e 22 3a 31 36 2c 22 49 50 76 36 |fixLen":16,"IPv6|
|00000d80| 47 61 74 65 77 61 79 22 3a 22 22 2c 22 4d 61 63 |Gateway":"","Mac|
|00000d90| 41 64 64 72 65 73 73 22 3a 22 30 32 3a 34 32 3a |Address":"02:42:|
|00000da0| 61 63 3a 31 31 3a 30 30 3a 30 33 22 2c 22 4e 65 |ac:11:00:03","Ne|
|00000db0| 74 77 6f 72 6b 73 22 3a 7b 22 62 72 69 64 67 65 |tworks":{"bridge|
|00000dc0| 22 3a 7b 22 49 50 41 4d 43 6f 6e 66 69 67 22 3a |":{"IPAMConfig":|
|00000dd0| 6e 75 6c 6c 2c 22 4c 69 6e 6b 73 22 3a 6e 75 6c |null,"Links":nul|
|00000de0| 6c 2c 22 41 6c 69 61 73 65 73 22 3a 6e 75 6c 6c |l,"Aliases":null|
|00000df0| 2c 22 4e 65 74 77 6f 72 6b 49 44 22 3a 22 39 66 |,"NetworkID":"9f|
|00000e00| 65 38 62 39 32 64 61 66 63 30 35 34 34 36 33 33 |e8b92dafc0544633|
|00000e10| 37 39 64 39 34 35 38 61 64 65 37 37 64 35 31 61 |79d9458ade77d51a|
|00000e20| 34 61 62 39 30 61 64 31 33 65 35 34 61 65 32 31 |4ab90ad13e54ae21|
|00000e30| 61 31 38 64 36 35 66 66 32 63 30 37 63 61 22 2c |a18d65ff2c07ca",|
|00000e40| 22 45 6e 64 70 6f 69 6e 74 49 44 22 3a 22 61 38 |"EndpointID":"a8|
|00000e50| 30 65 33 33 34 39 64 38 64 61 66 31 37 64 35 32 |0e3349d8daf17d52|
|00000e60| 30 31 33 64 64 37 64 30 63 62 66 32 31 34 31 64 |013dd7d0cbf2141d|
|00000e70| 30 35 30 32 64 33 34 37 61 31 30 61 39 64 36 65 |0502d347a10a9d6e|
|00000e80| 33 32 31 66 39 64 38 62 32 37 61 32 65 34 22 2c |321f9d8b27a2e4",|
|00000e90| 22 47 61 74 65 77 61 79 22 3a 22 31 37 32 2e 31 |"Gateway":"172.1|
|00000ea0| 37 2e 30 2e 31 22 2c 22 49 50 41 64 64 72 65 73 |7.0.1","IPAddres|
|00000eb0| 73 22 3a 22 31 37 32 2e 31 37 2e 30 2e 33 22 2c |s":"172.17.0.3",|
|00000ec0| 22 49 50 50 72 65 66 69 78 4c 65 6e 22 3a 31 36 |"IPPrefixLen":16|
|00000ed0| 2c 22 49 50 76 36 47 61 74 65 77 61 79 22 3a 22 |,"IPv6Gateway":"|
|00000ee0| 22 2c 22 47 6c 6f 62 61 6c 49 50 76 36 41 64 64 |","GlobalIPv6Add|
|00000ef0| 72 65 73 73 22 3a 22 22 2c 22 47 6c 6f 62 61 6c |ress":"","Global|
|00000f00| 49 50 76 36 50 72 65 66 69 78 4c 65 6e 22 3a 30 |IPv6PrefixLen":0|
|00000f10| 2c 22 4d 61 63 41 64 64 72 65 73 73 22 3a 22 30 |,"MacAddress":"0|
|00000f20| 32 3a 34 32 3a 61 63 3a 31 31 3a 30 30 3a 30 33 |2:42:ac:11:00:03|
|00000f30| 22 2c 22 44 72 69 76 65 72 4f 70 74 73 22 3a 6e |","DriverOpts":n|
|00000f40| 75 6c 6c 7d 7d 7d 7d 0a 0d 0a 30 0d 0a 0d 0a    |ull}}}}...0.... |
+--------+-------------------------------------------------+----------------+
2017-11-27 22:09:10.245 DEBUG   --- [rjava-netty-1-1] c.g.d.netty.NettyDockerCmdExecFactory$1  : [id: 0x7e0fcb5d, L:null - R:/var/run/docker.sock] READ: DefaultHttpContent(data: PooledSlicedByteBuf(ridx: 0, widx: 3912, cap: 3912/3912, unwrapped: PooledUnsafeDirectByteBuf(ridx: 3914, widx: 3919, cap: 16384)), decoderResult: success), 3912B
         +-------------------------------------------------+
         |  0  1  2  3  4  5  6  7  8  9  a  b  c  d  e  f |
+--------+-------------------------------------------------+----------------+
|00000000| 35 33 66 31 62 66 63 34 30 65 32 33 65 31 36 61 |53f1bfc40e23e16a|
|00000010| 64 61 35 63 63 2f 68 6f 73 74 73 22 2c 22 4c 6f |da5cc/hosts","Lo|
|00000020| 67 50 61 74 68 22 3a 22 2f 76 61 72 2f 6c 69 62 |gPath":"/var/lib|
|00000030| 2f 64 6f 63 6b 65 72 2f 63 6f 6e 74 61 69 6e 65 |/docker/containe|
|00000040| 72 73 2f 37 36 30 61 31 31 63 64 61 30 32 65 39 |rs/760a11cda02e9|
|00000050| 31 30 66 30 30 37 31 31 62 35 61 31 33 62 64 61 |10f00711b5a13bda|
|00000060| 39 62 31 61 39 31 38 65 31 38 65 62 34 31 35 33 |9b1a918e18eb4153|
|00000070| 66 31 62 66 63 34 30 65 32 33 65 31 36 61 64 61 |f1bfc40e23e16ada|
|00000080| 35 63 63 2f 37 36 30 61 31 31 63 64 61 30 32 65 |5cc/760a11cda02e|
|00000090| 39 31 30 66 30 30 37 31 31 62 35 61 31 33 62 64 |910f00711b5a13bd|
|000000a0| 61 39 62 31 61 39 31 38 65 31 38 65 62 34 31 35 |a9b1a918e18eb415|
|000000b0| 33 66 31 62 66 63 34 30 65 32 33 65 31 36 61 64 |3f1bfc40e23e16ad|
|000000c0| 61 35 63 63 2d 6a 73 6f 6e 2e 6c 6f 67 22 2c 22 |a5cc-json.log","|
|000000d0| 4e 61 6d 65 22 3a 22 2f 64 69 73 74 72 61 63 74 |Name":"/distract|
|000000e0| 65 64 5f 62 65 6e 7a 22 2c 22 52 65 73 74 61 72 |ed_benz","Restar|
|000000f0| 74 43 6f 75 6e 74 22 3a 30 2c 22 44 72 69 76 65 |tCount":0,"Drive|
|00000100| 72 22 3a 22 61 75 66 73 22 2c 22 50 6c 61 74 66 |r":"aufs","Platf|
|00000110| 6f 72 6d 22 3a 22 6c 69 6e 75 78 22 2c 22 4d 6f |orm":"linux","Mo|
|00000120| 75 6e 74 4c 61 62 65 6c 22 3a 22 22 2c 22 50 72 |untLabel":"","Pr|
|00000130| 6f 63 65 73 73 4c 61 62 65 6c 22 3a 22 22 2c 22 |ocessLabel":"","|
|00000140| 41 70 70 41 72 6d 6f 72 50 72 6f 66 69 6c 65 22 |AppArmorProfile"|
|00000150| 3a 22 22 2c 22 45 78 65 63 49 44 73 22 3a 6e 75 |:"","ExecIDs":nu|
|00000160| 6c 6c 2c 22 48 6f 73 74 43 6f 6e 66 69 67 22 3a |ll,"HostConfig":|
|00000170| 7b 22 42 69 6e 64 73 22 3a 5b 5d 2c 22 43 6f 6e |{"Binds":[],"Con|
|00000180| 74 61 69 6e 65 72 49 44 46 69 6c 65 22 3a 22 22 |tainerIDFile":""|
|00000190| 2c 22 4c 6f 67 43 6f 6e 66 69 67 22 3a 7b 22 54 |,"LogConfig":{"T|
|000001a0| 79 70 65 22 3a 22 6a 73 6f 6e 2d 66 69 6c 65 22 |ype":"json-file"|
|000001b0| 2c 22 43 6f 6e 66 69 67 22 3a 7b 7d 7d 2c 22 4e |,"Config":{}},"N|
|000001c0| 65 74 77 6f 72 6b 4d 6f 64 65 22 3a 22 64 65 66 |etworkMode":"def|
|000001d0| 61 75 6c 74 22 2c 22 50 6f 72 74 42 69 6e 64 69 |ault","PortBindi|
|000001e0| 6e 67 73 22 3a 7b 7d 2c 22 52 65 73 74 61 72 74 |ngs":{},"Restart|
|000001f0| 50 6f 6c 69 63 79 22 3a 7b 22 4e 61 6d 65 22 3a |Policy":{"Name":|
|00000200| 22 22 2c 22 4d 61 78 69 6d 75 6d 52 65 74 72 79 |"","MaximumRetry|
|00000210| 43 6f 75 6e 74 22 3a 30 7d 2c 22 41 75 74 6f 52 |Count":0},"AutoR|
|00000220| 65 6d 6f 76 65 22 3a 66 61 6c 73 65 2c 22 56 6f |emove":false,"Vo|
|00000230| 6c 75 6d 65 44 72 69 76 65 72 22 3a 22 22 2c 22 |lumeDriver":"","|
|00000240| 56 6f 6c 75 6d 65 73 46 72 6f 6d 22 3a 5b 5d 2c |VolumesFrom":[],|
|00000250| 22 43 61 70 41 64 64 22 3a 6e 75 6c 6c 2c 22 43 |"CapAdd":null,"C|
|00000260| 61 70 44 72 6f 70 22 3a 6e 75 6c 6c 2c 22 44 6e |apDrop":null,"Dn|
|00000270| 73 22 3a 6e 75 6c 6c 2c 22 44 6e 73 4f 70 74 69 |s":null,"DnsOpti|
|00000280| 6f 6e 73 22 3a 6e 75 6c 6c 2c 22 44 6e 73 53 65 |ons":null,"DnsSe|
|00000290| 61 72 63 68 22 3a 6e 75 6c 6c 2c 22 45 78 74 72 |arch":null,"Extr|
|000002a0| 61 48 6f 73 74 73 22 3a 5b 5d 2c 22 47 72 6f 75 |aHosts":[],"Grou|
|000002b0| 70 41 64 64 22 3a 6e 75 6c 6c 2c 22 49 70 63 4d |pAdd":null,"IpcM|
|000002c0| 6f 64 65 22 3a 22 73 68 61 72 65 61 62 6c 65 22 |ode":"shareable"|
|000002d0| 2c 22 43 67 72 6f 75 70 22 3a 22 22 2c 22 4c 69 |,"Cgroup":"","Li|
|000002e0| 6e 6b 73 22 3a 6e 75 6c 6c 2c 22 4f 6f 6d 53 63 |nks":null,"OomSc|
|000002f0| 6f 72 65 41 64 6a 22 3a 30 2c 22 50 69 64 4d 6f |oreAdj":0,"PidMo|
|00000300| 64 65 22 3a 22 22 2c 22 50 72 69 76 69 6c 65 67 |de":"","Privileg|
|00000310| 65 64 22 3a 66 61 6c 73 65 2c 22 50 75 62 6c 69 |ed":false,"Publi|
|00000320| 73 68 41 6c 6c 50 6f 72 74 73 22 3a 74 72 75 65 |shAllPorts":true|
|00000330| 2c 22 52 65 61 64 6f 6e 6c 79 52 6f 6f 74 66 73 |,"ReadonlyRootfs|
|00000340| 22 3a 66 61 6c 73 65 2c 22 53 65 63 75 72 69 74 |":false,"Securit|
|00000350| 79 4f 70 74 22 3a 6e 75 6c 6c 2c 22 55 54 53 4d |yOpt":null,"UTSM|
|00000360| 6f 64 65 22 3a 22 22 2c 22 55 73 65 72 6e 73 4d |ode":"","UsernsM|
|00000370| 6f 64 65 22 3a 22 22 2c 22 53 68 6d 53 69 7a 65 |ode":"","ShmSize|
|00000380| 22 3a 36 37 31 30 38 38 36 34 2c 22 52 75 6e 74 |":67108864,"Runt|
|00000390| 69 6d 65 22 3a 22 72 75 6e 63 22 2c 22 43 6f 6e |ime":"runc","Con|
|000003a0| 73 6f 6c 65 53 69 7a 65 22 3a 5b 30 2c 30 5d 2c |soleSize":[0,0],|
|000003b0| 22 49 73 6f 6c 61 74 69 6f 6e 22 3a 22 22 2c 22 |"Isolation":"","|
|000003c0| 43 70 75 53 68 61 72 65 73 22 3a 30 2c 22 4d 65 |CpuShares":0,"Me|
|000003d0| 6d 6f 72 79 22 3a 30 2c 22 4e 61 6e 6f 43 70 75 |mory":0,"NanoCpu|
|000003e0| 73 22 3a 30 2c 22 43 67 72 6f 75 70 50 61 72 65 |s":0,"CgroupPare|
|000003f0| 6e 74 22 3a 22 22 2c 22 42 6c 6b 69 6f 57 65 69 |nt":"","BlkioWei|
|00000400| 67 68 74 22 3a 30 2c 22 42 6c 6b 69 6f 57 65 69 |ght":0,"BlkioWei|
|00000410| 67 68 74 44 65 76 69 63 65 22 3a 6e 75 6c 6c 2c |ghtDevice":null,|
|00000420| 22 42 6c 6b 69 6f 44 65 76 69 63 65 52 65 61 64 |"BlkioDeviceRead|
|00000430| 42 70 73 22 3a 6e 75 6c 6c 2c 22 42 6c 6b 69 6f |Bps":null,"Blkio|
|00000440| 44 65 76 69 63 65 57 72 69 74 65 42 70 73 22 3a |DeviceWriteBps":|
|00000450| 6e 75 6c 6c 2c 22 42 6c 6b 69 6f 44 65 76 69 63 |null,"BlkioDevic|
|00000460| 65 52 65 61 64 49 4f 70 73 22 3a 6e 75 6c 6c 2c |eReadIOps":null,|
|00000470| 22 42 6c 6b 69 6f 44 65 76 69 63 65 57 72 69 74 |"BlkioDeviceWrit|
|00000480| 65 49 4f 70 73 22 3a 6e 75 6c 6c 2c 22 43 70 75 |eIOps":null,"Cpu|
|00000490| 50 65 72 69 6f 64 22 3a 30 2c 22 43 70 75 51 75 |Period":0,"CpuQu|
|000004a0| 6f 74 61 22 3a 30 2c 22 43 70 75 52 65 61 6c 74 |ota":0,"CpuRealt|
|000004b0| 69 6d 65 50 65 72 69 6f 64 22 3a 30 2c 22 43 70 |imePeriod":0,"Cp|
|000004c0| 75 52 65 61 6c 74 69 6d 65 52 75 6e 74 69 6d 65 |uRealtimeRuntime|
|000004d0| 22 3a 30 2c 22 43 70 75 73 65 74 43 70 75 73 22 |":0,"CpusetCpus"|
|000004e0| 3a 22 22 2c 22 43 70 75 73 65 74 4d 65 6d 73 22 |:"","CpusetMems"|
|000004f0| 3a 22 22 2c 22 44 65 76 69 63 65 73 22 3a 6e 75 |:"","Devices":nu|
|00000500| 6c 6c 2c 22 44 65 76 69 63 65 43 67 72 6f 75 70 |ll,"DeviceCgroup|
|00000510| 52 75 6c 65 73 22 3a 6e 75 6c 6c 2c 22 44 69 73 |Rules":null,"Dis|
|00000520| 6b 51 75 6f 74 61 22 3a 30 2c 22 4b 65 72 6e 65 |kQuota":0,"Kerne|
|00000530| 6c 4d 65 6d 6f 72 79 22 3a 30 2c 22 4d 65 6d 6f |lMemory":0,"Memo|
|00000540| 72 79 52 65 73 65 72 76 61 74 69 6f 6e 22 3a 30 |ryReservation":0|
|00000550| 2c 22 4d 65 6d 6f 72 79 53 77 61 70 22 3a 30 2c |,"MemorySwap":0,|
|00000560| 22 4d 65 6d 6f 72 79 53 77 61 70 70 69 6e 65 73 |"MemorySwappines|
|00000570| 73 22 3a 6e 75 6c 6c 2c 22 4f 6f 6d 4b 69 6c 6c |s":null,"OomKill|
|00000580| 44 69 73 61 62 6c 65 22 3a 66 61 6c 73 65 2c 22 |Disable":false,"|
|00000590| 50 69 64 73 4c 69 6d 69 74 22 3a 30 2c 22 55 6c |PidsLimit":0,"Ul|
|000005a0| 69 6d 69 74 73 22 3a 6e 75 6c 6c 2c 22 43 70 75 |imits":null,"Cpu|
|000005b0| 43 6f 75 6e 74 22 3a 30 2c 22 43 70 75 50 65 72 |Count":0,"CpuPer|
|000005c0| 63 65 6e 74 22 3a 30 2c 22 49 4f 4d 61 78 69 6d |cent":0,"IOMaxim|
|000005d0| 75 6d 49 4f 70 73 22 3a 30 2c 22 49 4f 4d 61 78 |umIOps":0,"IOMax|
|000005e0| 69 6d 75 6d 42 61 6e 64 77 69 64 74 68 22 3a 30 |imumBandwidth":0|
|000005f0| 7d 2c 22 47 72 61 70 68 44 72 69 76 65 72 22 3a |},"GraphDriver":|
|00000600| 7b 22 44 61 74 61 22 3a 6e 75 6c 6c 2c 22 4e 61 |{"Data":null,"Na|
|00000610| 6d 65 22 3a 22 61 75 66 73 22 7d 2c 22 4d 6f 75 |me":"aufs"},"Mou|
|00000620| 6e 74 73 22 3a 5b 7b 22 54 79 70 65 22 3a 22 76 |nts":[{"Type":"v|
|00000630| 6f 6c 75 6d 65 22 2c 22 4e 61 6d 65 22 3a 22 65 |olume","Name":"e|
|00000640| 64 33 30 66 34 65 64 39 63 37 31 31 66 32 32 63 |d30f4ed9c711f22c|
|00000650| 62 63 66 30 31 39 66 31 33 36 39 62 61 36 63 33 |bcf019f1369ba6c3|
|00000660| 63 64 35 62 66 36 30 61 35 66 64 31 34 30 39 65 |cd5bf60a5fd1409e|
|00000670| 30 61 39 61 62 61 61 38 34 30 61 63 33 63 32 22 |0a9abaa840ac3c2"|
|00000680| 2c 22 53 6f 75 72 63 65 22 3a 22 2f 76 61 72 2f |,"Source":"/var/|
|00000690| 6c 69 62 2f 64 6f 63 6b 65 72 2f 76 6f 6c 75 6d |lib/docker/volum|
|000006a0| 65 73 2f 65 64 33 30 66 34 65 64 39 63 37 31 31 |es/ed30f4ed9c711|
|000006b0| 66 32 32 63 62 63 66 30 31 39 66 31 33 36 39 62 |f22cbcf019f1369b|
|000006c0| 61 36 63 33 63 64 35 62 66 36 30 61 35 66 64 31 |a6c3cd5bf60a5fd1|
|000006d0| 34 30 39 65 30 61 39 61 62 61 61 38 34 30 61 63 |409e0a9abaa840ac|
|000006e0| 33 63 32 2f 5f 64 61 74 61 22 2c 22 44 65 73 74 |3c2/_data","Dest|
|000006f0| 69 6e 61 74 69 6f 6e 22 3a 22 2f 76 61 72 2f 6c |ination":"/var/l|
|00000700| 69 62 2f 72 61 62 62 69 74 6d 71 22 2c 22 44 72 |ib/rabbitmq","Dr|
|00000710| 69 76 65 72 22 3a 22 6c 6f 63 61 6c 22 2c 22 4d |iver":"local","M|
|00000720| 6f 64 65 22 3a 22 22 2c 22 52 57 22 3a 74 72 75 |ode":"","RW":tru|
|00000730| 65 2c 22 50 72 6f 70 61 67 61 74 69 6f 6e 22 3a |e,"Propagation":|
|00000740| 22 22 7d 5d 2c 22 43 6f 6e 66 69 67 22 3a 7b 22 |""}],"Config":{"|
|00000750| 48 6f 73 74 6e 61 6d 65 22 3a 22 37 36 30 61 31 |Hostname":"760a1|
|00000760| 31 63 64 61 30 32 65 22 2c 22 44 6f 6d 61 69 6e |1cda02e","Domain|
|00000770| 6e 61 6d 65 22 3a 22 22 2c 22 55 73 65 72 22 3a |name":"","User":|
|00000780| 22 22 2c 22 41 74 74 61 63 68 53 74 64 69 6e 22 |"","AttachStdin"|
|00000790| 3a 66 61 6c 73 65 2c 22 41 74 74 61 63 68 53 74 |:false,"AttachSt|
|000007a0| 64 6f 75 74 22 3a 66 61 6c 73 65 2c 22 41 74 74 |dout":false,"Att|
|000007b0| 61 63 68 53 74 64 65 72 72 22 3a 66 61 6c 73 65 |achStderr":false|
|000007c0| 2c 22 45 78 70 6f 73 65 64 50 6f 72 74 73 22 3a |,"ExposedPorts":|
|000007d0| 7b 22 32 35 36 37 32 2f 74 63 70 22 3a 7b 7d 2c |{"25672/tcp":{},|
|000007e0| 22 34 33 36 39 2f 74 63 70 22 3a 7b 7d 2c 22 35 |"4369/tcp":{},"5|
|000007f0| 36 37 31 2f 74 63 70 22 3a 7b 7d 2c 22 35 36 37 |671/tcp":{},"567|
|00000800| 32 2f 74 63 70 22 3a 7b 7d 7d 2c 22 54 74 79 22 |2/tcp":{}},"Tty"|
|00000810| 3a 66 61 6c 73 65 2c 22 4f 70 65 6e 53 74 64 69 |:false,"OpenStdi|
|00000820| 6e 22 3a 66 61 6c 73 65 2c 22 53 74 64 69 6e 4f |n":false,"StdinO|
|00000830| 6e 63 65 22 3a 66 61 6c 73 65 2c 22 45 6e 76 22 |nce":false,"Env"|
|00000840| 3a 5b 22 52 41 42 42 49 54 4d 51 5f 55 53 45 52 |:["RABBITMQ_USER|
|00000850| 3d 67 75 65 73 74 22 2c 22 52 41 42 42 49 54 4d |=guest","RABBITM|
|00000860| 51 5f 50 41 53 53 57 4f 52 44 3d 67 75 65 73 74 |Q_PASSWORD=guest|
|00000870| 22 2c 22 6e 6f 5f 70 72 6f 78 79 3d 2a 2e 6c 6f |","no_proxy=*.lo|
|00000880| 63 61 6c 2c 20 31 36 39 2e 32 35 34 2f 31 36 22 |cal, 169.254/16"|
|00000890| 2c 22 50 41 54 48 3d 2f 75 73 72 2f 6c 69 62 2f |,"PATH=/usr/lib/|
|000008a0| 72 61 62 62 69 74 6d 71 2f 62 69 6e 3a 2f 75 73 |rabbitmq/bin:/us|
|000008b0| 72 2f 6c 6f 63 61 6c 2f 73 62 69 6e 3a 2f 75 73 |r/local/sbin:/us|
|000008c0| 72 2f 6c 6f 63 61 6c 2f 62 69 6e 3a 2f 75 73 72 |r/local/bin:/usr|
|000008d0| 2f 73 62 69 6e 3a 2f 75 73 72 2f 62 69 6e 3a 2f |/sbin:/usr/bin:/|
|000008e0| 73 62 69 6e 3a 2f 62 69 6e 22 2c 22 47 4f 53 55 |sbin:/bin","GOSU|
|000008f0| 5f 56 45 52 53 49 4f 4e 3d 31 2e 31 30 22 2c 22 |_VERSION=1.10","|
|00000900| 52 41 42 42 49 54 4d 51 5f 4c 4f 47 53 3d 2d 22 |RABBITMQ_LOGS=-"|
|00000910| 2c 22 52 41 42 42 49 54 4d 51 5f 53 41 53 4c 5f |,"RABBITMQ_SASL_|
|00000920| 4c 4f 47 53 3d 2d 22 2c 22 52 41 42 42 49 54 4d |LOGS=-","RABBITM|
|00000930| 51 5f 47 50 47 5f 4b 45 59 3d 30 41 39 41 46 32 |Q_GPG_KEY=0A9AF2|
|00000940| 31 31 35 46 34 36 38 37 42 44 32 39 38 30 33 41 |115F4687BD29803A|
|00000950| 32 30 36 42 37 33 41 33 36 45 36 30 32 36 44 46 |206B73A36E6026DF|
|00000960| 43 41 22 2c 22 52 41 42 42 49 54 4d 51 5f 56 45 |CA","RABBITMQ_VE|
|00000970| 52 53 49 4f 4e 3d 33 2e 36 2e 31 34 22 2c 22 52 |RSION=3.6.14","R|
|00000980| 41 42 42 49 54 4d 51 5f 47 49 54 48 55 42 5f 54 |ABBITMQ_GITHUB_T|
|00000990| 41 47 3d 72 61 62 62 69 74 6d 71 5f 76 33 5f 36 |AG=rabbitmq_v3_6|
|000009a0| 5f 31 34 22 2c 22 52 41 42 42 49 54 4d 51 5f 44 |_14","RABBITMQ_D|
|000009b0| 45 42 49 41 4e 5f 56 45 52 53 49 4f 4e 3d 33 2e |EBIAN_VERSION=3.|
|000009c0| 36 2e 31 34 2d 31 22 2c 22 48 4f 4d 45 3d 2f 76 |6.14-1","HOME=/v|
|000009d0| 61 72 2f 6c 69 62 2f 72 61 62 62 69 74 6d 71 22 |ar/lib/rabbitmq"|
|000009e0| 5d 2c 22 43 6d 64 22 3a 5b 22 72 61 62 62 69 74 |],"Cmd":["rabbit|
|000009f0| 6d 71 2d 73 65 72 76 65 72 22 5d 2c 22 41 72 67 |mq-server"],"Arg|
|00000a00| 73 45 73 63 61 70 65 64 22 3a 74 72 75 65 2c 22 |sEscaped":true,"|
|00000a10| 49 6d 61 67 65 22 3a 22 72 61 62 62 69 74 6d 71 |Image":"rabbitmq|
|00000a20| 3a 33 2e 36 2e 31 34 22 2c 22 56 6f 6c 75 6d 65 |:3.6.14","Volume|
|00000a30| 73 22 3a 7b 22 2f 76 61 72 2f 6c 69 62 2f 72 61 |s":{"/var/lib/ra|
|00000a40| 62 62 69 74 6d 71 22 3a 7b 7d 7d 2c 22 57 6f 72 |bbitmq":{}},"Wor|
|00000a50| 6b 69 6e 67 44 69 72 22 3a 22 22 2c 22 45 6e 74 |kingDir":"","Ent|
|00000a60| 72 79 70 6f 69 6e 74 22 3a 5b 22 64 6f 63 6b 65 |rypoint":["docke|
|00000a70| 72 2d 65 6e 74 72 79 70 6f 69 6e 74 2e 73 68 22 |r-entrypoint.sh"|
|00000a80| 5d 2c 22 4f 6e 42 75 69 6c 64 22 3a 6e 75 6c 6c |],"OnBuild":null|
|00000a90| 2c 22 4c 61 62 65 6c 73 22 3a 7b 22 6f 72 67 2e |,"Labels":{"org.|
|00000aa0| 74 65 73 74 63 6f 6e 74 61 69 6e 65 72 73 22 3a |testcontainers":|
|00000ab0| 22 74 72 75 65 22 7d 7d 2c 22 4e 65 74 77 6f 72 |"true"}},"Networ|
|00000ac0| 6b 53 65 74 74 69 6e 67 73 22 3a 7b 22 42 72 69 |kSettings":{"Bri|
|00000ad0| 64 67 65 22 3a 22 22 2c 22 53 61 6e 64 62 6f 78 |dge":"","Sandbox|
|00000ae0| 49 44 22 3a 22 38 66 38 35 65 33 63 65 66 39 62 |ID":"8f85e3cef9b|
|00000af0| 32 66 39 39 31 63 39 36 30 30 35 61 32 38 64 36 |2f991c96005a28d6|
|00000b00| 65 63 35 32 64 63 34 35 33 33 33 64 63 65 37 38 |ec52dc45333dce78|
|00000b10| 38 37 36 64 30 39 37 65 63 31 32 38 66 39 39 36 |876d097ec128f996|
|00000b20| 37 33 38 36 64 22 2c 22 48 61 69 72 70 69 6e 4d |7386d","HairpinM|
|00000b30| 6f 64 65 22 3a 66 61 6c 73 65 2c 22 4c 69 6e 6b |ode":false,"Link|
|00000b40| 4c 6f 63 61 6c 49 50 76 36 41 64 64 72 65 73 73 |LocalIPv6Address|
|00000b50| 22 3a 22 22 2c 22 4c 69 6e 6b 4c 6f 63 61 6c 49 |":"","LinkLocalI|
|00000b60| 50 76 36 50 72 65 66 69 78 4c 65 6e 22 3a 30 2c |Pv6PrefixLen":0,|
|00000b70| 22 50 6f 72 74 73 22 3a 7b 22 32 35 36 37 32 2f |"Ports":{"25672/|
|00000b80| 74 63 70 22 3a 5b 7b 22 48 6f 73 74 49 70 22 3a |tcp":[{"HostIp":|
|00000b90| 22 30 2e 30 2e 30 2e 30 22 2c 22 48 6f 73 74 50 |"0.0.0.0","HostP|
|00000ba0| 6f 72 74 22 3a 22 33 32 39 36 36 22 7d 5d 2c 22 |ort":"32966"}],"|
|00000bb0| 34 33 36 39 2f 74 63 70 22 3a 5b 7b 22 48 6f 73 |4369/tcp":[{"Hos|
|00000bc0| 74 49 70 22 3a 22 30 2e 30 2e 30 2e 30 22 2c 22 |tIp":"0.0.0.0","|
|00000bd0| 48 6f 73 74 50 6f 72 74 22 3a 22 33 32 39 36 39 |HostPort":"32969|
|00000be0| 22 7d 5d 2c 22 35 36 37 31 2f 74 63 70 22 3a 5b |"}],"5671/tcp":[|
|00000bf0| 7b 22 48 6f 73 74 49 70 22 3a 22 30 2e 30 2e 30 |{"HostIp":"0.0.0|
|00000c00| 2e 30 22 2c 22 48 6f 73 74 50 6f 72 74 22 3a 22 |.0","HostPort":"|
|00000c10| 33 32 39 36 38 22 7d 5d 2c 22 35 36 37 32 2f 74 |32968"}],"5672/t|
|00000c20| 63 70 22 3a 5b 7b 22 48 6f 73 74 49 70 22 3a 22 |cp":[{"HostIp":"|
|00000c30| 30 2e 30 2e 30 2e 30 22 2c 22 48 6f 73 74 50 6f |0.0.0.0","HostPo|
|00000c40| 72 74 22 3a 22 33 32 39 36 37 22 7d 5d 7d 2c 22 |rt":"32967"}]},"|
|00000c50| 53 61 6e 64 62 6f 78 4b 65 79 22 3a 22 2f 76 61 |SandboxKey":"/va|
|00000c60| 72 2f 72 75 6e 2f 64 6f 63 6b 65 72 2f 6e 65 74 |r/run/docker/net|
|00000c70| 6e 73 2f 38 66 38 35 65 33 63 65 66 39 62 32 22 |ns/8f85e3cef9b2"|
|00000c80| 2c 22 53 65 63 6f 6e 64 61 72 79 49 50 41 64 64 |,"SecondaryIPAdd|
|00000c90| 72 65 73 73 65 73 22 3a 6e 75 6c 6c 2c 22 53 65 |resses":null,"Se|
|00000ca0| 63 6f 6e 64 61 72 79 49 50 76 36 41 64 64 72 65 |condaryIPv6Addre|
|00000cb0| 73 73 65 73 22 3a 6e 75 6c 6c 2c 22 45 6e 64 70 |sses":null,"Endp|
|00000cc0| 6f 69 6e 74 49 44 22 3a 22 61 38 30 65 33 33 34 |ointID":"a80e334|
|00000cd0| 39 64 38 64 61 66 31 37 64 35 32 30 31 33 64 64 |9d8daf17d52013dd|
|00000ce0| 37 64 30 63 62 66 32 31 34 31 64 30 35 30 32 64 |7d0cbf2141d0502d|
|00000cf0| 33 34 37 61 31 30 61 39 64 36 65 33 32 31 66 39 |347a10a9d6e321f9|
|00000d00| 64 38 62 32 37 61 32 65 34 22 2c 22 47 61 74 65 |d8b27a2e4","Gate|
|00000d10| 77 61 79 22 3a 22 31 37 32 2e 31 37 2e 30 2e 31 |way":"172.17.0.1|
|00000d20| 22 2c 22 47 6c 6f 62 61 6c 49 50 76 36 41 64 64 |","GlobalIPv6Add|
|00000d30| 72 65 73 73 22 3a 22 22 2c 22 47 6c 6f 62 61 6c |ress":"","Global|
|00000d40| 49 50 76 36 50 72 65 66 69 78 4c 65 6e 22 3a 30 |IPv6PrefixLen":0|
|00000d50| 2c 22 49 50 41 64 64 72 65 73 73 22 3a 22 31 37 |,"IPAddress":"17|
|00000d60| 32 2e 31 37 2e 30 2e 33 22 2c 22 49 50 50 72 65 |2.17.0.3","IPPre|
|00000d70| 66 69 78 4c 65 6e 22 3a 31 36 2c 22 49 50 76 36 |fixLen":16,"IPv6|
|00000d80| 47 61 74 65 77 61 79 22 3a 22 22 2c 22 4d 61 63 |Gateway":"","Mac|
|00000d90| 41 64 64 72 65 73 73 22 3a 22 30 32 3a 34 32 3a |Address":"02:42:|
|00000da0| 61 63 3a 31 31 3a 30 30 3a 30 33 22 2c 22 4e 65 |ac:11:00:03","Ne|
|00000db0| 74 77 6f 72 6b 73 22 3a 7b 22 62 72 69 64 67 65 |tworks":{"bridge|
|00000dc0| 22 3a 7b 22 49 50 41 4d 43 6f 6e 66 69 67 22 3a |":{"IPAMConfig":|
|00000dd0| 6e 75 6c 6c 2c 22 4c 69 6e 6b 73 22 3a 6e 75 6c |null,"Links":nul|
|00000de0| 6c 2c 22 41 6c 69 61 73 65 73 22 3a 6e 75 6c 6c |l,"Aliases":null|
|00000df0| 2c 22 4e 65 74 77 6f 72 6b 49 44 22 3a 22 39 66 |,"NetworkID":"9f|
|00000e00| 65 38 62 39 32 64 61 66 63 30 35 34 34 36 33 33 |e8b92dafc0544633|
|00000e10| 37 39 64 39 34 35 38 61 64 65 37 37 64 35 31 61 |79d9458ade77d51a|
|00000e20| 34 61 62 39 30 61 64 31 33 65 35 34 61 65 32 31 |4ab90ad13e54ae21|
|00000e30| 61 31 38 64 36 35 66 66 32 63 30 37 63 61 22 2c |a18d65ff2c07ca",|
|00000e40| 22 45 6e 64 70 6f 69 6e 74 49 44 22 3a 22 61 38 |"EndpointID":"a8|
|00000e50| 30 65 33 33 34 39 64 38 64 61 66 31 37 64 35 32 |0e3349d8daf17d52|
|00000e60| 30 31 33 64 64 37 64 30 63 62 66 32 31 34 31 64 |013dd7d0cbf2141d|
|00000e70| 30 35 30 32 64 33 34 37 61 31 30 61 39 64 36 65 |0502d347a10a9d6e|
|00000e80| 33 32 31 66 39 64 38 62 32 37 61 32 65 34 22 2c |321f9d8b27a2e4",|
|00000e90| 22 47 61 74 65 77 61 79 22 3a 22 31 37 32 2e 31 |"Gateway":"172.1|
|00000ea0| 37 2e 30 2e 31 22 2c 22 49 50 41 64 64 72 65 73 |7.0.1","IPAddres|
|00000eb0| 73 22 3a 22 31 37 32 2e 31 37 2e 30 2e 33 22 2c |s":"172.17.0.3",|
|00000ec0| 22 49 50 50 72 65 66 69 78 4c 65 6e 22 3a 31 36 |"IPPrefixLen":16|
|00000ed0| 2c 22 49 50 76 36 47 61 74 65 77 61 79 22 3a 22 |,"IPv6Gateway":"|
|00000ee0| 22 2c 22 47 6c 6f 62 61 6c 49 50 76 36 41 64 64 |","GlobalIPv6Add|
|00000ef0| 72 65 73 73 22 3a 22 22 2c 22 47 6c 6f 62 61 6c |ress":"","Global|
|00000f00| 49 50 76 36 50 72 65 66 69 78 4c 65 6e 22 3a 30 |IPv6PrefixLen":0|
|00000f10| 2c 22 4d 61 63 41 64 64 72 65 73 73 22 3a 22 30 |,"MacAddress":"0|
|00000f20| 32 3a 34 32 3a 61 63 3a 31 31 3a 30 30 3a 30 33 |2:42:ac:11:00:03|
|00000f30| 22 2c 22 44 72 69 76 65 72 4f 70 74 73 22 3a 6e |","DriverOpts":n|
|00000f40| 75 6c 6c 7d 7d 7d 7d 0a                         |ull}}}}.        |
+--------+-------------------------------------------------+----------------+
2017-11-27 22:09:10.248 DEBUG   --- [rjava-netty-1-1] c.g.d.netty.NettyDockerCmdExecFactory$1  : [id: 0x7e0fcb5d, L:null - R:/var/run/docker.sock] READ, EmptyLastHttpContent, 0B
2017-11-27 22:09:10.248 DEBUG   --- [rjava-netty-1-1] c.g.d.netty.NettyDockerCmdExecFactory$1  : [id: 0x7e0fcb5d, L:null - R:/var/run/docker.sock] CLOSE
2017-11-27 22:09:10.249 DEBUG   --- [rjava-netty-1-1] xecFactory$UnixDomainSocketInitializer$3 : [id: 0x7e0fcb5d, L:null - R:/var/run/docker.sock] CLOSE
2017-11-27 22:09:10.249 DEBUG   --- [rjava-netty-1-1] xecFactory$UnixDomainSocketInitializer$3 : [id: 0x7e0fcb5d, L:null ! R:/var/run/docker.sock] READ COMPLETE
2017-11-27 22:09:10.249 DEBUG   --- [rjava-netty-1-1] c.g.d.netty.NettyDockerCmdExecFactory$1  : [id: 0x7e0fcb5d, L:null ! R:/var/run/docker.sock] READ COMPLETE
2017-11-27 22:09:10.249 DEBUG   --- [rjava-netty-1-1] xecFactory$UnixDomainSocketInitializer$3 : [id: 0x7e0fcb5d, L:null ! R:/var/run/docker.sock] INACTIVE
2017-11-27 22:09:10.249 DEBUG   --- [rjava-netty-1-1] c.g.d.netty.NettyDockerCmdExecFactory$1  : [id: 0x7e0fcb5d, L:null ! R:/var/run/docker.sock] INACTIVE
2017-11-27 22:09:10.249 DEBUG   --- [rjava-netty-1-1] xecFactory$UnixDomainSocketInitializer$3 : [id: 0x7e0fcb5d, L:null ! R:/var/run/docker.sock] UNREGISTERED
2017-11-27 22:09:10.249 DEBUG   --- [rjava-netty-1-1] c.g.d.netty.NettyDockerCmdExecFactory$1  : [id: 0x7e0fcb5d, L:null ! R:/var/run/docker.sock] UNREGISTERED
2017-11-27 22:09:10.250 DEBUG   --- [pool-1-thread-1] c.g.d.core.command.AbstrDockerCmd        : Cmd: 760a11cda02e910f00711b5a13bda9b1a918e18eb4153f1bfc40e23e16ada5cc,<null>,true,true,<null>,<null>,{/bin/sh,-c,nc -vz -w 1 localhost 4369 && echo TESTCONTAINERS_SUCCESS},com.github.dockerjava.netty.exec.ExecCreateCmdExec@1a0d9119
2017-11-27 22:09:10.251 DEBUG   --- [rjava-netty-1-2] xecFactory$UnixDomainSocketInitializer$3 : [id: 0xe2bd25c9] REGISTERED
2017-11-27 22:09:10.251 DEBUG   --- [rjava-netty-1-2] xecFactory$UnixDomainSocketInitializer$3 : [id: 0xe2bd25c9] CONNECT: /var/run/docker.sock
2017-11-27 22:09:10.251 DEBUG   --- [rjava-netty-1-2] xecFactory$UnixDomainSocketInitializer$3 : [id: 0xe2bd25c9, L:null - R:/var/run/docker.sock] ACTIVE
2017-11-27 22:09:10.253 DEBUG   --- [rjava-netty-1-2] c.g.d.netty.NettyDockerCmdExecFactory$1  : [id: 0xe2bd25c9, L:null - R:/var/run/docker.sock] WRITE: DefaultFullHttpRequest(decodeResult: success, version: HTTP/1.1, content: UnpooledByteBufAllocator$InstrumentedUnpooledUnsafeHeapByteBuf(ridx: 0, widx: 205, cap: 256))
POST /containers/760a11cda02e910f00711b5a13bda9b1a918e18eb4153f1bfc40e23e16ada5cc/exec HTTP/1.1
content-type: application/json
content-length: 205
host:
connection: keep-alive
accept-encoding: gzip
accept: application/json, 205B
         +-------------------------------------------------+
         |  0  1  2  3  4  5  6  7  8  9  a  b  c  d  e  f |
+--------+-------------------------------------------------+----------------+
|00000000| 7b 22 63 6f 6e 74 61 69 6e 65 72 49 64 22 3a 22 |{"containerId":"|
|00000010| 37 36 30 61 31 31 63 64 61 30 32 65 39 31 30 66 |760a11cda02e910f|
|00000020| 30 30 37 31 31 62 35 61 31 33 62 64 61 39 62 31 |00711b5a13bda9b1|
|00000030| 61 39 31 38 65 31 38 65 62 34 31 35 33 66 31 62 |a918e18eb4153f1b|
|00000040| 66 63 34 30 65 32 33 65 31 36 61 64 61 35 63 63 |fc40e23e16ada5cc|
|00000050| 22 2c 22 41 74 74 61 63 68 53 74 64 6f 75 74 22 |","AttachStdout"|
|00000060| 3a 74 72 75 65 2c 22 41 74 74 61 63 68 53 74 64 |:true,"AttachStd|
|00000070| 65 72 72 22 3a 74 72 75 65 2c 22 43 6d 64 22 3a |err":true,"Cmd":|
|00000080| 5b 22 2f 62 69 6e 2f 73 68 22 2c 22 2d 63 22 2c |["/bin/sh","-c",|
|00000090| 22 6e 63 20 2d 76 7a 20 2d 77 20 31 20 6c 6f 63 |"nc -vz -w 1 loc|
|000000a0| 61 6c 68 6f 73 74 20 34 33 36 39 20 26 26 20 65 |alhost 4369 && e|
|000000b0| 63 68 6f 20 54 45 53 54 43 4f 4e 54 41 49 4e 45 |cho TESTCONTAINE|
|000000c0| 52 53 5f 53 55 43 43 45 53 53 22 5d 7d          |RS_SUCCESS"]}   |
+--------+-------------------------------------------------+----------------+
2017-11-27 22:09:10.254 DEBUG   --- [rjava-netty-1-2] xecFactory$UnixDomainSocketInitializer$3 : [id: 0xe2bd25c9, L:null - R:/var/run/docker.sock] WRITE: 233B
         +-------------------------------------------------+
         |  0  1  2  3  4  5  6  7  8  9  a  b  c  d  e  f |
+--------+-------------------------------------------------+----------------+
|00000000| 50 4f 53 54 20 2f 63 6f 6e 74 61 69 6e 65 72 73 |POST /containers|
|00000010| 2f 37 36 30 61 31 31 63 64 61 30 32 65 39 31 30 |/760a11cda02e910|
|00000020| 66 30 30 37 31 31 62 35 61 31 33 62 64 61 39 62 |f00711b5a13bda9b|
|00000030| 31 61 39 31 38 65 31 38 65 62 34 31 35 33 66 31 |1a918e18eb4153f1|
|00000040| 62 66 63 34 30 65 32 33 65 31 36 61 64 61 35 63 |bfc40e23e16ada5c|
|00000050| 63 2f 65 78 65 63 20 48 54 54 50 2f 31 2e 31 0d |c/exec HTTP/1.1.|
|00000060| 0a 63 6f 6e 74 65 6e 74 2d 74 79 70 65 3a 20 61 |.content-type: a|
|00000070| 70 70 6c 69 63 61 74 69 6f 6e 2f 6a 73 6f 6e 0d |pplication/json.|
|00000080| 0a 63 6f 6e 74 65 6e 74 2d 6c 65 6e 67 74 68 3a |.content-length:|
|00000090| 20 32 30 35 0d 0a 68 6f 73 74 3a 20 0d 0a 63 6f | 205..host: ..co|
|000000a0| 6e 6e 65 63 74 69 6f 6e 3a 20 6b 65 65 70 2d 61 |nnection: keep-a|
|000000b0| 6c 69 76 65 0d 0a 61 63 63 65 70 74 2d 65 6e 63 |live..accept-enc|
|000000c0| 6f 64 69 6e 67 3a 20 67 7a 69 70 0d 0a 61 63 63 |oding: gzip..acc|
|000000d0| 65 70 74 3a 20 61 70 70 6c 69 63 61 74 69 6f 6e |ept: application|
|000000e0| 2f 6a 73 6f 6e 0d 0a 0d 0a                      |/json....       |
+--------+-------------------------------------------------+----------------+
2017-11-27 22:09:10.254 DEBUG   --- [rjava-netty-1-2] xecFactory$UnixDomainSocketInitializer$3 : [id: 0xe2bd25c9, L:null - R:/var/run/docker.sock] WRITE: 205B
         +-------------------------------------------------+
         |  0  1  2  3  4  5  6  7  8  9  a  b  c  d  e  f |
+--------+-------------------------------------------------+----------------+
|00000000| 7b 22 63 6f 6e 74 61 69 6e 65 72 49 64 22 3a 22 |{"containerId":"|
|00000010| 37 36 30 61 31 31 63 64 61 30 32 65 39 31 30 66 |760a11cda02e910f|
|00000020| 30 30 37 31 31 62 35 61 31 33 62 64 61 39 62 31 |00711b5a13bda9b1|
|00000030| 61 39 31 38 65 31 38 65 62 34 31 35 33 66 31 62 |a918e18eb4153f1b|
|00000040| 66 63 34 30 65 32 33 65 31 36 61 64 61 35 63 63 |fc40e23e16ada5cc|
|00000050| 22 2c 22 41 74 74 61 63 68 53 74 64 6f 75 74 22 |","AttachStdout"|
|00000060| 3a 74 72 75 65 2c 22 41 74 74 61 63 68 53 74 64 |:true,"AttachStd|
|00000070| 65 72 72 22 3a 74 72 75 65 2c 22 43 6d 64 22 3a |err":true,"Cmd":|
|00000080| 5b 22 2f 62 69 6e 2f 73 68 22 2c 22 2d 63 22 2c |["/bin/sh","-c",|
|00000090| 22 6e 63 20 2d 76 7a 20 2d 77 20 31 20 6c 6f 63 |"nc -vz -w 1 loc|
|000000a0| 61 6c 68 6f 73 74 20 34 33 36 39 20 26 26 20 65 |alhost 4369 && e|
|000000b0| 63 68 6f 20 54 45 53 54 43 4f 4e 54 41 49 4e 45 |cho TESTCONTAINE|
|000000c0| 52 53 5f 53 55 43 43 45 53 53 22 5d 7d          |RS_SUCCESS"]}   |
+--------+-------------------------------------------------+----------------+
2017-11-27 22:09:10.254 DEBUG   --- [rjava-netty-1-2] c.g.d.netty.NettyDockerCmdExecFactory$1  : [id: 0xe2bd25c9, L:null - R:/var/run/docker.sock] FLUSH
2017-11-27 22:09:10.254 DEBUG   --- [rjava-netty-1-2] xecFactory$UnixDomainSocketInitializer$3 : [id: 0xe2bd25c9, L:null - R:/var/run/docker.sock] FLUSH
2017-11-27 22:09:10.257 DEBUG   --- [rjava-netty-1-2] xecFactory$UnixDomainSocketInitializer$3 : [id: 0xe2bd25c9, L:null - R:/var/run/docker.sock] READ: 284B
         +-------------------------------------------------+
         |  0  1  2  3  4  5  6  7  8  9  a  b  c  d  e  f |
+--------+-------------------------------------------------+----------------+
|00000000| 48 54 54 50 2f 31 2e 31 20 32 30 31 20 43 72 65 |HTTP/1.1 201 Cre|
|00000010| 61 74 65 64 0d 0a 41 70 69 2d 56 65 72 73 69 6f |ated..Api-Versio|
|00000020| 6e 3a 20 31 2e 33 32 0d 0a 43 6f 6e 74 65 6e 74 |n: 1.32..Content|
|00000030| 2d 4c 65 6e 67 74 68 3a 20 37 34 0d 0a 43 6f 6e |-Length: 74..Con|
|00000040| 74 65 6e 74 2d 54 79 70 65 3a 20 61 70 70 6c 69 |tent-Type: appli|
|00000050| 63 61 74 69 6f 6e 2f 6a 73 6f 6e 0d 0a 44 61 74 |cation/json..Dat|
|00000060| 65 3a 20 4d 6f 6e 2c 20 32 37 20 4e 6f 76 20 32 |e: Mon, 27 Nov 2|
|00000070| 30 31 37 20 32 31 3a 30 39 3a 30 36 20 47 4d 54 |017 21:09:06 GMT|
|00000080| 0d 0a 44 6f 63 6b 65 72 2d 45 78 70 65 72 69 6d |..Docker-Experim|
|00000090| 65 6e 74 61 6c 3a 20 66 61 6c 73 65 0d 0a 4f 73 |ental: false..Os|
|000000a0| 74 79 70 65 3a 20 6c 69 6e 75 78 0d 0a 53 65 72 |type: linux..Ser|
|000000b0| 76 65 72 3a 20 44 6f 63 6b 65 72 2f 31 37 2e 30 |ver: Docker/17.0|
|000000c0| 39 2e 30 2d 63 65 20 28 6c 69 6e 75 78 29 0d 0a |9.0-ce (linux)..|
|000000d0| 0d 0a 7b 22 49 64 22 3a 22 37 30 34 66 61 65 37 |..{"Id":"704fae7|
|000000e0| 62 35 38 32 63 62 37 34 31 37 63 63 61 63 36 39 |b582cb7417ccac69|
|000000f0| 38 39 64 32 66 61 66 39 33 66 34 62 64 38 61 64 |89d2faf93f4bd8ad|
|00000100| 65 38 32 34 32 66 36 32 38 36 63 62 61 61 37 39 |e8242f6286cbaa79|
|00000110| 39 34 32 30 32 33 31 36 31 22 7d 0a             |942023161"}.    |
+--------+-------------------------------------------------+----------------+
2017-11-27 22:09:10.257 DEBUG   --- [rjava-netty-1-2] c.g.d.netty.NettyDockerCmdExecFactory$1  : [id: 0xe2bd25c9, L:null - R:/var/run/docker.sock] READ: DefaultHttpResponse(decodeResult: success, version: HTTP/1.1)
HTTP/1.1 201 Created
Api-Version: 1.32
Content-Length: 74
Content-Type: application/json
Date: Mon, 27 Nov 2017 21:09:06 GMT
Docker-Experimental: false
Ostype: linux
Server: Docker/17.09.0-ce (linux)
2017-11-27 22:09:10.257 DEBUG   --- [rjava-netty-1-2] c.g.d.netty.NettyDockerCmdExecFactory$1  : [id: 0xe2bd25c9, L:null - R:/var/run/docker.sock] READ: DefaultLastHttpContent(data: PooledSlicedByteBuf(ridx: 0, widx: 74, cap: 74/74, unwrapped: PooledUnsafeDirectByteBuf(ridx: 284, widx: 284, cap: 1024)), decoderResult: success), 74B
         +-------------------------------------------------+
         |  0  1  2  3  4  5  6  7  8  9  a  b  c  d  e  f |
+--------+-------------------------------------------------+----------------+
|00000000| 7b 22 49 64 22 3a 22 37 30 34 66 61 65 37 62 35 |{"Id":"704fae7b5|
|00000010| 38 32 63 62 37 34 31 37 63 63 61 63 36 39 38 39 |82cb7417ccac6989|
|00000020| 64 32 66 61 66 39 33 66 34 62 64 38 61 64 65 38 |d2faf93f4bd8ade8|
|00000030| 32 34 32 66 36 32 38 36 63 62 61 61 37 39 39 34 |242f6286cbaa7994|
|00000040| 32 30 32 33 31 36 31 22 7d 0a                   |2023161"}.      |
+--------+-------------------------------------------------+----------------+
2017-11-27 22:09:10.257 DEBUG   --- [rjava-netty-1-2] c.g.d.netty.NettyDockerCmdExecFactory$1  : [id: 0xe2bd25c9, L:null - R:/var/run/docker.sock] CLOSE
2017-11-27 22:09:10.258 DEBUG   --- [rjava-netty-1-2] xecFactory$UnixDomainSocketInitializer$3 : [id: 0xe2bd25c9, L:null - R:/var/run/docker.sock] CLOSE
2017-11-27 22:09:10.258 DEBUG   --- [rjava-netty-1-2] xecFactory$UnixDomainSocketInitializer$3 : [id: 0xe2bd25c9, L:null ! R:/var/run/docker.sock] READ COMPLETE
2017-11-27 22:09:10.258 DEBUG   --- [rjava-netty-1-2] c.g.d.netty.NettyDockerCmdExecFactory$1  : [id: 0xe2bd25c9, L:null ! R:/var/run/docker.sock] READ COMPLETE
2017-11-27 22:09:10.258 DEBUG   --- [rjava-netty-1-2] xecFactory$UnixDomainSocketInitializer$3 : [id: 0xe2bd25c9, L:null ! R:/var/run/docker.sock] INACTIVE
2017-11-27 22:09:10.258 DEBUG   --- [rjava-netty-1-2] c.g.d.netty.NettyDockerCmdExecFactory$1  : [id: 0xe2bd25c9, L:null ! R:/var/run/docker.sock] INACTIVE
2017-11-27 22:09:10.258 DEBUG   --- [rjava-netty-1-2] xecFactory$UnixDomainSocketInitializer$3 : [id: 0xe2bd25c9, L:null ! R:/var/run/docker.sock] UNREGISTERED
2017-11-27 22:09:10.258 DEBUG   --- [rjava-netty-1-2] c.g.d.netty.NettyDockerCmdExecFactory$1  : [id: 0xe2bd25c9, L:null ! R:/var/run/docker.sock] UNREGISTERED
2017-11-27 22:09:10.260 DEBUG   --- [rjava-netty-1-3] xecFactory$UnixDomainSocketInitializer$3 : [id: 0x1b0c291b] REGISTERED
2017-11-27 22:09:10.261 DEBUG   --- [rjava-netty-1-3] xecFactory$UnixDomainSocketInitializer$3 : [id: 0x1b0c291b] CONNECT: /var/run/docker.sock
2017-11-27 22:09:10.261 DEBUG   --- [rjava-netty-1-3] xecFactory$UnixDomainSocketInitializer$3 : [id: 0x1b0c291b, L:null - R:/var/run/docker.sock] ACTIVE
2017-11-27 22:09:10.262 DEBUG   --- [rjava-netty-1-3] c.g.d.netty.NettyDockerCmdExecFactory$1  : [id: 0x1b0c291b, L:null - R:/var/run/docker.sock] WRITE: DefaultFullHttpRequest(decodeResult: success, version: HTTP/1.1, content: UnpooledByteBufAllocator$InstrumentedUnpooledUnsafeHeapByteBuf(ridx: 0, widx: 2, cap: 64))
POST /exec/704fae7b582cb7417ccac6989d2faf93f4bd8ade8242f6286cbaa79942023161/start HTTP/1.1
content-type: application/json
content-length: 2
host:
accept-encoding: gzip
accept: application/json
upgrade: tcp
connection: upgrade, 2B
         +-------------------------------------------------+
         |  0  1  2  3  4  5  6  7  8  9  a  b  c  d  e  f |
+--------+-------------------------------------------------+----------------+
|00000000| 7b 7d                                           |{}              |
+--------+-------------------------------------------------+----------------+
2017-11-27 22:09:10.262 DEBUG   --- [rjava-netty-1-3] xecFactory$UnixDomainSocketInitializer$3 : [id: 0x1b0c291b, L:null - R:/var/run/docker.sock] WRITE: 239B
         +-------------------------------------------------+
         |  0  1  2  3  4  5  6  7  8  9  a  b  c  d  e  f |
+--------+-------------------------------------------------+----------------+
|00000000| 50 4f 53 54 20 2f 65 78 65 63 2f 37 30 34 66 61 |POST /exec/704fa|
|00000010| 65 37 62 35 38 32 63 62 37 34 31 37 63 63 61 63 |e7b582cb7417ccac|
|00000020| 36 39 38 39 64 32 66 61 66 39 33 66 34 62 64 38 |6989d2faf93f4bd8|
|00000030| 61 64 65 38 32 34 32 66 36 32 38 36 63 62 61 61 |ade8242f6286cbaa|
|00000040| 37 39 39 34 32 30 32 33 31 36 31 2f 73 74 61 72 |79942023161/star|
|00000050| 74 20 48 54 54 50 2f 31 2e 31 0d 0a 63 6f 6e 74 |t HTTP/1.1..cont|
|00000060| 65 6e 74 2d 74 79 70 65 3a 20 61 70 70 6c 69 63 |ent-type: applic|
|00000070| 61 74 69 6f 6e 2f 6a 73 6f 6e 0d 0a 63 6f 6e 74 |ation/json..cont|
|00000080| 65 6e 74 2d 6c 65 6e 67 74 68 3a 20 32 0d 0a 68 |ent-length: 2..h|
|00000090| 6f 73 74 3a 20 0d 0a 61 63 63 65 70 74 2d 65 6e |ost: ..accept-en|
|000000a0| 63 6f 64 69 6e 67 3a 20 67 7a 69 70 0d 0a 61 63 |coding: gzip..ac|
|000000b0| 63 65 70 74 3a 20 61 70 70 6c 69 63 61 74 69 6f |cept: applicatio|
|000000c0| 6e 2f 6a 73 6f 6e 0d 0a 75 70 67 72 61 64 65 3a |n/json..upgrade:|
|000000d0| 20 74 63 70 0d 0a 63 6f 6e 6e 65 63 74 69 6f 6e | tcp..connection|
|000000e0| 3a 20 75 70 67 72 61 64 65 0d 0a 0d 0a 7b 7d    |: upgrade....{} |
+--------+-------------------------------------------------+----------------+
2017-11-27 22:09:10.262 DEBUG   --- [rjava-netty-1-3] c.g.d.netty.NettyDockerCmdExecFactory$1  : [id: 0x1b0c291b, L:null - R:/var/run/docker.sock] FLUSH
2017-11-27 22:09:10.263 DEBUG   --- [rjava-netty-1-3] xecFactory$UnixDomainSocketInitializer$3 : [id: 0x1b0c291b, L:null - R:/var/run/docker.sock] FLUSH
2017-11-27 22:09:10.265 DEBUG   --- [rjava-netty-1-3] xecFactory$UnixDomainSocketInitializer$3 : [id: 0x1b0c291b, L:null - R:/var/run/docker.sock] READ: 254B
         +-------------------------------------------------+
         |  0  1  2  3  4  5  6  7  8  9  a  b  c  d  e  f |
+--------+-------------------------------------------------+----------------+
|00000000| 48 54 54 50 2f 31 2e 31 20 31 30 31 20 53 77 69 |HTTP/1.1 101 Swi|
|00000010| 74 63 68 69 6e 67 20 50 72 6f 74 6f 63 6f 6c 73 |tching Protocols|
|00000020| 0d 0a 41 70 69 2d 56 65 72 73 69 6f 6e 3a 20 31 |..Api-Version: 1|
|00000030| 2e 33 32 0d 0a 43 6f 6e 6e 65 63 74 69 6f 6e 3a |.32..Connection:|
|00000040| 20 55 70 67 72 61 64 65 0d 0a 43 6f 6e 74 65 6e | Upgrade..Conten|
|00000050| 74 2d 54 79 70 65 3a 20 61 70 70 6c 69 63 61 74 |t-Type: applicat|
|00000060| 69 6f 6e 2f 76 6e 64 2e 64 6f 63 6b 65 72 2e 72 |ion/vnd.docker.r|
|00000070| 61 77 2d 73 74 72 65 61 6d 0d 0a 44 6f 63 6b 65 |aw-stream..Docke|
|00000080| 72 2d 45 78 70 65 72 69 6d 65 6e 74 61 6c 3a 20 |r-Experimental: |
|00000090| 66 61 6c 73 65 0d 0a 4f 73 74 79 70 65 3a 20 6c |false..Ostype: l|
|000000a0| 69 6e 75 78 0d 0a 53 65 72 76 65 72 3a 20 44 6f |inux..Server: Do|
|000000b0| 63 6b 65 72 2f 31 37 2e 30 39 2e 30 2d 63 65 20 |cker/17.09.0-ce |
|000000c0| 28 6c 69 6e 75 78 29 0d 0a 55 70 67 72 61 64 65 |(linux)..Upgrade|
|000000d0| 3a 20 74 63 70 0d 0a 44 61 74 65 3a 20 4d 6f 6e |: tcp..Date: Mon|
|000000e0| 2c 20 32 37 20 4e 6f 76 20 32 30 31 37 20 32 31 |, 27 Nov 2017 21|
|000000f0| 3a 30 39 3a 31 30 20 47 4d 54 0d 0a 0d 0a       |:09:10 GMT....  |
+--------+-------------------------------------------------+----------------+
2017-11-27 22:09:10.265 DEBUG   --- [rjava-netty-1-3] c.g.d.netty.NettyDockerCmdExecFactory$1  : [id: 0x1b0c291b, L:null - R:/var/run/docker.sock] READ: DefaultHttpResponse(decodeResult: success, version: HTTP/1.1)
HTTP/1.1 101 Switching Protocols
Api-Version: 1.32
Connection: Upgrade
Content-Type: application/vnd.docker.raw-stream
Docker-Experimental: false
Ostype: linux
Server: Docker/17.09.0-ce (linux)
Upgrade: tcp
Date: Mon, 27 Nov 2017 21:09:10 GMT
2017-11-27 22:09:10.265 DEBUG   --- [rjava-netty-1-3] c.g.d.netty.NettyDockerCmdExecFactory$1  : [id: 0x1b0c291b, L:null - R:/var/run/docker.sock] READ, EmptyLastHttpContent, 0B
2017-11-27 22:09:10.265 DEBUG   --- [rjava-netty-1-3] xecFactory$UnixDomainSocketInitializer$3 : [id: 0x1b0c291b, L:null - R:/var/run/docker.sock] READ COMPLETE
2017-11-27 22:09:10.265 DEBUG   --- [rjava-netty-1-3] c.g.d.netty.NettyDockerCmdExecFactory$1  : [id: 0x1b0c291b, L:null - R:/var/run/docker.sock] READ COMPLETE
2017-11-27 22:09:10.335 DEBUG   --- [rjava-netty-1-3] xecFactory$UnixDomainSocketInitializer$3 : [id: 0x1b0c291b, L:null - R:/var/run/docker.sock] READ: 34B
         +-------------------------------------------------+
         |  0  1  2  3  4  5  6  7  8  9  a  b  c  d  e  f |
+--------+-------------------------------------------------+----------------+
|00000000| 02 00 00 00 00 00 00 1a 2f 62 69 6e 2f 73 68 3a |......../bin/sh:|
|00000010| 20 31 3a 20 6e 63 3a 20 6e 6f 74 20 66 6f 75 6e | 1: nc: not foun|
|00000020| 64 0a                                           |d.              |
+--------+-------------------------------------------------+----------------+
2017-11-27 22:09:10.335 DEBUG   --- [rjava-netty-1-3] c.g.d.netty.NettyDockerCmdExecFactory$1  : [id: 0x1b0c291b, L:null - R:/var/run/docker.sock] READ: 34B
         +-------------------------------------------------+
         |  0  1  2  3  4  5  6  7  8  9  a  b  c  d  e  f |
+--------+-------------------------------------------------+----------------+
|00000000| 02 00 00 00 00 00 00 1a 2f 62 69 6e 2f 73 68 3a |......../bin/sh:|
|00000010| 20 31 3a 20 6e 63 3a 20 6e 6f 74 20 66 6f 75 6e | 1: nc: not foun|
|00000020| 64 0a                                           |d.              |
+--------+-------------------------------------------------+----------------+
2017-11-27 22:09:10.336 DEBUG   --- [rjava-netty-1-3] xecFactory$UnixDomainSocketInitializer$3 : [id: 0x1b0c291b, L:null - R:/var/run/docker.sock] READ COMPLETE
2017-11-27 22:09:10.336 DEBUG   --- [rjava-netty-1-3] c.g.d.netty.NettyDockerCmdExecFactory$1  : [id: 0x1b0c291b, L:null - R:/var/run/docker.sock] READ COMPLETE
2017-11-27 22:09:10.337 DEBUG   --- [rjava-netty-1-3] xecFactory$UnixDomainSocketInitializer$3 : [id: 0x1b0c291b, L:null - R:/var/run/docker.sock] READ COMPLETE
2017-11-27 22:09:10.337 DEBUG   --- [rjava-netty-1-3] c.g.d.netty.NettyDockerCmdExecFactory$1  : [id: 0x1b0c291b, L:null - R:/var/run/docker.sock] READ COMPLETE
2017-11-27 22:09:10.337 DEBUG   --- [rjava-netty-1-3] c.g.d.netty.NettyDockerCmdExecFactory$1  : [id: 0x1b0c291b, L:null ! R:/var/run/docker.sock] CLOSE
2017-11-27 22:09:10.337 DEBUG   --- [rjava-netty-1-3] xecFactory$UnixDomainSocketInitializer$3 : [id: 0x1b0c291b, L:null ! R:/var/run/docker.sock] CLOSE
2017-11-27 22:09:10.337 DEBUG   --- [rjava-netty-1-3] xecFactory$UnixDomainSocketInitializer$3 : [id: 0x1b0c291b, L:null ! R:/var/run/docker.sock] INACTIVE
2017-11-27 22:09:10.337 DEBUG   --- [rjava-netty-1-3] c.g.d.netty.NettyDockerCmdExecFactory$1  : [id: 0x1b0c291b, L:null ! R:/var/run/docker.sock] INACTIVE
2017-11-27 22:09:10.338 DEBUG   --- [rjava-netty-1-3] xecFactory$UnixDomainSocketInitializer$3 : [id: 0x1b0c291b, L:null ! R:/var/run/docker.sock] UNREGISTERED
2017-11-27 22:09:10.338 DEBUG   --- [rjava-netty-1-3] c.g.d.netty.NettyDockerCmdExecFactory$1  : [id: 0x1b0c291b, L:null ! R:/var/run/docker.sock] UNREGISTERED
2017-11-27 22:09:10.338 DEBUG   --- [pool-1-thread-1] c.g.d.core.command.AbstrDockerCmd        : Cmd: 760a11cda02e910f00711b5a13bda9b1a918e18eb4153f1bfc40e23e16ada5cc,false,com.github.dockerjava.netty.exec.InspectContainerCmdExec@557540ce
2017-11-27 22:09:10.338 DEBUG   --- [pool-1-thread-1] c.g.d.n.exec.InspectContainerCmdExec     : GET: com.github.dockerjava.netty.WebTarget@35426afe
2017-11-27 22:09:10.339 DEBUG   --- [rjava-netty-1-4] xecFactory$UnixDomainSocketInitializer$3 : [id: 0x0f5decfb] REGISTERED
2017-11-27 22:09:10.339 DEBUG   --- [rjava-netty-1-4] xecFactory$UnixDomainSocketInitializer$3 : [id: 0x0f5decfb] CONNECT: /var/run/docker.sock
2017-11-27 22:09:10.339 DEBUG   --- [rjava-netty-1-4] xecFactory$UnixDomainSocketInitializer$3 : [id: 0x0f5decfb, L:null - R:/var/run/docker.sock] ACTIVE
2017-11-27 22:09:10.339 DEBUG   --- [rjava-netty-1-4] c.g.d.netty.NettyDockerCmdExecFactory$1  : [id: 0x0f5decfb, L:null - R:/var/run/docker.sock] WRITE, DefaultFullHttpRequest(decodeResult: success, version: HTTP/1.1, content: UnpooledByteBufAllocator$InstrumentedUnpooledUnsafeHeapByteBuf(ridx: 0, widx: 0, cap: 0))
GET /containers/760a11cda02e910f00711b5a13bda9b1a918e18eb4153f1bfc40e23e16ada5cc/json HTTP/1.1
host:
connection: keep-alive
accept-encoding: gzip
accept: application/json, 0B
2017-11-27 22:09:10.339 DEBUG   --- [rjava-netty-1-4] xecFactory$UnixDomainSocketInitializer$3 : [id: 0x0f5decfb, L:null - R:/var/run/docker.sock] WRITE: 179B
         +-------------------------------------------------+
         |  0  1  2  3  4  5  6  7  8  9  a  b  c  d  e  f |
+--------+-------------------------------------------------+----------------+
|00000000| 47 45 54 20 2f 63 6f 6e 74 61 69 6e 65 72 73 2f |GET /containers/|
|00000010| 37 36 30 61 31 31 63 64 61 30 32 65 39 31 30 66 |760a11cda02e910f|
|00000020| 30 30 37 31 31 62 35 61 31 33 62 64 61 39 62 31 |00711b5a13bda9b1|
|00000030| 61 39 31 38 65 31 38 65 62 34 31 35 33 66 31 62 |a918e18eb4153f1b|
|00000040| 66 63 34 30 65 32 33 65 31 36 61 64 61 35 63 63 |fc40e23e16ada5cc|
|00000050| 2f 6a 73 6f 6e 20 48 54 54 50 2f 31 2e 31 0d 0a |/json HTTP/1.1..|
|00000060| 68 6f 73 74 3a 20 0d 0a 63 6f 6e 6e 65 63 74 69 |host: ..connecti|
|00000070| 6f 6e 3a 20 6b 65 65 70 2d 61 6c 69 76 65 0d 0a |on: keep-alive..|
|00000080| 61 63 63 65 70 74 2d 65 6e 63 6f 64 69 6e 67 3a |accept-encoding:|
|00000090| 20 67 7a 69 70 0d 0a 61 63 63 65 70 74 3a 20 61 | gzip..accept: a|
|000000a0| 70 70 6c 69 63 61 74 69 6f 6e 2f 6a 73 6f 6e 0d |pplication/json.|
|000000b0| 0a 0d 0a                                        |...             |
+--------+-------------------------------------------------+----------------+
2017-11-27 22:09:10.339 DEBUG   --- [rjava-netty-1-4] c.g.d.netty.NettyDockerCmdExecFactory$1  : [id: 0x0f5decfb, L:null - R:/var/run/docker.sock] FLUSH
2017-11-27 22:09:10.339 DEBUG   --- [rjava-netty-1-4] xecFactory$UnixDomainSocketInitializer$3 : [id: 0x0f5decfb, L:null - R:/var/run/docker.sock] FLUSH
2017-11-27 22:09:10.341 DEBUG   --- [rjava-netty-1-4] xecFactory$UnixDomainSocketInitializer$3 : [id: 0x0f5decfb, L:null - R:/var/run/docker.sock] READ: 1024B
         +-------------------------------------------------+
         |  0  1  2  3  4  5  6  7  8  9  a  b  c  d  e  f |
+--------+-------------------------------------------------+----------------+
|00000000| 48 54 54 50 2f 31 2e 31 20 32 30 30 20 4f 4b 0d |HTTP/1.1 200 OK.|
|00000010| 0a 41 70 69 2d 56 65 72 73 69 6f 6e 3a 20 31 2e |.Api-Version: 1.|
|00000020| 33 32 0d 0a 43 6f 6e 74 65 6e 74 2d 54 79 70 65 |32..Content-Type|
|00000030| 3a 20 61 70 70 6c 69 63 61 74 69 6f 6e 2f 6a 73 |: application/js|
|00000040| 6f 6e 0d 0a 44 61 74 65 3a 20 4d 6f 6e 2c 20 32 |on..Date: Mon, 2|
|00000050| 37 20 4e 6f 76 20 32 30 31 37 20 32 31 3a 30 39 |7 Nov 2017 21:09|
|00000060| 3a 30 36 20 47 4d 54 0d 0a 44 6f 63 6b 65 72 2d |:06 GMT..Docker-|
|00000070| 45 78 70 65 72 69 6d 65 6e 74 61 6c 3a 20 66 61 |Experimental: fa|
|00000080| 6c 73 65 0d 0a 4f 73 74 79 70 65 3a 20 6c 69 6e |lse..Ostype: lin|
|00000090| 75 78 0d 0a 53 65 72 76 65 72 3a 20 44 6f 63 6b |ux..Server: Dock|
|000000a0| 65 72 2f 31 37 2e 30 39 2e 30 2d 63 65 20 28 6c |er/17.09.0-ce (l|
|000000b0| 69 6e 75 78 29 0d 0a 54 72 61 6e 73 66 65 72 2d |inux)..Transfer-|
|000000c0| 45 6e 63 6f 64 69 6e 67 3a 20 63 68 75 6e 6b 65 |Encoding: chunke|
|000000d0| 64 0d 0a 0d 0a 31 32 36 64 0d 0a 7b 22 49 64 22 |d....126d..{"Id"|
|000000e0| 3a 22 37 36 30 61 31 31 63 64 61 30 32 65 39 31 |:"760a11cda02e91|
|000000f0| 30 66 30 30 37 31 31 62 35 61 31 33 62 64 61 39 |0f00711b5a13bda9|
|00000100| 62 31 61 39 31 38 65 31 38 65 62 34 31 35 33 66 |b1a918e18eb4153f|
|00000110| 31 62 66 63 34 30 65 32 33 65 31 36 61 64 61 35 |1bfc40e23e16ada5|
|00000120| 63 63 22 2c 22 43 72 65 61 74 65 64 22 3a 22 32 |cc","Created":"2|
|00000130| 30 31 37 2d 31 31 2d 32 37 54 32 31 3a 30 39 3a |017-11-27T21:09:|
|00000140| 30 35 2e 36 30 36 37 39 38 31 30 32 5a 22 2c 22 |05.606798102Z","|
|00000150| 50 61 74 68 22 3a 22 64 6f 63 6b 65 72 2d 65 6e |Path":"docker-en|
|00000160| 74 72 79 70 6f 69 6e 74 2e 73 68 22 2c 22 41 72 |trypoint.sh","Ar|
|00000170| 67 73 22 3a 5b 22 72 61 62 62 69 74 6d 71 2d 73 |gs":["rabbitmq-s|
|00000180| 65 72 76 65 72 22 5d 2c 22 53 74 61 74 65 22 3a |erver"],"State":|
|00000190| 7b 22 53 74 61 74 75 73 22 3a 22 72 75 6e 6e 69 |{"Status":"runni|
|000001a0| 6e 67 22 2c 22 52 75 6e 6e 69 6e 67 22 3a 74 72 |ng","Running":tr|
|000001b0| 75 65 2c 22 50 61 75 73 65 64 22 3a 66 61 6c 73 |ue,"Paused":fals|
|000001c0| 65 2c 22 52 65 73 74 61 72 74 69 6e 67 22 3a 66 |e,"Restarting":f|
|000001d0| 61 6c 73 65 2c 22 4f 4f 4d 4b 69 6c 6c 65 64 22 |alse,"OOMKilled"|
|000001e0| 3a 66 61 6c 73 65 2c 22 44 65 61 64 22 3a 66 61 |:false,"Dead":fa|
|000001f0| 6c 73 65 2c 22 50 69 64 22 3a 31 35 38 38 39 2c |lse,"Pid":15889,|
|00000200| 22 45 78 69 74 43 6f 64 65 22 3a 30 2c 22 45 72 |"ExitCode":0,"Er|
|00000210| 72 6f 72 22 3a 22 22 2c 22 53 74 61 72 74 65 64 |ror":"","Started|
|00000220| 41 74 22 3a 22 32 30 31 37 2d 31 31 2d 32 37 54 |At":"2017-11-27T|
|00000230| 32 31 3a 30 39 3a 30 36 2e 37 34 37 30 36 37 33 |21:09:06.7470673|
|00000240| 38 38 5a 22 2c 22 46 69 6e 69 73 68 65 64 41 74 |88Z","FinishedAt|
|00000250| 22 3a 22 30 30 30 31 2d 30 31 2d 30 31 54 30 30 |":"0001-01-01T00|
|00000260| 3a 30 30 3a 30 30 5a 22 7d 2c 22 49 6d 61 67 65 |:00:00Z"},"Image|
|00000270| 22 3a 22 73 68 61 32 35 36 3a 37 39 61 30 30 38 |":"sha256:79a008|
|00000280| 62 32 35 39 36 32 65 31 61 31 34 33 65 30 32 62 |b25962e1a143e02b|
|00000290| 33 37 31 38 37 66 38 35 35 63 62 32 32 34 65 32 |37187f855cb224e2|
|000002a0| 32 30 33 62 39 34 63 63 39 66 38 37 65 38 31 66 |203b94cc9f87e81f|
|000002b0| 65 32 37 35 36 36 30 63 39 64 22 2c 22 52 65 73 |e275660c9d","Res|
|000002c0| 6f 6c 76 43 6f 6e 66 50 61 74 68 22 3a 22 2f 76 |olvConfPath":"/v|
|000002d0| 61 72 2f 6c 69 62 2f 64 6f 63 6b 65 72 2f 63 6f |ar/lib/docker/co|
|000002e0| 6e 74 61 69 6e 65 72 73 2f 37 36 30 61 31 31 63 |ntainers/760a11c|
|000002f0| 64 61 30 32 65 39 31 30 66 30 30 37 31 31 62 35 |da02e910f00711b5|
|00000300| 61 31 33 62 64 61 39 62 31 61 39 31 38 65 31 38 |a13bda9b1a918e18|
|00000310| 65 62 34 31 35 33 66 31 62 66 63 34 30 65 32 33 |eb4153f1bfc40e23|
|00000320| 65 31 36 61 64 61 35 63 63 2f 72 65 73 6f 6c 76 |e16ada5cc/resolv|
|00000330| 2e 63 6f 6e 66 22 2c 22 48 6f 73 74 6e 61 6d 65 |.conf","Hostname|
|00000340| 50 61 74 68 22 3a 22 2f 76 61 72 2f 6c 69 62 2f |Path":"/var/lib/|
|00000350| 64 6f 63 6b 65 72 2f 63 6f 6e 74 61 69 6e 65 72 |docker/container|
|00000360| 73 2f 37 36 30 61 31 31 63 64 61 30 32 65 39 31 |s/760a11cda02e91|
|00000370| 30 66 30 30 37 31 31 62 35 61 31 33 62 64 61 39 |0f00711b5a13bda9|
|00000380| 62 31 61 39 31 38 65 31 38 65 62 34 31 35 33 66 |b1a918e18eb4153f|
|00000390| 31 62 66 63 34 30 65 32 33 65 31 36 61 64 61 35 |1bfc40e23e16ada5|
|000003a0| 63 63 2f 68 6f 73 74 6e 61 6d 65 22 2c 22 48 6f |cc/hostname","Ho|
|000003b0| 73 74 73 50 61 74 68 22 3a 22 2f 76 61 72 2f 6c |stsPath":"/var/l|
|000003c0| 69 62 2f 64 6f 63 6b 65 72 2f 63 6f 6e 74 61 69 |ib/docker/contai|
|000003d0| 6e 65 72 73 2f 37 36 30 61 31 31 63 64 61 30 32 |ners/760a11cda02|
|000003e0| 65 39 31 30 66 30 30 37 31 31 62 35 61 31 33 62 |e910f00711b5a13b|
|000003f0| 64 61 39 62 31 61 39 31 38 65 31 38 65 62 34 31 |da9b1a918e18eb41|
+--------+-------------------------------------------------+----------------+
2017-11-27 22:09:10.342 DEBUG   --- [rjava-netty-1-4] c.g.d.netty.NettyDockerCmdExecFactory$1  : [id: 0x0f5decfb, L:null - R:/var/run/docker.sock] READ: DefaultHttpResponse(decodeResult: success, version: HTTP/1.1)
HTTP/1.1 200 OK
Api-Version: 1.32
Content-Type: application/json
Date: Mon, 27 Nov 2017 21:09:06 GMT
Docker-Experimental: false
Ostype: linux
Server: Docker/17.09.0-ce (linux)
Transfer-Encoding: chunked
2017-11-27 22:09:10.342 DEBUG   --- [rjava-netty-1-4] c.g.d.netty.NettyDockerCmdExecFactory$1  : [id: 0x0f5decfb, L:null - R:/var/run/docker.sock] READ: DefaultHttpContent(data: PooledSlicedByteBuf(ridx: 0, widx: 805, cap: 805/805, unwrapped: PooledUnsafeDirectByteBuf(ridx: 1024, widx: 1024, cap: 1024)), decoderResult: success), 805B
         +-------------------------------------------------+
         |  0  1  2  3  4  5  6  7  8  9  a  b  c  d  e  f |
+--------+-------------------------------------------------+----------------+
|00000000| 7b 22 49 64 22 3a 22 37 36 30 61 31 31 63 64 61 |{"Id":"760a11cda|
|00000010| 30 32 65 39 31 30 66 30 30 37 31 31 62 35 61 31 |02e910f00711b5a1|
|00000020| 33 62 64 61 39 62 31 61 39 31 38 65 31 38 65 62 |3bda9b1a918e18eb|
|00000030| 34 31 35 33 66 31 62 66 63 34 30 65 32 33 65 31 |4153f1bfc40e23e1|
|00000040| 36 61 64 61 35 63 63 22 2c 22 43 72 65 61 74 65 |6ada5cc","Create|
|00000050| 64 22 3a 22 32 30 31 37 2d 31 31 2d 32 37 54 32 |d":"2017-11-27T2|
|00000060| 31 3a 30 39 3a 30 35 2e 36 30 36 37 39 38 31 30 |1:09:05.60679810|
|00000070| 32 5a 22 2c 22 50 61 74 68 22 3a 22 64 6f 63 6b |2Z","Path":"dock|
|00000080| 65 72 2d 65 6e 74 72 79 70 6f 69 6e 74 2e 73 68 |er-entrypoint.sh|
|00000090| 22 2c 22 41 72 67 73 22 3a 5b 22 72 61 62 62 69 |","Args":["rabbi|
|000000a0| 74 6d 71 2d 73 65 72 76 65 72 22 5d 2c 22 53 74 |tmq-server"],"St|
|000000b0| 61 74 65 22 3a 7b 22 53 74 61 74 75 73 22 3a 22 |ate":{"Status":"|
|000000c0| 72 75 6e 6e 69 6e 67 22 2c 22 52 75 6e 6e 69 6e |running","Runnin|
|000000d0| 67 22 3a 74 72 75 65 2c 22 50 61 75 73 65 64 22 |g":true,"Paused"|
|000000e0| 3a 66 61 6c 73 65 2c 22 52 65 73 74 61 72 74 69 |:false,"Restarti|
|000000f0| 6e 67 22 3a 66 61 6c 73 65 2c 22 4f 4f 4d 4b 69 |ng":false,"OOMKi|
|00000100| 6c 6c 65 64 22 3a 66 61 6c 73 65 2c 22 44 65 61 |lled":false,"Dea|
|00000110| 64 22 3a 66 61 6c 73 65 2c 22 50 69 64 22 3a 31 |d":false,"Pid":1|
|00000120| 35 38 38 39 2c 22 45 78 69 74 43 6f 64 65 22 3a |5889,"ExitCode":|
|00000130| 30 2c 22 45 72 72 6f 72 22 3a 22 22 2c 22 53 74 |0,"Error":"","St|
|00000140| 61 72 74 65 64 41 74 22 3a 22 32 30 31 37 2d 31 |artedAt":"2017-1|
|00000150| 31 2d 32 37 54 32 31 3a 30 39 3a 30 36 2e 37 34 |1-27T21:09:06.74|
|00000160| 37 30 36 37 33 38 38 5a 22 2c 22 46 69 6e 69 73 |7067388Z","Finis|
|00000170| 68 65 64 41 74 22 3a 22 30 30 30 31 2d 30 31 2d |hedAt":"0001-01-|
|00000180| 30 31 54 30 30 3a 30 30 3a 30 30 5a 22 7d 2c 22 |01T00:00:00Z"},"|
|00000190| 49 6d 61 67 65 22 3a 22 73 68 61 32 35 36 3a 37 |Image":"sha256:7|
|000001a0| 39 61 30 30 38 62 32 35 39 36 32 65 31 61 31 34 |9a008b25962e1a14|
|000001b0| 33 65 30 32 62 33 37 31 38 37 66 38 35 35 63 62 |3e02b37187f855cb|
|000001c0| 32 32 34 65 32 32 30 33 62 39 34 63 63 39 66 38 |224e2203b94cc9f8|
|000001d0| 37 65 38 31 66 65 32 37 35 36 36 30 63 39 64 22 |7e81fe275660c9d"|
|000001e0| 2c 22 52 65 73 6f 6c 76 43 6f 6e 66 50 61 74 68 |,"ResolvConfPath|
|000001f0| 22 3a 22 2f 76 61 72 2f 6c 69 62 2f 64 6f 63 6b |":"/var/lib/dock|
|00000200| 65 72 2f 63 6f 6e 74 61 69 6e 65 72 73 2f 37 36 |er/containers/76|
|00000210| 30 61 31 31 63 64 61 30 32 65 39 31 30 66 30 30 |0a11cda02e910f00|
|00000220| 37 31 31 62 35 61 31 33 62 64 61 39 62 31 61 39 |711b5a13bda9b1a9|
|00000230| 31 38 65 31 38 65 62 34 31 35 33 66 31 62 66 63 |18e18eb4153f1bfc|
|00000240| 34 30 65 32 33 65 31 36 61 64 61 35 63 63 2f 72 |40e23e16ada5cc/r|
|00000250| 65 73 6f 6c 76 2e 63 6f 6e 66 22 2c 22 48 6f 73 |esolv.conf","Hos|
|00000260| 74 6e 61 6d 65 50 61 74 68 22 3a 22 2f 76 61 72 |tnamePath":"/var|
|00000270| 2f 6c 69 62 2f 64 6f 63 6b 65 72 2f 63 6f 6e 74 |/lib/docker/cont|
|00000280| 61 69 6e 65 72 73 2f 37 36 30 61 31 31 63 64 61 |ainers/760a11cda|
|00000290| 30 32 65 39 31 30 66 30 30 37 31 31 62 35 61 31 |02e910f00711b5a1|
|000002a0| 33 62 64 61 39 62 31 61 39 31 38 65 31 38 65 62 |3bda9b1a918e18eb|
|000002b0| 34 31 35 33 66 31 62 66 63 34 30 65 32 33 65 31 |4153f1bfc40e23e1|
|000002c0| 36 61 64 61 35 63 63 2f 68 6f 73 74 6e 61 6d 65 |6ada5cc/hostname|
|000002d0| 22 2c 22 48 6f 73 74 73 50 61 74 68 22 3a 22 2f |","HostsPath":"/|
|000002e0| 76 61 72 2f 6c 69 62 2f 64 6f 63 6b 65 72 2f 63 |var/lib/docker/c|
|000002f0| 6f 6e 74 61 69 6e 65 72 73 2f 37 36 30 61 31 31 |ontainers/760a11|
|00000300| 63 64 61 30 32 65 39 31 30 66 30 30 37 31 31 62 |cda02e910f00711b|
|00000310| 35 61 31 33 62 64 61 39 62 31 61 39 31 38 65 31 |5a13bda9b1a918e1|
|00000320| 38 65 62 34 31                                  |8eb41           |
+--------+-------------------------------------------------+----------------+
2017-11-27 22:09:10.342 DEBUG   --- [rjava-netty-1-4] xecFactory$UnixDomainSocketInitializer$3 : [id: 0x0f5decfb, L:null - R:/var/run/docker.sock] READ COMPLETE
2017-11-27 22:09:10.342 DEBUG   --- [rjava-netty-1-4] c.g.d.netty.NettyDockerCmdExecFactory$1  : [id: 0x0f5decfb, L:null - R:/var/run/docker.sock] READ COMPLETE
2017-11-27 22:09:10.343 DEBUG   --- [rjava-netty-1-4] xecFactory$UnixDomainSocketInitializer$3 : [id: 0x0f5decfb, L:null - R:/var/run/docker.sock] READ: 3919B
         +-------------------------------------------------+
         |  0  1  2  3  4  5  6  7  8  9  a  b  c  d  e  f |
+--------+-------------------------------------------------+----------------+
|00000000| 35 33 66 31 62 66 63 34 30 65 32 33 65 31 36 61 |53f1bfc40e23e16a|
|00000010| 64 61 35 63 63 2f 68 6f 73 74 73 22 2c 22 4c 6f |da5cc/hosts","Lo|
|00000020| 67 50 61 74 68 22 3a 22 2f 76 61 72 2f 6c 69 62 |gPath":"/var/lib|
|00000030| 2f 64 6f 63 6b 65 72 2f 63 6f 6e 74 61 69 6e 65 |/docker/containe|
|00000040| 72 73 2f 37 36 30 61 31 31 63 64 61 30 32 65 39 |rs/760a11cda02e9|
|00000050| 31 30 66 30 30 37 31 31 62 35 61 31 33 62 64 61 |10f00711b5a13bda|
|00000060| 39 62 31 61 39 31 38 65 31 38 65 62 34 31 35 33 |9b1a918e18eb4153|
|00000070| 66 31 62 66 63 34 30 65 32 33 65 31 36 61 64 61 |f1bfc40e23e16ada|
|00000080| 35 63 63 2f 37 36 30 61 31 31 63 64 61 30 32 65 |5cc/760a11cda02e|
|00000090| 39 31 30 66 30 30 37 31 31 62 35 61 31 33 62 64 |910f00711b5a13bd|
|000000a0| 61 39 62 31 61 39 31 38 65 31 38 65 62 34 31 35 |a9b1a918e18eb415|
|000000b0| 33 66 31 62 66 63 34 30 65 32 33 65 31 36 61 64 |3f1bfc40e23e16ad|
|000000c0| 61 35 63 63 2d 6a 73 6f 6e 2e 6c 6f 67 22 2c 22 |a5cc-json.log","|
|000000d0| 4e 61 6d 65 22 3a 22 2f 64 69 73 74 72 61 63 74 |Name":"/distract|
|000000e0| 65 64 5f 62 65 6e 7a 22 2c 22 52 65 73 74 61 72 |ed_benz","Restar|
|000000f0| 74 43 6f 75 6e 74 22 3a 30 2c 22 44 72 69 76 65 |tCount":0,"Drive|
|00000100| 72 22 3a 22 61 75 66 73 22 2c 22 50 6c 61 74 66 |r":"aufs","Platf|
|00000110| 6f 72 6d 22 3a 22 6c 69 6e 75 78 22 2c 22 4d 6f |orm":"linux","Mo|
|00000120| 75 6e 74 4c 61 62 65 6c 22 3a 22 22 2c 22 50 72 |untLabel":"","Pr|
|00000130| 6f 63 65 73 73 4c 61 62 65 6c 22 3a 22 22 2c 22 |ocessLabel":"","|
|00000140| 41 70 70 41 72 6d 6f 72 50 72 6f 66 69 6c 65 22 |AppArmorProfile"|
|00000150| 3a 22 22 2c 22 45 78 65 63 49 44 73 22 3a 6e 75 |:"","ExecIDs":nu|
|00000160| 6c 6c 2c 22 48 6f 73 74 43 6f 6e 66 69 67 22 3a |ll,"HostConfig":|
|00000170| 7b 22 42 69 6e 64 73 22 3a 5b 5d 2c 22 43 6f 6e |{"Binds":[],"Con|
|00000180| 74 61 69 6e 65 72 49 44 46 69 6c 65 22 3a 22 22 |tainerIDFile":""|
|00000190| 2c 22 4c 6f 67 43 6f 6e 66 69 67 22 3a 7b 22 54 |,"LogConfig":{"T|
|000001a0| 79 70 65 22 3a 22 6a 73 6f 6e 2d 66 69 6c 65 22 |ype":"json-file"|
|000001b0| 2c 22 43 6f 6e 66 69 67 22 3a 7b 7d 7d 2c 22 4e |,"Config":{}},"N|
|000001c0| 65 74 77 6f 72 6b 4d 6f 64 65 22 3a 22 64 65 66 |etworkMode":"def|
|000001d0| 61 75 6c 74 22 2c 22 50 6f 72 74 42 69 6e 64 69 |ault","PortBindi|
|000001e0| 6e 67 73 22 3a 7b 7d 2c 22 52 65 73 74 61 72 74 |ngs":{},"Restart|
|000001f0| 50 6f 6c 69 63 79 22 3a 7b 22 4e 61 6d 65 22 3a |Policy":{"Name":|
|00000200| 22 22 2c 22 4d 61 78 69 6d 75 6d 52 65 74 72 79 |"","MaximumRetry|
|00000210| 43 6f 75 6e 74 22 3a 30 7d 2c 22 41 75 74 6f 52 |Count":0},"AutoR|
|00000220| 65 6d 6f 76 65 22 3a 66 61 6c 73 65 2c 22 56 6f |emove":false,"Vo|
|00000230| 6c 75 6d 65 44 72 69 76 65 72 22 3a 22 22 2c 22 |lumeDriver":"","|
|00000240| 56 6f 6c 75 6d 65 73 46 72 6f 6d 22 3a 5b 5d 2c |VolumesFrom":[],|
|00000250| 22 43 61 70 41 64 64 22 3a 6e 75 6c 6c 2c 22 43 |"CapAdd":null,"C|
|00000260| 61 70 44 72 6f 70 22 3a 6e 75 6c 6c 2c 22 44 6e |apDrop":null,"Dn|
|00000270| 73 22 3a 6e 75 6c 6c 2c 22 44 6e 73 4f 70 74 69 |s":null,"DnsOpti|
|00000280| 6f 6e 73 22 3a 6e 75 6c 6c 2c 22 44 6e 73 53 65 |ons":null,"DnsSe|
|00000290| 61 72 63 68 22 3a 6e 75 6c 6c 2c 22 45 78 74 72 |arch":null,"Extr|
|000002a0| 61 48 6f 73 74 73 22 3a 5b 5d 2c 22 47 72 6f 75 |aHosts":[],"Grou|
|000002b0| 70 41 64 64 22 3a 6e 75 6c 6c 2c 22 49 70 63 4d |pAdd":null,"IpcM|
|000002c0| 6f 64 65 22 3a 22 73 68 61 72 65 61 62 6c 65 22 |ode":"shareable"|
|000002d0| 2c 22 43 67 72 6f 75 70 22 3a 22 22 2c 22 4c 69 |,"Cgroup":"","Li|
|000002e0| 6e 6b 73 22 3a 6e 75 6c 6c 2c 22 4f 6f 6d 53 63 |nks":null,"OomSc|
|000002f0| 6f 72 65 41 64 6a 22 3a 30 2c 22 50 69 64 4d 6f |oreAdj":0,"PidMo|
|00000300| 64 65 22 3a 22 22 2c 22 50 72 69 76 69 6c 65 67 |de":"","Privileg|
|00000310| 65 64 22 3a 66 61 6c 73 65 2c 22 50 75 62 6c 69 |ed":false,"Publi|
|00000320| 73 68 41 6c 6c 50 6f 72 74 73 22 3a 74 72 75 65 |shAllPorts":true|
|00000330| 2c 22 52 65 61 64 6f 6e 6c 79 52 6f 6f 74 66 73 |,"ReadonlyRootfs|
|00000340| 22 3a 66 61 6c 73 65 2c 22 53 65 63 75 72 69 74 |":false,"Securit|
|00000350| 79 4f 70 74 22 3a 6e 75 6c 6c 2c 22 55 54 53 4d |yOpt":null,"UTSM|
|00000360| 6f 64 65 22 3a 22 22 2c 22 55 73 65 72 6e 73 4d |ode":"","UsernsM|
|00000370| 6f 64 65 22 3a 22 22 2c 22 53 68 6d 53 69 7a 65 |ode":"","ShmSize|
|00000380| 22 3a 36 37 31 30 38 38 36 34 2c 22 52 75 6e 74 |":67108864,"Runt|
|00000390| 69 6d 65 22 3a 22 72 75 6e 63 22 2c 22 43 6f 6e |ime":"runc","Con|
|000003a0| 73 6f 6c 65 53 69 7a 65 22 3a 5b 30 2c 30 5d 2c |soleSize":[0,0],|
|000003b0| 22 49 73 6f 6c 61 74 69 6f 6e 22 3a 22 22 2c 22 |"Isolation":"","|
|000003c0| 43 70 75 53 68 61 72 65 73 22 3a 30 2c 22 4d 65 |CpuShares":0,"Me|
|000003d0| 6d 6f 72 79 22 3a 30 2c 22 4e 61 6e 6f 43 70 75 |mory":0,"NanoCpu|
|000003e0| 73 22 3a 30 2c 22 43 67 72 6f 75 70 50 61 72 65 |s":0,"CgroupPare|
|000003f0| 6e 74 22 3a 22 22 2c 22 42 6c 6b 69 6f 57 65 69 |nt":"","BlkioWei|
|00000400| 67 68 74 22 3a 30 2c 22 42 6c 6b 69 6f 57 65 69 |ght":0,"BlkioWei|
|00000410| 67 68 74 44 65 76 69 63 65 22 3a 6e 75 6c 6c 2c |ghtDevice":null,|
|00000420| 22 42 6c 6b 69 6f 44 65 76 69 63 65 52 65 61 64 |"BlkioDeviceRead|
|00000430| 42 70 73 22 3a 6e 75 6c 6c 2c 22 42 6c 6b 69 6f |Bps":null,"Blkio|
|00000440| 44 65 76 69 63 65 57 72 69 74 65 42 70 73 22 3a |DeviceWriteBps":|
|00000450| 6e 75 6c 6c 2c 22 42 6c 6b 69 6f 44 65 76 69 63 |null,"BlkioDevic|
|00000460| 65 52 65 61 64 49 4f 70 73 22 3a 6e 75 6c 6c 2c |eReadIOps":null,|
|00000470| 22 42 6c 6b 69 6f 44 65 76 69 63 65 57 72 69 74 |"BlkioDeviceWrit|
|00000480| 65 49 4f 70 73 22 3a 6e 75 6c 6c 2c 22 43 70 75 |eIOps":null,"Cpu|
|00000490| 50 65 72 69 6f 64 22 3a 30 2c 22 43 70 75 51 75 |Period":0,"CpuQu|
|000004a0| 6f 74 61 22 3a 30 2c 22 43 70 75 52 65 61 6c 74 |ota":0,"CpuRealt|
|000004b0| 69 6d 65 50 65 72 69 6f 64 22 3a 30 2c 22 43 70 |imePeriod":0,"Cp|
|000004c0| 75 52 65 61 6c 74 69 6d 65 52 75 6e 74 69 6d 65 |uRealtimeRuntime|
|000004d0| 22 3a 30 2c 22 43 70 75 73 65 74 43 70 75 73 22 |":0,"CpusetCpus"|
|000004e0| 3a 22 22 2c 22 43 70 75 73 65 74 4d 65 6d 73 22 |:"","CpusetMems"|
|000004f0| 3a 22 22 2c 22 44 65 76 69 63 65 73 22 3a 6e 75 |:"","Devices":nu|
|00000500| 6c 6c 2c 22 44 65 76 69 63 65 43 67 72 6f 75 70 |ll,"DeviceCgroup|
|00000510| 52 75 6c 65 73 22 3a 6e 75 6c 6c 2c 22 44 69 73 |Rules":null,"Dis|
|00000520| 6b 51 75 6f 74 61 22 3a 30 2c 22 4b 65 72 6e 65 |kQuota":0,"Kerne|
|00000530| 6c 4d 65 6d 6f 72 79 22 3a 30 2c 22 4d 65 6d 6f |lMemory":0,"Memo|
|00000540| 72 79 52 65 73 65 72 76 61 74 69 6f 6e 22 3a 30 |ryReservation":0|
|00000550| 2c 22 4d 65 6d 6f 72 79 53 77 61 70 22 3a 30 2c |,"MemorySwap":0,|
|00000560| 22 4d 65 6d 6f 72 79 53 77 61 70 70 69 6e 65 73 |"MemorySwappines|
|00000570| 73 22 3a 6e 75 6c 6c 2c 22 4f 6f 6d 4b 69 6c 6c |s":null,"OomKill|
|00000580| 44 69 73 61 62 6c 65 22 3a 66 61 6c 73 65 2c 22 |Disable":false,"|
|00000590| 50 69 64 73 4c 69 6d 69 74 22 3a 30 2c 22 55 6c |PidsLimit":0,"Ul|
|000005a0| 69 6d 69 74 73 22 3a 6e 75 6c 6c 2c 22 43 70 75 |imits":null,"Cpu|
|000005b0| 43 6f 75 6e 74 22 3a 30 2c 22 43 70 75 50 65 72 |Count":0,"CpuPer|
|000005c0| 63 65 6e 74 22 3a 30 2c 22 49 4f 4d 61 78 69 6d |cent":0,"IOMaxim|
|000005d0| 75 6d 49 4f 70 73 22 3a 30 2c 22 49 4f 4d 61 78 |umIOps":0,"IOMax|
|000005e0| 69 6d 75 6d 42 61 6e 64 77 69 64 74 68 22 3a 30 |imumBandwidth":0|
|000005f0| 7d 2c 22 47 72 61 70 68 44 72 69 76 65 72 22 3a |},"GraphDriver":|
|00000600| 7b 22 44 61 74 61 22 3a 6e 75 6c 6c 2c 22 4e 61 |{"Data":null,"Na|
|00000610| 6d 65 22 3a 22 61 75 66 73 22 7d 2c 22 4d 6f 75 |me":"aufs"},"Mou|
|00000620| 6e 74 73 22 3a 5b 7b 22 54 79 70 65 22 3a 22 76 |nts":[{"Type":"v|
|00000630| 6f 6c 75 6d 65 22 2c 22 4e 61 6d 65 22 3a 22 65 |olume","Name":"e|
|00000640| 64 33 30 66 34 65 64 39 63 37 31 31 66 32 32 63 |d30f4ed9c711f22c|
|00000650| 62 63 66 30 31 39 66 31 33 36 39 62 61 36 63 33 |bcf019f1369ba6c3|
|00000660| 63 64 35 62 66 36 30 61 35 66 64 31 34 30 39 65 |cd5bf60a5fd1409e|
|00000670| 30 61 39 61 62 61 61 38 34 30 61 63 33 63 32 22 |0a9abaa840ac3c2"|
|00000680| 2c 22 53 6f 75 72 63 65 22 3a 22 2f 76 61 72 2f |,"Source":"/var/|
|00000690| 6c 69 62 2f 64 6f 63 6b 65 72 2f 76 6f 6c 75 6d |lib/docker/volum|
|000006a0| 65 73 2f 65 64 33 30 66 34 65 64 39 63 37 31 31 |es/ed30f4ed9c711|
|000006b0| 66 32 32 63 62 63 66 30 31 39 66 31 33 36 39 62 |f22cbcf019f1369b|
|000006c0| 61 36 63 33 63 64 35 62 66 36 30 61 35 66 64 31 |a6c3cd5bf60a5fd1|
|000006d0| 34 30 39 65 30 61 39 61 62 61 61 38 34 30 61 63 |409e0a9abaa840ac|
|000006e0| 33 63 32 2f 5f 64 61 74 61 22 2c 22 44 65 73 74 |3c2/_data","Dest|
|000006f0| 69 6e 61 74 69 6f 6e 22 3a 22 2f 76 61 72 2f 6c |ination":"/var/l|
|00000700| 69 62 2f 72 61 62 62 69 74 6d 71 22 2c 22 44 72 |ib/rabbitmq","Dr|
|00000710| 69 76 65 72 22 3a 22 6c 6f 63 61 6c 22 2c 22 4d |iver":"local","M|
|00000720| 6f 64 65 22 3a 22 22 2c 22 52 57 22 3a 74 72 75 |ode":"","RW":tru|
|00000730| 65 2c 22 50 72 6f 70 61 67 61 74 69 6f 6e 22 3a |e,"Propagation":|
|00000740| 22 22 7d 5d 2c 22 43 6f 6e 66 69 67 22 3a 7b 22 |""}],"Config":{"|
|00000750| 48 6f 73 74 6e 61 6d 65 22 3a 22 37 36 30 61 31 |Hostname":"760a1|
|00000760| 31 63 64 61 30 32 65 22 2c 22 44 6f 6d 61 69 6e |1cda02e","Domain|
|00000770| 6e 61 6d 65 22 3a 22 22 2c 22 55 73 65 72 22 3a |name":"","User":|
|00000780| 22 22 2c 22 41 74 74 61 63 68 53 74 64 69 6e 22 |"","AttachStdin"|
|00000790| 3a 66 61 6c 73 65 2c 22 41 74 74 61 63 68 53 74 |:false,"AttachSt|
|000007a0| 64 6f 75 74 22 3a 66 61 6c 73 65 2c 22 41 74 74 |dout":false,"Att|
|000007b0| 61 63 68 53 74 64 65 72 72 22 3a 66 61 6c 73 65 |achStderr":false|
|000007c0| 2c 22 45 78 70 6f 73 65 64 50 6f 72 74 73 22 3a |,"ExposedPorts":|
|000007d0| 7b 22 32 35 36 37 32 2f 74 63 70 22 3a 7b 7d 2c |{"25672/tcp":{},|
|000007e0| 22 34 33 36 39 2f 74 63 70 22 3a 7b 7d 2c 22 35 |"4369/tcp":{},"5|
|000007f0| 36 37 31 2f 74 63 70 22 3a 7b 7d 2c 22 35 36 37 |671/tcp":{},"567|
|00000800| 32 2f 74 63 70 22 3a 7b 7d 7d 2c 22 54 74 79 22 |2/tcp":{}},"Tty"|
|00000810| 3a 66 61 6c 73 65 2c 22 4f 70 65 6e 53 74 64 69 |:false,"OpenStdi|
|00000820| 6e 22 3a 66 61 6c 73 65 2c 22 53 74 64 69 6e 4f |n":false,"StdinO|
|00000830| 6e 63 65 22 3a 66 61 6c 73 65 2c 22 45 6e 76 22 |nce":false,"Env"|
|00000840| 3a 5b 22 52 41 42 42 49 54 4d 51 5f 55 53 45 52 |:["RABBITMQ_USER|
|00000850| 3d 67 75 65 73 74 22 2c 22 52 41 42 42 49 54 4d |=guest","RABBITM|
|00000860| 51 5f 50 41 53 53 57 4f 52 44 3d 67 75 65 73 74 |Q_PASSWORD=guest|
|00000870| 22 2c 22 6e 6f 5f 70 72 6f 78 79 3d 2a 2e 6c 6f |","no_proxy=*.lo|
|00000880| 63 61 6c 2c 20 31 36 39 2e 32 35 34 2f 31 36 22 |cal, 169.254/16"|
|00000890| 2c 22 50 41 54 48 3d 2f 75 73 72 2f 6c 69 62 2f |,"PATH=/usr/lib/|
|000008a0| 72 61 62 62 69 74 6d 71 2f 62 69 6e 3a 2f 75 73 |rabbitmq/bin:/us|
|000008b0| 72 2f 6c 6f 63 61 6c 2f 73 62 69 6e 3a 2f 75 73 |r/local/sbin:/us|
|000008c0| 72 2f 6c 6f 63 61 6c 2f 62 69 6e 3a 2f 75 73 72 |r/local/bin:/usr|
|000008d0| 2f 73 62 69 6e 3a 2f 75 73 72 2f 62 69 6e 3a 2f |/sbin:/usr/bin:/|
|000008e0| 73 62 69 6e 3a 2f 62 69 6e 22 2c 22 47 4f 53 55 |sbin:/bin","GOSU|
|000008f0| 5f 56 45 52 53 49 4f 4e 3d 31 2e 31 30 22 2c 22 |_VERSION=1.10","|
|00000900| 52 41 42 42 49 54 4d 51 5f 4c 4f 47 53 3d 2d 22 |RABBITMQ_LOGS=-"|
|00000910| 2c 22 52 41 42 42 49 54 4d 51 5f 53 41 53 4c 5f |,"RABBITMQ_SASL_|
|00000920| 4c 4f 47 53 3d 2d 22 2c 22 52 41 42 42 49 54 4d |LOGS=-","RABBITM|
|00000930| 51 5f 47 50 47 5f 4b 45 59 3d 30 41 39 41 46 32 |Q_GPG_KEY=0A9AF2|
|00000940| 31 31 35 46 34 36 38 37 42 44 32 39 38 30 33 41 |115F4687BD29803A|
|00000950| 32 30 36 42 37 33 41 33 36 45 36 30 32 36 44 46 |206B73A36E6026DF|
|00000960| 43 41 22 2c 22 52 41 42 42 49 54 4d 51 5f 56 45 |CA","RABBITMQ_VE|
|00000970| 52 53 49 4f 4e 3d 33 2e 36 2e 31 34 22 2c 22 52 |RSION=3.6.14","R|
|00000980| 41 42 42 49 54 4d 51 5f 47 49 54 48 55 42 5f 54 |ABBITMQ_GITHUB_T|
|00000990| 41 47 3d 72 61 62 62 69 74 6d 71 5f 76 33 5f 36 |AG=rabbitmq_v3_6|
|000009a0| 5f 31 34 22 2c 22 52 41 42 42 49 54 4d 51 5f 44 |_14","RABBITMQ_D|
|000009b0| 45 42 49 41 4e 5f 56 45 52 53 49 4f 4e 3d 33 2e |EBIAN_VERSION=3.|
|000009c0| 36 2e 31 34 2d 31 22 2c 22 48 4f 4d 45 3d 2f 76 |6.14-1","HOME=/v|
|000009d0| 61 72 2f 6c 69 62 2f 72 61 62 62 69 74 6d 71 22 |ar/lib/rabbitmq"|
|000009e0| 5d 2c 22 43 6d 64 22 3a 5b 22 72 61 62 62 69 74 |],"Cmd":["rabbit|
|000009f0| 6d 71 2d 73 65 72 76 65 72 22 5d 2c 22 41 72 67 |mq-server"],"Arg|
|00000a00| 73 45 73 63 61 70 65 64 22 3a 74 72 75 65 2c 22 |sEscaped":true,"|
|00000a10| 49 6d 61 67 65 22 3a 22 72 61 62 62 69 74 6d 71 |Image":"rabbitmq|
|00000a20| 3a 33 2e 36 2e 31 34 22 2c 22 56 6f 6c 75 6d 65 |:3.6.14","Volume|
|00000a30| 73 22 3a 7b 22 2f 76 61 72 2f 6c 69 62 2f 72 61 |s":{"/var/lib/ra|
|00000a40| 62 62 69 74 6d 71 22 3a 7b 7d 7d 2c 22 57 6f 72 |bbitmq":{}},"Wor|
|00000a50| 6b 69 6e 67 44 69 72 22 3a 22 22 2c 22 45 6e 74 |kingDir":"","Ent|
|00000a60| 72 79 70 6f 69 6e 74 22 3a 5b 22 64 6f 63 6b 65 |rypoint":["docke|
|00000a70| 72 2d 65 6e 74 72 79 70 6f 69 6e 74 2e 73 68 22 |r-entrypoint.sh"|
|00000a80| 5d 2c 22 4f 6e 42 75 69 6c 64 22 3a 6e 75 6c 6c |],"OnBuild":null|
|00000a90| 2c 22 4c 61 62 65 6c 73 22 3a 7b 22 6f 72 67 2e |,"Labels":{"org.|
|00000aa0| 74 65 73 74 63 6f 6e 74 61 69 6e 65 72 73 22 3a |testcontainers":|
|00000ab0| 22 74 72 75 65 22 7d 7d 2c 22 4e 65 74 77 6f 72 |"true"}},"Networ|
|00000ac0| 6b 53 65 74 74 69 6e 67 73 22 3a 7b 22 42 72 69 |kSettings":{"Bri|
|00000ad0| 64 67 65 22 3a 22 22 2c 22 53 61 6e 64 62 6f 78 |dge":"","Sandbox|
|00000ae0| 49 44 22 3a 22 38 66 38 35 65 33 63 65 66 39 62 |ID":"8f85e3cef9b|
|00000af0| 32 66 39 39 31 63 39 36 30 30 35 61 32 38 64 36 |2f991c96005a28d6|
|00000b00| 65 63 35 32 64 63 34 35 33 33 33 64 63 65 37 38 |ec52dc45333dce78|
|00000b10| 38 37 36 64 30 39 37 65 63 31 32 38 66 39 39 36 |876d097ec128f996|
|00000b20| 37 33 38 36 64 22 2c 22 48 61 69 72 70 69 6e 4d |7386d","HairpinM|
|00000b30| 6f 64 65 22 3a 66 61 6c 73 65 2c 22 4c 69 6e 6b |ode":false,"Link|
|00000b40| 4c 6f 63 61 6c 49 50 76 36 41 64 64 72 65 73 73 |LocalIPv6Address|
|00000b50| 22 3a 22 22 2c 22 4c 69 6e 6b 4c 6f 63 61 6c 49 |":"","LinkLocalI|
|00000b60| 50 76 36 50 72 65 66 69 78 4c 65 6e 22 3a 30 2c |Pv6PrefixLen":0,|
|00000b70| 22 50 6f 72 74 73 22 3a 7b 22 32 35 36 37 32 2f |"Ports":{"25672/|
|00000b80| 74 63 70 22 3a 5b 7b 22 48 6f 73 74 49 70 22 3a |tcp":[{"HostIp":|
|00000b90| 22 30 2e 30 2e 30 2e 30 22 2c 22 48 6f 73 74 50 |"0.0.0.0","HostP|
|00000ba0| 6f 72 74 22 3a 22 33 32 39 36 36 22 7d 5d 2c 22 |ort":"32966"}],"|
|00000bb0| 34 33 36 39 2f 74 63 70 22 3a 5b 7b 22 48 6f 73 |4369/tcp":[{"Hos|
|00000bc0| 74 49 70 22 3a 22 30 2e 30 2e 30 2e 30 22 2c 22 |tIp":"0.0.0.0","|
|00000bd0| 48 6f 73 74 50 6f 72 74 22 3a 22 33 32 39 36 39 |HostPort":"32969|
|00000be0| 22 7d 5d 2c 22 35 36 37 31 2f 74 63 70 22 3a 5b |"}],"5671/tcp":[|
|00000bf0| 7b 22 48 6f 73 74 49 70 22 3a 22 30 2e 30 2e 30 |{"HostIp":"0.0.0|
|00000c00| 2e 30 22 2c 22 48 6f 73 74 50 6f 72 74 22 3a 22 |.0","HostPort":"|
|00000c10| 33 32 39 36 38 22 7d 5d 2c 22 35 36 37 32 2f 74 |32968"}],"5672/t|
|00000c20| 63 70 22 3a 5b 7b 22 48 6f 73 74 49 70 22 3a 22 |cp":[{"HostIp":"|
|00000c30| 30 2e 30 2e 30 2e 30 22 2c 22 48 6f 73 74 50 6f |0.0.0.0","HostPo|
|00000c40| 72 74 22 3a 22 33 32 39 36 37 22 7d 5d 7d 2c 22 |rt":"32967"}]},"|
|00000c50| 53 61 6e 64 62 6f 78 4b 65 79 22 3a 22 2f 76 61 |SandboxKey":"/va|
|00000c60| 72 2f 72 75 6e 2f 64 6f 63 6b 65 72 2f 6e 65 74 |r/run/docker/net|
|00000c70| 6e 73 2f 38 66 38 35 65 33 63 65 66 39 62 32 22 |ns/8f85e3cef9b2"|
|00000c80| 2c 22 53 65 63 6f 6e 64 61 72 79 49 50 41 64 64 |,"SecondaryIPAdd|
|00000c90| 72 65 73 73 65 73 22 3a 6e 75 6c 6c 2c 22 53 65 |resses":null,"Se|
|00000ca0| 63 6f 6e 64 61 72 79 49 50 76 36 41 64 64 72 65 |condaryIPv6Addre|
|00000cb0| 73 73 65 73 22 3a 6e 75 6c 6c 2c 22 45 6e 64 70 |sses":null,"Endp|
|00000cc0| 6f 69 6e 74 49 44 22 3a 22 61 38 30 65 33 33 34 |ointID":"a80e334|
|00000cd0| 39 64 38 64 61 66 31 37 64 35 32 30 31 33 64 64 |9d8daf17d52013dd|
|00000ce0| 37 64 30 63 62 66 32 31 34 31 64 30 35 30 32 64 |7d0cbf2141d0502d|
|00000cf0| 33 34 37 61 31 30 61 39 64 36 65 33 32 31 66 39 |347a10a9d6e321f9|
|00000d00| 64 38 62 32 37 61 32 65 34 22 2c 22 47 61 74 65 |d8b27a2e4","Gate|
|00000d10| 77 61 79 22 3a 22 31 37 32 2e 31 37 2e 30 2e 31 |way":"172.17.0.1|
|00000d20| 22 2c 22 47 6c 6f 62 61 6c 49 50 76 36 41 64 64 |","GlobalIPv6Add|
|00000d30| 72 65 73 73 22 3a 22 22 2c 22 47 6c 6f 62 61 6c |ress":"","Global|
|00000d40| 49 50 76 36 50 72 65 66 69 78 4c 65 6e 22 3a 30 |IPv6PrefixLen":0|
|00000d50| 2c 22 49 50 41 64 64 72 65 73 73 22 3a 22 31 37 |,"IPAddress":"17|
|00000d60| 32 2e 31 37 2e 30 2e 33 22 2c 22 49 50 50 72 65 |2.17.0.3","IPPre|
|00000d70| 66 69 78 4c 65 6e 22 3a 31 36 2c 22 49 50 76 36 |fixLen":16,"IPv6|
|00000d80| 47 61 74 65 77 61 79 22 3a 22 22 2c 22 4d 61 63 |Gateway":"","Mac|
|00000d90| 41 64 64 72 65 73 73 22 3a 22 30 32 3a 34 32 3a |Address":"02:42:|
|00000da0| 61 63 3a 31 31 3a 30 30 3a 30 33 22 2c 22 4e 65 |ac:11:00:03","Ne|
|00000db0| 74 77 6f 72 6b 73 22 3a 7b 22 62 72 69 64 67 65 |tworks":{"bridge|
|00000dc0| 22 3a 7b 22 49 50 41 4d 43 6f 6e 66 69 67 22 3a |":{"IPAMConfig":|
|00000dd0| 6e 75 6c 6c 2c 22 4c 69 6e 6b 73 22 3a 6e 75 6c |null,"Links":nul|
|00000de0| 6c 2c 22 41 6c 69 61 73 65 73 22 3a 6e 75 6c 6c |l,"Aliases":null|
|00000df0| 2c 22 4e 65 74 77 6f 72 6b 49 44 22 3a 22 39 66 |,"NetworkID":"9f|
|00000e00| 65 38 62 39 32 64 61 66 63 30 35 34 34 36 33 33 |e8b92dafc0544633|
|00000e10| 37 39 64 39 34 35 38 61 64 65 37 37 64 35 31 61 |79d9458ade77d51a|
|00000e20| 34 61 62 39 30 61 64 31 33 65 35 34 61 65 32 31 |4ab90ad13e54ae21|
|00000e30| 61 31 38 64 36 35 66 66 32 63 30 37 63 61 22 2c |a18d65ff2c07ca",|
|00000e40| 22 45 6e 64 70 6f 69 6e 74 49 44 22 3a 22 61 38 |"EndpointID":"a8|
|00000e50| 30 65 33 33 34 39 64 38 64 61 66 31 37 64 35 32 |0e3349d8daf17d52|
|00000e60| 30 31 33 64 64 37 64 30 63 62 66 32 31 34 31 64 |013dd7d0cbf2141d|
|00000e70| 30 35 30 32 64 33 34 37 61 31 30 61 39 64 36 65 |0502d347a10a9d6e|
|00000e80| 33 32 31 66 39 64 38 62 32 37 61 32 65 34 22 2c |321f9d8b27a2e4",|
|00000e90| 22 47 61 74 65 77 61 79 22 3a 22 31 37 32 2e 31 |"Gateway":"172.1|
|00000ea0| 37 2e 30 2e 31 22 2c 22 49 50 41 64 64 72 65 73 |7.0.1","IPAddres|
|00000eb0| 73 22 3a 22 31 37 32 2e 31 37 2e 30 2e 33 22 2c |s":"172.17.0.3",|
|00000ec0| 22 49 50 50 72 65 66 69 78 4c 65 6e 22 3a 31 36 |"IPPrefixLen":16|
|00000ed0| 2c 22 49 50 76 36 47 61 74 65 77 61 79 22 3a 22 |,"IPv6Gateway":"|
|00000ee0| 22 2c 22 47 6c 6f 62 61 6c 49 50 76 36 41 64 64 |","GlobalIPv6Add|
|00000ef0| 72 65 73 73 22 3a 22 22 2c 22 47 6c 6f 62 61 6c |ress":"","Global|
|00000f00| 49 50 76 36 50 72 65 66 69 78 4c 65 6e 22 3a 30 |IPv6PrefixLen":0|
|00000f10| 2c 22 4d 61 63 41 64 64 72 65 73 73 22 3a 22 30 |,"MacAddress":"0|
|00000f20| 32 3a 34 32 3a 61 63 3a 31 31 3a 30 30 3a 30 33 |2:42:ac:11:00:03|
|00000f30| 22 2c 22 44 72 69 76 65 72 4f 70 74 73 22 3a 6e |","DriverOpts":n|
|00000f40| 75 6c 6c 7d 7d 7d 7d 0a 0d 0a 30 0d 0a 0d 0a    |ull}}}}...0.... |
+--------+-------------------------------------------------+----------------+
2017-11-27 22:09:10.344 DEBUG   --- [rjava-netty-1-4] c.g.d.netty.NettyDockerCmdExecFactory$1  : [id: 0x0f5decfb, L:null - R:/var/run/docker.sock] READ: DefaultHttpContent(data: PooledSlicedByteBuf(ridx: 0, widx: 3912, cap: 3912/3912, unwrapped: PooledUnsafeDirectByteBuf(ridx: 3914, widx: 3919, cap: 16384)), decoderResult: success), 3912B
         +-------------------------------------------------+
         |  0  1  2  3  4  5  6  7  8  9  a  b  c  d  e  f |
+--------+-------------------------------------------------+----------------+
|00000000| 35 33 66 31 62 66 63 34 30 65 32 33 65 31 36 61 |53f1bfc40e23e16a|
|00000010| 64 61 35 63 63 2f 68 6f 73 74 73 22 2c 22 4c 6f |da5cc/hosts","Lo|
|00000020| 67 50 61 74 68 22 3a 22 2f 76 61 72 2f 6c 69 62 |gPath":"/var/lib|
|00000030| 2f 64 6f 63 6b 65 72 2f 63 6f 6e 74 61 69 6e 65 |/docker/containe|
|00000040| 72 73 2f 37 36 30 61 31 31 63 64 61 30 32 65 39 |rs/760a11cda02e9|
|00000050| 31 30 66 30 30 37 31 31 62 35 61 31 33 62 64 61 |10f00711b5a13bda|
|00000060| 39 62 31 61 39 31 38 65 31 38 65 62 34 31 35 33 |9b1a918e18eb4153|
|00000070| 66 31 62 66 63 34 30 65 32 33 65 31 36 61 64 61 |f1bfc40e23e16ada|
|00000080| 35 63 63 2f 37 36 30 61 31 31 63 64 61 30 32 65 |5cc/760a11cda02e|
|00000090| 39 31 30 66 30 30 37 31 31 62 35 61 31 33 62 64 |910f00711b5a13bd|
|000000a0| 61 39 62 31 61 39 31 38 65 31 38 65 62 34 31 35 |a9b1a918e18eb415|
|000000b0| 33 66 31 62 66 63 34 30 65 32 33 65 31 36 61 64 |3f1bfc40e23e16ad|
|000000c0| 61 35 63 63 2d 6a 73 6f 6e 2e 6c 6f 67 22 2c 22 |a5cc-json.log","|
|000000d0| 4e 61 6d 65 22 3a 22 2f 64 69 73 74 72 61 63 74 |Name":"/distract|
|000000e0| 65 64 5f 62 65 6e 7a 22 2c 22 52 65 73 74 61 72 |ed_benz","Restar|
|000000f0| 74 43 6f 75 6e 74 22 3a 30 2c 22 44 72 69 76 65 |tCount":0,"Drive|
|00000100| 72 22 3a 22 61 75 66 73 22 2c 22 50 6c 61 74 66 |r":"aufs","Platf|
|00000110| 6f 72 6d 22 3a 22 6c 69 6e 75 78 22 2c 22 4d 6f |orm":"linux","Mo|
|00000120| 75 6e 74 4c 61 62 65 6c 22 3a 22 22 2c 22 50 72 |untLabel":"","Pr|
|00000130| 6f 63 65 73 73 4c 61 62 65 6c 22 3a 22 22 2c 22 |ocessLabel":"","|
|00000140| 41 70 70 41 72 6d 6f 72 50 72 6f 66 69 6c 65 22 |AppArmorProfile"|
|00000150| 3a 22 22 2c 22 45 78 65 63 49 44 73 22 3a 6e 75 |:"","ExecIDs":nu|
|00000160| 6c 6c 2c 22 48 6f 73 74 43 6f 6e 66 69 67 22 3a |ll,"HostConfig":|
|00000170| 7b 22 42 69 6e 64 73 22 3a 5b 5d 2c 22 43 6f 6e |{"Binds":[],"Con|
|00000180| 74 61 69 6e 65 72 49 44 46 69 6c 65 22 3a 22 22 |tainerIDFile":""|
|00000190| 2c 22 4c 6f 67 43 6f 6e 66 69 67 22 3a 7b 22 54 |,"LogConfig":{"T|
|000001a0| 79 70 65 22 3a 22 6a 73 6f 6e 2d 66 69 6c 65 22 |ype":"json-file"|
|000001b0| 2c 22 43 6f 6e 66 69 67 22 3a 7b 7d 7d 2c 22 4e |,"Config":{}},"N|
|000001c0| 65 74 77 6f 72 6b 4d 6f 64 65 22 3a 22 64 65 66 |etworkMode":"def|
|000001d0| 61 75 6c 74 22 2c 22 50 6f 72 74 42 69 6e 64 69 |ault","PortBindi|
|000001e0| 6e 67 73 22 3a 7b 7d 2c 22 52 65 73 74 61 72 74 |ngs":{},"Restart|
|000001f0| 50 6f 6c 69 63 79 22 3a 7b 22 4e 61 6d 65 22 3a |Policy":{"Name":|
|00000200| 22 22 2c 22 4d 61 78 69 6d 75 6d 52 65 74 72 79 |"","MaximumRetry|
|00000210| 43 6f 75 6e 74 22 3a 30 7d 2c 22 41 75 74 6f 52 |Count":0},"AutoR|
|00000220| 65 6d 6f 76 65 22 3a 66 61 6c 73 65 2c 22 56 6f |emove":false,"Vo|
|00000230| 6c 75 6d 65 44 72 69 76 65 72 22 3a 22 22 2c 22 |lumeDriver":"","|
|00000240| 56 6f 6c 75 6d 65 73 46 72 6f 6d 22 3a 5b 5d 2c |VolumesFrom":[],|
|00000250| 22 43 61 70 41 64 64 22 3a 6e 75 6c 6c 2c 22 43 |"CapAdd":null,"C|
|00000260| 61 70 44 72 6f 70 22 3a 6e 75 6c 6c 2c 22 44 6e |apDrop":null,"Dn|
|00000270| 73 22 3a 6e 75 6c 6c 2c 22 44 6e 73 4f 70 74 69 |s":null,"DnsOpti|
|00000280| 6f 6e 73 22 3a 6e 75 6c 6c 2c 22 44 6e 73 53 65 |ons":null,"DnsSe|
|00000290| 61 72 63 68 22 3a 6e 75 6c 6c 2c 22 45 78 74 72 |arch":null,"Extr|
|000002a0| 61 48 6f 73 74 73 22 3a 5b 5d 2c 22 47 72 6f 75 |aHosts":[],"Grou|
|000002b0| 70 41 64 64 22 3a 6e 75 6c 6c 2c 22 49 70 63 4d |pAdd":null,"IpcM|
|000002c0| 6f 64 65 22 3a 22 73 68 61 72 65 61 62 6c 65 22 |ode":"shareable"|
|000002d0| 2c 22 43 67 72 6f 75 70 22 3a 22 22 2c 22 4c 69 |,"Cgroup":"","Li|
|000002e0| 6e 6b 73 22 3a 6e 75 6c 6c 2c 22 4f 6f 6d 53 63 |nks":null,"OomSc|
|000002f0| 6f 72 65 41 64 6a 22 3a 30 2c 22 50 69 64 4d 6f |oreAdj":0,"PidMo|
|00000300| 64 65 22 3a 22 22 2c 22 50 72 69 76 69 6c 65 67 |de":"","Privileg|
|00000310| 65 64 22 3a 66 61 6c 73 65 2c 22 50 75 62 6c 69 |ed":false,"Publi|
|00000320| 73 68 41 6c 6c 50 6f 72 74 73 22 3a 74 72 75 65 |shAllPorts":true|
|00000330| 2c 22 52 65 61 64 6f 6e 6c 79 52 6f 6f 74 66 73 |,"ReadonlyRootfs|
|00000340| 22 3a 66 61 6c 73 65 2c 22 53 65 63 75 72 69 74 |":false,"Securit|
|00000350| 79 4f 70 74 22 3a 6e 75 6c 6c 2c 22 55 54 53 4d |yOpt":null,"UTSM|
|00000360| 6f 64 65 22 3a 22 22 2c 22 55 73 65 72 6e 73 4d |ode":"","UsernsM|
|00000370| 6f 64 65 22 3a 22 22 2c 22 53 68 6d 53 69 7a 65 |ode":"","ShmSize|
|00000380| 22 3a 36 37 31 30 38 38 36 34 2c 22 52 75 6e 74 |":67108864,"Runt|
|00000390| 69 6d 65 22 3a 22 72 75 6e 63 22 2c 22 43 6f 6e |ime":"runc","Con|
|000003a0| 73 6f 6c 65 53 69 7a 65 22 3a 5b 30 2c 30 5d 2c |soleSize":[0,0],|
|000003b0| 22 49 73 6f 6c 61 74 69 6f 6e 22 3a 22 22 2c 22 |"Isolation":"","|
|000003c0| 43 70 75 53 68 61 72 65 73 22 3a 30 2c 22 4d 65 |CpuShares":0,"Me|
|000003d0| 6d 6f 72 79 22 3a 30 2c 22 4e 61 6e 6f 43 70 75 |mory":0,"NanoCpu|
|000003e0| 73 22 3a 30 2c 22 43 67 72 6f 75 70 50 61 72 65 |s":0,"CgroupPare|
|000003f0| 6e 74 22 3a 22 22 2c 22 42 6c 6b 69 6f 57 65 69 |nt":"","BlkioWei|
|00000400| 67 68 74 22 3a 30 2c 22 42 6c 6b 69 6f 57 65 69 |ght":0,"BlkioWei|
|00000410| 67 68 74 44 65 76 69 63 65 22 3a 6e 75 6c 6c 2c |ghtDevice":null,|
|00000420| 22 42 6c 6b 69 6f 44 65 76 69 63 65 52 65 61 64 |"BlkioDeviceRead|
|00000430| 42 70 73 22 3a 6e 75 6c 6c 2c 22 42 6c 6b 69 6f |Bps":null,"Blkio|
|00000440| 44 65 76 69 63 65 57 72 69 74 65 42 70 73 22 3a |DeviceWriteBps":|
|00000450| 6e 75 6c 6c 2c 22 42 6c 6b 69 6f 44 65 76 69 63 |null,"BlkioDevic|
|00000460| 65 52 65 61 64 49 4f 70 73 22 3a 6e 75 6c 6c 2c |eReadIOps":null,|
|00000470| 22 42 6c 6b 69 6f 44 65 76 69 63 65 57 72 69 74 |"BlkioDeviceWrit|
|00000480| 65 49 4f 70 73 22 3a 6e 75 6c 6c 2c 22 43 70 75 |eIOps":null,"Cpu|
|00000490| 50 65 72 69 6f 64 22 3a 30 2c 22 43 70 75 51 75 |Period":0,"CpuQu|
|000004a0| 6f 74 61 22 3a 30 2c 22 43 70 75 52 65 61 6c 74 |ota":0,"CpuRealt|
|000004b0| 69 6d 65 50 65 72 69 6f 64 22 3a 30 2c 22 43 70 |imePeriod":0,"Cp|
|000004c0| 75 52 65 61 6c 74 69 6d 65 52 75 6e 74 69 6d 65 |uRealtimeRuntime|
|000004d0| 22 3a 30 2c 22 43 70 75 73 65 74 43 70 75 73 22 |":0,"CpusetCpus"|
|000004e0| 3a 22 22 2c 22 43 70 75 73 65 74 4d 65 6d 73 22 |:"","CpusetMems"|
|000004f0| 3a 22 22 2c 22 44 65 76 69 63 65 73 22 3a 6e 75 |:"","Devices":nu|
|00000500| 6c 6c 2c 22 44 65 76 69 63 65 43 67 72 6f 75 70 |ll,"DeviceCgroup|
|00000510| 52 75 6c 65 73 22 3a 6e 75 6c 6c 2c 22 44 69 73 |Rules":null,"Dis|
|00000520| 6b 51 75 6f 74 61 22 3a 30 2c 22 4b 65 72 6e 65 |kQuota":0,"Kerne|
|00000530| 6c 4d 65 6d 6f 72 79 22 3a 30 2c 22 4d 65 6d 6f |lMemory":0,"Memo|
|00000540| 72 79 52 65 73 65 72 76 61 74 69 6f 6e 22 3a 30 |ryReservation":0|
|00000550| 2c 22 4d 65 6d 6f 72 79 53 77 61 70 22 3a 30 2c |,"MemorySwap":0,|
|00000560| 22 4d 65 6d 6f 72 79 53 77 61 70 70 69 6e 65 73 |"MemorySwappines|
|00000570| 73 22 3a 6e 75 6c 6c 2c 22 4f 6f 6d 4b 69 6c 6c |s":null,"OomKill|
|00000580| 44 69 73 61 62 6c 65 22 3a 66 61 6c 73 65 2c 22 |Disable":false,"|
|00000590| 50 69 64 73 4c 69 6d 69 74 22 3a 30 2c 22 55 6c |PidsLimit":0,"Ul|
|000005a0| 69 6d 69 74 73 22 3a 6e 75 6c 6c 2c 22 43 70 75 |imits":null,"Cpu|
|000005b0| 43 6f 75 6e 74 22 3a 30 2c 22 43 70 75 50 65 72 |Count":0,"CpuPer|
|000005c0| 63 65 6e 74 22 3a 30 2c 22 49 4f 4d 61 78 69 6d |cent":0,"IOMaxim|
|000005d0| 75 6d 49 4f 70 73 22 3a 30 2c 22 49 4f 4d 61 78 |umIOps":0,"IOMax|
|000005e0| 69 6d 75 6d 42 61 6e 64 77 69 64 74 68 22 3a 30 |imumBandwidth":0|
|000005f0| 7d 2c 22 47 72 61 70 68 44 72 69 76 65 72 22 3a |},"GraphDriver":|
|00000600| 7b 22 44 61 74 61 22 3a 6e 75 6c 6c 2c 22 4e 61 |{"Data":null,"Na|
|00000610| 6d 65 22 3a 22 61 75 66 73 22 7d 2c 22 4d 6f 75 |me":"aufs"},"Mou|
|00000620| 6e 74 73 22 3a 5b 7b 22 54 79 70 65 22 3a 22 76 |nts":[{"Type":"v|
|00000630| 6f 6c 75 6d 65 22 2c 22 4e 61 6d 65 22 3a 22 65 |olume","Name":"e|
|00000640| 64 33 30 66 34 65 64 39 63 37 31 31 66 32 32 63 |d30f4ed9c711f22c|
|00000650| 62 63 66 30 31 39 66 31 33 36 39 62 61 36 63 33 |bcf019f1369ba6c3|
|00000660| 63 64 35 62 66 36 30 61 35 66 64 31 34 30 39 65 |cd5bf60a5fd1409e|
|00000670| 30 61 39 61 62 61 61 38 34 30 61 63 33 63 32 22 |0a9abaa840ac3c2"|
|00000680| 2c 22 53 6f 75 72 63 65 22 3a 22 2f 76 61 72 2f |,"Source":"/var/|
|00000690| 6c 69 62 2f 64 6f 63 6b 65 72 2f 76 6f 6c 75 6d |lib/docker/volum|
|000006a0| 65 73 2f 65 64 33 30 66 34 65 64 39 63 37 31 31 |es/ed30f4ed9c711|
|000006b0| 66 32 32 63 62 63 66 30 31 39 66 31 33 36 39 62 |f22cbcf019f1369b|
|000006c0| 61 36 63 33 63 64 35 62 66 36 30 61 35 66 64 31 |a6c3cd5bf60a5fd1|
|000006d0| 34 30 39 65 30 61 39 61 62 61 61 38 34 30 61 63 |409e0a9abaa840ac|
|000006e0| 33 63 32 2f 5f 64 61 74 61 22 2c 22 44 65 73 74 |3c2/_data","Dest|
|000006f0| 69 6e 61 74 69 6f 6e 22 3a 22 2f 76 61 72 2f 6c |ination":"/var/l|
|00000700| 69 62 2f 72 61 62 62 69 74 6d 71 22 2c 22 44 72 |ib/rabbitmq","Dr|
|00000710| 69 76 65 72 22 3a 22 6c 6f 63 61 6c 22 2c 22 4d |iver":"local","M|
|00000720| 6f 64 65 22 3a 22 22 2c 22 52 57 22 3a 74 72 75 |ode":"","RW":tru|
|00000730| 65 2c 22 50 72 6f 70 61 67 61 74 69 6f 6e 22 3a |e,"Propagation":|
|00000740| 22 22 7d 5d 2c 22 43 6f 6e 66 69 67 22 3a 7b 22 |""}],"Config":{"|
|00000750| 48 6f 73 74 6e 61 6d 65 22 3a 22 37 36 30 61 31 |Hostname":"760a1|
|00000760| 31 63 64 61 30 32 65 22 2c 22 44 6f 6d 61 69 6e |1cda02e","Domain|
|00000770| 6e 61 6d 65 22 3a 22 22 2c 22 55 73 65 72 22 3a |name":"","User":|
|00000780| 22 22 2c 22 41 74 74 61 63 68 53 74 64 69 6e 22 |"","AttachStdin"|
|00000790| 3a 66 61 6c 73 65 2c 22 41 74 74 61 63 68 53 74 |:false,"AttachSt|
|000007a0| 64 6f 75 74 22 3a 66 61 6c 73 65 2c 22 41 74 74 |dout":false,"Att|
|000007b0| 61 63 68 53 74 64 65 72 72 22 3a 66 61 6c 73 65 |achStderr":false|
|000007c0| 2c 22 45 78 70 6f 73 65 64 50 6f 72 74 73 22 3a |,"ExposedPorts":|
|000007d0| 7b 22 32 35 36 37 32 2f 74 63 70 22 3a 7b 7d 2c |{"25672/tcp":{},|
|000007e0| 22 34 33 36 39 2f 74 63 70 22 3a 7b 7d 2c 22 35 |"4369/tcp":{},"5|
|000007f0| 36 37 31 2f 74 63 70 22 3a 7b 7d 2c 22 35 36 37 |671/tcp":{},"567|
|00000800| 32 2f 74 63 70 22 3a 7b 7d 7d 2c 22 54 74 79 22 |2/tcp":{}},"Tty"|
|00000810| 3a 66 61 6c 73 65 2c 22 4f 70 65 6e 53 74 64 69 |:false,"OpenStdi|
|00000820| 6e 22 3a 66 61 6c 73 65 2c 22 53 74 64 69 6e 4f |n":false,"StdinO|
|00000830| 6e 63 65 22 3a 66 61 6c 73 65 2c 22 45 6e 76 22 |nce":false,"Env"|
|00000840| 3a 5b 22 52 41 42 42 49 54 4d 51 5f 55 53 45 52 |:["RABBITMQ_USER|
|00000850| 3d 67 75 65 73 74 22 2c 22 52 41 42 42 49 54 4d |=guest","RABBITM|
|00000860| 51 5f 50 41 53 53 57 4f 52 44 3d 67 75 65 73 74 |Q_PASSWORD=guest|
|00000870| 22 2c 22 6e 6f 5f 70 72 6f 78 79 3d 2a 2e 6c 6f |","no_proxy=*.lo|
|00000880| 63 61 6c 2c 20 31 36 39 2e 32 35 34 2f 31 36 22 |cal, 169.254/16"|
|00000890| 2c 22 50 41 54 48 3d 2f 75 73 72 2f 6c 69 62 2f |,"PATH=/usr/lib/|
|000008a0| 72 61 62 62 69 74 6d 71 2f 62 69 6e 3a 2f 75 73 |rabbitmq/bin:/us|
|000008b0| 72 2f 6c 6f 63 61 6c 2f 73 62 69 6e 3a 2f 75 73 |r/local/sbin:/us|
|000008c0| 72 2f 6c 6f 63 61 6c 2f 62 69 6e 3a 2f 75 73 72 |r/local/bin:/usr|
|000008d0| 2f 73 62 69 6e 3a 2f 75 73 72 2f 62 69 6e 3a 2f |/sbin:/usr/bin:/|
|000008e0| 73 62 69 6e 3a 2f 62 69 6e 22 2c 22 47 4f 53 55 |sbin:/bin","GOSU|
|000008f0| 5f 56 45 52 53 49 4f 4e 3d 31 2e 31 30 22 2c 22 |_VERSION=1.10","|
|00000900| 52 41 42 42 49 54 4d 51 5f 4c 4f 47 53 3d 2d 22 |RABBITMQ_LOGS=-"|
|00000910| 2c 22 52 41 42 42 49 54 4d 51 5f 53 41 53 4c 5f |,"RABBITMQ_SASL_|
|00000920| 4c 4f 47 53 3d 2d 22 2c 22 52 41 42 42 49 54 4d |LOGS=-","RABBITM|
|00000930| 51 5f 47 50 47 5f 4b 45 59 3d 30 41 39 41 46 32 |Q_GPG_KEY=0A9AF2|
|00000940| 31 31 35 46 34 36 38 37 42 44 32 39 38 30 33 41 |115F4687BD29803A|
|00000950| 32 30 36 42 37 33 41 33 36 45 36 30 32 36 44 46 |206B73A36E6026DF|
|00000960| 43 41 22 2c 22 52 41 42 42 49 54 4d 51 5f 56 45 |CA","RABBITMQ_VE|
|00000970| 52 53 49 4f 4e 3d 33 2e 36 2e 31 34 22 2c 22 52 |RSION=3.6.14","R|
|00000980| 41 42 42 49 54 4d 51 5f 47 49 54 48 55 42 5f 54 |ABBITMQ_GITHUB_T|
|00000990| 41 47 3d 72 61 62 62 69 74 6d 71 5f 76 33 5f 36 |AG=rabbitmq_v3_6|
|000009a0| 5f 31 34 22 2c 22 52 41 42 42 49 54 4d 51 5f 44 |_14","RABBITMQ_D|
|000009b0| 45 42 49 41 4e 5f 56 45 52 53 49 4f 4e 3d 33 2e |EBIAN_VERSION=3.|
|000009c0| 36 2e 31 34 2d 31 22 2c 22 48 4f 4d 45 3d 2f 76 |6.14-1","HOME=/v|
|000009d0| 61 72 2f 6c 69 62 2f 72 61 62 62 69 74 6d 71 22 |ar/lib/rabbitmq"|
|000009e0| 5d 2c 22 43 6d 64 22 3a 5b 22 72 61 62 62 69 74 |],"Cmd":["rabbit|
|000009f0| 6d 71 2d 73 65 72 76 65 72 22 5d 2c 22 41 72 67 |mq-server"],"Arg|
|00000a00| 73 45 73 63 61 70 65 64 22 3a 74 72 75 65 2c 22 |sEscaped":true,"|
|00000a10| 49 6d 61 67 65 22 3a 22 72 61 62 62 69 74 6d 71 |Image":"rabbitmq|
|00000a20| 3a 33 2e 36 2e 31 34 22 2c 22 56 6f 6c 75 6d 65 |:3.6.14","Volume|
|00000a30| 73 22 3a 7b 22 2f 76 61 72 2f 6c 69 62 2f 72 61 |s":{"/var/lib/ra|
|00000a40| 62 62 69 74 6d 71 22 3a 7b 7d 7d 2c 22 57 6f 72 |bbitmq":{}},"Wor|
|00000a50| 6b 69 6e 67 44 69 72 22 3a 22 22 2c 22 45 6e 74 |kingDir":"","Ent|
|00000a60| 72 79 70 6f 69 6e 74 22 3a 5b 22 64 6f 63 6b 65 |rypoint":["docke|
|00000a70| 72 2d 65 6e 74 72 79 70 6f 69 6e 74 2e 73 68 22 |r-entrypoint.sh"|
|00000a80| 5d 2c 22 4f 6e 42 75 69 6c 64 22 3a 6e 75 6c 6c |],"OnBuild":null|
|00000a90| 2c 22 4c 61 62 65 6c 73 22 3a 7b 22 6f 72 67 2e |,"Labels":{"org.|
|00000aa0| 74 65 73 74 63 6f 6e 74 61 69 6e 65 72 73 22 3a |testcontainers":|
|00000ab0| 22 74 72 75 65 22 7d 7d 2c 22 4e 65 74 77 6f 72 |"true"}},"Networ|
|00000ac0| 6b 53 65 74 74 69 6e 67 73 22 3a 7b 22 42 72 69 |kSettings":{"Bri|
|00000ad0| 64 67 65 22 3a 22 22 2c 22 53 61 6e 64 62 6f 78 |dge":"","Sandbox|
|00000ae0| 49 44 22 3a 22 38 66 38 35 65 33 63 65 66 39 62 |ID":"8f85e3cef9b|
|00000af0| 32 66 39 39 31 63 39 36 30 30 35 61 32 38 64 36 |2f991c96005a28d6|
|00000b00| 65 63 35 32 64 63 34 35 33 33 33 64 63 65 37 38 |ec52dc45333dce78|
|00000b10| 38 37 36 64 30 39 37 65 63 31 32 38 66 39 39 36 |876d097ec128f996|
|00000b20| 37 33 38 36 64 22 2c 22 48 61 69 72 70 69 6e 4d |7386d","HairpinM|
|00000b30| 6f 64 65 22 3a 66 61 6c 73 65 2c 22 4c 69 6e 6b |ode":false,"Link|
|00000b40| 4c 6f 63 61 6c 49 50 76 36 41 64 64 72 65 73 73 |LocalIPv6Address|
|00000b50| 22 3a 22 22 2c 22 4c 69 6e 6b 4c 6f 63 61 6c 49 |":"","LinkLocalI|
|00000b60| 50 76 36 50 72 65 66 69 78 4c 65 6e 22 3a 30 2c |Pv6PrefixLen":0,|
|00000b70| 22 50 6f 72 74 73 22 3a 7b 22 32 35 36 37 32 2f |"Ports":{"25672/|
|00000b80| 74 63 70 22 3a 5b 7b 22 48 6f 73 74 49 70 22 3a |tcp":[{"HostIp":|
|00000b90| 22 30 2e 30 2e 30 2e 30 22 2c 22 48 6f 73 74 50 |"0.0.0.0","HostP|
|00000ba0| 6f 72 74 22 3a 22 33 32 39 36 36 22 7d 5d 2c 22 |ort":"32966"}],"|
|00000bb0| 34 33 36 39 2f 74 63 70 22 3a 5b 7b 22 48 6f 73 |4369/tcp":[{"Hos|
|00000bc0| 74 49 70 22 3a 22 30 2e 30 2e 30 2e 30 22 2c 22 |tIp":"0.0.0.0","|
|00000bd0| 48 6f 73 74 50 6f 72 74 22 3a 22 33 32 39 36 39 |HostPort":"32969|
|00000be0| 22 7d 5d 2c 22 35 36 37 31 2f 74 63 70 22 3a 5b |"}],"5671/tcp":[|
|00000bf0| 7b 22 48 6f 73 74 49 70 22 3a 22 30 2e 30 2e 30 |{"HostIp":"0.0.0|
|00000c00| 2e 30 22 2c 22 48 6f 73 74 50 6f 72 74 22 3a 22 |.0","HostPort":"|
|00000c10| 33 32 39 36 38 22 7d 5d 2c 22 35 36 37 32 2f 74 |32968"}],"5672/t|
|00000c20| 63 70 22 3a 5b 7b 22 48 6f 73 74 49 70 22 3a 22 |cp":[{"HostIp":"|
|00000c30| 30 2e 30 2e 30 2e 30 22 2c 22 48 6f 73 74 50 6f |0.0.0.0","HostPo|
|00000c40| 72 74 22 3a 22 33 32 39 36 37 22 7d 5d 7d 2c 22 |rt":"32967"}]},"|
|00000c50| 53 61 6e 64 62 6f 78 4b 65 79 22 3a 22 2f 76 61 |SandboxKey":"/va|
|00000c60| 72 2f 72 75 6e 2f 64 6f 63 6b 65 72 2f 6e 65 74 |r/run/docker/net|
|00000c70| 6e 73 2f 38 66 38 35 65 33 63 65 66 39 62 32 22 |ns/8f85e3cef9b2"|
|00000c80| 2c 22 53 65 63 6f 6e 64 61 72 79 49 50 41 64 64 |,"SecondaryIPAdd|
|00000c90| 72 65 73 73 65 73 22 3a 6e 75 6c 6c 2c 22 53 65 |resses":null,"Se|
|00000ca0| 63 6f 6e 64 61 72 79 49 50 76 36 41 64 64 72 65 |condaryIPv6Addre|
|00000cb0| 73 73 65 73 22 3a 6e 75 6c 6c 2c 22 45 6e 64 70 |sses":null,"Endp|
|00000cc0| 6f 69 6e 74 49 44 22 3a 22 61 38 30 65 33 33 34 |ointID":"a80e334|
|00000cd0| 39 64 38 64 61 66 31 37 64 35 32 30 31 33 64 64 |9d8daf17d52013dd|
|00000ce0| 37 64 30 63 62 66 32 31 34 31 64 30 35 30 32 64 |7d0cbf2141d0502d|
|00000cf0| 33 34 37 61 31 30 61 39 64 36 65 33 32 31 66 39 |347a10a9d6e321f9|
|00000d00| 64 38 62 32 37 61 32 65 34 22 2c 22 47 61 74 65 |d8b27a2e4","Gate|
|00000d10| 77 61 79 22 3a 22 31 37 32 2e 31 37 2e 30 2e 31 |way":"172.17.0.1|
|00000d20| 22 2c 22 47 6c 6f 62 61 6c 49 50 76 36 41 64 64 |","GlobalIPv6Add|
|00000d30| 72 65 73 73 22 3a 22 22 2c 22 47 6c 6f 62 61 6c |ress":"","Global|
|00000d40| 49 50 76 36 50 72 65 66 69 78 4c 65 6e 22 3a 30 |IPv6PrefixLen":0|
|00000d50| 2c 22 49 50 41 64 64 72 65 73 73 22 3a 22 31 37 |,"IPAddress":"17|
|00000d60| 32 2e 31 37 2e 30 2e 33 22 2c 22 49 50 50 72 65 |2.17.0.3","IPPre|
|00000d70| 66 69 78 4c 65 6e 22 3a 31 36 2c 22 49 50 76 36 |fixLen":16,"IPv6|
|00000d80| 47 61 74 65 77 61 79 22 3a 22 22 2c 22 4d 61 63 |Gateway":"","Mac|
|00000d90| 41 64 64 72 65 73 73 22 3a 22 30 32 3a 34 32 3a |Address":"02:42:|
|00000da0| 61 63 3a 31 31 3a 30 30 3a 30 33 22 2c 22 4e 65 |ac:11:00:03","Ne|
|00000db0| 74 77 6f 72 6b 73 22 3a 7b 22 62 72 69 64 67 65 |tworks":{"bridge|
|00000dc0| 22 3a 7b 22 49 50 41 4d 43 6f 6e 66 69 67 22 3a |":{"IPAMConfig":|
|00000dd0| 6e 75 6c 6c 2c 22 4c 69 6e 6b 73 22 3a 6e 75 6c |null,"Links":nul|
|00000de0| 6c 2c 22 41 6c 69 61 73 65 73 22 3a 6e 75 6c 6c |l,"Aliases":null|
|00000df0| 2c 22 4e 65 74 77 6f 72 6b 49 44 22 3a 22 39 66 |,"NetworkID":"9f|
|00000e00| 65 38 62 39 32 64 61 66 63 30 35 34 34 36 33 33 |e8b92dafc0544633|
|00000e10| 37 39 64 39 34 35 38 61 64 65 37 37 64 35 31 61 |79d9458ade77d51a|
|00000e20| 34 61 62 39 30 61 64 31 33 65 35 34 61 65 32 31 |4ab90ad13e54ae21|
|00000e30| 61 31 38 64 36 35 66 66 32 63 30 37 63 61 22 2c |a18d65ff2c07ca",|
|00000e40| 22 45 6e 64 70 6f 69 6e 74 49 44 22 3a 22 61 38 |"EndpointID":"a8|
|00000e50| 30 65 33 33 34 39 64 38 64 61 66 31 37 64 35 32 |0e3349d8daf17d52|
|00000e60| 30 31 33 64 64 37 64 30 63 62 66 32 31 34 31 64 |013dd7d0cbf2141d|
|00000e70| 30 35 30 32 64 33 34 37 61 31 30 61 39 64 36 65 |0502d347a10a9d6e|
|00000e80| 33 32 31 66 39 64 38 62 32 37 61 32 65 34 22 2c |321f9d8b27a2e4",|
|00000e90| 22 47 61 74 65 77 61 79 22 3a 22 31 37 32 2e 31 |"Gateway":"172.1|
|00000ea0| 37 2e 30 2e 31 22 2c 22 49 50 41 64 64 72 65 73 |7.0.1","IPAddres|
|00000eb0| 73 22 3a 22 31 37 32 2e 31 37 2e 30 2e 33 22 2c |s":"172.17.0.3",|
|00000ec0| 22 49 50 50 72 65 66 69 78 4c 65 6e 22 3a 31 36 |"IPPrefixLen":16|
|00000ed0| 2c 22 49 50 76 36 47 61 74 65 77 61 79 22 3a 22 |,"IPv6Gateway":"|
|00000ee0| 22 2c 22 47 6c 6f 62 61 6c 49 50 76 36 41 64 64 |","GlobalIPv6Add|
|00000ef0| 72 65 73 73 22 3a 22 22 2c 22 47 6c 6f 62 61 6c |ress":"","Global|
|00000f00| 49 50 76 36 50 72 65 66 69 78 4c 65 6e 22 3a 30 |IPv6PrefixLen":0|
|00000f10| 2c 22 4d 61 63 41 64 64 72 65 73 73 22 3a 22 30 |,"MacAddress":"0|
|00000f20| 32 3a 34 32 3a 61 63 3a 31 31 3a 30 30 3a 30 33 |2:42:ac:11:00:03|
|00000f30| 22 2c 22 44 72 69 76 65 72 4f 70 74 73 22 3a 6e |","DriverOpts":n|
|00000f40| 75 6c 6c 7d 7d 7d 7d 0a                         |ull}}}}.        |
+--------+-------------------------------------------------+----------------+
2017-11-27 22:09:10.346 DEBUG   --- [rjava-netty-1-4] c.g.d.netty.NettyDockerCmdExecFactory$1  : [id: 0x0f5decfb, L:null - R:/var/run/docker.sock] READ, EmptyLastHttpContent, 0B
2017-11-27 22:09:10.346 DEBUG   --- [rjava-netty-1-4] c.g.d.netty.NettyDockerCmdExecFactory$1  : [id: 0x0f5decfb, L:null - R:/var/run/docker.sock] CLOSE
2017-11-27 22:09:10.346 DEBUG   --- [rjava-netty-1-4] xecFactory$UnixDomainSocketInitializer$3 : [id: 0x0f5decfb, L:null - R:/var/run/docker.sock] CLOSE
2017-11-27 22:09:10.347 DEBUG   --- [rjava-netty-1-4] xecFactory$UnixDomainSocketInitializer$3 : [id: 0x0f5decfb, L:null ! R:/var/run/docker.sock] READ COMPLETE
2017-11-27 22:09:10.347 DEBUG   --- [rjava-netty-1-4] c.g.d.netty.NettyDockerCmdExecFactory$1  : [id: 0x0f5decfb, L:null ! R:/var/run/docker.sock] READ COMPLETE
2017-11-27 22:09:10.347 DEBUG   --- [pool-1-thread-1] c.g.d.core.command.AbstrDockerCmd        : Cmd: 760a11cda02e910f00711b5a13bda9b1a918e18eb4153f1bfc40e23e16ada5cc,<null>,true,true,<null>,<null>,{/bin/bash,-c,</dev/tcp/localhost/4369 && echo TESTCONTAINERS_SUCCESS},com.github.dockerjava.netty.exec.ExecCreateCmdExec@32bdebd
2017-11-27 22:09:10.347 DEBUG   --- [rjava-netty-1-4] xecFactory$UnixDomainSocketInitializer$3 : [id: 0x0f5decfb, L:null ! R:/var/run/docker.sock] INACTIVE
2017-11-27 22:09:10.347 DEBUG   --- [rjava-netty-1-4] c.g.d.netty.NettyDockerCmdExecFactory$1  : [id: 0x0f5decfb, L:null ! R:/var/run/docker.sock] INACTIVE
2017-11-27 22:09:10.347 DEBUG   --- [rjava-netty-1-4] xecFactory$UnixDomainSocketInitializer$3 : [id: 0x0f5decfb, L:null ! R:/var/run/docker.sock] UNREGISTERED
2017-11-27 22:09:10.347 DEBUG   --- [rjava-netty-1-4] c.g.d.netty.NettyDockerCmdExecFactory$1  : [id: 0x0f5decfb, L:null ! R:/var/run/docker.sock] UNREGISTERED
2017-11-27 22:09:10.347 DEBUG   --- [rjava-netty-1-5] xecFactory$UnixDomainSocketInitializer$3 : [id: 0x8e2a0c2d] REGISTERED
2017-11-27 22:09:10.348 DEBUG   --- [rjava-netty-1-5] xecFactory$UnixDomainSocketInitializer$3 : [id: 0x8e2a0c2d] CONNECT: /var/run/docker.sock
2017-11-27 22:09:10.348 DEBUG   --- [rjava-netty-1-5] xecFactory$UnixDomainSocketInitializer$3 : [id: 0x8e2a0c2d, L:null - R:/var/run/docker.sock] ACTIVE
2017-11-27 22:09:10.349 DEBUG   --- [rjava-netty-1-5] c.g.d.netty.NettyDockerCmdExecFactory$1  : [id: 0x8e2a0c2d, L:null - R:/var/run/docker.sock] WRITE: DefaultFullHttpRequest(decodeResult: success, version: HTTP/1.1, content: UnpooledByteBufAllocator$InstrumentedUnpooledUnsafeHeapByteBuf(ridx: 0, widx: 205, cap: 256))
POST /containers/760a11cda02e910f00711b5a13bda9b1a918e18eb4153f1bfc40e23e16ada5cc/exec HTTP/1.1
content-type: application/json
content-length: 205
host:
connection: keep-alive
accept-encoding: gzip
accept: application/json, 205B
         +-------------------------------------------------+
         |  0  1  2  3  4  5  6  7  8  9  a  b  c  d  e  f |
+--------+-------------------------------------------------+----------------+
|00000000| 7b 22 63 6f 6e 74 61 69 6e 65 72 49 64 22 3a 22 |{"containerId":"|
|00000010| 37 36 30 61 31 31 63 64 61 30 32 65 39 31 30 66 |760a11cda02e910f|
|00000020| 30 30 37 31 31 62 35 61 31 33 62 64 61 39 62 31 |00711b5a13bda9b1|
|00000030| 61 39 31 38 65 31 38 65 62 34 31 35 33 66 31 62 |a918e18eb4153f1b|
|00000040| 66 63 34 30 65 32 33 65 31 36 61 64 61 35 63 63 |fc40e23e16ada5cc|
|00000050| 22 2c 22 41 74 74 61 63 68 53 74 64 6f 75 74 22 |","AttachStdout"|
|00000060| 3a 74 72 75 65 2c 22 41 74 74 61 63 68 53 74 64 |:true,"AttachStd|
|00000070| 65 72 72 22 3a 74 72 75 65 2c 22 43 6d 64 22 3a |err":true,"Cmd":|
|00000080| 5b 22 2f 62 69 6e 2f 62 61 73 68 22 2c 22 2d 63 |["/bin/bash","-c|
|00000090| 22 2c 22 3c 2f 64 65 76 2f 74 63 70 2f 6c 6f 63 |","</dev/tcp/loc|
|000000a0| 61 6c 68 6f 73 74 2f 34 33 36 39 20 26 26 20 65 |alhost/4369 && e|
|000000b0| 63 68 6f 20 54 45 53 54 43 4f 4e 54 41 49 4e 45 |cho TESTCONTAINE|
|000000c0| 52 53 5f 53 55 43 43 45 53 53 22 5d 7d          |RS_SUCCESS"]}   |
+--------+-------------------------------------------------+----------------+
2017-11-27 22:09:10.350 DEBUG   --- [rjava-netty-1-5] xecFactory$UnixDomainSocketInitializer$3 : [id: 0x8e2a0c2d, L:null - R:/var/run/docker.sock] WRITE: 233B
         +-------------------------------------------------+
         |  0  1  2  3  4  5  6  7  8  9  a  b  c  d  e  f |
+--------+-------------------------------------------------+----------------+
|00000000| 50 4f 53 54 20 2f 63 6f 6e 74 61 69 6e 65 72 73 |POST /containers|
|00000010| 2f 37 36 30 61 31 31 63 64 61 30 32 65 39 31 30 |/760a11cda02e910|
|00000020| 66 30 30 37 31 31 62 35 61 31 33 62 64 61 39 62 |f00711b5a13bda9b|
|00000030| 31 61 39 31 38 65 31 38 65 62 34 31 35 33 66 31 |1a918e18eb4153f1|
|00000040| 62 66 63 34 30 65 32 33 65 31 36 61 64 61 35 63 |bfc40e23e16ada5c|
|00000050| 63 2f 65 78 65 63 20 48 54 54 50 2f 31 2e 31 0d |c/exec HTTP/1.1.|
|00000060| 0a 63 6f 6e 74 65 6e 74 2d 74 79 70 65 3a 20 61 |.content-type: a|
|00000070| 70 70 6c 69 63 61 74 69 6f 6e 2f 6a 73 6f 6e 0d |pplication/json.|
|00000080| 0a 63 6f 6e 74 65 6e 74 2d 6c 65 6e 67 74 68 3a |.content-length:|
|00000090| 20 32 30 35 0d 0a 68 6f 73 74 3a 20 0d 0a 63 6f | 205..host: ..co|
|000000a0| 6e 6e 65 63 74 69 6f 6e 3a 20 6b 65 65 70 2d 61 |nnection: keep-a|
|000000b0| 6c 69 76 65 0d 0a 61 63 63 65 70 74 2d 65 6e 63 |live..accept-enc|
|000000c0| 6f 64 69 6e 67 3a 20 67 7a 69 70 0d 0a 61 63 63 |oding: gzip..acc|
|000000d0| 65 70 74 3a 20 61 70 70 6c 69 63 61 74 69 6f 6e |ept: application|
|000000e0| 2f 6a 73 6f 6e 0d 0a 0d 0a                      |/json....       |
+--------+-------------------------------------------------+----------------+
2017-11-27 22:09:10.350 DEBUG   --- [rjava-netty-1-5] xecFactory$UnixDomainSocketInitializer$3 : [id: 0x8e2a0c2d, L:null - R:/var/run/docker.sock] WRITE: 205B
         +-------------------------------------------------+
         |  0  1  2  3  4  5  6  7  8  9  a  b  c  d  e  f |
+--------+-------------------------------------------------+----------------+
|00000000| 7b 22 63 6f 6e 74 61 69 6e 65 72 49 64 22 3a 22 |{"containerId":"|
|00000010| 37 36 30 61 31 31 63 64 61 30 32 65 39 31 30 66 |760a11cda02e910f|
|00000020| 30 30 37 31 31 62 35 61 31 33 62 64 61 39 62 31 |00711b5a13bda9b1|
|00000030| 61 39 31 38 65 31 38 65 62 34 31 35 33 66 31 62 |a918e18eb4153f1b|
|00000040| 66 63 34 30 65 32 33 65 31 36 61 64 61 35 63 63 |fc40e23e16ada5cc|
|00000050| 22 2c 22 41 74 74 61 63 68 53 74 64 6f 75 74 22 |","AttachStdout"|
|00000060| 3a 74 72 75 65 2c 22 41 74 74 61 63 68 53 74 64 |:true,"AttachStd|
|00000070| 65 72 72 22 3a 74 72 75 65 2c 22 43 6d 64 22 3a |err":true,"Cmd":|
|00000080| 5b 22 2f 62 69 6e 2f 62 61 73 68 22 2c 22 2d 63 |["/bin/bash","-c|
|00000090| 22 2c 22 3c 2f 64 65 76 2f 74 63 70 2f 6c 6f 63 |","</dev/tcp/loc|
|000000a0| 61 6c 68 6f 73 74 2f 34 33 36 39 20 26 26 20 65 |alhost/4369 && e|
|000000b0| 63 68 6f 20 54 45 53 54 43 4f 4e 54 41 49 4e 45 |cho TESTCONTAINE|
|000000c0| 52 53 5f 53 55 43 43 45 53 53 22 5d 7d          |RS_SUCCESS"]}   |
+--------+-------------------------------------------------+----------------+
2017-11-27 22:09:10.350 DEBUG   --- [rjava-netty-1-5] c.g.d.netty.NettyDockerCmdExecFactory$1  : [id: 0x8e2a0c2d, L:null - R:/var/run/docker.sock] FLUSH
2017-11-27 22:09:10.350 DEBUG   --- [rjava-netty-1-5] xecFactory$UnixDomainSocketInitializer$3 : [id: 0x8e2a0c2d, L:null - R:/var/run/docker.sock] FLUSH
2017-11-27 22:09:10.352 DEBUG   --- [rjava-netty-1-5] xecFactory$UnixDomainSocketInitializer$3 : [id: 0x8e2a0c2d, L:null - R:/var/run/docker.sock] READ: 284B
         +-------------------------------------------------+
         |  0  1  2  3  4  5  6  7  8  9  a  b  c  d  e  f |
+--------+-------------------------------------------------+----------------+
|00000000| 48 54 54 50 2f 31 2e 31 20 32 30 31 20 43 72 65 |HTTP/1.1 201 Cre|
|00000010| 61 74 65 64 0d 0a 41 70 69 2d 56 65 72 73 69 6f |ated..Api-Versio|
|00000020| 6e 3a 20 31 2e 33 32 0d 0a 43 6f 6e 74 65 6e 74 |n: 1.32..Content|
|00000030| 2d 4c 65 6e 67 74 68 3a 20 37 34 0d 0a 43 6f 6e |-Length: 74..Con|
|00000040| 74 65 6e 74 2d 54 79 70 65 3a 20 61 70 70 6c 69 |tent-Type: appli|
|00000050| 63 61 74 69 6f 6e 2f 6a 73 6f 6e 0d 0a 44 61 74 |cation/json..Dat|
|00000060| 65 3a 20 4d 6f 6e 2c 20 32 37 20 4e 6f 76 20 32 |e: Mon, 27 Nov 2|
|00000070| 30 31 37 20 32 31 3a 30 39 3a 30 36 20 47 4d 54 |017 21:09:06 GMT|
|00000080| 0d 0a 44 6f 63 6b 65 72 2d 45 78 70 65 72 69 6d |..Docker-Experim|
|00000090| 65 6e 74 61 6c 3a 20 66 61 6c 73 65 0d 0a 4f 73 |ental: false..Os|
|000000a0| 74 79 70 65 3a 20 6c 69 6e 75 78 0d 0a 53 65 72 |type: linux..Ser|
|000000b0| 76 65 72 3a 20 44 6f 63 6b 65 72 2f 31 37 2e 30 |ver: Docker/17.0|
|000000c0| 39 2e 30 2d 63 65 20 28 6c 69 6e 75 78 29 0d 0a |9.0-ce (linux)..|
|000000d0| 0d 0a 7b 22 49 64 22 3a 22 35 34 66 33 33 31 63 |..{"Id":"54f331c|
|000000e0| 31 33 62 63 38 62 36 37 32 66 33 65 30 30 66 35 |13bc8b672f3e00f5|
|000000f0| 38 38 32 61 32 32 30 33 37 33 61 34 39 65 36 30 |882a220373a49e60|
|00000100| 34 61 61 38 38 66 63 32 65 36 65 33 33 31 30 66 |4aa88fc2e6e3310f|
|00000110| 30 61 66 62 37 33 39 33 38 22 7d 0a             |0afb73938"}.    |
+--------+-------------------------------------------------+----------------+
2017-11-27 22:09:10.353 DEBUG   --- [rjava-netty-1-5] c.g.d.netty.NettyDockerCmdExecFactory$1  : [id: 0x8e2a0c2d, L:null - R:/var/run/docker.sock] READ: DefaultHttpResponse(decodeResult: success, version: HTTP/1.1)
HTTP/1.1 201 Created
Api-Version: 1.32
Content-Length: 74
Content-Type: application/json
Date: Mon, 27 Nov 2017 21:09:06 GMT
Docker-Experimental: false
Ostype: linux
Server: Docker/17.09.0-ce (linux)
2017-11-27 22:09:10.353 DEBUG   --- [rjava-netty-1-5] c.g.d.netty.NettyDockerCmdExecFactory$1  : [id: 0x8e2a0c2d, L:null - R:/var/run/docker.sock] READ: DefaultLastHttpContent(data: PooledSlicedByteBuf(ridx: 0, widx: 74, cap: 74/74, unwrapped: PooledUnsafeDirectByteBuf(ridx: 284, widx: 284, cap: 1024)), decoderResult: success), 74B
         +-------------------------------------------------+
         |  0  1  2  3  4  5  6  7  8  9  a  b  c  d  e  f |
+--------+-------------------------------------------------+----------------+
|00000000| 7b 22 49 64 22 3a 22 35 34 66 33 33 31 63 31 33 |{"Id":"54f331c13|
|00000010| 62 63 38 62 36 37 32 66 33 65 30 30 66 35 38 38 |bc8b672f3e00f588|
|00000020| 32 61 32 32 30 33 37 33 61 34 39 65 36 30 34 61 |2a220373a49e604a|
|00000030| 61 38 38 66 63 32 65 36 65 33 33 31 30 66 30 61 |a88fc2e6e3310f0a|
|00000040| 66 62 37 33 39 33 38 22 7d 0a                   |fb73938"}.      |
+--------+-------------------------------------------------+----------------+
2017-11-27 22:09:10.353 DEBUG   --- [rjava-netty-1-5] c.g.d.netty.NettyDockerCmdExecFactory$1  : [id: 0x8e2a0c2d, L:null - R:/var/run/docker.sock] CLOSE
2017-11-27 22:09:10.353 DEBUG   --- [rjava-netty-1-5] xecFactory$UnixDomainSocketInitializer$3 : [id: 0x8e2a0c2d, L:null - R:/var/run/docker.sock] CLOSE
2017-11-27 22:09:10.353 DEBUG   --- [rjava-netty-1-5] xecFactory$UnixDomainSocketInitializer$3 : [id: 0x8e2a0c2d, L:null ! R:/var/run/docker.sock] READ COMPLETE
2017-11-27 22:09:10.353 DEBUG   --- [rjava-netty-1-5] c.g.d.netty.NettyDockerCmdExecFactory$1  : [id: 0x8e2a0c2d, L:null ! R:/var/run/docker.sock] READ COMPLETE
2017-11-27 22:09:10.353 DEBUG   --- [rjava-netty-1-5] xecFactory$UnixDomainSocketInitializer$3 : [id: 0x8e2a0c2d, L:null ! R:/var/run/docker.sock] INACTIVE
2017-11-27 22:09:10.353 DEBUG   --- [rjava-netty-1-5] c.g.d.netty.NettyDockerCmdExecFactory$1  : [id: 0x8e2a0c2d, L:null ! R:/var/run/docker.sock] INACTIVE
2017-11-27 22:09:10.353 DEBUG   --- [rjava-netty-1-5] xecFactory$UnixDomainSocketInitializer$3 : [id: 0x8e2a0c2d, L:null ! R:/var/run/docker.sock] UNREGISTERED
2017-11-27 22:09:10.353 DEBUG   --- [rjava-netty-1-5] c.g.d.netty.NettyDockerCmdExecFactory$1  : [id: 0x8e2a0c2d, L:null ! R:/var/run/docker.sock] UNREGISTERED
2017-11-27 22:09:10.354 DEBUG   --- [rjava-netty-1-6] xecFactory$UnixDomainSocketInitializer$3 : [id: 0x5cd27b42] REGISTERED
2017-11-27 22:09:10.354 DEBUG   --- [rjava-netty-1-6] xecFactory$UnixDomainSocketInitializer$3 : [id: 0x5cd27b42] CONNECT: /var/run/docker.sock
2017-11-27 22:09:10.354 DEBUG   --- [rjava-netty-1-6] xecFactory$UnixDomainSocketInitializer$3 : [id: 0x5cd27b42, L:null - R:/var/run/docker.sock] ACTIVE
2017-11-27 22:09:10.355 DEBUG   --- [rjava-netty-1-6] c.g.d.netty.NettyDockerCmdExecFactory$1  : [id: 0x5cd27b42, L:null - R:/var/run/docker.sock] WRITE: DefaultFullHttpRequest(decodeResult: success, version: HTTP/1.1, content: UnpooledByteBufAllocator$InstrumentedUnpooledUnsafeHeapByteBuf(ridx: 0, widx: 2, cap: 64))
POST /exec/54f331c13bc8b672f3e00f5882a220373a49e604aa88fc2e6e3310f0afb73938/start HTTP/1.1
content-type: application/json
content-length: 2
host:
accept-encoding: gzip
accept: application/json
upgrade: tcp
connection: upgrade, 2B
         +-------------------------------------------------+
         |  0  1  2  3  4  5  6  7  8  9  a  b  c  d  e  f |
+--------+-------------------------------------------------+----------------+
|00000000| 7b 7d                                           |{}              |
+--------+-------------------------------------------------+----------------+
2017-11-27 22:09:10.355 DEBUG   --- [rjava-netty-1-6] xecFactory$UnixDomainSocketInitializer$3 : [id: 0x5cd27b42, L:null - R:/var/run/docker.sock] WRITE: 239B
         +-------------------------------------------------+
         |  0  1  2  3  4  5  6  7  8  9  a  b  c  d  e  f |
+--------+-------------------------------------------------+----------------+
|00000000| 50 4f 53 54 20 2f 65 78 65 63 2f 35 34 66 33 33 |POST /exec/54f33|
|00000010| 31 63 31 33 62 63 38 62 36 37 32 66 33 65 30 30 |1c13bc8b672f3e00|
|00000020| 66 35 38 38 32 61 32 32 30 33 37 33 61 34 39 65 |f5882a220373a49e|
|00000030| 36 30 34 61 61 38 38 66 63 32 65 36 65 33 33 31 |604aa88fc2e6e331|
|00000040| 30 66 30 61 66 62 37 33 39 33 38 2f 73 74 61 72 |0f0afb73938/star|
|00000050| 74 20 48 54 54 50 2f 31 2e 31 0d 0a 63 6f 6e 74 |t HTTP/1.1..cont|
|00000060| 65 6e 74 2d 74 79 70 65 3a 20 61 70 70 6c 69 63 |ent-type: applic|
|00000070| 61 74 69 6f 6e 2f 6a 73 6f 6e 0d 0a 63 6f 6e 74 |ation/json..cont|
|00000080| 65 6e 74 2d 6c 65 6e 67 74 68 3a 20 32 0d 0a 68 |ent-length: 2..h|
|00000090| 6f 73 74 3a 20 0d 0a 61 63 63 65 70 74 2d 65 6e |ost: ..accept-en|
|000000a0| 63 6f 64 69 6e 67 3a 20 67 7a 69 70 0d 0a 61 63 |coding: gzip..ac|
|000000b0| 63 65 70 74 3a 20 61 70 70 6c 69 63 61 74 69 6f |cept: applicatio|
|000000c0| 6e 2f 6a 73 6f 6e 0d 0a 75 70 67 72 61 64 65 3a |n/json..upgrade:|
|000000d0| 20 74 63 70 0d 0a 63 6f 6e 6e 65 63 74 69 6f 6e | tcp..connection|
|000000e0| 3a 20 75 70 67 72 61 64 65 0d 0a 0d 0a 7b 7d    |: upgrade....{} |
+--------+-------------------------------------------------+----------------+
2017-11-27 22:09:10.355 DEBUG   --- [rjava-netty-1-6] c.g.d.netty.NettyDockerCmdExecFactory$1  : [id: 0x5cd27b42, L:null - R:/var/run/docker.sock] FLUSH
2017-11-27 22:09:10.356 DEBUG   --- [rjava-netty-1-6] xecFactory$UnixDomainSocketInitializer$3 : [id: 0x5cd27b42, L:null - R:/var/run/docker.sock] FLUSH
2017-11-27 22:09:10.357 DEBUG   --- [rjava-netty-1-6] xecFactory$UnixDomainSocketInitializer$3 : [id: 0x5cd27b42, L:null - R:/var/run/docker.sock] READ: 254B
         +-------------------------------------------------+
         |  0  1  2  3  4  5  6  7  8  9  a  b  c  d  e  f |
+--------+-------------------------------------------------+----------------+
|00000000| 48 54 54 50 2f 31 2e 31 20 31 30 31 20 53 77 69 |HTTP/1.1 101 Swi|
|00000010| 74 63 68 69 6e 67 20 50 72 6f 74 6f 63 6f 6c 73 |tching Protocols|
|00000020| 0d 0a 41 70 69 2d 56 65 72 73 69 6f 6e 3a 20 31 |..Api-Version: 1|
|00000030| 2e 33 32 0d 0a 43 6f 6e 6e 65 63 74 69 6f 6e 3a |.32..Connection:|
|00000040| 20 55 70 67 72 61 64 65 0d 0a 43 6f 6e 74 65 6e | Upgrade..Conten|
|00000050| 74 2d 54 79 70 65 3a 20 61 70 70 6c 69 63 61 74 |t-Type: applicat|
|00000060| 69 6f 6e 2f 76 6e 64 2e 64 6f 63 6b 65 72 2e 72 |ion/vnd.docker.r|
|00000070| 61 77 2d 73 74 72 65 61 6d 0d 0a 44 6f 63 6b 65 |aw-stream..Docke|
|00000080| 72 2d 45 78 70 65 72 69 6d 65 6e 74 61 6c 3a 20 |r-Experimental: |
|00000090| 66 61 6c 73 65 0d 0a 4f 73 74 79 70 65 3a 20 6c |false..Ostype: l|
|000000a0| 69 6e 75 78 0d 0a 53 65 72 76 65 72 3a 20 44 6f |inux..Server: Do|
|000000b0| 63 6b 65 72 2f 31 37 2e 30 39 2e 30 2d 63 65 20 |cker/17.09.0-ce |
|000000c0| 28 6c 69 6e 75 78 29 0d 0a 55 70 67 72 61 64 65 |(linux)..Upgrade|
|000000d0| 3a 20 74 63 70 0d 0a 44 61 74 65 3a 20 4d 6f 6e |: tcp..Date: Mon|
|000000e0| 2c 20 32 37 20 4e 6f 76 20 32 30 31 37 20 32 31 |, 27 Nov 2017 21|
|000000f0| 3a 30 39 3a 31 30 20 47 4d 54 0d 0a 0d 0a       |:09:10 GMT....  |
+--------+-------------------------------------------------+----------------+
2017-11-27 22:09:10.358 DEBUG   --- [rjava-netty-1-6] c.g.d.netty.NettyDockerCmdExecFactory$1  : [id: 0x5cd27b42, L:null - R:/var/run/docker.sock] READ: DefaultHttpResponse(decodeResult: success, version: HTTP/1.1)
HTTP/1.1 101 Switching Protocols
Api-Version: 1.32
Connection: Upgrade
Content-Type: application/vnd.docker.raw-stream
Docker-Experimental: false
Ostype: linux
Server: Docker/17.09.0-ce (linux)
Upgrade: tcp
Date: Mon, 27 Nov 2017 21:09:10 GMT
2017-11-27 22:09:10.358 DEBUG   --- [rjava-netty-1-6] c.g.d.netty.NettyDockerCmdExecFactory$1  : [id: 0x5cd27b42, L:null - R:/var/run/docker.sock] READ, EmptyLastHttpContent, 0B
2017-11-27 22:09:10.358 DEBUG   --- [rjava-netty-1-6] xecFactory$UnixDomainSocketInitializer$3 : [id: 0x5cd27b42, L:null - R:/var/run/docker.sock] READ COMPLETE
2017-11-27 22:09:10.358 DEBUG   --- [rjava-netty-1-6] c.g.d.netty.NettyDockerCmdExecFactory$1  : [id: 0x5cd27b42, L:null - R:/var/run/docker.sock] READ COMPLETE
2017-11-27 22:09:10.467 DEBUG   --- [rjava-netty-1-6] xecFactory$UnixDomainSocketInitializer$3 : [id: 0x5cd27b42, L:null - R:/var/run/docker.sock] READ: 128B
         +-------------------------------------------------+
         |  0  1  2  3  4  5  6  7  8  9  a  b  c  d  e  f |
+--------+-------------------------------------------------+----------------+
|00000000| 02 00 00 00 00 00 00 78 2f 62 69 6e 2f 62 61 73 |.......x/bin/bas|
|00000010| 68 3a 20 63 6f 6e 6e 65 63 74 3a 20 43 61 6e 6e |h: connect: Cann|
|00000020| 6f 74 20 61 73 73 69 67 6e 20 72 65 71 75 65 73 |ot assign reques|
|00000030| 74 65 64 20 61 64 64 72 65 73 73 0a 2f 62 69 6e |ted address./bin|
|00000040| 2f 62 61 73 68 3a 20 2f 64 65 76 2f 74 63 70 2f |/bash: /dev/tcp/|
|00000050| 6c 6f 63 61 6c 68 6f 73 74 2f 34 33 36 39 3a 20 |localhost/4369: |
|00000060| 43 61 6e 6e 6f 74 20 61 73 73 69 67 6e 20 72 65 |Cannot assign re|
|00000070| 71 75 65 73 74 65 64 20 61 64 64 72 65 73 73 0a |quested address.|
+--------+-------------------------------------------------+----------------+
2017-11-27 22:09:10.467 DEBUG   --- [rjava-netty-1-6] c.g.d.netty.NettyDockerCmdExecFactory$1  : [id: 0x5cd27b42, L:null - R:/var/run/docker.sock] READ: 128B
         +-------------------------------------------------+
         |  0  1  2  3  4  5  6  7  8  9  a  b  c  d  e  f |
+--------+-------------------------------------------------+----------------+
|00000000| 02 00 00 00 00 00 00 78 2f 62 69 6e 2f 62 61 73 |.......x/bin/bas|
|00000010| 68 3a 20 63 6f 6e 6e 65 63 74 3a 20 43 61 6e 6e |h: connect: Cann|
|00000020| 6f 74 20 61 73 73 69 67 6e 20 72 65 71 75 65 73 |ot assign reques|
|00000030| 74 65 64 20 61 64 64 72 65 73 73 0a 2f 62 69 6e |ted address./bin|
|00000040| 2f 62 61 73 68 3a 20 2f 64 65 76 2f 74 63 70 2f |/bash: /dev/tcp/|
|00000050| 6c 6f 63 61 6c 68 6f 73 74 2f 34 33 36 39 3a 20 |localhost/4369: |
|00000060| 43 61 6e 6e 6f 74 20 61 73 73 69 67 6e 20 72 65 |Cannot assign re|
|00000070| 71 75 65 73 74 65 64 20 61 64 64 72 65 73 73 0a |quested address.|
+--------+-------------------------------------------------+----------------+
2017-11-27 22:09:10.468 DEBUG   --- [rjava-netty-1-6] xecFactory$UnixDomainSocketInitializer$3 : [id: 0x5cd27b42, L:null - R:/var/run/docker.sock] READ COMPLETE
2017-11-27 22:09:10.468 DEBUG   --- [rjava-netty-1-6] c.g.d.netty.NettyDockerCmdExecFactory$1  : [id: 0x5cd27b42, L:null - R:/var/run/docker.sock] READ COMPLETE
2017-11-27 22:09:10.468 DEBUG   --- [rjava-netty-1-6] xecFactory$UnixDomainSocketInitializer$3 : [id: 0x5cd27b42, L:null - R:/var/run/docker.sock] READ COMPLETE
2017-11-27 22:09:10.468 DEBUG   --- [rjava-netty-1-6] c.g.d.netty.NettyDockerCmdExecFactory$1  : [id: 0x5cd27b42, L:null - R:/var/run/docker.sock] READ COMPLETE
2017-11-27 22:09:10.468 DEBUG   --- [rjava-netty-1-6] c.g.d.netty.NettyDockerCmdExecFactory$1  : [id: 0x5cd27b42, L:null ! R:/var/run/docker.sock] CLOSE
2017-11-27 22:09:10.469 DEBUG   --- [rjava-netty-1-6] xecFactory$UnixDomainSocketInitializer$3 : [id: 0x5cd27b42, L:null ! R:/var/run/docker.sock] CLOSE
2017-11-27 22:09:10.469 DEBUG   --- [rjava-netty-1-6] xecFactory$UnixDomainSocketInitializer$3 : [id: 0x5cd27b42, L:null ! R:/var/run/docker.sock] INACTIVE
2017-11-27 22:09:10.469 DEBUG   --- [rjava-netty-1-6] c.g.d.netty.NettyDockerCmdExecFactory$1  : [id: 0x5cd27b42, L:null ! R:/var/run/docker.sock] INACTIVE
2017-11-27 22:09:10.469 DEBUG   --- [rjava-netty-1-6] xecFactory$UnixDomainSocketInitializer$3 : [id: 0x5cd27b42, L:null ! R:/var/run/docker.sock] UNREGISTERED
2017-11-27 22:09:10.469 DEBUG   --- [rjava-netty-1-6] c.g.d.netty.NettyDockerCmdExecFactory$1  : [id: 0x5cd27b42, L:null ! R:/var/run/docker.sock] UNREGISTERED
2017-11-27 22:09:11.472 DEBUG   --- [pool-1-thread-1] c.g.d.core.command.AbstrDockerCmd        : Cmd: 760a11cda02e910f00711b5a13bda9b1a918e18eb4153f1bfc40e23e16ada5cc,false,com.github.dockerjava.netty.exec.InspectContainerCmdExec@38db16cf
2017-11-27 22:09:11.473 DEBUG   --- [pool-1-thread-1] c.g.d.n.exec.InspectContainerCmdExec     : GET: com.github.dockerjava.netty.WebTarget@35426afe
2017-11-27 22:09:11.473 DEBUG   --- [rjava-netty-1-7] xecFactory$UnixDomainSocketInitializer$3 : [id: 0x0e7c0a0c] REGISTERED
2017-11-27 22:09:11.473 DEBUG   --- [rjava-netty-1-7] xecFactory$UnixDomainSocketInitializer$3 : [id: 0x0e7c0a0c] CONNECT: /var/run/docker.sock
2017-11-27 22:09:11.473 DEBUG   --- [rjava-netty-1-7] xecFactory$UnixDomainSocketInitializer$3 : [id: 0x0e7c0a0c, L:null - R:/var/run/docker.sock] ACTIVE
2017-11-27 22:09:11.474 DEBUG   --- [rjava-netty-1-7] c.g.d.netty.NettyDockerCmdExecFactory$1  : [id: 0x0e7c0a0c, L:null - R:/var/run/docker.sock] WRITE, DefaultFullHttpRequest(decodeResult: success, version: HTTP/1.1, content: UnpooledByteBufAllocator$InstrumentedUnpooledUnsafeHeapByteBuf(ridx: 0, widx: 0, cap: 0))
GET /containers/760a11cda02e910f00711b5a13bda9b1a918e18eb4153f1bfc40e23e16ada5cc/json HTTP/1.1
host:
connection: keep-alive
accept-encoding: gzip
accept: application/json, 0B
2017-11-27 22:09:11.474 DEBUG   --- [rjava-netty-1-7] xecFactory$UnixDomainSocketInitializer$3 : [id: 0x0e7c0a0c, L:null - R:/var/run/docker.sock] WRITE: 179B
         +-------------------------------------------------+
         |  0  1  2  3  4  5  6  7  8  9  a  b  c  d  e  f |
+--------+-------------------------------------------------+----------------+
|00000000| 47 45 54 20 2f 63 6f 6e 74 61 69 6e 65 72 73 2f |GET /containers/|
|00000010| 37 36 30 61 31 31 63 64 61 30 32 65 39 31 30 66 |760a11cda02e910f|
|00000020| 30 30 37 31 31 62 35 61 31 33 62 64 61 39 62 31 |00711b5a13bda9b1|
|00000030| 61 39 31 38 65 31 38 65 62 34 31 35 33 66 31 62 |a918e18eb4153f1b|
|00000040| 66 63 34 30 65 32 33 65 31 36 61 64 61 35 63 63 |fc40e23e16ada5cc|
|00000050| 2f 6a 73 6f 6e 20 48 54 54 50 2f 31 2e 31 0d 0a |/json HTTP/1.1..|
|00000060| 68 6f 73 74 3a 20 0d 0a 63 6f 6e 6e 65 63 74 69 |host: ..connecti|
|00000070| 6f 6e 3a 20 6b 65 65 70 2d 61 6c 69 76 65 0d 0a |on: keep-alive..|
|00000080| 61 63 63 65 70 74 2d 65 6e 63 6f 64 69 6e 67 3a |accept-encoding:|
|00000090| 20 67 7a 69 70 0d 0a 61 63 63 65 70 74 3a 20 61 | gzip..accept: a|
|000000a0| 70 70 6c 69 63 61 74 69 6f 6e 2f 6a 73 6f 6e 0d |pplication/json.|
|000000b0| 0a 0d 0a                                        |...             |
+--------+-------------------------------------------------+----------------+
2017-11-27 22:09:11.474 DEBUG   --- [rjava-netty-1-7] c.g.d.netty.NettyDockerCmdExecFactory$1  : [id: 0x0e7c0a0c, L:null - R:/var/run/docker.sock] FLUSH
2017-11-27 22:09:11.474 DEBUG   --- [rjava-netty-1-7] xecFactory$UnixDomainSocketInitializer$3 : [id: 0x0e7c0a0c, L:null - R:/var/run/docker.sock] FLUSH
2017-11-27 22:09:11.476 DEBUG   --- [rjava-netty-1-7] xecFactory$UnixDomainSocketInitializer$3 : [id: 0x0e7c0a0c, L:null - R:/var/run/docker.sock] READ: 1024B
         +-------------------------------------------------+
         |  0  1  2  3  4  5  6  7  8  9  a  b  c  d  e  f |
+--------+-------------------------------------------------+----------------+
|00000000| 48 54 54 50 2f 31 2e 31 20 32 30 30 20 4f 4b 0d |HTTP/1.1 200 OK.|
|00000010| 0a 41 70 69 2d 56 65 72 73 69 6f 6e 3a 20 31 2e |.Api-Version: 1.|
|00000020| 33 32 0d 0a 43 6f 6e 74 65 6e 74 2d 54 79 70 65 |32..Content-Type|
|00000030| 3a 20 61 70 70 6c 69 63 61 74 69 6f 6e 2f 6a 73 |: application/js|
|00000040| 6f 6e 0d 0a 44 61 74 65 3a 20 4d 6f 6e 2c 20 32 |on..Date: Mon, 2|
|00000050| 37 20 4e 6f 76 20 32 30 31 37 20 32 31 3a 30 39 |7 Nov 2017 21:09|
|00000060| 3a 30 38 20 47 4d 54 0d 0a 44 6f 63 6b 65 72 2d |:08 GMT..Docker-|
|00000070| 45 78 70 65 72 69 6d 65 6e 74 61 6c 3a 20 66 61 |Experimental: fa|
|00000080| 6c 73 65 0d 0a 4f 73 74 79 70 65 3a 20 6c 69 6e |lse..Ostype: lin|
|00000090| 75 78 0d 0a 53 65 72 76 65 72 3a 20 44 6f 63 6b |ux..Server: Dock|
|000000a0| 65 72 2f 31 37 2e 30 39 2e 30 2d 63 65 20 28 6c |er/17.09.0-ce (l|
|000000b0| 69 6e 75 78 29 0d 0a 54 72 61 6e 73 66 65 72 2d |inux)..Transfer-|
|000000c0| 45 6e 63 6f 64 69 6e 67 3a 20 63 68 75 6e 6b 65 |Encoding: chunke|
|000000d0| 64 0d 0a 0d 0a 31 32 36 64 0d 0a 7b 22 49 64 22 |d....126d..{"Id"|
|000000e0| 3a 22 37 36 30 61 31 31 63 64 61 30 32 65 39 31 |:"760a11cda02e91|
|000000f0| 30 66 30 30 37 31 31 62 35 61 31 33 62 64 61 39 |0f00711b5a13bda9|
|00000100| 62 31 61 39 31 38 65 31 38 65 62 34 31 35 33 66 |b1a918e18eb4153f|
|00000110| 31 62 66 63 34 30 65 32 33 65 31 36 61 64 61 35 |1bfc40e23e16ada5|
|00000120| 63 63 22 2c 22 43 72 65 61 74 65 64 22 3a 22 32 |cc","Created":"2|
|00000130| 30 31 37 2d 31 31 2d 32 37 54 32 31 3a 30 39 3a |017-11-27T21:09:|
|00000140| 30 35 2e 36 30 36 37 39 38 31 30 32 5a 22 2c 22 |05.606798102Z","|
|00000150| 50 61 74 68 22 3a 22 64 6f 63 6b 65 72 2d 65 6e |Path":"docker-en|
|00000160| 74 72 79 70 6f 69 6e 74 2e 73 68 22 2c 22 41 72 |trypoint.sh","Ar|
|00000170| 67 73 22 3a 5b 22 72 61 62 62 69 74 6d 71 2d 73 |gs":["rabbitmq-s|
|00000180| 65 72 76 65 72 22 5d 2c 22 53 74 61 74 65 22 3a |erver"],"State":|
|00000190| 7b 22 53 74 61 74 75 73 22 3a 22 72 75 6e 6e 69 |{"Status":"runni|
|000001a0| 6e 67 22 2c 22 52 75 6e 6e 69 6e 67 22 3a 74 72 |ng","Running":tr|
|000001b0| 75 65 2c 22 50 61 75 73 65 64 22 3a 66 61 6c 73 |ue,"Paused":fals|
|000001c0| 65 2c 22 52 65 73 74 61 72 74 69 6e 67 22 3a 66 |e,"Restarting":f|
|000001d0| 61 6c 73 65 2c 22 4f 4f 4d 4b 69 6c 6c 65 64 22 |alse,"OOMKilled"|
|000001e0| 3a 66 61 6c 73 65 2c 22 44 65 61 64 22 3a 66 61 |:false,"Dead":fa|
|000001f0| 6c 73 65 2c 22 50 69 64 22 3a 31 35 38 38 39 2c |lse,"Pid":15889,|
|00000200| 22 45 78 69 74 43 6f 64 65 22 3a 30 2c 22 45 72 |"ExitCode":0,"Er|
|00000210| 72 6f 72 22 3a 22 22 2c 22 53 74 61 72 74 65 64 |ror":"","Started|
|00000220| 41 74 22 3a 22 32 30 31 37 2d 31 31 2d 32 37 54 |At":"2017-11-27T|
|00000230| 32 31 3a 30 39 3a 30 36 2e 37 34 37 30 36 37 33 |21:09:06.7470673|
|00000240| 38 38 5a 22 2c 22 46 69 6e 69 73 68 65 64 41 74 |88Z","FinishedAt|
|00000250| 22 3a 22 30 30 30 31 2d 30 31 2d 30 31 54 30 30 |":"0001-01-01T00|
|00000260| 3a 30 30 3a 30 30 5a 22 7d 2c 22 49 6d 61 67 65 |:00:00Z"},"Image|
|00000270| 22 3a 22 73 68 61 32 35 36 3a 37 39 61 30 30 38 |":"sha256:79a008|
|00000280| 62 32 35 39 36 32 65 31 61 31 34 33 65 30 32 62 |b25962e1a143e02b|
|00000290| 33 37 31 38 37 66 38 35 35 63 62 32 32 34 65 32 |37187f855cb224e2|
|000002a0| 32 30 33 62 39 34 63 63 39 66 38 37 65 38 31 66 |203b94cc9f87e81f|
|000002b0| 65 32 37 35 36 36 30 63 39 64 22 2c 22 52 65 73 |e275660c9d","Res|
|000002c0| 6f 6c 76 43 6f 6e 66 50 61 74 68 22 3a 22 2f 76 |olvConfPath":"/v|
|000002d0| 61 72 2f 6c 69 62 2f 64 6f 63 6b 65 72 2f 63 6f |ar/lib/docker/co|
|000002e0| 6e 74 61 69 6e 65 72 73 2f 37 36 30 61 31 31 63 |ntainers/760a11c|
|000002f0| 64 61 30 32 65 39 31 30 66 30 30 37 31 31 62 35 |da02e910f00711b5|
|00000300| 61 31 33 62 64 61 39 62 31 61 39 31 38 65 31 38 |a13bda9b1a918e18|
|00000310| 65 62 34 31 35 33 66 31 62 66 63 34 30 65 32 33 |eb4153f1bfc40e23|
|00000320| 65 31 36 61 64 61 35 63 63 2f 72 65 73 6f 6c 76 |e16ada5cc/resolv|
|00000330| 2e 63 6f 6e 66 22 2c 22 48 6f 73 74 6e 61 6d 65 |.conf","Hostname|
|00000340| 50 61 74 68 22 3a 22 2f 76 61 72 2f 6c 69 62 2f |Path":"/var/lib/|
|00000350| 64 6f 63 6b 65 72 2f 63 6f 6e 74 61 69 6e 65 72 |docker/container|
|00000360| 73 2f 37 36 30 61 31 31 63 64 61 30 32 65 39 31 |s/760a11cda02e91|
|00000370| 30 66 30 30 37 31 31 62 35 61 31 33 62 64 61 39 |0f00711b5a13bda9|
|00000380| 62 31 61 39 31 38 65 31 38 65 62 34 31 35 33 66 |b1a918e18eb4153f|
|00000390| 31 62 66 63 34 30 65 32 33 65 31 36 61 64 61 35 |1bfc40e23e16ada5|
|000003a0| 63 63 2f 68 6f 73 74 6e 61 6d 65 22 2c 22 48 6f |cc/hostname","Ho|
|000003b0| 73 74 73 50 61 74 68 22 3a 22 2f 76 61 72 2f 6c |stsPath":"/var/l|
|000003c0| 69 62 2f 64 6f 63 6b 65 72 2f 63 6f 6e 74 61 69 |ib/docker/contai|
|000003d0| 6e 65 72 73 2f 37 36 30 61 31 31 63 64 61 30 32 |ners/760a11cda02|
|000003e0| 65 39 31 30 66 30 30 37 31 31 62 35 61 31 33 62 |e910f00711b5a13b|
|000003f0| 64 61 39 62 31 61 39 31 38 65 31 38 65 62 34 31 |da9b1a918e18eb41|
+--------+-------------------------------------------------+----------------+
2017-11-27 22:09:11.476 DEBUG   --- [rjava-netty-1-7] c.g.d.netty.NettyDockerCmdExecFactory$1  : [id: 0x0e7c0a0c, L:null - R:/var/run/docker.sock] READ: DefaultHttpResponse(decodeResult: success, version: HTTP/1.1)
HTTP/1.1 200 OK
Api-Version: 1.32
Content-Type: application/json
Date: Mon, 27 Nov 2017 21:09:08 GMT
Docker-Experimental: false
Ostype: linux
Server: Docker/17.09.0-ce (linux)
Transfer-Encoding: chunked
2017-11-27 22:09:11.477 DEBUG   --- [rjava-netty-1-7] c.g.d.netty.NettyDockerCmdExecFactory$1  : [id: 0x0e7c0a0c, L:null - R:/var/run/docker.sock] READ: DefaultHttpContent(data: PooledSlicedByteBuf(ridx: 0, widx: 805, cap: 805/805, unwrapped: PooledUnsafeDirectByteBuf(ridx: 1024, widx: 1024, cap: 1024)), decoderResult: success), 805B
         +-------------------------------------------------+
         |  0  1  2  3  4  5  6  7  8  9  a  b  c  d  e  f |
+--------+-------------------------------------------------+----------------+
|00000000| 7b 22 49 64 22 3a 22 37 36 30 61 31 31 63 64 61 |{"Id":"760a11cda|
|00000010| 30 32 65 39 31 30 66 30 30 37 31 31 62 35 61 31 |02e910f00711b5a1|
|00000020| 33 62 64 61 39 62 31 61 39 31 38 65 31 38 65 62 |3bda9b1a918e18eb|
|00000030| 34 31 35 33 66 31 62 66 63 34 30 65 32 33 65 31 |4153f1bfc40e23e1|
|00000040| 36 61 64 61 35 63 63 22 2c 22 43 72 65 61 74 65 |6ada5cc","Create|
|00000050| 64 22 3a 22 32 30 31 37 2d 31 31 2d 32 37 54 32 |d":"2017-11-27T2|
|00000060| 31 3a 30 39 3a 30 35 2e 36 30 36 37 39 38 31 30 |1:09:05.60679810|
|00000070| 32 5a 22 2c 22 50 61 74 68 22 3a 22 64 6f 63 6b |2Z","Path":"dock|
|00000080| 65 72 2d 65 6e 74 72 79 70 6f 69 6e 74 2e 73 68 |er-entrypoint.sh|
|00000090| 22 2c 22 41 72 67 73 22 3a 5b 22 72 61 62 62 69 |","Args":["rabbi|
|000000a0| 74 6d 71 2d 73 65 72 76 65 72 22 5d 2c 22 53 74 |tmq-server"],"St|
|000000b0| 61 74 65 22 3a 7b 22 53 74 61 74 75 73 22 3a 22 |ate":{"Status":"|
|000000c0| 72 75 6e 6e 69 6e 67 22 2c 22 52 75 6e 6e 69 6e |running","Runnin|
|000000d0| 67 22 3a 74 72 75 65 2c 22 50 61 75 73 65 64 22 |g":true,"Paused"|
|000000e0| 3a 66 61 6c 73 65 2c 22 52 65 73 74 61 72 74 69 |:false,"Restarti|
|000000f0| 6e 67 22 3a 66 61 6c 73 65 2c 22 4f 4f 4d 4b 69 |ng":false,"OOMKi|
|00000100| 6c 6c 65 64 22 3a 66 61 6c 73 65 2c 22 44 65 61 |lled":false,"Dea|
|00000110| 64 22 3a 66 61 6c 73 65 2c 22 50 69 64 22 3a 31 |d":false,"Pid":1|
|00000120| 35 38 38 39 2c 22 45 78 69 74 43 6f 64 65 22 3a |5889,"ExitCode":|
|00000130| 30 2c 22 45 72 72 6f 72 22 3a 22 22 2c 22 53 74 |0,"Error":"","St|
|00000140| 61 72 74 65 64 41 74 22 3a 22 32 30 31 37 2d 31 |artedAt":"2017-1|
|00000150| 31 2d 32 37 54 32 31 3a 30 39 3a 30 36 2e 37 34 |1-27T21:09:06.74|
|00000160| 37 30 36 37 33 38 38 5a 22 2c 22 46 69 6e 69 73 |7067388Z","Finis|
|00000170| 68 65 64 41 74 22 3a 22 30 30 30 31 2d 30 31 2d |hedAt":"0001-01-|
|00000180| 30 31 54 30 30 3a 30 30 3a 30 30 5a 22 7d 2c 22 |01T00:00:00Z"},"|
|00000190| 49 6d 61 67 65 22 3a 22 73 68 61 32 35 36 3a 37 |Image":"sha256:7|
|000001a0| 39 61 30 30 38 62 32 35 39 36 32 65 31 61 31 34 |9a008b25962e1a14|
|000001b0| 33 65 30 32 62 33 37 31 38 37 66 38 35 35 63 62 |3e02b37187f855cb|
|000001c0| 32 32 34 65 32 32 30 33 62 39 34 63 63 39 66 38 |224e2203b94cc9f8|
|000001d0| 37 65 38 31 66 65 32 37 35 36 36 30 63 39 64 22 |7e81fe275660c9d"|
|000001e0| 2c 22 52 65 73 6f 6c 76 43 6f 6e 66 50 61 74 68 |,"ResolvConfPath|
|000001f0| 22 3a 22 2f 76 61 72 2f 6c 69 62 2f 64 6f 63 6b |":"/var/lib/dock|
|00000200| 65 72 2f 63 6f 6e 74 61 69 6e 65 72 73 2f 37 36 |er/containers/76|
|00000210| 30 61 31 31 63 64 61 30 32 65 39 31 30 66 30 30 |0a11cda02e910f00|
|00000220| 37 31 31 62 35 61 31 33 62 64 61 39 62 31 61 39 |711b5a13bda9b1a9|
|00000230| 31 38 65 31 38 65 62 34 31 35 33 66 31 62 66 63 |18e18eb4153f1bfc|
|00000240| 34 30 65 32 33 65 31 36 61 64 61 35 63 63 2f 72 |40e23e16ada5cc/r|
|00000250| 65 73 6f 6c 76 2e 63 6f 6e 66 22 2c 22 48 6f 73 |esolv.conf","Hos|
|00000260| 74 6e 61 6d 65 50 61 74 68 22 3a 22 2f 76 61 72 |tnamePath":"/var|
|00000270| 2f 6c 69 62 2f 64 6f 63 6b 65 72 2f 63 6f 6e 74 |/lib/docker/cont|
|00000280| 61 69 6e 65 72 73 2f 37 36 30 61 31 31 63 64 61 |ainers/760a11cda|
|00000290| 30 32 65 39 31 30 66 30 30 37 31 31 62 35 61 31 |02e910f00711b5a1|
|000002a0| 33 62 64 61 39 62 31 61 39 31 38 65 31 38 65 62 |3bda9b1a918e18eb|
|000002b0| 34 31 35 33 66 31 62 66 63 34 30 65 32 33 65 31 |4153f1bfc40e23e1|
|000002c0| 36 61 64 61 35 63 63 2f 68 6f 73 74 6e 61 6d 65 |6ada5cc/hostname|
|000002d0| 22 2c 22 48 6f 73 74 73 50 61 74 68 22 3a 22 2f |","HostsPath":"/|
|000002e0| 76 61 72 2f 6c 69 62 2f 64 6f 63 6b 65 72 2f 63 |var/lib/docker/c|
|000002f0| 6f 6e 74 61 69 6e 65 72 73 2f 37 36 30 61 31 31 |ontainers/760a11|
|00000300| 63 64 61 30 32 65 39 31 30 66 30 30 37 31 31 62 |cda02e910f00711b|
|00000310| 35 61 31 33 62 64 61 39 62 31 61 39 31 38 65 31 |5a13bda9b1a918e1|
|00000320| 38 65 62 34 31                                  |8eb41           |
+--------+-------------------------------------------------+----------------+
2017-11-27 22:09:11.477 DEBUG   --- [rjava-netty-1-7] xecFactory$UnixDomainSocketInitializer$3 : [id: 0x0e7c0a0c, L:null - R:/var/run/docker.sock] READ COMPLETE
2017-11-27 22:09:11.477 DEBUG   --- [rjava-netty-1-7] c.g.d.netty.NettyDockerCmdExecFactory$1  : [id: 0x0e7c0a0c, L:null - R:/var/run/docker.sock] READ COMPLETE
2017-11-27 22:09:11.477 DEBUG   --- [rjava-netty-1-7] xecFactory$UnixDomainSocketInitializer$3 : [id: 0x0e7c0a0c, L:null - R:/var/run/docker.sock] READ: 3919B
         +-------------------------------------------------+
         |  0  1  2  3  4  5  6  7  8  9  a  b  c  d  e  f |
+--------+-------------------------------------------------+----------------+
|00000000| 35 33 66 31 62 66 63 34 30 65 32 33 65 31 36 61 |53f1bfc40e23e16a|
|00000010| 64 61 35 63 63 2f 68 6f 73 74 73 22 2c 22 4c 6f |da5cc/hosts","Lo|
|00000020| 67 50 61 74 68 22 3a 22 2f 76 61 72 2f 6c 69 62 |gPath":"/var/lib|
|00000030| 2f 64 6f 63 6b 65 72 2f 63 6f 6e 74 61 69 6e 65 |/docker/containe|
|00000040| 72 73 2f 37 36 30 61 31 31 63 64 61 30 32 65 39 |rs/760a11cda02e9|
|00000050| 31 30 66 30 30 37 31 31 62 35 61 31 33 62 64 61 |10f00711b5a13bda|
|00000060| 39 62 31 61 39 31 38 65 31 38 65 62 34 31 35 33 |9b1a918e18eb4153|
|00000070| 66 31 62 66 63 34 30 65 32 33 65 31 36 61 64 61 |f1bfc40e23e16ada|
|00000080| 35 63 63 2f 37 36 30 61 31 31 63 64 61 30 32 65 |5cc/760a11cda02e|
|00000090| 39 31 30 66 30 30 37 31 31 62 35 61 31 33 62 64 |910f00711b5a13bd|
|000000a0| 61 39 62 31 61 39 31 38 65 31 38 65 62 34 31 35 |a9b1a918e18eb415|
|000000b0| 33 66 31 62 66 63 34 30 65 32 33 65 31 36 61 64 |3f1bfc40e23e16ad|
|000000c0| 61 35 63 63 2d 6a 73 6f 6e 2e 6c 6f 67 22 2c 22 |a5cc-json.log","|
|000000d0| 4e 61 6d 65 22 3a 22 2f 64 69 73 74 72 61 63 74 |Name":"/distract|
|000000e0| 65 64 5f 62 65 6e 7a 22 2c 22 52 65 73 74 61 72 |ed_benz","Restar|
|000000f0| 74 43 6f 75 6e 74 22 3a 30 2c 22 44 72 69 76 65 |tCount":0,"Drive|
|00000100| 72 22 3a 22 61 75 66 73 22 2c 22 50 6c 61 74 66 |r":"aufs","Platf|
|00000110| 6f 72 6d 22 3a 22 6c 69 6e 75 78 22 2c 22 4d 6f |orm":"linux","Mo|
|00000120| 75 6e 74 4c 61 62 65 6c 22 3a 22 22 2c 22 50 72 |untLabel":"","Pr|
|00000130| 6f 63 65 73 73 4c 61 62 65 6c 22 3a 22 22 2c 22 |ocessLabel":"","|
|00000140| 41 70 70 41 72 6d 6f 72 50 72 6f 66 69 6c 65 22 |AppArmorProfile"|
|00000150| 3a 22 22 2c 22 45 78 65 63 49 44 73 22 3a 6e 75 |:"","ExecIDs":nu|
|00000160| 6c 6c 2c 22 48 6f 73 74 43 6f 6e 66 69 67 22 3a |ll,"HostConfig":|
|00000170| 7b 22 42 69 6e 64 73 22 3a 5b 5d 2c 22 43 6f 6e |{"Binds":[],"Con|
|00000180| 74 61 69 6e 65 72 49 44 46 69 6c 65 22 3a 22 22 |tainerIDFile":""|
|00000190| 2c 22 4c 6f 67 43 6f 6e 66 69 67 22 3a 7b 22 54 |,"LogConfig":{"T|
|000001a0| 79 70 65 22 3a 22 6a 73 6f 6e 2d 66 69 6c 65 22 |ype":"json-file"|
|000001b0| 2c 22 43 6f 6e 66 69 67 22 3a 7b 7d 7d 2c 22 4e |,"Config":{}},"N|
|000001c0| 65 74 77 6f 72 6b 4d 6f 64 65 22 3a 22 64 65 66 |etworkMode":"def|
|000001d0| 61 75 6c 74 22 2c 22 50 6f 72 74 42 69 6e 64 69 |ault","PortBindi|
|000001e0| 6e 67 73 22 3a 7b 7d 2c 22 52 65 73 74 61 72 74 |ngs":{},"Restart|
|000001f0| 50 6f 6c 69 63 79 22 3a 7b 22 4e 61 6d 65 22 3a |Policy":{"Name":|
|00000200| 22 22 2c 22 4d 61 78 69 6d 75 6d 52 65 74 72 79 |"","MaximumRetry|
|00000210| 43 6f 75 6e 74 22 3a 30 7d 2c 22 41 75 74 6f 52 |Count":0},"AutoR|
|00000220| 65 6d 6f 76 65 22 3a 66 61 6c 73 65 2c 22 56 6f |emove":false,"Vo|
|00000230| 6c 75 6d 65 44 72 69 76 65 72 22 3a 22 22 2c 22 |lumeDriver":"","|
|00000240| 56 6f 6c 75 6d 65 73 46 72 6f 6d 22 3a 5b 5d 2c |VolumesFrom":[],|
|00000250| 22 43 61 70 41 64 64 22 3a 6e 75 6c 6c 2c 22 43 |"CapAdd":null,"C|
|00000260| 61 70 44 72 6f 70 22 3a 6e 75 6c 6c 2c 22 44 6e |apDrop":null,"Dn|
|00000270| 73 22 3a 6e 75 6c 6c 2c 22 44 6e 73 4f 70 74 69 |s":null,"DnsOpti|
|00000280| 6f 6e 73 22 3a 6e 75 6c 6c 2c 22 44 6e 73 53 65 |ons":null,"DnsSe|
|00000290| 61 72 63 68 22 3a 6e 75 6c 6c 2c 22 45 78 74 72 |arch":null,"Extr|
|000002a0| 61 48 6f 73 74 73 22 3a 5b 5d 2c 22 47 72 6f 75 |aHosts":[],"Grou|
|000002b0| 70 41 64 64 22 3a 6e 75 6c 6c 2c 22 49 70 63 4d |pAdd":null,"IpcM|
|000002c0| 6f 64 65 22 3a 22 73 68 61 72 65 61 62 6c 65 22 |ode":"shareable"|
|000002d0| 2c 22 43 67 72 6f 75 70 22 3a 22 22 2c 22 4c 69 |,"Cgroup":"","Li|
|000002e0| 6e 6b 73 22 3a 6e 75 6c 6c 2c 22 4f 6f 6d 53 63 |nks":null,"OomSc|
|000002f0| 6f 72 65 41 64 6a 22 3a 30 2c 22 50 69 64 4d 6f |oreAdj":0,"PidMo|
|00000300| 64 65 22 3a 22 22 2c 22 50 72 69 76 69 6c 65 67 |de":"","Privileg|
|00000310| 65 64 22 3a 66 61 6c 73 65 2c 22 50 75 62 6c 69 |ed":false,"Publi|
|00000320| 73 68 41 6c 6c 50 6f 72 74 73 22 3a 74 72 75 65 |shAllPorts":true|
|00000330| 2c 22 52 65 61 64 6f 6e 6c 79 52 6f 6f 74 66 73 |,"ReadonlyRootfs|
|00000340| 22 3a 66 61 6c 73 65 2c 22 53 65 63 75 72 69 74 |":false,"Securit|
|00000350| 79 4f 70 74 22 3a 6e 75 6c 6c 2c 22 55 54 53 4d |yOpt":null,"UTSM|
|00000360| 6f 64 65 22 3a 22 22 2c 22 55 73 65 72 6e 73 4d |ode":"","UsernsM|
|00000370| 6f 64 65 22 3a 22 22 2c 22 53 68 6d 53 69 7a 65 |ode":"","ShmSize|
|00000380| 22 3a 36 37 31 30 38 38 36 34 2c 22 52 75 6e 74 |":67108864,"Runt|
|00000390| 69 6d 65 22 3a 22 72 75 6e 63 22 2c 22 43 6f 6e |ime":"runc","Con|
|000003a0| 73 6f 6c 65 53 69 7a 65 22 3a 5b 30 2c 30 5d 2c |soleSize":[0,0],|
|000003b0| 22 49 73 6f 6c 61 74 69 6f 6e 22 3a 22 22 2c 22 |"Isolation":"","|
|000003c0| 43 70 75 53 68 61 72 65 73 22 3a 30 2c 22 4d 65 |CpuShares":0,"Me|
|000003d0| 6d 6f 72 79 22 3a 30 2c 22 4e 61 6e 6f 43 70 75 |mory":0,"NanoCpu|
|000003e0| 73 22 3a 30 2c 22 43 67 72 6f 75 70 50 61 72 65 |s":0,"CgroupPare|
|000003f0| 6e 74 22 3a 22 22 2c 22 42 6c 6b 69 6f 57 65 69 |nt":"","BlkioWei|
|00000400| 67 68 74 22 3a 30 2c 22 42 6c 6b 69 6f 57 65 69 |ght":0,"BlkioWei|
|00000410| 67 68 74 44 65 76 69 63 65 22 3a 6e 75 6c 6c 2c |ghtDevice":null,|
|00000420| 22 42 6c 6b 69 6f 44 65 76 69 63 65 52 65 61 64 |"BlkioDeviceRead|
|00000430| 42 70 73 22 3a 6e 75 6c 6c 2c 22 42 6c 6b 69 6f |Bps":null,"Blkio|
|00000440| 44 65 76 69 63 65 57 72 69 74 65 42 70 73 22 3a |DeviceWriteBps":|
|00000450| 6e 75 6c 6c 2c 22 42 6c 6b 69 6f 44 65 76 69 63 |null,"BlkioDevic|
|00000460| 65 52 65 61 64 49 4f 70 73 22 3a 6e 75 6c 6c 2c |eReadIOps":null,|
|00000470| 22 42 6c 6b 69 6f 44 65 76 69 63 65 57 72 69 74 |"BlkioDeviceWrit|
|00000480| 65 49 4f 70 73 22 3a 6e 75 6c 6c 2c 22 43 70 75 |eIOps":null,"Cpu|
|00000490| 50 65 72 69 6f 64 22 3a 30 2c 22 43 70 75 51 75 |Period":0,"CpuQu|
|000004a0| 6f 74 61 22 3a 30 2c 22 43 70 75 52 65 61 6c 74 |ota":0,"CpuRealt|
|000004b0| 69 6d 65 50 65 72 69 6f 64 22 3a 30 2c 22 43 70 |imePeriod":0,"Cp|
|000004c0| 75 52 65 61 6c 74 69 6d 65 52 75 6e 74 69 6d 65 |uRealtimeRuntime|
|000004d0| 22 3a 30 2c 22 43 70 75 73 65 74 43 70 75 73 22 |":0,"CpusetCpus"|
|000004e0| 3a 22 22 2c 22 43 70 75 73 65 74 4d 65 6d 73 22 |:"","CpusetMems"|
|000004f0| 3a 22 22 2c 22 44 65 76 69 63 65 73 22 3a 6e 75 |:"","Devices":nu|
|00000500| 6c 6c 2c 22 44 65 76 69 63 65 43 67 72 6f 75 70 |ll,"DeviceCgroup|
|00000510| 52 75 6c 65 73 22 3a 6e 75 6c 6c 2c 22 44 69 73 |Rules":null,"Dis|
|00000520| 6b 51 75 6f 74 61 22 3a 30 2c 22 4b 65 72 6e 65 |kQuota":0,"Kerne|
|00000530| 6c 4d 65 6d 6f 72 79 22 3a 30 2c 22 4d 65 6d 6f |lMemory":0,"Memo|
|00000540| 72 79 52 65 73 65 72 76 61 74 69 6f 6e 22 3a 30 |ryReservation":0|
|00000550| 2c 22 4d 65 6d 6f 72 79 53 77 61 70 22 3a 30 2c |,"MemorySwap":0,|
|00000560| 22 4d 65 6d 6f 72 79 53 77 61 70 70 69 6e 65 73 |"MemorySwappines|
|00000570| 73 22 3a 6e 75 6c 6c 2c 22 4f 6f 6d 4b 69 6c 6c |s":null,"OomKill|
|00000580| 44 69 73 61 62 6c 65 22 3a 66 61 6c 73 65 2c 22 |Disable":false,"|
|00000590| 50 69 64 73 4c 69 6d 69 74 22 3a 30 2c 22 55 6c |PidsLimit":0,"Ul|
|000005a0| 69 6d 69 74 73 22 3a 6e 75 6c 6c 2c 22 43 70 75 |imits":null,"Cpu|
|000005b0| 43 6f 75 6e 74 22 3a 30 2c 22 43 70 75 50 65 72 |Count":0,"CpuPer|
|000005c0| 63 65 6e 74 22 3a 30 2c 22 49 4f 4d 61 78 69 6d |cent":0,"IOMaxim|
|000005d0| 75 6d 49 4f 70 73 22 3a 30 2c 22 49 4f 4d 61 78 |umIOps":0,"IOMax|
|000005e0| 69 6d 75 6d 42 61 6e 64 77 69 64 74 68 22 3a 30 |imumBandwidth":0|
|000005f0| 7d 2c 22 47 72 61 70 68 44 72 69 76 65 72 22 3a |},"GraphDriver":|
|00000600| 7b 22 44 61 74 61 22 3a 6e 75 6c 6c 2c 22 4e 61 |{"Data":null,"Na|
|00000610| 6d 65 22 3a 22 61 75 66 73 22 7d 2c 22 4d 6f 75 |me":"aufs"},"Mou|
|00000620| 6e 74 73 22 3a 5b 7b 22 54 79 70 65 22 3a 22 76 |nts":[{"Type":"v|
|00000630| 6f 6c 75 6d 65 22 2c 22 4e 61 6d 65 22 3a 22 65 |olume","Name":"e|
|00000640| 64 33 30 66 34 65 64 39 63 37 31 31 66 32 32 63 |d30f4ed9c711f22c|
|00000650| 62 63 66 30 31 39 66 31 33 36 39 62 61 36 63 33 |bcf019f1369ba6c3|
|00000660| 63 64 35 62 66 36 30 61 35 66 64 31 34 30 39 65 |cd5bf60a5fd1409e|
|00000670| 30 61 39 61 62 61 61 38 34 30 61 63 33 63 32 22 |0a9abaa840ac3c2"|
|00000680| 2c 22 53 6f 75 72 63 65 22 3a 22 2f 76 61 72 2f |,"Source":"/var/|
|00000690| 6c 69 62 2f 64 6f 63 6b 65 72 2f 76 6f 6c 75 6d |lib/docker/volum|
|000006a0| 65 73 2f 65 64 33 30 66 34 65 64 39 63 37 31 31 |es/ed30f4ed9c711|
|000006b0| 66 32 32 63 62 63 66 30 31 39 66 31 33 36 39 62 |f22cbcf019f1369b|
|000006c0| 61 36 63 33 63 64 35 62 66 36 30 61 35 66 64 31 |a6c3cd5bf60a5fd1|
|000006d0| 34 30 39 65 30 61 39 61 62 61 61 38 34 30 61 63 |409e0a9abaa840ac|
|000006e0| 33 63 32 2f 5f 64 61 74 61 22 2c 22 44 65 73 74 |3c2/_data","Dest|
|000006f0| 69 6e 61 74 69 6f 6e 22 3a 22 2f 76 61 72 2f 6c |ination":"/var/l|
|00000700| 69 62 2f 72 61 62 62 69 74 6d 71 22 2c 22 44 72 |ib/rabbitmq","Dr|
|00000710| 69 76 65 72 22 3a 22 6c 6f 63 61 6c 22 2c 22 4d |iver":"local","M|
|00000720| 6f 64 65 22 3a 22 22 2c 22 52 57 22 3a 74 72 75 |ode":"","RW":tru|
|00000730| 65 2c 22 50 72 6f 70 61 67 61 74 69 6f 6e 22 3a |e,"Propagation":|
|00000740| 22 22 7d 5d 2c 22 43 6f 6e 66 69 67 22 3a 7b 22 |""}],"Config":{"|
|00000750| 48 6f 73 74 6e 61 6d 65 22 3a 22 37 36 30 61 31 |Hostname":"760a1|
|00000760| 31 63 64 61 30 32 65 22 2c 22 44 6f 6d 61 69 6e |1cda02e","Domain|
|00000770| 6e 61 6d 65 22 3a 22 22 2c 22 55 73 65 72 22 3a |name":"","User":|
|00000780| 22 22 2c 22 41 74 74 61 63 68 53 74 64 69 6e 22 |"","AttachStdin"|
|00000790| 3a 66 61 6c 73 65 2c 22 41 74 74 61 63 68 53 74 |:false,"AttachSt|
|000007a0| 64 6f 75 74 22 3a 66 61 6c 73 65 2c 22 41 74 74 |dout":false,"Att|
|000007b0| 61 63 68 53 74 64 65 72 72 22 3a 66 61 6c 73 65 |achStderr":false|
|000007c0| 2c 22 45 78 70 6f 73 65 64 50 6f 72 74 73 22 3a |,"ExposedPorts":|
|000007d0| 7b 22 32 35 36 37 32 2f 74 63 70 22 3a 7b 7d 2c |{"25672/tcp":{},|
|000007e0| 22 34 33 36 39 2f 74 63 70 22 3a 7b 7d 2c 22 35 |"4369/tcp":{},"5|
|000007f0| 36 37 31 2f 74 63 70 22 3a 7b 7d 2c 22 35 36 37 |671/tcp":{},"567|
|00000800| 32 2f 74 63 70 22 3a 7b 7d 7d 2c 22 54 74 79 22 |2/tcp":{}},"Tty"|
|00000810| 3a 66 61 6c 73 65 2c 22 4f 70 65 6e 53 74 64 69 |:false,"OpenStdi|
|00000820| 6e 22 3a 66 61 6c 73 65 2c 22 53 74 64 69 6e 4f |n":false,"StdinO|
|00000830| 6e 63 65 22 3a 66 61 6c 73 65 2c 22 45 6e 76 22 |nce":false,"Env"|
|00000840| 3a 5b 22 52 41 42 42 49 54 4d 51 5f 55 53 45 52 |:["RABBITMQ_USER|
|00000850| 3d 67 75 65 73 74 22 2c 22 52 41 42 42 49 54 4d |=guest","RABBITM|
|00000860| 51 5f 50 41 53 53 57 4f 52 44 3d 67 75 65 73 74 |Q_PASSWORD=guest|
|00000870| 22 2c 22 6e 6f 5f 70 72 6f 78 79 3d 2a 2e 6c 6f |","no_proxy=*.lo|
|00000880| 63 61 6c 2c 20 31 36 39 2e 32 35 34 2f 31 36 22 |cal, 169.254/16"|
|00000890| 2c 22 50 41 54 48 3d 2f 75 73 72 2f 6c 69 62 2f |,"PATH=/usr/lib/|
|000008a0| 72 61 62 62 69 74 6d 71 2f 62 69 6e 3a 2f 75 73 |rabbitmq/bin:/us|
|000008b0| 72 2f 6c 6f 63 61 6c 2f 73 62 69 6e 3a 2f 75 73 |r/local/sbin:/us|
|000008c0| 72 2f 6c 6f 63 61 6c 2f 62 69 6e 3a 2f 75 73 72 |r/local/bin:/usr|
|000008d0| 2f 73 62 69 6e 3a 2f 75 73 72 2f 62 69 6e 3a 2f |/sbin:/usr/bin:/|
|000008e0| 73 62 69 6e 3a 2f 62 69 6e 22 2c 22 47 4f 53 55 |sbin:/bin","GOSU|
|000008f0| 5f 56 45 52 53 49 4f 4e 3d 31 2e 31 30 22 2c 22 |_VERSION=1.10","|
|00000900| 52 41 42 42 49 54 4d 51 5f 4c 4f 47 53 3d 2d 22 |RABBITMQ_LOGS=-"|
|00000910| 2c 22 52 41 42 42 49 54 4d 51 5f 53 41 53 4c 5f |,"RABBITMQ_SASL_|
|00000920| 4c 4f 47 53 3d 2d 22 2c 22 52 41 42 42 49 54 4d |LOGS=-","RABBITM|
|00000930| 51 5f 47 50 47 5f 4b 45 59 3d 30 41 39 41 46 32 |Q_GPG_KEY=0A9AF2|
|00000940| 31 31 35 46 34 36 38 37 42 44 32 39 38 30 33 41 |115F4687BD29803A|
|00000950| 32 30 36 42 37 33 41 33 36 45 36 30 32 36 44 46 |206B73A36E6026DF|
|00000960| 43 41 22 2c 22 52 41 42 42 49 54 4d 51 5f 56 45 |CA","RABBITMQ_VE|
|00000970| 52 53 49 4f 4e 3d 33 2e 36 2e 31 34 22 2c 22 52 |RSION=3.6.14","R|
|00000980| 41 42 42 49 54 4d 51 5f 47 49 54 48 55 42 5f 54 |ABBITMQ_GITHUB_T|
|00000990| 41 47 3d 72 61 62 62 69 74 6d 71 5f 76 33 5f 36 |AG=rabbitmq_v3_6|
|000009a0| 5f 31 34 22 2c 22 52 41 42 42 49 54 4d 51 5f 44 |_14","RABBITMQ_D|
|000009b0| 45 42 49 41 4e 5f 56 45 52 53 49 4f 4e 3d 33 2e |EBIAN_VERSION=3.|
|000009c0| 36 2e 31 34 2d 31 22 2c 22 48 4f 4d 45 3d 2f 76 |6.14-1","HOME=/v|
|000009d0| 61 72 2f 6c 69 62 2f 72 61 62 62 69 74 6d 71 22 |ar/lib/rabbitmq"|
|000009e0| 5d 2c 22 43 6d 64 22 3a 5b 22 72 61 62 62 69 74 |],"Cmd":["rabbit|
|000009f0| 6d 71 2d 73 65 72 76 65 72 22 5d 2c 22 41 72 67 |mq-server"],"Arg|
|00000a00| 73 45 73 63 61 70 65 64 22 3a 74 72 75 65 2c 22 |sEscaped":true,"|
|00000a10| 49 6d 61 67 65 22 3a 22 72 61 62 62 69 74 6d 71 |Image":"rabbitmq|
|00000a20| 3a 33 2e 36 2e 31 34 22 2c 22 56 6f 6c 75 6d 65 |:3.6.14","Volume|
|00000a30| 73 22 3a 7b 22 2f 76 61 72 2f 6c 69 62 2f 72 61 |s":{"/var/lib/ra|
|00000a40| 62 62 69 74 6d 71 22 3a 7b 7d 7d 2c 22 57 6f 72 |bbitmq":{}},"Wor|
|00000a50| 6b 69 6e 67 44 69 72 22 3a 22 22 2c 22 45 6e 74 |kingDir":"","Ent|
|00000a60| 72 79 70 6f 69 6e 74 22 3a 5b 22 64 6f 63 6b 65 |rypoint":["docke|
|00000a70| 72 2d 65 6e 74 72 79 70 6f 69 6e 74 2e 73 68 22 |r-entrypoint.sh"|
|00000a80| 5d 2c 22 4f 6e 42 75 69 6c 64 22 3a 6e 75 6c 6c |],"OnBuild":null|
|00000a90| 2c 22 4c 61 62 65 6c 73 22 3a 7b 22 6f 72 67 2e |,"Labels":{"org.|
|00000aa0| 74 65 73 74 63 6f 6e 74 61 69 6e 65 72 73 22 3a |testcontainers":|
|00000ab0| 22 74 72 75 65 22 7d 7d 2c 22 4e 65 74 77 6f 72 |"true"}},"Networ|
|00000ac0| 6b 53 65 74 74 69 6e 67 73 22 3a 7b 22 42 72 69 |kSettings":{"Bri|
|00000ad0| 64 67 65 22 3a 22 22 2c 22 53 61 6e 64 62 6f 78 |dge":"","Sandbox|
|00000ae0| 49 44 22 3a 22 38 66 38 35 65 33 63 65 66 39 62 |ID":"8f85e3cef9b|
|00000af0| 32 66 39 39 31 63 39 36 30 30 35 61 32 38 64 36 |2f991c96005a28d6|
|00000b00| 65 63 35 32 64 63 34 35 33 33 33 64 63 65 37 38 |ec52dc45333dce78|
|00000b10| 38 37 36 64 30 39 37 65 63 31 32 38 66 39 39 36 |876d097ec128f996|
|00000b20| 37 33 38 36 64 22 2c 22 48 61 69 72 70 69 6e 4d |7386d","HairpinM|
|00000b30| 6f 64 65 22 3a 66 61 6c 73 65 2c 22 4c 69 6e 6b |ode":false,"Link|
|00000b40| 4c 6f 63 61 6c 49 50 76 36 41 64 64 72 65 73 73 |LocalIPv6Address|
|00000b50| 22 3a 22 22 2c 22 4c 69 6e 6b 4c 6f 63 61 6c 49 |":"","LinkLocalI|
|00000b60| 50 76 36 50 72 65 66 69 78 4c 65 6e 22 3a 30 2c |Pv6PrefixLen":0,|
|00000b70| 22 50 6f 72 74 73 22 3a 7b 22 32 35 36 37 32 2f |"Ports":{"25672/|
|00000b80| 74 63 70 22 3a 5b 7b 22 48 6f 73 74 49 70 22 3a |tcp":[{"HostIp":|
|00000b90| 22 30 2e 30 2e 30 2e 30 22 2c 22 48 6f 73 74 50 |"0.0.0.0","HostP|
|00000ba0| 6f 72 74 22 3a 22 33 32 39 36 36 22 7d 5d 2c 22 |ort":"32966"}],"|
|00000bb0| 34 33 36 39 2f 74 63 70 22 3a 5b 7b 22 48 6f 73 |4369/tcp":[{"Hos|
|00000bc0| 74 49 70 22 3a 22 30 2e 30 2e 30 2e 30 22 2c 22 |tIp":"0.0.0.0","|
|00000bd0| 48 6f 73 74 50 6f 72 74 22 3a 22 33 32 39 36 39 |HostPort":"32969|
|00000be0| 22 7d 5d 2c 22 35 36 37 31 2f 74 63 70 22 3a 5b |"}],"5671/tcp":[|
|00000bf0| 7b 22 48 6f 73 74 49 70 22 3a 22 30 2e 30 2e 30 |{"HostIp":"0.0.0|
|00000c00| 2e 30 22 2c 22 48 6f 73 74 50 6f 72 74 22 3a 22 |.0","HostPort":"|
|00000c10| 33 32 39 36 38 22 7d 5d 2c 22 35 36 37 32 2f 74 |32968"}],"5672/t|
|00000c20| 63 70 22 3a 5b 7b 22 48 6f 73 74 49 70 22 3a 22 |cp":[{"HostIp":"|
|00000c30| 30 2e 30 2e 30 2e 30 22 2c 22 48 6f 73 74 50 6f |0.0.0.0","HostPo|
|00000c40| 72 74 22 3a 22 33 32 39 36 37 22 7d 5d 7d 2c 22 |rt":"32967"}]},"|
|00000c50| 53 61 6e 64 62 6f 78 4b 65 79 22 3a 22 2f 76 61 |SandboxKey":"/va|
|00000c60| 72 2f 72 75 6e 2f 64 6f 63 6b 65 72 2f 6e 65 74 |r/run/docker/net|
|00000c70| 6e 73 2f 38 66 38 35 65 33 63 65 66 39 62 32 22 |ns/8f85e3cef9b2"|
|00000c80| 2c 22 53 65 63 6f 6e 64 61 72 79 49 50 41 64 64 |,"SecondaryIPAdd|
|00000c90| 72 65 73 73 65 73 22 3a 6e 75 6c 6c 2c 22 53 65 |resses":null,"Se|
|00000ca0| 63 6f 6e 64 61 72 79 49 50 76 36 41 64 64 72 65 |condaryIPv6Addre|
|00000cb0| 73 73 65 73 22 3a 6e 75 6c 6c 2c 22 45 6e 64 70 |sses":null,"Endp|
|00000cc0| 6f 69 6e 74 49 44 22 3a 22 61 38 30 65 33 33 34 |ointID":"a80e334|
|00000cd0| 39 64 38 64 61 66 31 37 64 35 32 30 31 33 64 64 |9d8daf17d52013dd|
|00000ce0| 37 64 30 63 62 66 32 31 34 31 64 30 35 30 32 64 |7d0cbf2141d0502d|
|00000cf0| 33 34 37 61 31 30 61 39 64 36 65 33 32 31 66 39 |347a10a9d6e321f9|
|00000d00| 64 38 62 32 37 61 32 65 34 22 2c 22 47 61 74 65 |d8b27a2e4","Gate|
|00000d10| 77 61 79 22 3a 22 31 37 32 2e 31 37 2e 30 2e 31 |way":"172.17.0.1|
|00000d20| 22 2c 22 47 6c 6f 62 61 6c 49 50 76 36 41 64 64 |","GlobalIPv6Add|
|00000d30| 72 65 73 73 22 3a 22 22 2c 22 47 6c 6f 62 61 6c |ress":"","Global|
|00000d40| 49 50 76 36 50 72 65 66 69 78 4c 65 6e 22 3a 30 |IPv6PrefixLen":0|
|00000d50| 2c 22 49 50 41 64 64 72 65 73 73 22 3a 22 31 37 |,"IPAddress":"17|
|00000d60| 32 2e 31 37 2e 30 2e 33 22 2c 22 49 50 50 72 65 |2.17.0.3","IPPre|
|00000d70| 66 69 78 4c 65 6e 22 3a 31 36 2c 22 49 50 76 36 |fixLen":16,"IPv6|
|00000d80| 47 61 74 65 77 61 79 22 3a 22 22 2c 22 4d 61 63 |Gateway":"","Mac|
|00000d90| 41 64 64 72 65 73 73 22 3a 22 30 32 3a 34 32 3a |Address":"02:42:|
|00000da0| 61 63 3a 31 31 3a 30 30 3a 30 33 22 2c 22 4e 65 |ac:11:00:03","Ne|
|00000db0| 74 77 6f 72 6b 73 22 3a 7b 22 62 72 69 64 67 65 |tworks":{"bridge|
|00000dc0| 22 3a 7b 22 49 50 41 4d 43 6f 6e 66 69 67 22 3a |":{"IPAMConfig":|
|00000dd0| 6e 75 6c 6c 2c 22 4c 69 6e 6b 73 22 3a 6e 75 6c |null,"Links":nul|
|00000de0| 6c 2c 22 41 6c 69 61 73 65 73 22 3a 6e 75 6c 6c |l,"Aliases":null|
|00000df0| 2c 22 4e 65 74 77 6f 72 6b 49 44 22 3a 22 39 66 |,"NetworkID":"9f|
|00000e00| 65 38 62 39 32 64 61 66 63 30 35 34 34 36 33 33 |e8b92dafc0544633|
|00000e10| 37 39 64 39 34 35 38 61 64 65 37 37 64 35 31 61 |79d9458ade77d51a|
|00000e20| 34 61 62 39 30 61 64 31 33 65 35 34 61 65 32 31 |4ab90ad13e54ae21|
|00000e30| 61 31 38 64 36 35 66 66 32 63 30 37 63 61 22 2c |a18d65ff2c07ca",|
|00000e40| 22 45 6e 64 70 6f 69 6e 74 49 44 22 3a 22 61 38 |"EndpointID":"a8|
|00000e50| 30 65 33 33 34 39 64 38 64 61 66 31 37 64 35 32 |0e3349d8daf17d52|
|00000e60| 30 31 33 64 64 37 64 30 63 62 66 32 31 34 31 64 |013dd7d0cbf2141d|
|00000e70| 30 35 30 32 64 33 34 37 61 31 30 61 39 64 36 65 |0502d347a10a9d6e|
|00000e80| 33 32 31 66 39 64 38 62 32 37 61 32 65 34 22 2c |321f9d8b27a2e4",|
|00000e90| 22 47 61 74 65 77 61 79 22 3a 22 31 37 32 2e 31 |"Gateway":"172.1|
|00000ea0| 37 2e 30 2e 31 22 2c 22 49 50 41 64 64 72 65 73 |7.0.1","IPAddres|
|00000eb0| 73 22 3a 22 31 37 32 2e 31 37 2e 30 2e 33 22 2c |s":"172.17.0.3",|
|00000ec0| 22 49 50 50 72 65 66 69 78 4c 65 6e 22 3a 31 36 |"IPPrefixLen":16|
|00000ed0| 2c 22 49 50 76 36 47 61 74 65 77 61 79 22 3a 22 |,"IPv6Gateway":"|
|00000ee0| 22 2c 22 47 6c 6f 62 61 6c 49 50 76 36 41 64 64 |","GlobalIPv6Add|
|00000ef0| 72 65 73 73 22 3a 22 22 2c 22 47 6c 6f 62 61 6c |ress":"","Global|
|00000f00| 49 50 76 36 50 72 65 66 69 78 4c 65 6e 22 3a 30 |IPv6PrefixLen":0|
|00000f10| 2c 22 4d 61 63 41 64 64 72 65 73 73 22 3a 22 30 |,"MacAddress":"0|
|00000f20| 32 3a 34 32 3a 61 63 3a 31 31 3a 30 30 3a 30 33 |2:42:ac:11:00:03|
|00000f30| 22 2c 22 44 72 69 76 65 72 4f 70 74 73 22 3a 6e |","DriverOpts":n|
|00000f40| 75 6c 6c 7d 7d 7d 7d 0a 0d 0a 30 0d 0a 0d 0a    |ull}}}}...0.... |
+--------+-------------------------------------------------+----------------+
2017-11-27 22:09:11.478 DEBUG   --- [rjava-netty-1-7] c.g.d.netty.NettyDockerCmdExecFactory$1  : [id: 0x0e7c0a0c, L:null - R:/var/run/docker.sock] READ: DefaultHttpContent(data: PooledSlicedByteBuf(ridx: 0, widx: 3912, cap: 3912/3912, unwrapped: PooledUnsafeDirectByteBuf(ridx: 3914, widx: 3919, cap: 16384)), decoderResult: success), 3912B
         +-------------------------------------------------+
         |  0  1  2  3  4  5  6  7  8  9  a  b  c  d  e  f |
+--------+-------------------------------------------------+----------------+
|00000000| 35 33 66 31 62 66 63 34 30 65 32 33 65 31 36 61 |53f1bfc40e23e16a|
|00000010| 64 61 35 63 63 2f 68 6f 73 74 73 22 2c 22 4c 6f |da5cc/hosts","Lo|
|00000020| 67 50 61 74 68 22 3a 22 2f 76 61 72 2f 6c 69 62 |gPath":"/var/lib|
|00000030| 2f 64 6f 63 6b 65 72 2f 63 6f 6e 74 61 69 6e 65 |/docker/containe|
|00000040| 72 73 2f 37 36 30 61 31 31 63 64 61 30 32 65 39 |rs/760a11cda02e9|
|00000050| 31 30 66 30 30 37 31 31 62 35 61 31 33 62 64 61 |10f00711b5a13bda|
|00000060| 39 62 31 61 39 31 38 65 31 38 65 62 34 31 35 33 |9b1a918e18eb4153|
|00000070| 66 31 62 66 63 34 30 65 32 33 65 31 36 61 64 61 |f1bfc40e23e16ada|
|00000080| 35 63 63 2f 37 36 30 61 31 31 63 64 61 30 32 65 |5cc/760a11cda02e|
|00000090| 39 31 30 66 30 30 37 31 31 62 35 61 31 33 62 64 |910f00711b5a13bd|
|000000a0| 61 39 62 31 61 39 31 38 65 31 38 65 62 34 31 35 |a9b1a918e18eb415|
|000000b0| 33 66 31 62 66 63 34 30 65 32 33 65 31 36 61 64 |3f1bfc40e23e16ad|
|000000c0| 61 35 63 63 2d 6a 73 6f 6e 2e 6c 6f 67 22 2c 22 |a5cc-json.log","|
|000000d0| 4e 61 6d 65 22 3a 22 2f 64 69 73 74 72 61 63 74 |Name":"/distract|
|000000e0| 65 64 5f 62 65 6e 7a 22 2c 22 52 65 73 74 61 72 |ed_benz","Restar|
|000000f0| 74 43 6f 75 6e 74 22 3a 30 2c 22 44 72 69 76 65 |tCount":0,"Drive|
|00000100| 72 22 3a 22 61 75 66 73 22 2c 22 50 6c 61 74 66 |r":"aufs","Platf|
|00000110| 6f 72 6d 22 3a 22 6c 69 6e 75 78 22 2c 22 4d 6f |orm":"linux","Mo|
|00000120| 75 6e 74 4c 61 62 65 6c 22 3a 22 22 2c 22 50 72 |untLabel":"","Pr|
|00000130| 6f 63 65 73 73 4c 61 62 65 6c 22 3a 22 22 2c 22 |ocessLabel":"","|
|00000140| 41 70 70 41 72 6d 6f 72 50 72 6f 66 69 6c 65 22 |AppArmorProfile"|
|00000150| 3a 22 22 2c 22 45 78 65 63 49 44 73 22 3a 6e 75 |:"","ExecIDs":nu|
|00000160| 6c 6c 2c 22 48 6f 73 74 43 6f 6e 66 69 67 22 3a |ll,"HostConfig":|
|00000170| 7b 22 42 69 6e 64 73 22 3a 5b 5d 2c 22 43 6f 6e |{"Binds":[],"Con|
|00000180| 74 61 69 6e 65 72 49 44 46 69 6c 65 22 3a 22 22 |tainerIDFile":""|
|00000190| 2c 22 4c 6f 67 43 6f 6e 66 69 67 22 3a 7b 22 54 |,"LogConfig":{"T|
|000001a0| 79 70 65 22 3a 22 6a 73 6f 6e 2d 66 69 6c 65 22 |ype":"json-file"|
|000001b0| 2c 22 43 6f 6e 66 69 67 22 3a 7b 7d 7d 2c 22 4e |,"Config":{}},"N|
|000001c0| 65 74 77 6f 72 6b 4d 6f 64 65 22 3a 22 64 65 66 |etworkMode":"def|
|000001d0| 61 75 6c 74 22 2c 22 50 6f 72 74 42 69 6e 64 69 |ault","PortBindi|
|000001e0| 6e 67 73 22 3a 7b 7d 2c 22 52 65 73 74 61 72 74 |ngs":{},"Restart|
|000001f0| 50 6f 6c 69 63 79 22 3a 7b 22 4e 61 6d 65 22 3a |Policy":{"Name":|
|00000200| 22 22 2c 22 4d 61 78 69 6d 75 6d 52 65 74 72 79 |"","MaximumRetry|
|00000210| 43 6f 75 6e 74 22 3a 30 7d 2c 22 41 75 74 6f 52 |Count":0},"AutoR|
|00000220| 65 6d 6f 76 65 22 3a 66 61 6c 73 65 2c 22 56 6f |emove":false,"Vo|
|00000230| 6c 75 6d 65 44 72 69 76 65 72 22 3a 22 22 2c 22 |lumeDriver":"","|
|00000240| 56 6f 6c 75 6d 65 73 46 72 6f 6d 22 3a 5b 5d 2c |VolumesFrom":[],|
|00000250| 22 43 61 70 41 64 64 22 3a 6e 75 6c 6c 2c 22 43 |"CapAdd":null,"C|
|00000260| 61 70 44 72 6f 70 22 3a 6e 75 6c 6c 2c 22 44 6e |apDrop":null,"Dn|
|00000270| 73 22 3a 6e 75 6c 6c 2c 22 44 6e 73 4f 70 74 69 |s":null,"DnsOpti|
|00000280| 6f 6e 73 22 3a 6e 75 6c 6c 2c 22 44 6e 73 53 65 |ons":null,"DnsSe|
|00000290| 61 72 63 68 22 3a 6e 75 6c 6c 2c 22 45 78 74 72 |arch":null,"Extr|
|000002a0| 61 48 6f 73 74 73 22 3a 5b 5d 2c 22 47 72 6f 75 |aHosts":[],"Grou|
|000002b0| 70 41 64 64 22 3a 6e 75 6c 6c 2c 22 49 70 63 4d |pAdd":null,"IpcM|
|000002c0| 6f 64 65 22 3a 22 73 68 61 72 65 61 62 6c 65 22 |ode":"shareable"|
|000002d0| 2c 22 43 67 72 6f 75 70 22 3a 22 22 2c 22 4c 69 |,"Cgroup":"","Li|
|000002e0| 6e 6b 73 22 3a 6e 75 6c 6c 2c 22 4f 6f 6d 53 63 |nks":null,"OomSc|
|000002f0| 6f 72 65 41 64 6a 22 3a 30 2c 22 50 69 64 4d 6f |oreAdj":0,"PidMo|
|00000300| 64 65 22 3a 22 22 2c 22 50 72 69 76 69 6c 65 67 |de":"","Privileg|
|00000310| 65 64 22 3a 66 61 6c 73 65 2c 22 50 75 62 6c 69 |ed":false,"Publi|
|00000320| 73 68 41 6c 6c 50 6f 72 74 73 22 3a 74 72 75 65 |shAllPorts":true|
|00000330| 2c 22 52 65 61 64 6f 6e 6c 79 52 6f 6f 74 66 73 |,"ReadonlyRootfs|
|00000340| 22 3a 66 61 6c 73 65 2c 22 53 65 63 75 72 69 74 |":false,"Securit|
|00000350| 79 4f 70 74 22 3a 6e 75 6c 6c 2c 22 55 54 53 4d |yOpt":null,"UTSM|
|00000360| 6f 64 65 22 3a 22 22 2c 22 55 73 65 72 6e 73 4d |ode":"","UsernsM|
|00000370| 6f 64 65 22 3a 22 22 2c 22 53 68 6d 53 69 7a 65 |ode":"","ShmSize|
|00000380| 22 3a 36 37 31 30 38 38 36 34 2c 22 52 75 6e 74 |":67108864,"Runt|
|00000390| 69 6d 65 22 3a 22 72 75 6e 63 22 2c 22 43 6f 6e |ime":"runc","Con|
|000003a0| 73 6f 6c 65 53 69 7a 65 22 3a 5b 30 2c 30 5d 2c |soleSize":[0,0],|
|000003b0| 22 49 73 6f 6c 61 74 69 6f 6e 22 3a 22 22 2c 22 |"Isolation":"","|
|000003c0| 43 70 75 53 68 61 72 65 73 22 3a 30 2c 22 4d 65 |CpuShares":0,"Me|
|000003d0| 6d 6f 72 79 22 3a 30 2c 22 4e 61 6e 6f 43 70 75 |mory":0,"NanoCpu|
|000003e0| 73 22 3a 30 2c 22 43 67 72 6f 75 70 50 61 72 65 |s":0,"CgroupPare|
|000003f0| 6e 74 22 3a 22 22 2c 22 42 6c 6b 69 6f 57 65 69 |nt":"","BlkioWei|
|00000400| 67 68 74 22 3a 30 2c 22 42 6c 6b 69 6f 57 65 69 |ght":0,"BlkioWei|
|00000410| 67 68 74 44 65 76 69 63 65 22 3a 6e 75 6c 6c 2c |ghtDevice":null,|
|00000420| 22 42 6c 6b 69 6f 44 65 76 69 63 65 52 65 61 64 |"BlkioDeviceRead|
|00000430| 42 70 73 22 3a 6e 75 6c 6c 2c 22 42 6c 6b 69 6f |Bps":null,"Blkio|
|00000440| 44 65 76 69 63 65 57 72 69 74 65 42 70 73 22 3a |DeviceWriteBps":|
|00000450| 6e 75 6c 6c 2c 22 42 6c 6b 69 6f 44 65 76 69 63 |null,"BlkioDevic|
|00000460| 65 52 65 61 64 49 4f 70 73 22 3a 6e 75 6c 6c 2c |eReadIOps":null,|
|00000470| 22 42 6c 6b 69 6f 44 65 76 69 63 65 57 72 69 74 |"BlkioDeviceWrit|
|00000480| 65 49 4f 70 73 22 3a 6e 75 6c 6c 2c 22 43 70 75 |eIOps":null,"Cpu|
|00000490| 50 65 72 69 6f 64 22 3a 30 2c 22 43 70 75 51 75 |Period":0,"CpuQu|
|000004a0| 6f 74 61 22 3a 30 2c 22 43 70 75 52 65 61 6c 74 |ota":0,"CpuRealt|
|000004b0| 69 6d 65 50 65 72 69 6f 64 22 3a 30 2c 22 43 70 |imePeriod":0,"Cp|
|000004c0| 75 52 65 61 6c 74 69 6d 65 52 75 6e 74 69 6d 65 |uRealtimeRuntime|
|000004d0| 22 3a 30 2c 22 43 70 75 73 65 74 43 70 75 73 22 |":0,"CpusetCpus"|
|000004e0| 3a 22 22 2c 22 43 70 75 73 65 74 4d 65 6d 73 22 |:"","CpusetMems"|
|000004f0| 3a 22 22 2c 22 44 65 76 69 63 65 73 22 3a 6e 75 |:"","Devices":nu|
|00000500| 6c 6c 2c 22 44 65 76 69 63 65 43 67 72 6f 75 70 |ll,"DeviceCgroup|
|00000510| 52 75 6c 65 73 22 3a 6e 75 6c 6c 2c 22 44 69 73 |Rules":null,"Dis|
|00000520| 6b 51 75 6f 74 61 22 3a 30 2c 22 4b 65 72 6e 65 |kQuota":0,"Kerne|
|00000530| 6c 4d 65 6d 6f 72 79 22 3a 30 2c 22 4d 65 6d 6f |lMemory":0,"Memo|
|00000540| 72 79 52 65 73 65 72 76 61 74 69 6f 6e 22 3a 30 |ryReservation":0|
|00000550| 2c 22 4d 65 6d 6f 72 79 53 77 61 70 22 3a 30 2c |,"MemorySwap":0,|
|00000560| 22 4d 65 6d 6f 72 79 53 77 61 70 70 69 6e 65 73 |"MemorySwappines|
|00000570| 73 22 3a 6e 75 6c 6c 2c 22 4f 6f 6d 4b 69 6c 6c |s":null,"OomKill|
|00000580| 44 69 73 61 62 6c 65 22 3a 66 61 6c 73 65 2c 22 |Disable":false,"|
|00000590| 50 69 64 73 4c 69 6d 69 74 22 3a 30 2c 22 55 6c |PidsLimit":0,"Ul|
|000005a0| 69 6d 69 74 73 22 3a 6e 75 6c 6c 2c 22 43 70 75 |imits":null,"Cpu|
|000005b0| 43 6f 75 6e 74 22 3a 30 2c 22 43 70 75 50 65 72 |Count":0,"CpuPer|
|000005c0| 63 65 6e 74 22 3a 30 2c 22 49 4f 4d 61 78 69 6d |cent":0,"IOMaxim|
|000005d0| 75 6d 49 4f 70 73 22 3a 30 2c 22 49 4f 4d 61 78 |umIOps":0,"IOMax|
|000005e0| 69 6d 75 6d 42 61 6e 64 77 69 64 74 68 22 3a 30 |imumBandwidth":0|
|000005f0| 7d 2c 22 47 72 61 70 68 44 72 69 76 65 72 22 3a |},"GraphDriver":|
|00000600| 7b 22 44 61 74 61 22 3a 6e 75 6c 6c 2c 22 4e 61 |{"Data":null,"Na|
|00000610| 6d 65 22 3a 22 61 75 66 73 22 7d 2c 22 4d 6f 75 |me":"aufs"},"Mou|
|00000620| 6e 74 73 22 3a 5b 7b 22 54 79 70 65 22 3a 22 76 |nts":[{"Type":"v|
|00000630| 6f 6c 75 6d 65 22 2c 22 4e 61 6d 65 22 3a 22 65 |olume","Name":"e|
|00000640| 64 33 30 66 34 65 64 39 63 37 31 31 66 32 32 63 |d30f4ed9c711f22c|
|00000650| 62 63 66 30 31 39 66 31 33 36 39 62 61 36 63 33 |bcf019f1369ba6c3|
|00000660| 63 64 35 62 66 36 30 61 35 66 64 31 34 30 39 65 |cd5bf60a5fd1409e|
|00000670| 30 61 39 61 62 61 61 38 34 30 61 63 33 63 32 22 |0a9abaa840ac3c2"|
|00000680| 2c 22 53 6f 75 72 63 65 22 3a 22 2f 76 61 72 2f |,"Source":"/var/|
|00000690| 6c 69 62 2f 64 6f 63 6b 65 72 2f 76 6f 6c 75 6d |lib/docker/volum|
|000006a0| 65 73 2f 65 64 33 30 66 34 65 64 39 63 37 31 31 |es/ed30f4ed9c711|
|000006b0| 66 32 32 63 62 63 66 30 31 39 66 31 33 36 39 62 |f22cbcf019f1369b|
|000006c0| 61 36 63 33 63 64 35 62 66 36 30 61 35 66 64 31 |a6c3cd5bf60a5fd1|
|000006d0| 34 30 39 65 30 61 39 61 62 61 61 38 34 30 61 63 |409e0a9abaa840ac|
|000006e0| 33 63 32 2f 5f 64 61 74 61 22 2c 22 44 65 73 74 |3c2/_data","Dest|
|000006f0| 69 6e 61 74 69 6f 6e 22 3a 22 2f 76 61 72 2f 6c |ination":"/var/l|
|00000700| 69 62 2f 72 61 62 62 69 74 6d 71 22 2c 22 44 72 |ib/rabbitmq","Dr|
|00000710| 69 76 65 72 22 3a 22 6c 6f 63 61 6c 22 2c 22 4d |iver":"local","M|
|00000720| 6f 64 65 22 3a 22 22 2c 22 52 57 22 3a 74 72 75 |ode":"","RW":tru|
|00000730| 65 2c 22 50 72 6f 70 61 67 61 74 69 6f 6e 22 3a |e,"Propagation":|
|00000740| 22 22 7d 5d 2c 22 43 6f 6e 66 69 67 22 3a 7b 22 |""}],"Config":{"|
|00000750| 48 6f 73 74 6e 61 6d 65 22 3a 22 37 36 30 61 31 |Hostname":"760a1|
|00000760| 31 63 64 61 30 32 65 22 2c 22 44 6f 6d 61 69 6e |1cda02e","Domain|
|00000770| 6e 61 6d 65 22 3a 22 22 2c 22 55 73 65 72 22 3a |name":"","User":|
|00000780| 22 22 2c 22 41 74 74 61 63 68 53 74 64 69 6e 22 |"","AttachStdin"|
|00000790| 3a 66 61 6c 73 65 2c 22 41 74 74 61 63 68 53 74 |:false,"AttachSt|
|000007a0| 64 6f 75 74 22 3a 66 61 6c 73 65 2c 22 41 74 74 |dout":false,"Att|
|000007b0| 61 63 68 53 74 64 65 72 72 22 3a 66 61 6c 73 65 |achStderr":false|
|000007c0| 2c 22 45 78 70 6f 73 65 64 50 6f 72 74 73 22 3a |,"ExposedPorts":|
|000007d0| 7b 22 32 35 36 37 32 2f 74 63 70 22 3a 7b 7d 2c |{"25672/tcp":{},|
|000007e0| 22 34 33 36 39 2f 74 63 70 22 3a 7b 7d 2c 22 35 |"4369/tcp":{},"5|
|000007f0| 36 37 31 2f 74 63 70 22 3a 7b 7d 2c 22 35 36 37 |671/tcp":{},"567|
|00000800| 32 2f 74 63 70 22 3a 7b 7d 7d 2c 22 54 74 79 22 |2/tcp":{}},"Tty"|
|00000810| 3a 66 61 6c 73 65 2c 22 4f 70 65 6e 53 74 64 69 |:false,"OpenStdi|
|00000820| 6e 22 3a 66 61 6c 73 65 2c 22 53 74 64 69 6e 4f |n":false,"StdinO|
|00000830| 6e 63 65 22 3a 66 61 6c 73 65 2c 22 45 6e 76 22 |nce":false,"Env"|
|00000840| 3a 5b 22 52 41 42 42 49 54 4d 51 5f 55 53 45 52 |:["RABBITMQ_USER|
|00000850| 3d 67 75 65 73 74 22 2c 22 52 41 42 42 49 54 4d |=guest","RABBITM|
|00000860| 51 5f 50 41 53 53 57 4f 52 44 3d 67 75 65 73 74 |Q_PASSWORD=guest|
|00000870| 22 2c 22 6e 6f 5f 70 72 6f 78 79 3d 2a 2e 6c 6f |","no_proxy=*.lo|
|00000880| 63 61 6c 2c 20 31 36 39 2e 32 35 34 2f 31 36 22 |cal, 169.254/16"|
|00000890| 2c 22 50 41 54 48 3d 2f 75 73 72 2f 6c 69 62 2f |,"PATH=/usr/lib/|
|000008a0| 72 61 62 62 69 74 6d 71 2f 62 69 6e 3a 2f 75 73 |rabbitmq/bin:/us|
|000008b0| 72 2f 6c 6f 63 61 6c 2f 73 62 69 6e 3a 2f 75 73 |r/local/sbin:/us|
|000008c0| 72 2f 6c 6f 63 61 6c 2f 62 69 6e 3a 2f 75 73 72 |r/local/bin:/usr|
|000008d0| 2f 73 62 69 6e 3a 2f 75 73 72 2f 62 69 6e 3a 2f |/sbin:/usr/bin:/|
|000008e0| 73 62 69 6e 3a 2f 62 69 6e 22 2c 22 47 4f 53 55 |sbin:/bin","GOSU|
|000008f0| 5f 56 45 52 53 49 4f 4e 3d 31 2e 31 30 22 2c 22 |_VERSION=1.10","|
|00000900| 52 41 42 42 49 54 4d 51 5f 4c 4f 47 53 3d 2d 22 |RABBITMQ_LOGS=-"|
|00000910| 2c 22 52 41 42 42 49 54 4d 51 5f 53 41 53 4c 5f |,"RABBITMQ_SASL_|
|00000920| 4c 4f 47 53 3d 2d 22 2c 22 52 41 42 42 49 54 4d |LOGS=-","RABBITM|
|00000930| 51 5f 47 50 47 5f 4b 45 59 3d 30 41 39 41 46 32 |Q_GPG_KEY=0A9AF2|
|00000940| 31 31 35 46 34 36 38 37 42 44 32 39 38 30 33 41 |115F4687BD29803A|
|00000950| 32 30 36 42 37 33 41 33 36 45 36 30 32 36 44 46 |206B73A36E6026DF|
|00000960| 43 41 22 2c 22 52 41 42 42 49 54 4d 51 5f 56 45 |CA","RABBITMQ_VE|
|00000970| 52 53 49 4f 4e 3d 33 2e 36 2e 31 34 22 2c 22 52 |RSION=3.6.14","R|
|00000980| 41 42 42 49 54 4d 51 5f 47 49 54 48 55 42 5f 54 |ABBITMQ_GITHUB_T|
|00000990| 41 47 3d 72 61 62 62 69 74 6d 71 5f 76 33 5f 36 |AG=rabbitmq_v3_6|
|000009a0| 5f 31 34 22 2c 22 52 41 42 42 49 54 4d 51 5f 44 |_14","RABBITMQ_D|
|000009b0| 45 42 49 41 4e 5f 56 45 52 53 49 4f 4e 3d 33 2e |EBIAN_VERSION=3.|
|000009c0| 36 2e 31 34 2d 31 22 2c 22 48 4f 4d 45 3d 2f 76 |6.14-1","HOME=/v|
|000009d0| 61 72 2f 6c 69 62 2f 72 61 62 62 69 74 6d 71 22 |ar/lib/rabbitmq"|
|000009e0| 5d 2c 22 43 6d 64 22 3a 5b 22 72 61 62 62 69 74 |],"Cmd":["rabbit|
|000009f0| 6d 71 2d 73 65 72 76 65 72 22 5d 2c 22 41 72 67 |mq-server"],"Arg|
|00000a00| 73 45 73 63 61 70 65 64 22 3a 74 72 75 65 2c 22 |sEscaped":true,"|
|00000a10| 49 6d 61 67 65 22 3a 22 72 61 62 62 69 74 6d 71 |Image":"rabbitmq|
|00000a20| 3a 33 2e 36 2e 31 34 22 2c 22 56 6f 6c 75 6d 65 |:3.6.14","Volume|
|00000a30| 73 22 3a 7b 22 2f 76 61 72 2f 6c 69 62 2f 72 61 |s":{"/var/lib/ra|
|00000a40| 62 62 69 74 6d 71 22 3a 7b 7d 7d 2c 22 57 6f 72 |bbitmq":{}},"Wor|
|00000a50| 6b 69 6e 67 44 69 72 22 3a 22 22 2c 22 45 6e 74 |kingDir":"","Ent|
|00000a60| 72 79 70 6f 69 6e 74 22 3a 5b 22 64 6f 63 6b 65 |rypoint":["docke|
|00000a70| 72 2d 65 6e 74 72 79 70 6f 69 6e 74 2e 73 68 22 |r-entrypoint.sh"|
|00000a80| 5d 2c 22 4f 6e 42 75 69 6c 64 22 3a 6e 75 6c 6c |],"OnBuild":null|
|00000a90| 2c 22 4c 61 62 65 6c 73 22 3a 7b 22 6f 72 67 2e |,"Labels":{"org.|
|00000aa0| 74 65 73 74 63 6f 6e 74 61 69 6e 65 72 73 22 3a |testcontainers":|
|00000ab0| 22 74 72 75 65 22 7d 7d 2c 22 4e 65 74 77 6f 72 |"true"}},"Networ|
|00000ac0| 6b 53 65 74 74 69 6e 67 73 22 3a 7b 22 42 72 69 |kSettings":{"Bri|
|00000ad0| 64 67 65 22 3a 22 22 2c 22 53 61 6e 64 62 6f 78 |dge":"","Sandbox|
|00000ae0| 49 44 22 3a 22 38 66 38 35 65 33 63 65 66 39 62 |ID":"8f85e3cef9b|
|00000af0| 32 66 39 39 31 63 39 36 30 30 35 61 32 38 64 36 |2f991c96005a28d6|
|00000b00| 65 63 35 32 64 63 34 35 33 33 33 64 63 65 37 38 |ec52dc45333dce78|
|00000b10| 38 37 36 64 30 39 37 65 63 31 32 38 66 39 39 36 |876d097ec128f996|
|00000b20| 37 33 38 36 64 22 2c 22 48 61 69 72 70 69 6e 4d |7386d","HairpinM|
|00000b30| 6f 64 65 22 3a 66 61 6c 73 65 2c 22 4c 69 6e 6b |ode":false,"Link|
|00000b40| 4c 6f 63 61 6c 49 50 76 36 41 64 64 72 65 73 73 |LocalIPv6Address|
|00000b50| 22 3a 22 22 2c 22 4c 69 6e 6b 4c 6f 63 61 6c 49 |":"","LinkLocalI|
|00000b60| 50 76 36 50 72 65 66 69 78 4c 65 6e 22 3a 30 2c |Pv6PrefixLen":0,|
|00000b70| 22 50 6f 72 74 73 22 3a 7b 22 32 35 36 37 32 2f |"Ports":{"25672/|
|00000b80| 74 63 70 22 3a 5b 7b 22 48 6f 73 74 49 70 22 3a |tcp":[{"HostIp":|
|00000b90| 22 30 2e 30 2e 30 2e 30 22 2c 22 48 6f 73 74 50 |"0.0.0.0","HostP|
|00000ba0| 6f 72 74 22 3a 22 33 32 39 36 36 22 7d 5d 2c 22 |ort":"32966"}],"|
|00000bb0| 34 33 36 39 2f 74 63 70 22 3a 5b 7b 22 48 6f 73 |4369/tcp":[{"Hos|
|00000bc0| 74 49 70 22 3a 22 30 2e 30 2e 30 2e 30 22 2c 22 |tIp":"0.0.0.0","|
|00000bd0| 48 6f 73 74 50 6f 72 74 22 3a 22 33 32 39 36 39 |HostPort":"32969|
|00000be0| 22 7d 5d 2c 22 35 36 37 31 2f 74 63 70 22 3a 5b |"}],"5671/tcp":[|
|00000bf0| 7b 22 48 6f 73 74 49 70 22 3a 22 30 2e 30 2e 30 |{"HostIp":"0.0.0|
|00000c00| 2e 30 22 2c 22 48 6f 73 74 50 6f 72 74 22 3a 22 |.0","HostPort":"|
|00000c10| 33 32 39 36 38 22 7d 5d 2c 22 35 36 37 32 2f 74 |32968"}],"5672/t|
|00000c20| 63 70 22 3a 5b 7b 22 48 6f 73 74 49 70 22 3a 22 |cp":[{"HostIp":"|
|00000c30| 30 2e 30 2e 30 2e 30 22 2c 22 48 6f 73 74 50 6f |0.0.0.0","HostPo|
|00000c40| 72 74 22 3a 22 33 32 39 36 37 22 7d 5d 7d 2c 22 |rt":"32967"}]},"|
|00000c50| 53 61 6e 64 62 6f 78 4b 65 79 22 3a 22 2f 76 61 |SandboxKey":"/va|
|00000c60| 72 2f 72 75 6e 2f 64 6f 63 6b 65 72 2f 6e 65 74 |r/run/docker/net|
|00000c70| 6e 73 2f 38 66 38 35 65 33 63 65 66 39 62 32 22 |ns/8f85e3cef9b2"|
|00000c80| 2c 22 53 65 63 6f 6e 64 61 72 79 49 50 41 64 64 |,"SecondaryIPAdd|
|00000c90| 72 65 73 73 65 73 22 3a 6e 75 6c 6c 2c 22 53 65 |resses":null,"Se|
|00000ca0| 63 6f 6e 64 61 72 79 49 50 76 36 41 64 64 72 65 |condaryIPv6Addre|
|00000cb0| 73 73 65 73 22 3a 6e 75 6c 6c 2c 22 45 6e 64 70 |sses":null,"Endp|
|00000cc0| 6f 69 6e 74 49 44 22 3a 22 61 38 30 65 33 33 34 |ointID":"a80e334|
|00000cd0| 39 64 38 64 61 66 31 37 64 35 32 30 31 33 64 64 |9d8daf17d52013dd|
|00000ce0| 37 64 30 63 62 66 32 31 34 31 64 30 35 30 32 64 |7d0cbf2141d0502d|
|00000cf0| 33 34 37 61 31 30 61 39 64 36 65 33 32 31 66 39 |347a10a9d6e321f9|
|00000d00| 64 38 62 32 37 61 32 65 34 22 2c 22 47 61 74 65 |d8b27a2e4","Gate|
|00000d10| 77 61 79 22 3a 22 31 37 32 2e 31 37 2e 30 2e 31 |way":"172.17.0.1|
|00000d20| 22 2c 22 47 6c 6f 62 61 6c 49 50 76 36 41 64 64 |","GlobalIPv6Add|
|00000d30| 72 65 73 73 22 3a 22 22 2c 22 47 6c 6f 62 61 6c |ress":"","Global|
|00000d40| 49 50 76 36 50 72 65 66 69 78 4c 65 6e 22 3a 30 |IPv6PrefixLen":0|
|00000d50| 2c 22 49 50 41 64 64 72 65 73 73 22 3a 22 31 37 |,"IPAddress":"17|
|00000d60| 32 2e 31 37 2e 30 2e 33 22 2c 22 49 50 50 72 65 |2.17.0.3","IPPre|
|00000d70| 66 69 78 4c 65 6e 22 3a 31 36 2c 22 49 50 76 36 |fixLen":16,"IPv6|
|00000d80| 47 61 74 65 77 61 79 22 3a 22 22 2c 22 4d 61 63 |Gateway":"","Mac|
|00000d90| 41 64 64 72 65 73 73 22 3a 22 30 32 3a 34 32 3a |Address":"02:42:|
|00000da0| 61 63 3a 31 31 3a 30 30 3a 30 33 22 2c 22 4e 65 |ac:11:00:03","Ne|
|00000db0| 74 77 6f 72 6b 73 22 3a 7b 22 62 72 69 64 67 65 |tworks":{"bridge|
|00000dc0| 22 3a 7b 22 49 50 41 4d 43 6f 6e 66 69 67 22 3a |":{"IPAMConfig":|
|00000dd0| 6e 75 6c 6c 2c 22 4c 69 6e 6b 73 22 3a 6e 75 6c |null,"Links":nul|
|00000de0| 6c 2c 22 41 6c 69 61 73 65 73 22 3a 6e 75 6c 6c |l,"Aliases":null|
|00000df0| 2c 22 4e 65 74 77 6f 72 6b 49 44 22 3a 22 39 66 |,"NetworkID":"9f|
|00000e00| 65 38 62 39 32 64 61 66 63 30 35 34 34 36 33 33 |e8b92dafc0544633|
|00000e10| 37 39 64 39 34 35 38 61 64 65 37 37 64 35 31 61 |79d9458ade77d51a|
|00000e20| 34 61 62 39 30 61 64 31 33 65 35 34 61 65 32 31 |4ab90ad13e54ae21|
|00000e30| 61 31 38 64 36 35 66 66 32 63 30 37 63 61 22 2c |a18d65ff2c07ca",|
|00000e40| 22 45 6e 64 70 6f 69 6e 74 49 44 22 3a 22 61 38 |"EndpointID":"a8|
|00000e50| 30 65 33 33 34 39 64 38 64 61 66 31 37 64 35 32 |0e3349d8daf17d52|
|00000e60| 30 31 33 64 64 37 64 30 63 62 66 32 31 34 31 64 |013dd7d0cbf2141d|
|00000e70| 30 35 30 32 64 33 34 37 61 31 30 61 39 64 36 65 |0502d347a10a9d6e|
|00000e80| 33 32 31 66 39 64 38 62 32 37 61 32 65 34 22 2c |321f9d8b27a2e4",|
|00000e90| 22 47 61 74 65 77 61 79 22 3a 22 31 37 32 2e 31 |"Gateway":"172.1|
|00000ea0| 37 2e 30 2e 31 22 2c 22 49 50 41 64 64 72 65 73 |7.0.1","IPAddres|
|00000eb0| 73 22 3a 22 31 37 32 2e 31 37 2e 30 2e 33 22 2c |s":"172.17.0.3",|
|00000ec0| 22 49 50 50 72 65 66 69 78 4c 65 6e 22 3a 31 36 |"IPPrefixLen":16|
|00000ed0| 2c 22 49 50 76 36 47 61 74 65 77 61 79 22 3a 22 |,"IPv6Gateway":"|
|00000ee0| 22 2c 22 47 6c 6f 62 61 6c 49 50 76 36 41 64 64 |","GlobalIPv6Add|
|00000ef0| 72 65 73 73 22 3a 22 22 2c 22 47 6c 6f 62 61 6c |ress":"","Global|
|00000f00| 49 50 76 36 50 72 65 66 69 78 4c 65 6e 22 3a 30 |IPv6PrefixLen":0|
|00000f10| 2c 22 4d 61 63 41 64 64 72 65 73 73 22 3a 22 30 |,"MacAddress":"0|
|00000f20| 32 3a 34 32 3a 61 63 3a 31 31 3a 30 30 3a 30 33 |2:42:ac:11:00:03|
|00000f30| 22 2c 22 44 72 69 76 65 72 4f 70 74 73 22 3a 6e |","DriverOpts":n|
|00000f40| 75 6c 6c 7d 7d 7d 7d 0a                         |ull}}}}.        |
+--------+-------------------------------------------------+----------------+
2017-11-27 22:09:11.480 DEBUG   --- [rjava-netty-1-7] c.g.d.netty.NettyDockerCmdExecFactory$1  : [id: 0x0e7c0a0c, L:null - R:/var/run/docker.sock] READ, EmptyLastHttpContent, 0B
2017-11-27 22:09:11.480 DEBUG   --- [rjava-netty-1-7] c.g.d.netty.NettyDockerCmdExecFactory$1  : [id: 0x0e7c0a0c, L:null - R:/var/run/docker.sock] CLOSE
2017-11-27 22:09:11.480 DEBUG   --- [rjava-netty-1-7] xecFactory$UnixDomainSocketInitializer$3 : [id: 0x0e7c0a0c, L:null - R:/var/run/docker.sock] CLOSE
2017-11-27 22:09:11.481 DEBUG   --- [rjava-netty-1-7] xecFactory$UnixDomainSocketInitializer$3 : [id: 0x0e7c0a0c, L:null ! R:/var/run/docker.sock] READ COMPLETE
2017-11-27 22:09:11.481 DEBUG   --- [rjava-netty-1-7] c.g.d.netty.NettyDockerCmdExecFactory$1  : [id: 0x0e7c0a0c, L:null ! R:/var/run/docker.sock] READ COMPLETE
2017-11-27 22:09:11.481 DEBUG   --- [pool-1-thread-1] c.g.d.core.command.AbstrDockerCmd        : Cmd: 760a11cda02e910f00711b5a13bda9b1a918e18eb4153f1bfc40e23e16ada5cc,<null>,true,true,<null>,<null>,{/bin/sh,-c,nc -vz -w 1 localhost 4369 && echo TESTCONTAINERS_SUCCESS},com.github.dockerjava.netty.exec.ExecCreateCmdExec@47d7522a
2017-11-27 22:09:11.481 DEBUG   --- [rjava-netty-1-7] xecFactory$UnixDomainSocketInitializer$3 : [id: 0x0e7c0a0c, L:null ! R:/var/run/docker.sock] INACTIVE
2017-11-27 22:09:11.481 DEBUG   --- [rjava-netty-1-7] c.g.d.netty.NettyDockerCmdExecFactory$1  : [id: 0x0e7c0a0c, L:null ! R:/var/run/docker.sock] INACTIVE
2017-11-27 22:09:11.481 DEBUG   --- [rjava-netty-1-7] xecFactory$UnixDomainSocketInitializer$3 : [id: 0x0e7c0a0c, L:null ! R:/var/run/docker.sock] UNREGISTERED
2017-11-27 22:09:11.481 DEBUG   --- [rjava-netty-1-7] c.g.d.netty.NettyDockerCmdExecFactory$1  : [id: 0x0e7c0a0c, L:null ! R:/var/run/docker.sock] UNREGISTERED
2017-11-27 22:09:11.481 DEBUG   --- [rjava-netty-1-8] xecFactory$UnixDomainSocketInitializer$3 : [id: 0x572190fa] REGISTERED
2017-11-27 22:09:11.482 DEBUG   --- [rjava-netty-1-8] xecFactory$UnixDomainSocketInitializer$3 : [id: 0x572190fa] CONNECT: /var/run/docker.sock
2017-11-27 22:09:11.482 DEBUG   --- [rjava-netty-1-8] xecFactory$UnixDomainSocketInitializer$3 : [id: 0x572190fa, L:null - R:/var/run/docker.sock] ACTIVE
2017-11-27 22:09:11.483 DEBUG   --- [rjava-netty-1-8] c.g.d.netty.NettyDockerCmdExecFactory$1  : [id: 0x572190fa, L:null - R:/var/run/docker.sock] WRITE: DefaultFullHttpRequest(decodeResult: success, version: HTTP/1.1, content: UnpooledByteBufAllocator$InstrumentedUnpooledUnsafeHeapByteBuf(ridx: 0, widx: 205, cap: 256))
POST /containers/760a11cda02e910f00711b5a13bda9b1a918e18eb4153f1bfc40e23e16ada5cc/exec HTTP/1.1
content-type: application/json
content-length: 205
host:
connection: keep-alive
accept-encoding: gzip
accept: application/json, 205B
         +-------------------------------------------------+
         |  0  1  2  3  4  5  6  7  8  9  a  b  c  d  e  f |
+--------+-------------------------------------------------+----------------+
|00000000| 7b 22 63 6f 6e 74 61 69 6e 65 72 49 64 22 3a 22 |{"containerId":"|
|00000010| 37 36 30 61 31 31 63 64 61 30 32 65 39 31 30 66 |760a11cda02e910f|
|00000020| 30 30 37 31 31 62 35 61 31 33 62 64 61 39 62 31 |00711b5a13bda9b1|
|00000030| 61 39 31 38 65 31 38 65 62 34 31 35 33 66 31 62 |a918e18eb4153f1b|
|00000040| 66 63 34 30 65 32 33 65 31 36 61 64 61 35 63 63 |fc40e23e16ada5cc|
|00000050| 22 2c 22 41 74 74 61 63 68 53 74 64 6f 75 74 22 |","AttachStdout"|
|00000060| 3a 74 72 75 65 2c 22 41 74 74 61 63 68 53 74 64 |:true,"AttachStd|
|00000070| 65 72 72 22 3a 74 72 75 65 2c 22 43 6d 64 22 3a |err":true,"Cmd":|
|00000080| 5b 22 2f 62 69 6e 2f 73 68 22 2c 22 2d 63 22 2c |["/bin/sh","-c",|
|00000090| 22 6e 63 20 2d 76 7a 20 2d 77 20 31 20 6c 6f 63 |"nc -vz -w 1 loc|
|000000a0| 61 6c 68 6f 73 74 20 34 33 36 39 20 26 26 20 65 |alhost 4369 && e|
|000000b0| 63 68 6f 20 54 45 53 54 43 4f 4e 54 41 49 4e 45 |cho TESTCONTAINE|
|000000c0| 52 53 5f 53 55 43 43 45 53 53 22 5d 7d          |RS_SUCCESS"]}   |
+--------+-------------------------------------------------+----------------+
2017-11-27 22:09:11.484 DEBUG   --- [rjava-netty-1-8] xecFactory$UnixDomainSocketInitializer$3 : [id: 0x572190fa, L:null - R:/var/run/docker.sock] WRITE: 233B
         +-------------------------------------------------+
         |  0  1  2  3  4  5  6  7  8  9  a  b  c  d  e  f |
+--------+-------------------------------------------------+----------------+
|00000000| 50 4f 53 54 20 2f 63 6f 6e 74 61 69 6e 65 72 73 |POST /containers|
|00000010| 2f 37 36 30 61 31 31 63 64 61 30 32 65 39 31 30 |/760a11cda02e910|
|00000020| 66 30 30 37 31 31 62 35 61 31 33 62 64 61 39 62 |f00711b5a13bda9b|
|00000030| 31 61 39 31 38 65 31 38 65 62 34 31 35 33 66 31 |1a918e18eb4153f1|
|00000040| 62 66 63 34 30 65 32 33 65 31 36 61 64 61 35 63 |bfc40e23e16ada5c|
|00000050| 63 2f 65 78 65 63 20 48 54 54 50 2f 31 2e 31 0d |c/exec HTTP/1.1.|
|00000060| 0a 63 6f 6e 74 65 6e 74 2d 74 79 70 65 3a 20 61 |.content-type: a|
|00000070| 70 70 6c 69 63 61 74 69 6f 6e 2f 6a 73 6f 6e 0d |pplication/json.|
|00000080| 0a 63 6f 6e 74 65 6e 74 2d 6c 65 6e 67 74 68 3a |.content-length:|
|00000090| 20 32 30 35 0d 0a 68 6f 73 74 3a 20 0d 0a 63 6f | 205..host: ..co|
|000000a0| 6e 6e 65 63 74 69 6f 6e 3a 20 6b 65 65 70 2d 61 |nnection: keep-a|
|000000b0| 6c 69 76 65 0d 0a 61 63 63 65 70 74 2d 65 6e 63 |live..accept-enc|
|000000c0| 6f 64 69 6e 67 3a 20 67 7a 69 70 0d 0a 61 63 63 |oding: gzip..acc|
|000000d0| 65 70 74 3a 20 61 70 70 6c 69 63 61 74 69 6f 6e |ept: application|
|000000e0| 2f 6a 73 6f 6e 0d 0a 0d 0a                      |/json....       |
+--------+-------------------------------------------------+----------------+
2017-11-27 22:09:11.484 DEBUG   --- [rjava-netty-1-8] xecFactory$UnixDomainSocketInitializer$3 : [id: 0x572190fa, L:null - R:/var/run/docker.sock] WRITE: 205B
         +-------------------------------------------------+
         |  0  1  2  3  4  5  6  7  8  9  a  b  c  d  e  f |
+--------+-------------------------------------------------+----------------+
|00000000| 7b 22 63 6f 6e 74 61 69 6e 65 72 49 64 22 3a 22 |{"containerId":"|
|00000010| 37 36 30 61 31 31 63 64 61 30 32 65 39 31 30 66 |760a11cda02e910f|
|00000020| 30 30 37 31 31 62 35 61 31 33 62 64 61 39 62 31 |00711b5a13bda9b1|
|00000030| 61 39 31 38 65 31 38 65 62 34 31 35 33 66 31 62 |a918e18eb4153f1b|
|00000040| 66 63 34 30 65 32 33 65 31 36 61 64 61 35 63 63 |fc40e23e16ada5cc|
|00000050| 22 2c 22 41 74 74 61 63 68 53 74 64 6f 75 74 22 |","AttachStdout"|
|00000060| 3a 74 72 75 65 2c 22 41 74 74 61 63 68 53 74 64 |:true,"AttachStd|
|00000070| 65 72 72 22 3a 74 72 75 65 2c 22 43 6d 64 22 3a |err":true,"Cmd":|
|00000080| 5b 22 2f 62 69 6e 2f 73 68 22 2c 22 2d 63 22 2c |["/bin/sh","-c",|
|00000090| 22 6e 63 20 2d 76 7a 20 2d 77 20 31 20 6c 6f 63 |"nc -vz -w 1 loc|
|000000a0| 61 6c 68 6f 73 74 20 34 33 36 39 20 26 26 20 65 |alhost 4369 && e|
|000000b0| 63 68 6f 20 54 45 53 54 43 4f 4e 54 41 49 4e 45 |cho TESTCONTAINE|
|000000c0| 52 53 5f 53 55 43 43 45 53 53 22 5d 7d          |RS_SUCCESS"]}   |
+--------+-------------------------------------------------+----------------+
2017-11-27 22:09:11.484 DEBUG   --- [rjava-netty-1-8] c.g.d.netty.NettyDockerCmdExecFactory$1  : [id: 0x572190fa, L:null - R:/var/run/docker.sock] FLUSH
2017-11-27 22:09:11.484 DEBUG   --- [rjava-netty-1-8] xecFactory$UnixDomainSocketInitializer$3 : [id: 0x572190fa, L:null - R:/var/run/docker.sock] FLUSH
2017-11-27 22:09:11.486 DEBUG   --- [rjava-netty-1-8] xecFactory$UnixDomainSocketInitializer$3 : [id: 0x572190fa, L:null - R:/var/run/docker.sock] READ: 284B
         +-------------------------------------------------+
         |  0  1  2  3  4  5  6  7  8  9  a  b  c  d  e  f |
+--------+-------------------------------------------------+----------------+
|00000000| 48 54 54 50 2f 31 2e 31 20 32 30 31 20 43 72 65 |HTTP/1.1 201 Cre|
|00000010| 61 74 65 64 0d 0a 41 70 69 2d 56 65 72 73 69 6f |ated..Api-Versio|
|00000020| 6e 3a 20 31 2e 33 32 0d 0a 43 6f 6e 74 65 6e 74 |n: 1.32..Content|
|00000030| 2d 4c 65 6e 67 74 68 3a 20 37 34 0d 0a 43 6f 6e |-Length: 74..Con|
|00000040| 74 65 6e 74 2d 54 79 70 65 3a 20 61 70 70 6c 69 |tent-Type: appli|
|00000050| 63 61 74 69 6f 6e 2f 6a 73 6f 6e 0d 0a 44 61 74 |cation/json..Dat|
|00000060| 65 3a 20 4d 6f 6e 2c 20 32 37 20 4e 6f 76 20 32 |e: Mon, 27 Nov 2|
|00000070| 30 31 37 20 32 31 3a 30 39 3a 30 38 20 47 4d 54 |017 21:09:08 GMT|
|00000080| 0d 0a 44 6f 63 6b 65 72 2d 45 78 70 65 72 69 6d |..Docker-Experim|
|00000090| 65 6e 74 61 6c 3a 20 66 61 6c 73 65 0d 0a 4f 73 |ental: false..Os|
|000000a0| 74 79 70 65 3a 20 6c 69 6e 75 78 0d 0a 53 65 72 |type: linux..Ser|
|000000b0| 76 65 72 3a 20 44 6f 63 6b 65 72 2f 31 37 2e 30 |ver: Docker/17.0|
|000000c0| 39 2e 30 2d 63 65 20 28 6c 69 6e 75 78 29 0d 0a |9.0-ce (linux)..|
|000000d0| 0d 0a 7b 22 49 64 22 3a 22 64 39 33 63 33 66 30 |..{"Id":"d93c3f0|
|000000e0| 31 34 39 64 64 66 35 63 37 34 33 39 65 63 64 34 |149ddf5c7439ecd4|
|000000f0| 31 32 62 30 64 34 34 38 66 61 63 36 35 63 37 34 |12b0d448fac65c74|
|00000100| 33 36 34 38 66 35 35 33 63 31 62 30 64 63 61 31 |3648f553c1b0dca1|
|00000110| 34 36 33 32 65 34 35 37 30 22 7d 0a             |4632e4570"}.    |
+--------+-------------------------------------------------+----------------+
2017-11-27 22:09:11.487 DEBUG   --- [rjava-netty-1-8] c.g.d.netty.NettyDockerCmdExecFactory$1  : [id: 0x572190fa, L:null - R:/var/run/docker.sock] READ: DefaultHttpResponse(decodeResult: success, version: HTTP/1.1)
HTTP/1.1 201 Created
Api-Version: 1.32
Content-Length: 74
Content-Type: application/json
Date: Mon, 27 Nov 2017 21:09:08 GMT
Docker-Experimental: false
Ostype: linux
Server: Docker/17.09.0-ce (linux)
2017-11-27 22:09:11.487 DEBUG   --- [rjava-netty-1-8] c.g.d.netty.NettyDockerCmdExecFactory$1  : [id: 0x572190fa, L:null - R:/var/run/docker.sock] READ: DefaultLastHttpContent(data: PooledSlicedByteBuf(ridx: 0, widx: 74, cap: 74/74, unwrapped: PooledUnsafeDirectByteBuf(ridx: 284, widx: 284, cap: 1024)), decoderResult: success), 74B
         +-------------------------------------------------+
         |  0  1  2  3  4  5  6  7  8  9  a  b  c  d  e  f |
+--------+-------------------------------------------------+----------------+
|00000000| 7b 22 49 64 22 3a 22 64 39 33 63 33 66 30 31 34 |{"Id":"d93c3f014|
|00000010| 39 64 64 66 35 63 37 34 33 39 65 63 64 34 31 32 |9ddf5c7439ecd412|
|00000020| 62 30 64 34 34 38 66 61 63 36 35 63 37 34 33 36 |b0d448fac65c7436|
|00000030| 34 38 66 35 35 33 63 31 62 30 64 63 61 31 34 36 |48f553c1b0dca146|
|00000040| 33 32 65 34 35 37 30 22 7d 0a                   |32e4570"}.      |
+--------+-------------------------------------------------+----------------+
2017-11-27 22:09:11.487 DEBUG   --- [rjava-netty-1-8] c.g.d.netty.NettyDockerCmdExecFactory$1  : [id: 0x572190fa, L:null - R:/var/run/docker.sock] CLOSE
2017-11-27 22:09:11.487 DEBUG   --- [rjava-netty-1-8] xecFactory$UnixDomainSocketInitializer$3 : [id: 0x572190fa, L:null - R:/var/run/docker.sock] CLOSE
2017-11-27 22:09:11.487 DEBUG   --- [rjava-netty-1-8] xecFactory$UnixDomainSocketInitializer$3 : [id: 0x572190fa, L:null ! R:/var/run/docker.sock] READ COMPLETE
2017-11-27 22:09:11.487 DEBUG   --- [rjava-netty-1-8] c.g.d.netty.NettyDockerCmdExecFactory$1  : [id: 0x572190fa, L:null ! R:/var/run/docker.sock] READ COMPLETE
2017-11-27 22:09:11.487 DEBUG   --- [rjava-netty-1-8] xecFactory$UnixDomainSocketInitializer$3 : [id: 0x572190fa, L:null ! R:/var/run/docker.sock] INACTIVE
2017-11-27 22:09:11.487 DEBUG   --- [rjava-netty-1-8] c.g.d.netty.NettyDockerCmdExecFactory$1  : [id: 0x572190fa, L:null ! R:/var/run/docker.sock] INACTIVE
2017-11-27 22:09:11.488 DEBUG   --- [rjava-netty-1-8] xecFactory$UnixDomainSocketInitializer$3 : [id: 0x572190fa, L:null ! R:/var/run/docker.sock] UNREGISTERED
2017-11-27 22:09:11.488 DEBUG   --- [rjava-netty-1-8] c.g.d.netty.NettyDockerCmdExecFactory$1  : [id: 0x572190fa, L:null ! R:/var/run/docker.sock] UNREGISTERED
2017-11-27 22:09:11.488 DEBUG   --- [rjava-netty-1-9] xecFactory$UnixDomainSocketInitializer$3 : [id: 0x3dd804e1] REGISTERED
2017-11-27 22:09:11.488 DEBUG   --- [rjava-netty-1-9] xecFactory$UnixDomainSocketInitializer$3 : [id: 0x3dd804e1] CONNECT: /var/run/docker.sock
2017-11-27 22:09:11.488 DEBUG   --- [rjava-netty-1-9] xecFactory$UnixDomainSocketInitializer$3 : [id: 0x3dd804e1, L:null - R:/var/run/docker.sock] ACTIVE
2017-11-27 22:09:11.489 DEBUG   --- [rjava-netty-1-9] c.g.d.netty.NettyDockerCmdExecFactory$1  : [id: 0x3dd804e1, L:null - R:/var/run/docker.sock] WRITE: DefaultFullHttpRequest(decodeResult: success, version: HTTP/1.1, content: UnpooledByteBufAllocator$InstrumentedUnpooledUnsafeHeapByteBuf(ridx: 0, widx: 2, cap: 64))
POST /exec/d93c3f0149ddf5c7439ecd412b0d448fac65c743648f553c1b0dca14632e4570/start HTTP/1.1
content-type: application/json
content-length: 2
host:
accept-encoding: gzip
accept: application/json
upgrade: tcp
connection: upgrade, 2B
         +-------------------------------------------------+
         |  0  1  2  3  4  5  6  7  8  9  a  b  c  d  e  f |
+--------+-------------------------------------------------+----------------+
|00000000| 7b 7d                                           |{}              |
+--------+-------------------------------------------------+----------------+
2017-11-27 22:09:11.490 DEBUG   --- [rjava-netty-1-9] xecFactory$UnixDomainSocketInitializer$3 : [id: 0x3dd804e1, L:null - R:/var/run/docker.sock] WRITE: 239B
         +-------------------------------------------------+
         |  0  1  2  3  4  5  6  7  8  9  a  b  c  d  e  f |
+--------+-------------------------------------------------+----------------+
|00000000| 50 4f 53 54 20 2f 65 78 65 63 2f 64 39 33 63 33 |POST /exec/d93c3|
|00000010| 66 30 31 34 39 64 64 66 35 63 37 34 33 39 65 63 |f0149ddf5c7439ec|
|00000020| 64 34 31 32 62 30 64 34 34 38 66 61 63 36 35 63 |d412b0d448fac65c|
|00000030| 37 34 33 36 34 38 66 35 35 33 63 31 62 30 64 63 |743648f553c1b0dc|
|00000040| 61 31 34 36 33 32 65 34 35 37 30 2f 73 74 61 72 |a14632e4570/star|
|00000050| 74 20 48 54 54 50 2f 31 2e 31 0d 0a 63 6f 6e 74 |t HTTP/1.1..cont|
|00000060| 65 6e 74 2d 74 79 70 65 3a 20 61 70 70 6c 69 63 |ent-type: applic|
|00000070| 61 74 69 6f 6e 2f 6a 73 6f 6e 0d 0a 63 6f 6e 74 |ation/json..cont|
|00000080| 65 6e 74 2d 6c 65 6e 67 74 68 3a 20 32 0d 0a 68 |ent-length: 2..h|
|00000090| 6f 73 74 3a 20 0d 0a 61 63 63 65 70 74 2d 65 6e |ost: ..accept-en|
|000000a0| 63 6f 64 69 6e 67 3a 20 67 7a 69 70 0d 0a 61 63 |coding: gzip..ac|
|000000b0| 63 65 70 74 3a 20 61 70 70 6c 69 63 61 74 69 6f |cept: applicatio|
|000000c0| 6e 2f 6a 73 6f 6e 0d 0a 75 70 67 72 61 64 65 3a |n/json..upgrade:|
|000000d0| 20 74 63 70 0d 0a 63 6f 6e 6e 65 63 74 69 6f 6e | tcp..connection|
|000000e0| 3a 20 75 70 67 72 61 64 65 0d 0a 0d 0a 7b 7d    |: upgrade....{} |
+--------+-------------------------------------------------+----------------+
2017-11-27 22:09:11.490 DEBUG   --- [rjava-netty-1-9] c.g.d.netty.NettyDockerCmdExecFactory$1  : [id: 0x3dd804e1, L:null - R:/var/run/docker.sock] FLUSH
2017-11-27 22:09:11.490 DEBUG   --- [rjava-netty-1-9] xecFactory$UnixDomainSocketInitializer$3 : [id: 0x3dd804e1, L:null - R:/var/run/docker.sock] FLUSH
2017-11-27 22:09:11.491 DEBUG   --- [rjava-netty-1-9] xecFactory$UnixDomainSocketInitializer$3 : [id: 0x3dd804e1, L:null - R:/var/run/docker.sock] READ: 254B
         +-------------------------------------------------+
         |  0  1  2  3  4  5  6  7  8  9  a  b  c  d  e  f |
+--------+-------------------------------------------------+----------------+
|00000000| 48 54 54 50 2f 31 2e 31 20 31 30 31 20 53 77 69 |HTTP/1.1 101 Swi|
|00000010| 74 63 68 69 6e 67 20 50 72 6f 74 6f 63 6f 6c 73 |tching Protocols|
|00000020| 0d 0a 41 70 69 2d 56 65 72 73 69 6f 6e 3a 20 31 |..Api-Version: 1|
|00000030| 2e 33 32 0d 0a 43 6f 6e 6e 65 63 74 69 6f 6e 3a |.32..Connection:|
|00000040| 20 55 70 67 72 61 64 65 0d 0a 43 6f 6e 74 65 6e | Upgrade..Conten|
|00000050| 74 2d 54 79 70 65 3a 20 61 70 70 6c 69 63 61 74 |t-Type: applicat|
|00000060| 69 6f 6e 2f 76 6e 64 2e 64 6f 63 6b 65 72 2e 72 |ion/vnd.docker.r|
|00000070| 61 77 2d 73 74 72 65 61 6d 0d 0a 44 6f 63 6b 65 |aw-stream..Docke|
|00000080| 72 2d 45 78 70 65 72 69 6d 65 6e 74 61 6c 3a 20 |r-Experimental: |
|00000090| 66 61 6c 73 65 0d 0a 4f 73 74 79 70 65 3a 20 6c |false..Ostype: l|
|000000a0| 69 6e 75 78 0d 0a 53 65 72 76 65 72 3a 20 44 6f |inux..Server: Do|
|000000b0| 63 6b 65 72 2f 31 37 2e 30 39 2e 30 2d 63 65 20 |cker/17.09.0-ce |
|000000c0| 28 6c 69 6e 75 78 29 0d 0a 55 70 67 72 61 64 65 |(linux)..Upgrade|
|000000d0| 3a 20 74 63 70 0d 0a 44 61 74 65 3a 20 4d 6f 6e |: tcp..Date: Mon|
|000000e0| 2c 20 32 37 20 4e 6f 76 20 32 30 31 37 20 32 31 |, 27 Nov 2017 21|
|000000f0| 3a 30 39 3a 31 31 20 47 4d 54 0d 0a 0d 0a       |:09:11 GMT....  |
+--------+-------------------------------------------------+----------------+
2017-11-27 22:09:11.491 DEBUG   --- [rjava-netty-1-9] c.g.d.netty.NettyDockerCmdExecFactory$1  : [id: 0x3dd804e1, L:null - R:/var/run/docker.sock] READ: DefaultHttpResponse(decodeResult: success, version: HTTP/1.1)
HTTP/1.1 101 Switching Protocols
Api-Version: 1.32
Connection: Upgrade
Content-Type: application/vnd.docker.raw-stream
Docker-Experimental: false
Ostype: linux
Server: Docker/17.09.0-ce (linux)
Upgrade: tcp
Date: Mon, 27 Nov 2017 21:09:11 GMT
2017-11-27 22:09:11.492 DEBUG   --- [rjava-netty-1-9] c.g.d.netty.NettyDockerCmdExecFactory$1  : [id: 0x3dd804e1, L:null - R:/var/run/docker.sock] READ, EmptyLastHttpContent, 0B
2017-11-27 22:09:11.492 DEBUG   --- [rjava-netty-1-9] xecFactory$UnixDomainSocketInitializer$3 : [id: 0x3dd804e1, L:null - R:/var/run/docker.sock] READ COMPLETE
2017-11-27 22:09:11.492 DEBUG   --- [rjava-netty-1-9] c.g.d.netty.NettyDockerCmdExecFactory$1  : [id: 0x3dd804e1, L:null - R:/var/run/docker.sock] READ COMPLETE
2017-11-27 22:09:11.546 DEBUG   --- [rjava-netty-1-9] xecFactory$UnixDomainSocketInitializer$3 : [id: 0x3dd804e1, L:null - R:/var/run/docker.sock] READ: 34B
         +-------------------------------------------------+
         |  0  1  2  3  4  5  6  7  8  9  a  b  c  d  e  f |
+--------+-------------------------------------------------+----------------+
|00000000| 02 00 00 00 00 00 00 1a 2f 62 69 6e 2f 73 68 3a |......../bin/sh:|
|00000010| 20 31 3a 20 6e 63 3a 20 6e 6f 74 20 66 6f 75 6e | 1: nc: not foun|
|00000020| 64 0a                                           |d.              |
+--------+-------------------------------------------------+----------------+
2017-11-27 22:09:11.546 DEBUG   --- [rjava-netty-1-9] c.g.d.netty.NettyDockerCmdExecFactory$1  : [id: 0x3dd804e1, L:null - R:/var/run/docker.sock] READ: 34B
         +-------------------------------------------------+
         |  0  1  2  3  4  5  6  7  8  9  a  b  c  d  e  f |
+--------+-------------------------------------------------+----------------+
|00000000| 02 00 00 00 00 00 00 1a 2f 62 69 6e 2f 73 68 3a |......../bin/sh:|
|00000010| 20 31 3a 20 6e 63 3a 20 6e 6f 74 20 66 6f 75 6e | 1: nc: not foun|
|00000020| 64 0a                                           |d.              |
+--------+-------------------------------------------------+----------------+
2017-11-27 22:09:11.546 DEBUG   --- [rjava-netty-1-9] xecFactory$UnixDomainSocketInitializer$3 : [id: 0x3dd804e1, L:null - R:/var/run/docker.sock] READ COMPLETE
2017-11-27 22:09:11.546 DEBUG   --- [rjava-netty-1-9] c.g.d.netty.NettyDockerCmdExecFactory$1  : [id: 0x3dd804e1, L:null - R:/var/run/docker.sock] READ COMPLETE
2017-11-27 22:09:11.547 DEBUG   --- [rjava-netty-1-9] xecFactory$UnixDomainSocketInitializer$3 : [id: 0x3dd804e1, L:null - R:/var/run/docker.sock] READ COMPLETE
2017-11-27 22:09:11.547 DEBUG   --- [rjava-netty-1-9] c.g.d.netty.NettyDockerCmdExecFactory$1  : [id: 0x3dd804e1, L:null - R:/var/run/docker.sock] READ COMPLETE
2017-11-27 22:09:11.548 DEBUG   --- [rjava-netty-1-9] c.g.d.netty.NettyDockerCmdExecFactory$1  : [id: 0x3dd804e1, L:null ! R:/var/run/docker.sock] CLOSE
2017-11-27 22:09:11.548 DEBUG   --- [rjava-netty-1-9] xecFactory$UnixDomainSocketInitializer$3 : [id: 0x3dd804e1, L:null ! R:/var/run/docker.sock] CLOSE
2017-11-27 22:09:11.548 DEBUG   --- [rjava-netty-1-9] xecFactory$UnixDomainSocketInitializer$3 : [id: 0x3dd804e1, L:null ! R:/var/run/docker.sock] INACTIVE
2017-11-27 22:09:11.548 DEBUG   --- [rjava-netty-1-9] c.g.d.netty.NettyDockerCmdExecFactory$1  : [id: 0x3dd804e1, L:null ! R:/var/run/docker.sock] INACTIVE
2017-11-27 22:09:11.548 DEBUG   --- [rjava-netty-1-9] xecFactory$UnixDomainSocketInitializer$3 : [id: 0x3dd804e1, L:null ! R:/var/run/docker.sock] UNREGISTERED
2017-11-27 22:09:11.548 DEBUG   --- [rjava-netty-1-9] c.g.d.netty.NettyDockerCmdExecFactory$1  : [id: 0x3dd804e1, L:null ! R:/var/run/docker.sock] UNREGISTERED
2017-11-27 22:09:11.548 DEBUG   --- [pool-1-thread-1] c.g.d.core.command.AbstrDockerCmd        : Cmd: 760a11cda02e910f00711b5a13bda9b1a918e18eb4153f1bfc40e23e16ada5cc,false,com.github.dockerjava.netty.exec.InspectContainerCmdExec@2194e400
2017-11-27 22:09:11.549 DEBUG   --- [pool-1-thread-1] c.g.d.n.exec.InspectContainerCmdExec     : GET: com.github.dockerjava.netty.WebTarget@35426afe
2017-11-27 22:09:11.549 DEBUG   --- [java-netty-1-10] xecFactory$UnixDomainSocketInitializer$3 : [id: 0x917cc573] REGISTERED
2017-11-27 22:09:11.549 DEBUG   --- [java-netty-1-10] xecFactory$UnixDomainSocketInitializer$3 : [id: 0x917cc573] CONNECT: /var/run/docker.sock
2017-11-27 22:09:11.549 DEBUG   --- [java-netty-1-10] xecFactory$UnixDomainSocketInitializer$3 : [id: 0x917cc573, L:null - R:/var/run/docker.sock] ACTIVE
2017-11-27 22:09:11.550 DEBUG   --- [java-netty-1-10] c.g.d.netty.NettyDockerCmdExecFactory$1  : [id: 0x917cc573, L:null - R:/var/run/docker.sock] WRITE, DefaultFullHttpRequest(decodeResult: success, version: HTTP/1.1, content: UnpooledByteBufAllocator$InstrumentedUnpooledUnsafeHeapByteBuf(ridx: 0, widx: 0, cap: 0))
GET /containers/760a11cda02e910f00711b5a13bda9b1a918e18eb4153f1bfc40e23e16ada5cc/json HTTP/1.1
host:
connection: keep-alive
accept-encoding: gzip
accept: application/json, 0B
2017-11-27 22:09:11.550 DEBUG   --- [java-netty-1-10] xecFactory$UnixDomainSocketInitializer$3 : [id: 0x917cc573, L:null - R:/var/run/docker.sock] WRITE: 179B
         +-------------------------------------------------+
         |  0  1  2  3  4  5  6  7  8  9  a  b  c  d  e  f |
+--------+-------------------------------------------------+----------------+
|00000000| 47 45 54 20 2f 63 6f 6e 74 61 69 6e 65 72 73 2f |GET /containers/|
|00000010| 37 36 30 61 31 31 63 64 61 30 32 65 39 31 30 66 |760a11cda02e910f|
|00000020| 30 30 37 31 31 62 35 61 31 33 62 64 61 39 62 31 |00711b5a13bda9b1|
|00000030| 61 39 31 38 65 31 38 65 62 34 31 35 33 66 31 62 |a918e18eb4153f1b|
|00000040| 66 63 34 30 65 32 33 65 31 36 61 64 61 35 63 63 |fc40e23e16ada5cc|
|00000050| 2f 6a 73 6f 6e 20 48 54 54 50 2f 31 2e 31 0d 0a |/json HTTP/1.1..|
|00000060| 68 6f 73 74 3a 20 0d 0a 63 6f 6e 6e 65 63 74 69 |host: ..connecti|
|00000070| 6f 6e 3a 20 6b 65 65 70 2d 61 6c 69 76 65 0d 0a |on: keep-alive..|
|00000080| 61 63 63 65 70 74 2d 65 6e 63 6f 64 69 6e 67 3a |accept-encoding:|
|00000090| 20 67 7a 69 70 0d 0a 61 63 63 65 70 74 3a 20 61 | gzip..accept: a|
|000000a0| 70 70 6c 69 63 61 74 69 6f 6e 2f 6a 73 6f 6e 0d |pplication/json.|
|000000b0| 0a 0d 0a                                        |...             |
+--------+-------------------------------------------------+----------------+
2017-11-27 22:09:11.550 DEBUG   --- [java-netty-1-10] c.g.d.netty.NettyDockerCmdExecFactory$1  : [id: 0x917cc573, L:null - R:/var/run/docker.sock] FLUSH
2017-11-27 22:09:11.550 DEBUG   --- [java-netty-1-10] xecFactory$UnixDomainSocketInitializer$3 : [id: 0x917cc573, L:null - R:/var/run/docker.sock] FLUSH
2017-11-27 22:09:11.552 DEBUG   --- [java-netty-1-10] xecFactory$UnixDomainSocketInitializer$3 : [id: 0x917cc573, L:null - R:/var/run/docker.sock] READ: 1024B
         +-------------------------------------------------+
         |  0  1  2  3  4  5  6  7  8  9  a  b  c  d  e  f |
+--------+-------------------------------------------------+----------------+
|00000000| 48 54 54 50 2f 31 2e 31 20 32 30 30 20 4f 4b 0d |HTTP/1.1 200 OK.|
|00000010| 0a 41 70 69 2d 56 65 72 73 69 6f 6e 3a 20 31 2e |.Api-Version: 1.|
|00000020| 33 32 0d 0a 43 6f 6e 74 65 6e 74 2d 54 79 70 65 |32..Content-Type|
|00000030| 3a 20 61 70 70 6c 69 63 61 74 69 6f 6e 2f 6a 73 |: application/js|
|00000040| 6f 6e 0d 0a 44 61 74 65 3a 20 4d 6f 6e 2c 20 32 |on..Date: Mon, 2|
|00000050| 37 20 4e 6f 76 20 32 30 31 37 20 32 31 3a 30 39 |7 Nov 2017 21:09|
|00000060| 3a 30 38 20 47 4d 54 0d 0a 44 6f 63 6b 65 72 2d |:08 GMT..Docker-|
|00000070| 45 78 70 65 72 69 6d 65 6e 74 61 6c 3a 20 66 61 |Experimental: fa|
|00000080| 6c 73 65 0d 0a 4f 73 74 79 70 65 3a 20 6c 69 6e |lse..Ostype: lin|
|00000090| 75 78 0d 0a 53 65 72 76 65 72 3a 20 44 6f 63 6b |ux..Server: Dock|
|000000a0| 65 72 2f 31 37 2e 30 39 2e 30 2d 63 65 20 28 6c |er/17.09.0-ce (l|
|000000b0| 69 6e 75 78 29 0d 0a 54 72 61 6e 73 66 65 72 2d |inux)..Transfer-|
|000000c0| 45 6e 63 6f 64 69 6e 67 3a 20 63 68 75 6e 6b 65 |Encoding: chunke|
|000000d0| 64 0d 0a 0d 0a 31 32 36 64 0d 0a 7b 22 49 64 22 |d....126d..{"Id"|
|000000e0| 3a 22 37 36 30 61 31 31 63 64 61 30 32 65 39 31 |:"760a11cda02e91|
|000000f0| 30 66 30 30 37 31 31 62 35 61 31 33 62 64 61 39 |0f00711b5a13bda9|
|00000100| 62 31 61 39 31 38 65 31 38 65 62 34 31 35 33 66 |b1a918e18eb4153f|
|00000110| 31 62 66 63 34 30 65 32 33 65 31 36 61 64 61 35 |1bfc40e23e16ada5|
|00000120| 63 63 22 2c 22 43 72 65 61 74 65 64 22 3a 22 32 |cc","Created":"2|
|00000130| 30 31 37 2d 31 31 2d 32 37 54 32 31 3a 30 39 3a |017-11-27T21:09:|
|00000140| 30 35 2e 36 30 36 37 39 38 31 30 32 5a 22 2c 22 |05.606798102Z","|
|00000150| 50 61 74 68 22 3a 22 64 6f 63 6b 65 72 2d 65 6e |Path":"docker-en|
|00000160| 74 72 79 70 6f 69 6e 74 2e 73 68 22 2c 22 41 72 |trypoint.sh","Ar|
|00000170| 67 73 22 3a 5b 22 72 61 62 62 69 74 6d 71 2d 73 |gs":["rabbitmq-s|
|00000180| 65 72 76 65 72 22 5d 2c 22 53 74 61 74 65 22 3a |erver"],"State":|
|00000190| 7b 22 53 74 61 74 75 73 22 3a 22 72 75 6e 6e 69 |{"Status":"runni|
|000001a0| 6e 67 22 2c 22 52 75 6e 6e 69 6e 67 22 3a 74 72 |ng","Running":tr|
|000001b0| 75 65 2c 22 50 61 75 73 65 64 22 3a 66 61 6c 73 |ue,"Paused":fals|
|000001c0| 65 2c 22 52 65 73 74 61 72 74 69 6e 67 22 3a 66 |e,"Restarting":f|
|000001d0| 61 6c 73 65 2c 22 4f 4f 4d 4b 69 6c 6c 65 64 22 |alse,"OOMKilled"|
|000001e0| 3a 66 61 6c 73 65 2c 22 44 65 61 64 22 3a 66 61 |:false,"Dead":fa|
|000001f0| 6c 73 65 2c 22 50 69 64 22 3a 31 35 38 38 39 2c |lse,"Pid":15889,|
|00000200| 22 45 78 69 74 43 6f 64 65 22 3a 30 2c 22 45 72 |"ExitCode":0,"Er|
|00000210| 72 6f 72 22 3a 22 22 2c 22 53 74 61 72 74 65 64 |ror":"","Started|
|00000220| 41 74 22 3a 22 32 30 31 37 2d 31 31 2d 32 37 54 |At":"2017-11-27T|
|00000230| 32 31 3a 30 39 3a 30 36 2e 37 34 37 30 36 37 33 |21:09:06.7470673|
|00000240| 38 38 5a 22 2c 22 46 69 6e 69 73 68 65 64 41 74 |88Z","FinishedAt|
|00000250| 22 3a 22 30 30 30 31 2d 30 31 2d 30 31 54 30 30 |":"0001-01-01T00|
|00000260| 3a 30 30 3a 30 30 5a 22 7d 2c 22 49 6d 61 67 65 |:00:00Z"},"Image|
|00000270| 22 3a 22 73 68 61 32 35 36 3a 37 39 61 30 30 38 |":"sha256:79a008|
|00000280| 62 32 35 39 36 32 65 31 61 31 34 33 65 30 32 62 |b25962e1a143e02b|
|00000290| 33 37 31 38 37 66 38 35 35 63 62 32 32 34 65 32 |37187f855cb224e2|
|000002a0| 32 30 33 62 39 34 63 63 39 66 38 37 65 38 31 66 |203b94cc9f87e81f|
|000002b0| 65 32 37 35 36 36 30 63 39 64 22 2c 22 52 65 73 |e275660c9d","Res|
|000002c0| 6f 6c 76 43 6f 6e 66 50 61 74 68 22 3a 22 2f 76 |olvConfPath":"/v|
|000002d0| 61 72 2f 6c 69 62 2f 64 6f 63 6b 65 72 2f 63 6f |ar/lib/docker/co|
|000002e0| 6e 74 61 69 6e 65 72 73 2f 37 36 30 61 31 31 63 |ntainers/760a11c|
|000002f0| 64 61 30 32 65 39 31 30 66 30 30 37 31 31 62 35 |da02e910f00711b5|
|00000300| 61 31 33 62 64 61 39 62 31 61 39 31 38 65 31 38 |a13bda9b1a918e18|
|00000310| 65 62 34 31 35 33 66 31 62 66 63 34 30 65 32 33 |eb4153f1bfc40e23|
|00000320| 65 31 36 61 64 61 35 63 63 2f 72 65 73 6f 6c 76 |e16ada5cc/resolv|
|00000330| 2e 63 6f 6e 66 22 2c 22 48 6f 73 74 6e 61 6d 65 |.conf","Hostname|
|00000340| 50 61 74 68 22 3a 22 2f 76 61 72 2f 6c 69 62 2f |Path":"/var/lib/|
|00000350| 64 6f 63 6b 65 72 2f 63 6f 6e 74 61 69 6e 65 72 |docker/container|
|00000360| 73 2f 37 36 30 61 31 31 63 64 61 30 32 65 39 31 |s/760a11cda02e91|
|00000370| 30 66 30 30 37 31 31 62 35 61 31 33 62 64 61 39 |0f00711b5a13bda9|
|00000380| 62 31 61 39 31 38 65 31 38 65 62 34 31 35 33 66 |b1a918e18eb4153f|
|00000390| 31 62 66 63 34 30 65 32 33 65 31 36 61 64 61 35 |1bfc40e23e16ada5|
|000003a0| 63 63 2f 68 6f 73 74 6e 61 6d 65 22 2c 22 48 6f |cc/hostname","Ho|
|000003b0| 73 74 73 50 61 74 68 22 3a 22 2f 76 61 72 2f 6c |stsPath":"/var/l|
|000003c0| 69 62 2f 64 6f 63 6b 65 72 2f 63 6f 6e 74 61 69 |ib/docker/contai|
|000003d0| 6e 65 72 73 2f 37 36 30 61 31 31 63 64 61 30 32 |ners/760a11cda02|
|000003e0| 65 39 31 30 66 30 30 37 31 31 62 35 61 31 33 62 |e910f00711b5a13b|
|000003f0| 64 61 39 62 31 61 39 31 38 65 31 38 65 62 34 31 |da9b1a918e18eb41|
+--------+-------------------------------------------------+----------------+
2017-11-27 22:09:11.552 DEBUG   --- [java-netty-1-10] c.g.d.netty.NettyDockerCmdExecFactory$1  : [id: 0x917cc573, L:null - R:/var/run/docker.sock] READ: DefaultHttpResponse(decodeResult: success, version: HTTP/1.1)
HTTP/1.1 200 OK
Api-Version: 1.32
Content-Type: application/json
Date: Mon, 27 Nov 2017 21:09:08 GMT
Docker-Experimental: false
Ostype: linux
Server: Docker/17.09.0-ce (linux)
Transfer-Encoding: chunked
2017-11-27 22:09:11.552 DEBUG   --- [java-netty-1-10] c.g.d.netty.NettyDockerCmdExecFactory$1  : [id: 0x917cc573, L:null - R:/var/run/docker.sock] READ: DefaultHttpContent(data: PooledSlicedByteBuf(ridx: 0, widx: 805, cap: 805/805, unwrapped: PooledUnsafeDirectByteBuf(ridx: 1024, widx: 1024, cap: 1024)), decoderResult: success), 805B
         +-------------------------------------------------+
         |  0  1  2  3  4  5  6  7  8  9  a  b  c  d  e  f |
+--------+-------------------------------------------------+----------------+
|00000000| 7b 22 49 64 22 3a 22 37 36 30 61 31 31 63 64 61 |{"Id":"760a11cda|
|00000010| 30 32 65 39 31 30 66 30 30 37 31 31 62 35 61 31 |02e910f00711b5a1|
|00000020| 33 62 64 61 39 62 31 61 39 31 38 65 31 38 65 62 |3bda9b1a918e18eb|
|00000030| 34 31 35 33 66 31 62 66 63 34 30 65 32 33 65 31 |4153f1bfc40e23e1|
|00000040| 36 61 64 61 35 63 63 22 2c 22 43 72 65 61 74 65 |6ada5cc","Create|
|00000050| 64 22 3a 22 32 30 31 37 2d 31 31 2d 32 37 54 32 |d":"2017-11-27T2|
|00000060| 31 3a 30 39 3a 30 35 2e 36 30 36 37 39 38 31 30 |1:09:05.60679810|
|00000070| 32 5a 22 2c 22 50 61 74 68 22 3a 22 64 6f 63 6b |2Z","Path":"dock|
|00000080| 65 72 2d 65 6e 74 72 79 70 6f 69 6e 74 2e 73 68 |er-entrypoint.sh|
|00000090| 22 2c 22 41 72 67 73 22 3a 5b 22 72 61 62 62 69 |","Args":["rabbi|
|000000a0| 74 6d 71 2d 73 65 72 76 65 72 22 5d 2c 22 53 74 |tmq-server"],"St|
|000000b0| 61 74 65 22 3a 7b 22 53 74 61 74 75 73 22 3a 22 |ate":{"Status":"|
|000000c0| 72 75 6e 6e 69 6e 67 22 2c 22 52 75 6e 6e 69 6e |running","Runnin|
|000000d0| 67 22 3a 74 72 75 65 2c 22 50 61 75 73 65 64 22 |g":true,"Paused"|
|000000e0| 3a 66 61 6c 73 65 2c 22 52 65 73 74 61 72 74 69 |:false,"Restarti|
|000000f0| 6e 67 22 3a 66 61 6c 73 65 2c 22 4f 4f 4d 4b 69 |ng":false,"OOMKi|
|00000100| 6c 6c 65 64 22 3a 66 61 6c 73 65 2c 22 44 65 61 |lled":false,"Dea|
|00000110| 64 22 3a 66 61 6c 73 65 2c 22 50 69 64 22 3a 31 |d":false,"Pid":1|
|00000120| 35 38 38 39 2c 22 45 78 69 74 43 6f 64 65 22 3a |5889,"ExitCode":|
|00000130| 30 2c 22 45 72 72 6f 72 22 3a 22 22 2c 22 53 74 |0,"Error":"","St|
|00000140| 61 72 74 65 64 41 74 22 3a 22 32 30 31 37 2d 31 |artedAt":"2017-1|
|00000150| 31 2d 32 37 54 32 31 3a 30 39 3a 30 36 2e 37 34 |1-27T21:09:06.74|
|00000160| 37 30 36 37 33 38 38 5a 22 2c 22 46 69 6e 69 73 |7067388Z","Finis|
|00000170| 68 65 64 41 74 22 3a 22 30 30 30 31 2d 30 31 2d |hedAt":"0001-01-|
|00000180| 30 31 54 30 30 3a 30 30 3a 30 30 5a 22 7d 2c 22 |01T00:00:00Z"},"|
|00000190| 49 6d 61 67 65 22 3a 22 73 68 61 32 35 36 3a 37 |Image":"sha256:7|
|000001a0| 39 61 30 30 38 62 32 35 39 36 32 65 31 61 31 34 |9a008b25962e1a14|
|000001b0| 33 65 30 32 62 33 37 31 38 37 66 38 35 35 63 62 |3e02b37187f855cb|
|000001c0| 32 32 34 65 32 32 30 33 62 39 34 63 63 39 66 38 |224e2203b94cc9f8|
|000001d0| 37 65 38 31 66 65 32 37 35 36 36 30 63 39 64 22 |7e81fe275660c9d"|
|000001e0| 2c 22 52 65 73 6f 6c 76 43 6f 6e 66 50 61 74 68 |,"ResolvConfPath|
|000001f0| 22 3a 22 2f 76 61 72 2f 6c 69 62 2f 64 6f 63 6b |":"/var/lib/dock|
|00000200| 65 72 2f 63 6f 6e 74 61 69 6e 65 72 73 2f 37 36 |er/containers/76|
|00000210| 30 61 31 31 63 64 61 30 32 65 39 31 30 66 30 30 |0a11cda02e910f00|
|00000220| 37 31 31 62 35 61 31 33 62 64 61 39 62 31 61 39 |711b5a13bda9b1a9|
|00000230| 31 38 65 31 38 65 62 34 31 35 33 66 31 62 66 63 |18e18eb4153f1bfc|
|00000240| 34 30 65 32 33 65 31 36 61 64 61 35 63 63 2f 72 |40e23e16ada5cc/r|
|00000250| 65 73 6f 6c 76 2e 63 6f 6e 66 22 2c 22 48 6f 73 |esolv.conf","Hos|
|00000260| 74 6e 61 6d 65 50 61 74 68 22 3a 22 2f 76 61 72 |tnamePath":"/var|
|00000270| 2f 6c 69 62 2f 64 6f 63 6b 65 72 2f 63 6f 6e 74 |/lib/docker/cont|
|00000280| 61 69 6e 65 72 73 2f 37 36 30 61 31 31 63 64 61 |ainers/760a11cda|
|00000290| 30 32 65 39 31 30 66 30 30 37 31 31 62 35 61 31 |02e910f00711b5a1|
|000002a0| 33 62 64 61 39 62 31 61 39 31 38 65 31 38 65 62 |3bda9b1a918e18eb|
|000002b0| 34 31 35 33 66 31 62 66 63 34 30 65 32 33 65 31 |4153f1bfc40e23e1|
|000002c0| 36 61 64 61 35 63 63 2f 68 6f 73 74 6e 61 6d 65 |6ada5cc/hostname|
|000002d0| 22 2c 22 48 6f 73 74 73 50 61 74 68 22 3a 22 2f |","HostsPath":"/|
|000002e0| 76 61 72 2f 6c 69 62 2f 64 6f 63 6b 65 72 2f 63 |var/lib/docker/c|
|000002f0| 6f 6e 74 61 69 6e 65 72 73 2f 37 36 30 61 31 31 |ontainers/760a11|
|00000300| 63 64 61 30 32 65 39 31 30 66 30 30 37 31 31 62 |cda02e910f00711b|
|00000310| 35 61 31 33 62 64 61 39 62 31 61 39 31 38 65 31 |5a13bda9b1a918e1|
|00000320| 38 65 62 34 31                                  |8eb41           |
+--------+-------------------------------------------------+----------------+
2017-11-27 22:09:11.552 DEBUG   --- [java-netty-1-10] xecFactory$UnixDomainSocketInitializer$3 : [id: 0x917cc573, L:null - R:/var/run/docker.sock] READ COMPLETE
2017-11-27 22:09:11.553 DEBUG   --- [java-netty-1-10] c.g.d.netty.NettyDockerCmdExecFactory$1  : [id: 0x917cc573, L:null - R:/var/run/docker.sock] READ COMPLETE
2017-11-27 22:09:11.553 DEBUG   --- [java-netty-1-10] xecFactory$UnixDomainSocketInitializer$3 : [id: 0x917cc573, L:null - R:/var/run/docker.sock] READ: 3919B
         +-------------------------------------------------+
         |  0  1  2  3  4  5  6  7  8  9  a  b  c  d  e  f |
+--------+-------------------------------------------------+----------------+
|00000000| 35 33 66 31 62 66 63 34 30 65 32 33 65 31 36 61 |53f1bfc40e23e16a|
|00000010| 64 61 35 63 63 2f 68 6f 73 74 73 22 2c 22 4c 6f |da5cc/hosts","Lo|
|00000020| 67 50 61 74 68 22 3a 22 2f 76 61 72 2f 6c 69 62 |gPath":"/var/lib|
|00000030| 2f 64 6f 63 6b 65 72 2f 63 6f 6e 74 61 69 6e 65 |/docker/containe|
|00000040| 72 73 2f 37 36 30 61 31 31 63 64 61 30 32 65 39 |rs/760a11cda02e9|
|00000050| 31 30 66 30 30 37 31 31 62 35 61 31 33 62 64 61 |10f00711b5a13bda|
|00000060| 39 62 31 61 39 31 38 65 31 38 65 62 34 31 35 33 |9b1a918e18eb4153|
|00000070| 66 31 62 66 63 34 30 65 32 33 65 31 36 61 64 61 |f1bfc40e23e16ada|
|00000080| 35 63 63 2f 37 36 30 61 31 31 63 64 61 30 32 65 |5cc/760a11cda02e|
|00000090| 39 31 30 66 30 30 37 31 31 62 35 61 31 33 62 64 |910f00711b5a13bd|
|000000a0| 61 39 62 31 61 39 31 38 65 31 38 65 62 34 31 35 |a9b1a918e18eb415|
|000000b0| 33 66 31 62 66 63 34 30 65 32 33 65 31 36 61 64 |3f1bfc40e23e16ad|
|000000c0| 61 35 63 63 2d 6a 73 6f 6e 2e 6c 6f 67 22 2c 22 |a5cc-json.log","|
|000000d0| 4e 61 6d 65 22 3a 22 2f 64 69 73 74 72 61 63 74 |Name":"/distract|
|000000e0| 65 64 5f 62 65 6e 7a 22 2c 22 52 65 73 74 61 72 |ed_benz","Restar|
|000000f0| 74 43 6f 75 6e 74 22 3a 30 2c 22 44 72 69 76 65 |tCount":0,"Drive|
|00000100| 72 22 3a 22 61 75 66 73 22 2c 22 50 6c 61 74 66 |r":"aufs","Platf|
|00000110| 6f 72 6d 22 3a 22 6c 69 6e 75 78 22 2c 22 4d 6f |orm":"linux","Mo|
|00000120| 75 6e 74 4c 61 62 65 6c 22 3a 22 22 2c 22 50 72 |untLabel":"","Pr|
|00000130| 6f 63 65 73 73 4c 61 62 65 6c 22 3a 22 22 2c 22 |ocessLabel":"","|
|00000140| 41 70 70 41 72 6d 6f 72 50 72 6f 66 69 6c 65 22 |AppArmorProfile"|
|00000150| 3a 22 22 2c 22 45 78 65 63 49 44 73 22 3a 6e 75 |:"","ExecIDs":nu|
|00000160| 6c 6c 2c 22 48 6f 73 74 43 6f 6e 66 69 67 22 3a |ll,"HostConfig":|
|00000170| 7b 22 42 69 6e 64 73 22 3a 5b 5d 2c 22 43 6f 6e |{"Binds":[],"Con|
|00000180| 74 61 69 6e 65 72 49 44 46 69 6c 65 22 3a 22 22 |tainerIDFile":""|
|00000190| 2c 22 4c 6f 67 43 6f 6e 66 69 67 22 3a 7b 22 54 |,"LogConfig":{"T|
|000001a0| 79 70 65 22 3a 22 6a 73 6f 6e 2d 66 69 6c 65 22 |ype":"json-file"|
|000001b0| 2c 22 43 6f 6e 66 69 67 22 3a 7b 7d 7d 2c 22 4e |,"Config":{}},"N|
|000001c0| 65 74 77 6f 72 6b 4d 6f 64 65 22 3a 22 64 65 66 |etworkMode":"def|
|000001d0| 61 75 6c 74 22 2c 22 50 6f 72 74 42 69 6e 64 69 |ault","PortBindi|
|000001e0| 6e 67 73 22 3a 7b 7d 2c 22 52 65 73 74 61 72 74 |ngs":{},"Restart|
|000001f0| 50 6f 6c 69 63 79 22 3a 7b 22 4e 61 6d 65 22 3a |Policy":{"Name":|
|00000200| 22 22 2c 22 4d 61 78 69 6d 75 6d 52 65 74 72 79 |"","MaximumRetry|
|00000210| 43 6f 75 6e 74 22 3a 30 7d 2c 22 41 75 74 6f 52 |Count":0},"AutoR|
|00000220| 65 6d 6f 76 65 22 3a 66 61 6c 73 65 2c 22 56 6f |emove":false,"Vo|
|00000230| 6c 75 6d 65 44 72 69 76 65 72 22 3a 22 22 2c 22 |lumeDriver":"","|
|00000240| 56 6f 6c 75 6d 65 73 46 72 6f 6d 22 3a 5b 5d 2c |VolumesFrom":[],|
|00000250| 22 43 61 70 41 64 64 22 3a 6e 75 6c 6c 2c 22 43 |"CapAdd":null,"C|
|00000260| 61 70 44 72 6f 70 22 3a 6e 75 6c 6c 2c 22 44 6e |apDrop":null,"Dn|
|00000270| 73 22 3a 6e 75 6c 6c 2c 22 44 6e 73 4f 70 74 69 |s":null,"DnsOpti|
|00000280| 6f 6e 73 22 3a 6e 75 6c 6c 2c 22 44 6e 73 53 65 |ons":null,"DnsSe|
|00000290| 61 72 63 68 22 3a 6e 75 6c 6c 2c 22 45 78 74 72 |arch":null,"Extr|
|000002a0| 61 48 6f 73 74 73 22 3a 5b 5d 2c 22 47 72 6f 75 |aHosts":[],"Grou|
|000002b0| 70 41 64 64 22 3a 6e 75 6c 6c 2c 22 49 70 63 4d |pAdd":null,"IpcM|
|000002c0| 6f 64 65 22 3a 22 73 68 61 72 65 61 62 6c 65 22 |ode":"shareable"|
|000002d0| 2c 22 43 67 72 6f 75 70 22 3a 22 22 2c 22 4c 69 |,"Cgroup":"","Li|
|000002e0| 6e 6b 73 22 3a 6e 75 6c 6c 2c 22 4f 6f 6d 53 63 |nks":null,"OomSc|
|000002f0| 6f 72 65 41 64 6a 22 3a 30 2c 22 50 69 64 4d 6f |oreAdj":0,"PidMo|
|00000300| 64 65 22 3a 22 22 2c 22 50 72 69 76 69 6c 65 67 |de":"","Privileg|
|00000310| 65 64 22 3a 66 61 6c 73 65 2c 22 50 75 62 6c 69 |ed":false,"Publi|
|00000320| 73 68 41 6c 6c 50 6f 72 74 73 22 3a 74 72 75 65 |shAllPorts":true|
|00000330| 2c 22 52 65 61 64 6f 6e 6c 79 52 6f 6f 74 66 73 |,"ReadonlyRootfs|
|00000340| 22 3a 66 61 6c 73 65 2c 22 53 65 63 75 72 69 74 |":false,"Securit|
|00000350| 79 4f 70 74 22 3a 6e 75 6c 6c 2c 22 55 54 53 4d |yOpt":null,"UTSM|
|00000360| 6f 64 65 22 3a 22 22 2c 22 55 73 65 72 6e 73 4d |ode":"","UsernsM|
|00000370| 6f 64 65 22 3a 22 22 2c 22 53 68 6d 53 69 7a 65 |ode":"","ShmSize|
|00000380| 22 3a 36 37 31 30 38 38 36 34 2c 22 52 75 6e 74 |":67108864,"Runt|
|00000390| 69 6d 65 22 3a 22 72 75 6e 63 22 2c 22 43 6f 6e |ime":"runc","Con|
|000003a0| 73 6f 6c 65 53 69 7a 65 22 3a 5b 30 2c 30 5d 2c |soleSize":[0,0],|
|000003b0| 22 49 73 6f 6c 61 74 69 6f 6e 22 3a 22 22 2c 22 |"Isolation":"","|
|000003c0| 43 70 75 53 68 61 72 65 73 22 3a 30 2c 22 4d 65 |CpuShares":0,"Me|
|000003d0| 6d 6f 72 79 22 3a 30 2c 22 4e 61 6e 6f 43 70 75 |mory":0,"NanoCpu|
|000003e0| 73 22 3a 30 2c 22 43 67 72 6f 75 70 50 61 72 65 |s":0,"CgroupPare|
|000003f0| 6e 74 22 3a 22 22 2c 22 42 6c 6b 69 6f 57 65 69 |nt":"","BlkioWei|
|00000400| 67 68 74 22 3a 30 2c 22 42 6c 6b 69 6f 57 65 69 |ght":0,"BlkioWei|
|00000410| 67 68 74 44 65 76 69 63 65 22 3a 6e 75 6c 6c 2c |ghtDevice":null,|
|00000420| 22 42 6c 6b 69 6f 44 65 76 69 63 65 52 65 61 64 |"BlkioDeviceRead|
|00000430| 42 70 73 22 3a 6e 75 6c 6c 2c 22 42 6c 6b 69 6f |Bps":null,"Blkio|
|00000440| 44 65 76 69 63 65 57 72 69 74 65 42 70 73 22 3a |DeviceWriteBps":|
|00000450| 6e 75 6c 6c 2c 22 42 6c 6b 69 6f 44 65 76 69 63 |null,"BlkioDevic|
|00000460| 65 52 65 61 64 49 4f 70 73 22 3a 6e 75 6c 6c 2c |eReadIOps":null,|
|00000470| 22 42 6c 6b 69 6f 44 65 76 69 63 65 57 72 69 74 |"BlkioDeviceWrit|
|00000480| 65 49 4f 70 73 22 3a 6e 75 6c 6c 2c 22 43 70 75 |eIOps":null,"Cpu|
|00000490| 50 65 72 69 6f 64 22 3a 30 2c 22 43 70 75 51 75 |Period":0,"CpuQu|
|000004a0| 6f 74 61 22 3a 30 2c 22 43 70 75 52 65 61 6c 74 |ota":0,"CpuRealt|
|000004b0| 69 6d 65 50 65 72 69 6f 64 22 3a 30 2c 22 43 70 |imePeriod":0,"Cp|
|000004c0| 75 52 65 61 6c 74 69 6d 65 52 75 6e 74 69 6d 65 |uRealtimeRuntime|
|000004d0| 22 3a 30 2c 22 43 70 75 73 65 74 43 70 75 73 22 |":0,"CpusetCpus"|
|000004e0| 3a 22 22 2c 22 43 70 75 73 65 74 4d 65 6d 73 22 |:"","CpusetMems"|
|000004f0| 3a 22 22 2c 22 44 65 76 69 63 65 73 22 3a 6e 75 |:"","Devices":nu|
|00000500| 6c 6c 2c 22 44 65 76 69 63 65 43 67 72 6f 75 70 |ll,"DeviceCgroup|
|00000510| 52 75 6c 65 73 22 3a 6e 75 6c 6c 2c 22 44 69 73 |Rules":null,"Dis|
|00000520| 6b 51 75 6f 74 61 22 3a 30 2c 22 4b 65 72 6e 65 |kQuota":0,"Kerne|
|00000530| 6c 4d 65 6d 6f 72 79 22 3a 30 2c 22 4d 65 6d 6f |lMemory":0,"Memo|
|00000540| 72 79 52 65 73 65 72 76 61 74 69 6f 6e 22 3a 30 |ryReservation":0|
|00000550| 2c 22 4d 65 6d 6f 72 79 53 77 61 70 22 3a 30 2c |,"MemorySwap":0,|
|00000560| 22 4d 65 6d 6f 72 79 53 77 61 70 70 69 6e 65 73 |"MemorySwappines|
|00000570| 73 22 3a 6e 75 6c 6c 2c 22 4f 6f 6d 4b 69 6c 6c |s":null,"OomKill|
|00000580| 44 69 73 61 62 6c 65 22 3a 66 61 6c 73 65 2c 22 |Disable":false,"|
|00000590| 50 69 64 73 4c 69 6d 69 74 22 3a 30 2c 22 55 6c |PidsLimit":0,"Ul|
|000005a0| 69 6d 69 74 73 22 3a 6e 75 6c 6c 2c 22 43 70 75 |imits":null,"Cpu|
|000005b0| 43 6f 75 6e 74 22 3a 30 2c 22 43 70 75 50 65 72 |Count":0,"CpuPer|
|000005c0| 63 65 6e 74 22 3a 30 2c 22 49 4f 4d 61 78 69 6d |cent":0,"IOMaxim|
|000005d0| 75 6d 49 4f 70 73 22 3a 30 2c 22 49 4f 4d 61 78 |umIOps":0,"IOMax|
|000005e0| 69 6d 75 6d 42 61 6e 64 77 69 64 74 68 22 3a 30 |imumBandwidth":0|
|000005f0| 7d 2c 22 47 72 61 70 68 44 72 69 76 65 72 22 3a |},"GraphDriver":|
|00000600| 7b 22 44 61 74 61 22 3a 6e 75 6c 6c 2c 22 4e 61 |{"Data":null,"Na|
|00000610| 6d 65 22 3a 22 61 75 66 73 22 7d 2c 22 4d 6f 75 |me":"aufs"},"Mou|
|00000620| 6e 74 73 22 3a 5b 7b 22 54 79 70 65 22 3a 22 76 |nts":[{"Type":"v|
|00000630| 6f 6c 75 6d 65 22 2c 22 4e 61 6d 65 22 3a 22 65 |olume","Name":"e|
|00000640| 64 33 30 66 34 65 64 39 63 37 31 31 66 32 32 63 |d30f4ed9c711f22c|
|00000650| 62 63 66 30 31 39 66 31 33 36 39 62 61 36 63 33 |bcf019f1369ba6c3|
|00000660| 63 64 35 62 66 36 30 61 35 66 64 31 34 30 39 65 |cd5bf60a5fd1409e|
|00000670| 30 61 39 61 62 61 61 38 34 30 61 63 33 63 32 22 |0a9abaa840ac3c2"|
|00000680| 2c 22 53 6f 75 72 63 65 22 3a 22 2f 76 61 72 2f |,"Source":"/var/|
|00000690| 6c 69 62 2f 64 6f 63 6b 65 72 2f 76 6f 6c 75 6d |lib/docker/volum|
|000006a0| 65 73 2f 65 64 33 30 66 34 65 64 39 63 37 31 31 |es/ed30f4ed9c711|
|000006b0| 66 32 32 63 62 63 66 30 31 39 66 31 33 36 39 62 |f22cbcf019f1369b|
|000006c0| 61 36 63 33 63 64 35 62 66 36 30 61 35 66 64 31 |a6c3cd5bf60a5fd1|
|000006d0| 34 30 39 65 30 61 39 61 62 61 61 38 34 30 61 63 |409e0a9abaa840ac|
|000006e0| 33 63 32 2f 5f 64 61 74 61 22 2c 22 44 65 73 74 |3c2/_data","Dest|
|000006f0| 69 6e 61 74 69 6f 6e 22 3a 22 2f 76 61 72 2f 6c |ination":"/var/l|
|00000700| 69 62 2f 72 61 62 62 69 74 6d 71 22 2c 22 44 72 |ib/rabbitmq","Dr|
|00000710| 69 76 65 72 22 3a 22 6c 6f 63 61 6c 22 2c 22 4d |iver":"local","M|
|00000720| 6f 64 65 22 3a 22 22 2c 22 52 57 22 3a 74 72 75 |ode":"","RW":tru|
|00000730| 65 2c 22 50 72 6f 70 61 67 61 74 69 6f 6e 22 3a |e,"Propagation":|
|00000740| 22 22 7d 5d 2c 22 43 6f 6e 66 69 67 22 3a 7b 22 |""}],"Config":{"|
|00000750| 48 6f 73 74 6e 61 6d 65 22 3a 22 37 36 30 61 31 |Hostname":"760a1|
|00000760| 31 63 64 61 30 32 65 22 2c 22 44 6f 6d 61 69 6e |1cda02e","Domain|
|00000770| 6e 61 6d 65 22 3a 22 22 2c 22 55 73 65 72 22 3a |name":"","User":|
|00000780| 22 22 2c 22 41 74 74 61 63 68 53 74 64 69 6e 22 |"","AttachStdin"|
|00000790| 3a 66 61 6c 73 65 2c 22 41 74 74 61 63 68 53 74 |:false,"AttachSt|
|000007a0| 64 6f 75 74 22 3a 66 61 6c 73 65 2c 22 41 74 74 |dout":false,"Att|
|000007b0| 61 63 68 53 74 64 65 72 72 22 3a 66 61 6c 73 65 |achStderr":false|
|000007c0| 2c 22 45 78 70 6f 73 65 64 50 6f 72 74 73 22 3a |,"ExposedPorts":|
|000007d0| 7b 22 32 35 36 37 32 2f 74 63 70 22 3a 7b 7d 2c |{"25672/tcp":{},|
|000007e0| 22 34 33 36 39 2f 74 63 70 22 3a 7b 7d 2c 22 35 |"4369/tcp":{},"5|
|000007f0| 36 37 31 2f 74 63 70 22 3a 7b 7d 2c 22 35 36 37 |671/tcp":{},"567|
|00000800| 32 2f 74 63 70 22 3a 7b 7d 7d 2c 22 54 74 79 22 |2/tcp":{}},"Tty"|
|00000810| 3a 66 61 6c 73 65 2c 22 4f 70 65 6e 53 74 64 69 |:false,"OpenStdi|
|00000820| 6e 22 3a 66 61 6c 73 65 2c 22 53 74 64 69 6e 4f |n":false,"StdinO|
|00000830| 6e 63 65 22 3a 66 61 6c 73 65 2c 22 45 6e 76 22 |nce":false,"Env"|
|00000840| 3a 5b 22 52 41 42 42 49 54 4d 51 5f 55 53 45 52 |:["RABBITMQ_USER|
|00000850| 3d 67 75 65 73 74 22 2c 22 52 41 42 42 49 54 4d |=guest","RABBITM|
|00000860| 51 5f 50 41 53 53 57 4f 52 44 3d 67 75 65 73 74 |Q_PASSWORD=guest|
|00000870| 22 2c 22 6e 6f 5f 70 72 6f 78 79 3d 2a 2e 6c 6f |","no_proxy=*.lo|
|00000880| 63 61 6c 2c 20 31 36 39 2e 32 35 34 2f 31 36 22 |cal, 169.254/16"|
|00000890| 2c 22 50 41 54 48 3d 2f 75 73 72 2f 6c 69 62 2f |,"PATH=/usr/lib/|
|000008a0| 72 61 62 62 69 74 6d 71 2f 62 69 6e 3a 2f 75 73 |rabbitmq/bin:/us|
|000008b0| 72 2f 6c 6f 63 61 6c 2f 73 62 69 6e 3a 2f 75 73 |r/local/sbin:/us|
|000008c0| 72 2f 6c 6f 63 61 6c 2f 62 69 6e 3a 2f 75 73 72 |r/local/bin:/usr|
|000008d0| 2f 73 62 69 6e 3a 2f 75 73 72 2f 62 69 6e 3a 2f |/sbin:/usr/bin:/|
|000008e0| 73 62 69 6e 3a 2f 62 69 6e 22 2c 22 47 4f 53 55 |sbin:/bin","GOSU|
|000008f0| 5f 56 45 52 53 49 4f 4e 3d 31 2e 31 30 22 2c 22 |_VERSION=1.10","|
|00000900| 52 41 42 42 49 54 4d 51 5f 4c 4f 47 53 3d 2d 22 |RABBITMQ_LOGS=-"|
|00000910| 2c 22 52 41 42 42 49 54 4d 51 5f 53 41 53 4c 5f |,"RABBITMQ_SASL_|
|00000920| 4c 4f 47 53 3d 2d 22 2c 22 52 41 42 42 49 54 4d |LOGS=-","RABBITM|
|00000930| 51 5f 47 50 47 5f 4b 45 59 3d 30 41 39 41 46 32 |Q_GPG_KEY=0A9AF2|
|00000940| 31 31 35 46 34 36 38 37 42 44 32 39 38 30 33 41 |115F4687BD29803A|
|00000950| 32 30 36 42 37 33 41 33 36 45 36 30 32 36 44 46 |206B73A36E6026DF|
|00000960| 43 41 22 2c 22 52 41 42 42 49 54 4d 51 5f 56 45 |CA","RABBITMQ_VE|
|00000970| 52 53 49 4f 4e 3d 33 2e 36 2e 31 34 22 2c 22 52 |RSION=3.6.14","R|
|00000980| 41 42 42 49 54 4d 51 5f 47 49 54 48 55 42 5f 54 |ABBITMQ_GITHUB_T|
|00000990| 41 47 3d 72 61 62 62 69 74 6d 71 5f 76 33 5f 36 |AG=rabbitmq_v3_6|
|000009a0| 5f 31 34 22 2c 22 52 41 42 42 49 54 4d 51 5f 44 |_14","RABBITMQ_D|
|000009b0| 45 42 49 41 4e 5f 56 45 52 53 49 4f 4e 3d 33 2e |EBIAN_VERSION=3.|
|000009c0| 36 2e 31 34 2d 31 22 2c 22 48 4f 4d 45 3d 2f 76 |6.14-1","HOME=/v|
|000009d0| 61 72 2f 6c 69 62 2f 72 61 62 62 69 74 6d 71 22 |ar/lib/rabbitmq"|
|000009e0| 5d 2c 22 43 6d 64 22 3a 5b 22 72 61 62 62 69 74 |],"Cmd":["rabbit|
|000009f0| 6d 71 2d 73 65 72 76 65 72 22 5d 2c 22 41 72 67 |mq-server"],"Arg|
|00000a00| 73 45 73 63 61 70 65 64 22 3a 74 72 75 65 2c 22 |sEscaped":true,"|
|00000a10| 49 6d 61 67 65 22 3a 22 72 61 62 62 69 74 6d 71 |Image":"rabbitmq|
|00000a20| 3a 33 2e 36 2e 31 34 22 2c 22 56 6f 6c 75 6d 65 |:3.6.14","Volume|
|00000a30| 73 22 3a 7b 22 2f 76 61 72 2f 6c 69 62 2f 72 61 |s":{"/var/lib/ra|
|00000a40| 62 62 69 74 6d 71 22 3a 7b 7d 7d 2c 22 57 6f 72 |bbitmq":{}},"Wor|
|00000a50| 6b 69 6e 67 44 69 72 22 3a 22 22 2c 22 45 6e 74 |kingDir":"","Ent|
|00000a60| 72 79 70 6f 69 6e 74 22 3a 5b 22 64 6f 63 6b 65 |rypoint":["docke|
|00000a70| 72 2d 65 6e 74 72 79 70 6f 69 6e 74 2e 73 68 22 |r-entrypoint.sh"|
|00000a80| 5d 2c 22 4f 6e 42 75 69 6c 64 22 3a 6e 75 6c 6c |],"OnBuild":null|
|00000a90| 2c 22 4c 61 62 65 6c 73 22 3a 7b 22 6f 72 67 2e |,"Labels":{"org.|
|00000aa0| 74 65 73 74 63 6f 6e 74 61 69 6e 65 72 73 22 3a |testcontainers":|
|00000ab0| 22 74 72 75 65 22 7d 7d 2c 22 4e 65 74 77 6f 72 |"true"}},"Networ|
|00000ac0| 6b 53 65 74 74 69 6e 67 73 22 3a 7b 22 42 72 69 |kSettings":{"Bri|
|00000ad0| 64 67 65 22 3a 22 22 2c 22 53 61 6e 64 62 6f 78 |dge":"","Sandbox|
|00000ae0| 49 44 22 3a 22 38 66 38 35 65 33 63 65 66 39 62 |ID":"8f85e3cef9b|
|00000af0| 32 66 39 39 31 63 39 36 30 30 35 61 32 38 64 36 |2f991c96005a28d6|
|00000b00| 65 63 35 32 64 63 34 35 33 33 33 64 63 65 37 38 |ec52dc45333dce78|
|00000b10| 38 37 36 64 30 39 37 65 63 31 32 38 66 39 39 36 |876d097ec128f996|
|00000b20| 37 33 38 36 64 22 2c 22 48 61 69 72 70 69 6e 4d |7386d","HairpinM|
|00000b30| 6f 64 65 22 3a 66 61 6c 73 65 2c 22 4c 69 6e 6b |ode":false,"Link|
|00000b40| 4c 6f 63 61 6c 49 50 76 36 41 64 64 72 65 73 73 |LocalIPv6Address|
|00000b50| 22 3a 22 22 2c 22 4c 69 6e 6b 4c 6f 63 61 6c 49 |":"","LinkLocalI|
|00000b60| 50 76 36 50 72 65 66 69 78 4c 65 6e 22 3a 30 2c |Pv6PrefixLen":0,|
|00000b70| 22 50 6f 72 74 73 22 3a 7b 22 32 35 36 37 32 2f |"Ports":{"25672/|
|00000b80| 74 63 70 22 3a 5b 7b 22 48 6f 73 74 49 70 22 3a |tcp":[{"HostIp":|
|00000b90| 22 30 2e 30 2e 30 2e 30 22 2c 22 48 6f 73 74 50 |"0.0.0.0","HostP|
|00000ba0| 6f 72 74 22 3a 22 33 32 39 36 36 22 7d 5d 2c 22 |ort":"32966"}],"|
|00000bb0| 34 33 36 39 2f 74 63 70 22 3a 5b 7b 22 48 6f 73 |4369/tcp":[{"Hos|
|00000bc0| 74 49 70 22 3a 22 30 2e 30 2e 30 2e 30 22 2c 22 |tIp":"0.0.0.0","|
|00000bd0| 48 6f 73 74 50 6f 72 74 22 3a 22 33 32 39 36 39 |HostPort":"32969|
|00000be0| 22 7d 5d 2c 22 35 36 37 31 2f 74 63 70 22 3a 5b |"}],"5671/tcp":[|
|00000bf0| 7b 22 48 6f 73 74 49 70 22 3a 22 30 2e 30 2e 30 |{"HostIp":"0.0.0|
|00000c00| 2e 30 22 2c 22 48 6f 73 74 50 6f 72 74 22 3a 22 |.0","HostPort":"|
|00000c10| 33 32 39 36 38 22 7d 5d 2c 22 35 36 37 32 2f 74 |32968"}],"5672/t|
|00000c20| 63 70 22 3a 5b 7b 22 48 6f 73 74 49 70 22 3a 22 |cp":[{"HostIp":"|
|00000c30| 30 2e 30 2e 30 2e 30 22 2c 22 48 6f 73 74 50 6f |0.0.0.0","HostPo|
|00000c40| 72 74 22 3a 22 33 32 39 36 37 22 7d 5d 7d 2c 22 |rt":"32967"}]},"|
|00000c50| 53 61 6e 64 62 6f 78 4b 65 79 22 3a 22 2f 76 61 |SandboxKey":"/va|
|00000c60| 72 2f 72 75 6e 2f 64 6f 63 6b 65 72 2f 6e 65 74 |r/run/docker/net|
|00000c70| 6e 73 2f 38 66 38 35 65 33 63 65 66 39 62 32 22 |ns/8f85e3cef9b2"|
|00000c80| 2c 22 53 65 63 6f 6e 64 61 72 79 49 50 41 64 64 |,"SecondaryIPAdd|
|00000c90| 72 65 73 73 65 73 22 3a 6e 75 6c 6c 2c 22 53 65 |resses":null,"Se|
|00000ca0| 63 6f 6e 64 61 72 79 49 50 76 36 41 64 64 72 65 |condaryIPv6Addre|
|00000cb0| 73 73 65 73 22 3a 6e 75 6c 6c 2c 22 45 6e 64 70 |sses":null,"Endp|
|00000cc0| 6f 69 6e 74 49 44 22 3a 22 61 38 30 65 33 33 34 |ointID":"a80e334|
|00000cd0| 39 64 38 64 61 66 31 37 64 35 32 30 31 33 64 64 |9d8daf17d52013dd|
|00000ce0| 37 64 30 63 62 66 32 31 34 31 64 30 35 30 32 64 |7d0cbf2141d0502d|
|00000cf0| 33 34 37 61 31 30 61 39 64 36 65 33 32 31 66 39 |347a10a9d6e321f9|
|00000d00| 64 38 62 32 37 61 32 65 34 22 2c 22 47 61 74 65 |d8b27a2e4","Gate|
|00000d10| 77 61 79 22 3a 22 31 37 32 2e 31 37 2e 30 2e 31 |way":"172.17.0.1|
|00000d20| 22 2c 22 47 6c 6f 62 61 6c 49 50 76 36 41 64 64 |","GlobalIPv6Add|
|00000d30| 72 65 73 73 22 3a 22 22 2c 22 47 6c 6f 62 61 6c |ress":"","Global|
|00000d40| 49 50 76 36 50 72 65 66 69 78 4c 65 6e 22 3a 30 |IPv6PrefixLen":0|
|00000d50| 2c 22 49 50 41 64 64 72 65 73 73 22 3a 22 31 37 |,"IPAddress":"17|
|00000d60| 32 2e 31 37 2e 30 2e 33 22 2c 22 49 50 50 72 65 |2.17.0.3","IPPre|
|00000d70| 66 69 78 4c 65 6e 22 3a 31 36 2c 22 49 50 76 36 |fixLen":16,"IPv6|
|00000d80| 47 61 74 65 77 61 79 22 3a 22 22 2c 22 4d 61 63 |Gateway":"","Mac|
|00000d90| 41 64 64 72 65 73 73 22 3a 22 30 32 3a 34 32 3a |Address":"02:42:|
|00000da0| 61 63 3a 31 31 3a 30 30 3a 30 33 22 2c 22 4e 65 |ac:11:00:03","Ne|
|00000db0| 74 77 6f 72 6b 73 22 3a 7b 22 62 72 69 64 67 65 |tworks":{"bridge|
|00000dc0| 22 3a 7b 22 49 50 41 4d 43 6f 6e 66 69 67 22 3a |":{"IPAMConfig":|
|00000dd0| 6e 75 6c 6c 2c 22 4c 69 6e 6b 73 22 3a 6e 75 6c |null,"Links":nul|
|00000de0| 6c 2c 22 41 6c 69 61 73 65 73 22 3a 6e 75 6c 6c |l,"Aliases":null|
|00000df0| 2c 22 4e 65 74 77 6f 72 6b 49 44 22 3a 22 39 66 |,"NetworkID":"9f|
|00000e00| 65 38 62 39 32 64 61 66 63 30 35 34 34 36 33 33 |e8b92dafc0544633|
|00000e10| 37 39 64 39 34 35 38 61 64 65 37 37 64 35 31 61 |79d9458ade77d51a|
|00000e20| 34 61 62 39 30 61 64 31 33 65 35 34 61 65 32 31 |4ab90ad13e54ae21|
|00000e30| 61 31 38 64 36 35 66 66 32 63 30 37 63 61 22 2c |a18d65ff2c07ca",|
|00000e40| 22 45 6e 64 70 6f 69 6e 74 49 44 22 3a 22 61 38 |"EndpointID":"a8|
|00000e50| 30 65 33 33 34 39 64 38 64 61 66 31 37 64 35 32 |0e3349d8daf17d52|
|00000e60| 30 31 33 64 64 37 64 30 63 62 66 32 31 34 31 64 |013dd7d0cbf2141d|
|00000e70| 30 35 30 32 64 33 34 37 61 31 30 61 39 64 36 65 |0502d347a10a9d6e|
|00000e80| 33 32 31 66 39 64 38 62 32 37 61 32 65 34 22 2c |321f9d8b27a2e4",|
|00000e90| 22 47 61 74 65 77 61 79 22 3a 22 31 37 32 2e 31 |"Gateway":"172.1|
|00000ea0| 37 2e 30 2e 31 22 2c 22 49 50 41 64 64 72 65 73 |7.0.1","IPAddres|
|00000eb0| 73 22 3a 22 31 37 32 2e 31 37 2e 30 2e 33 22 2c |s":"172.17.0.3",|
|00000ec0| 22 49 50 50 72 65 66 69 78 4c 65 6e 22 3a 31 36 |"IPPrefixLen":16|
|00000ed0| 2c 22 49 50 76 36 47 61 74 65 77 61 79 22 3a 22 |,"IPv6Gateway":"|
|00000ee0| 22 2c 22 47 6c 6f 62 61 6c 49 50 76 36 41 64 64 |","GlobalIPv6Add|
|00000ef0| 72 65 73 73 22 3a 22 22 2c 22 47 6c 6f 62 61 6c |ress":"","Global|
|00000f00| 49 50 76 36 50 72 65 66 69 78 4c 65 6e 22 3a 30 |IPv6PrefixLen":0|
|00000f10| 2c 22 4d 61 63 41 64 64 72 65 73 73 22 3a 22 30 |,"MacAddress":"0|
|00000f20| 32 3a 34 32 3a 61 63 3a 31 31 3a 30 30 3a 30 33 |2:42:ac:11:00:03|
|00000f30| 22 2c 22 44 72 69 76 65 72 4f 70 74 73 22 3a 6e |","DriverOpts":n|
|00000f40| 75 6c 6c 7d 7d 7d 7d 0a 0d 0a 30 0d 0a 0d 0a    |ull}}}}...0.... |
+--------+-------------------------------------------------+----------------+
2017-11-27 22:09:11.553 DEBUG   --- [java-netty-1-10] c.g.d.netty.NettyDockerCmdExecFactory$1  : [id: 0x917cc573, L:null - R:/var/run/docker.sock] READ: DefaultHttpContent(data: PooledSlicedByteBuf(ridx: 0, widx: 3912, cap: 3912/3912, unwrapped: PooledUnsafeDirectByteBuf(ridx: 3914, widx: 3919, cap: 16384)), decoderResult: success), 3912B
         +-------------------------------------------------+
         |  0  1  2  3  4  5  6  7  8  9  a  b  c  d  e  f |
+--------+-------------------------------------------------+----------------+
|00000000| 35 33 66 31 62 66 63 34 30 65 32 33 65 31 36 61 |53f1bfc40e23e16a|
|00000010| 64 61 35 63 63 2f 68 6f 73 74 73 22 2c 22 4c 6f |da5cc/hosts","Lo|
|00000020| 67 50 61 74 68 22 3a 22 2f 76 61 72 2f 6c 69 62 |gPath":"/var/lib|
|00000030| 2f 64 6f 63 6b 65 72 2f 63 6f 6e 74 61 69 6e 65 |/docker/containe|
|00000040| 72 73 2f 37 36 30 61 31 31 63 64 61 30 32 65 39 |rs/760a11cda02e9|
|00000050| 31 30 66 30 30 37 31 31 62 35 61 31 33 62 64 61 |10f00711b5a13bda|
|00000060| 39 62 31 61 39 31 38 65 31 38 65 62 34 31 35 33 |9b1a918e18eb4153|
|00000070| 66 31 62 66 63 34 30 65 32 33 65 31 36 61 64 61 |f1bfc40e23e16ada|
|00000080| 35 63 63 2f 37 36 30 61 31 31 63 64 61 30 32 65 |5cc/760a11cda02e|
|00000090| 39 31 30 66 30 30 37 31 31 62 35 61 31 33 62 64 |910f00711b5a13bd|
|000000a0| 61 39 62 31 61 39 31 38 65 31 38 65 62 34 31 35 |a9b1a918e18eb415|
|000000b0| 33 66 31 62 66 63 34 30 65 32 33 65 31 36 61 64 |3f1bfc40e23e16ad|
|000000c0| 61 35 63 63 2d 6a 73 6f 6e 2e 6c 6f 67 22 2c 22 |a5cc-json.log","|
|000000d0| 4e 61 6d 65 22 3a 22 2f 64 69 73 74 72 61 63 74 |Name":"/distract|
|000000e0| 65 64 5f 62 65 6e 7a 22 2c 22 52 65 73 74 61 72 |ed_benz","Restar|
|000000f0| 74 43 6f 75 6e 74 22 3a 30 2c 22 44 72 69 76 65 |tCount":0,"Drive|
|00000100| 72 22 3a 22 61 75 66 73 22 2c 22 50 6c 61 74 66 |r":"aufs","Platf|
|00000110| 6f 72 6d 22 3a 22 6c 69 6e 75 78 22 2c 22 4d 6f |orm":"linux","Mo|
|00000120| 75 6e 74 4c 61 62 65 6c 22 3a 22 22 2c 22 50 72 |untLabel":"","Pr|
|00000130| 6f 63 65 73 73 4c 61 62 65 6c 22 3a 22 22 2c 22 |ocessLabel":"","|
|00000140| 41 70 70 41 72 6d 6f 72 50 72 6f 66 69 6c 65 22 |AppArmorProfile"|
|00000150| 3a 22 22 2c 22 45 78 65 63 49 44 73 22 3a 6e 75 |:"","ExecIDs":nu|
|00000160| 6c 6c 2c 22 48 6f 73 74 43 6f 6e 66 69 67 22 3a |ll,"HostConfig":|
|00000170| 7b 22 42 69 6e 64 73 22 3a 5b 5d 2c 22 43 6f 6e |{"Binds":[],"Con|
|00000180| 74 61 69 6e 65 72 49 44 46 69 6c 65 22 3a 22 22 |tainerIDFile":""|
|00000190| 2c 22 4c 6f 67 43 6f 6e 66 69 67 22 3a 7b 22 54 |,"LogConfig":{"T|
|000001a0| 79 70 65 22 3a 22 6a 73 6f 6e 2d 66 69 6c 65 22 |ype":"json-file"|
|000001b0| 2c 22 43 6f 6e 66 69 67 22 3a 7b 7d 7d 2c 22 4e |,"Config":{}},"N|
|000001c0| 65 74 77 6f 72 6b 4d 6f 64 65 22 3a 22 64 65 66 |etworkMode":"def|
|000001d0| 61 75 6c 74 22 2c 22 50 6f 72 74 42 69 6e 64 69 |ault","PortBindi|
|000001e0| 6e 67 73 22 3a 7b 7d 2c 22 52 65 73 74 61 72 74 |ngs":{},"Restart|
|000001f0| 50 6f 6c 69 63 79 22 3a 7b 22 4e 61 6d 65 22 3a |Policy":{"Name":|
|00000200| 22 22 2c 22 4d 61 78 69 6d 75 6d 52 65 74 72 79 |"","MaximumRetry|
|00000210| 43 6f 75 6e 74 22 3a 30 7d 2c 22 41 75 74 6f 52 |Count":0},"AutoR|
|00000220| 65 6d 6f 76 65 22 3a 66 61 6c 73 65 2c 22 56 6f |emove":false,"Vo|
|00000230| 6c 75 6d 65 44 72 69 76 65 72 22 3a 22 22 2c 22 |lumeDriver":"","|
|00000240| 56 6f 6c 75 6d 65 73 46 72 6f 6d 22 3a 5b 5d 2c |VolumesFrom":[],|
|00000250| 22 43 61 70 41 64 64 22 3a 6e 75 6c 6c 2c 22 43 |"CapAdd":null,"C|
|00000260| 61 70 44 72 6f 70 22 3a 6e 75 6c 6c 2c 22 44 6e |apDrop":null,"Dn|
|00000270| 73 22 3a 6e 75 6c 6c 2c 22 44 6e 73 4f 70 74 69 |s":null,"DnsOpti|
|00000280| 6f 6e 73 22 3a 6e 75 6c 6c 2c 22 44 6e 73 53 65 |ons":null,"DnsSe|
|00000290| 61 72 63 68 22 3a 6e 75 6c 6c 2c 22 45 78 74 72 |arch":null,"Extr|
|000002a0| 61 48 6f 73 74 73 22 3a 5b 5d 2c 22 47 72 6f 75 |aHosts":[],"Grou|
|000002b0| 70 41 64 64 22 3a 6e 75 6c 6c 2c 22 49 70 63 4d |pAdd":null,"IpcM|
|000002c0| 6f 64 65 22 3a 22 73 68 61 72 65 61 62 6c 65 22 |ode":"shareable"|
|000002d0| 2c 22 43 67 72 6f 75 70 22 3a 22 22 2c 22 4c 69 |,"Cgroup":"","Li|
|000002e0| 6e 6b 73 22 3a 6e 75 6c 6c 2c 22 4f 6f 6d 53 63 |nks":null,"OomSc|
|000002f0| 6f 72 65 41 64 6a 22 3a 30 2c 22 50 69 64 4d 6f |oreAdj":0,"PidMo|
|00000300| 64 65 22 3a 22 22 2c 22 50 72 69 76 69 6c 65 67 |de":"","Privileg|
|00000310| 65 64 22 3a 66 61 6c 73 65 2c 22 50 75 62 6c 69 |ed":false,"Publi|
|00000320| 73 68 41 6c 6c 50 6f 72 74 73 22 3a 74 72 75 65 |shAllPorts":true|
|00000330| 2c 22 52 65 61 64 6f 6e 6c 79 52 6f 6f 74 66 73 |,"ReadonlyRootfs|
|00000340| 22 3a 66 61 6c 73 65 2c 22 53 65 63 75 72 69 74 |":false,"Securit|
|00000350| 79 4f 70 74 22 3a 6e 75 6c 6c 2c 22 55 54 53 4d |yOpt":null,"UTSM|
|00000360| 6f 64 65 22 3a 22 22 2c 22 55 73 65 72 6e 73 4d |ode":"","UsernsM|
|00000370| 6f 64 65 22 3a 22 22 2c 22 53 68 6d 53 69 7a 65 |ode":"","ShmSize|
|00000380| 22 3a 36 37 31 30 38 38 36 34 2c 22 52 75 6e 74 |":67108864,"Runt|
|00000390| 69 6d 65 22 3a 22 72 75 6e 63 22 2c 22 43 6f 6e |ime":"runc","Con|
|000003a0| 73 6f 6c 65 53 69 7a 65 22 3a 5b 30 2c 30 5d 2c |soleSize":[0,0],|
|000003b0| 22 49 73 6f 6c 61 74 69 6f 6e 22 3a 22 22 2c 22 |"Isolation":"","|
|000003c0| 43 70 75 53 68 61 72 65 73 22 3a 30 2c 22 4d 65 |CpuShares":0,"Me|
|000003d0| 6d 6f 72 79 22 3a 30 2c 22 4e 61 6e 6f 43 70 75 |mory":0,"NanoCpu|
|000003e0| 73 22 3a 30 2c 22 43 67 72 6f 75 70 50 61 72 65 |s":0,"CgroupPare|
|000003f0| 6e 74 22 3a 22 22 2c 22 42 6c 6b 69 6f 57 65 69 |nt":"","BlkioWei|
|00000400| 67 68 74 22 3a 30 2c 22 42 6c 6b 69 6f 57 65 69 |ght":0,"BlkioWei|
|00000410| 67 68 74 44 65 76 69 63 65 22 3a 6e 75 6c 6c 2c |ghtDevice":null,|
|00000420| 22 42 6c 6b 69 6f 44 65 76 69 63 65 52 65 61 64 |"BlkioDeviceRead|
|00000430| 42 70 73 22 3a 6e 75 6c 6c 2c 22 42 6c 6b 69 6f |Bps":null,"Blkio|
|00000440| 44 65 76 69 63 65 57 72 69 74 65 42 70 73 22 3a |DeviceWriteBps":|
|00000450| 6e 75 6c 6c 2c 22 42 6c 6b 69 6f 44 65 76 69 63 |null,"BlkioDevic|
|00000460| 65 52 65 61 64 49 4f 70 73 22 3a 6e 75 6c 6c 2c |eReadIOps":null,|
|00000470| 22 42 6c 6b 69 6f 44 65 76 69 63 65 57 72 69 74 |"BlkioDeviceWrit|
|00000480| 65 49 4f 70 73 22 3a 6e 75 6c 6c 2c 22 43 70 75 |eIOps":null,"Cpu|
|00000490| 50 65 72 69 6f 64 22 3a 30 2c 22 43 70 75 51 75 |Period":0,"CpuQu|
|000004a0| 6f 74 61 22 3a 30 2c 22 43 70 75 52 65 61 6c 74 |ota":0,"CpuRealt|
|000004b0| 69 6d 65 50 65 72 69 6f 64 22 3a 30 2c 22 43 70 |imePeriod":0,"Cp|
|000004c0| 75 52 65 61 6c 74 69 6d 65 52 75 6e 74 69 6d 65 |uRealtimeRuntime|
|000004d0| 22 3a 30 2c 22 43 70 75 73 65 74 43 70 75 73 22 |":0,"CpusetCpus"|
|000004e0| 3a 22 22 2c 22 43 70 75 73 65 74 4d 65 6d 73 22 |:"","CpusetMems"|
|000004f0| 3a 22 22 2c 22 44 65 76 69 63 65 73 22 3a 6e 75 |:"","Devices":nu|
|00000500| 6c 6c 2c 22 44 65 76 69 63 65 43 67 72 6f 75 70 |ll,"DeviceCgroup|
|00000510| 52 75 6c 65 73 22 3a 6e 75 6c 6c 2c 22 44 69 73 |Rules":null,"Dis|
|00000520| 6b 51 75 6f 74 61 22 3a 30 2c 22 4b 65 72 6e 65 |kQuota":0,"Kerne|
|00000530| 6c 4d 65 6d 6f 72 79 22 3a 30 2c 22 4d 65 6d 6f |lMemory":0,"Memo|
|00000540| 72 79 52 65 73 65 72 76 61 74 69 6f 6e 22 3a 30 |ryReservation":0|
|00000550| 2c 22 4d 65 6d 6f 72 79 53 77 61 70 22 3a 30 2c |,"MemorySwap":0,|
|00000560| 22 4d 65 6d 6f 72 79 53 77 61 70 70 69 6e 65 73 |"MemorySwappines|
|00000570| 73 22 3a 6e 75 6c 6c 2c 22 4f 6f 6d 4b 69 6c 6c |s":null,"OomKill|
|00000580| 44 69 73 61 62 6c 65 22 3a 66 61 6c 73 65 2c 22 |Disable":false,"|
|00000590| 50 69 64 73 4c 69 6d 69 74 22 3a 30 2c 22 55 6c |PidsLimit":0,"Ul|
|000005a0| 69 6d 69 74 73 22 3a 6e 75 6c 6c 2c 22 43 70 75 |imits":null,"Cpu|
|000005b0| 43 6f 75 6e 74 22 3a 30 2c 22 43 70 75 50 65 72 |Count":0,"CpuPer|
|000005c0| 63 65 6e 74 22 3a 30 2c 22 49 4f 4d 61 78 69 6d |cent":0,"IOMaxim|
|000005d0| 75 6d 49 4f 70 73 22 3a 30 2c 22 49 4f 4d 61 78 |umIOps":0,"IOMax|
|000005e0| 69 6d 75 6d 42 61 6e 64 77 69 64 74 68 22 3a 30 |imumBandwidth":0|
|000005f0| 7d 2c 22 47 72 61 70 68 44 72 69 76 65 72 22 3a |},"GraphDriver":|
|00000600| 7b 22 44 61 74 61 22 3a 6e 75 6c 6c 2c 22 4e 61 |{"Data":null,"Na|
|00000610| 6d 65 22 3a 22 61 75 66 73 22 7d 2c 22 4d 6f 75 |me":"aufs"},"Mou|
|00000620| 6e 74 73 22 3a 5b 7b 22 54 79 70 65 22 3a 22 76 |nts":[{"Type":"v|
|00000630| 6f 6c 75 6d 65 22 2c 22 4e 61 6d 65 22 3a 22 65 |olume","Name":"e|
|00000640| 64 33 30 66 34 65 64 39 63 37 31 31 66 32 32 63 |d30f4ed9c711f22c|
|00000650| 62 63 66 30 31 39 66 31 33 36 39 62 61 36 63 33 |bcf019f1369ba6c3|
|00000660| 63 64 35 62 66 36 30 61 35 66 64 31 34 30 39 65 |cd5bf60a5fd1409e|
|00000670| 30 61 39 61 62 61 61 38 34 30 61 63 33 63 32 22 |0a9abaa840ac3c2"|
|00000680| 2c 22 53 6f 75 72 63 65 22 3a 22 2f 76 61 72 2f |,"Source":"/var/|
|00000690| 6c 69 62 2f 64 6f 63 6b 65 72 2f 76 6f 6c 75 6d |lib/docker/volum|
|000006a0| 65 73 2f 65 64 33 30 66 34 65 64 39 63 37 31 31 |es/ed30f4ed9c711|
|000006b0| 66 32 32 63 62 63 66 30 31 39 66 31 33 36 39 62 |f22cbcf019f1369b|
|000006c0| 61 36 63 33 63 64 35 62 66 36 30 61 35 66 64 31 |a6c3cd5bf60a5fd1|
|000006d0| 34 30 39 65 30 61 39 61 62 61 61 38 34 30 61 63 |409e0a9abaa840ac|
|000006e0| 33 63 32 2f 5f 64 61 74 61 22 2c 22 44 65 73 74 |3c2/_data","Dest|
|000006f0| 69 6e 61 74 69 6f 6e 22 3a 22 2f 76 61 72 2f 6c |ination":"/var/l|
|00000700| 69 62 2f 72 61 62 62 69 74 6d 71 22 2c 22 44 72 |ib/rabbitmq","Dr|
|00000710| 69 76 65 72 22 3a 22 6c 6f 63 61 6c 22 2c 22 4d |iver":"local","M|
|00000720| 6f 64 65 22 3a 22 22 2c 22 52 57 22 3a 74 72 75 |ode":"","RW":tru|
|00000730| 65 2c 22 50 72 6f 70 61 67 61 74 69 6f 6e 22 3a |e,"Propagation":|
|00000740| 22 22 7d 5d 2c 22 43 6f 6e 66 69 67 22 3a 7b 22 |""}],"Config":{"|
|00000750| 48 6f 73 74 6e 61 6d 65 22 3a 22 37 36 30 61 31 |Hostname":"760a1|
|00000760| 31 63 64 61 30 32 65 22 2c 22 44 6f 6d 61 69 6e |1cda02e","Domain|
|00000770| 6e 61 6d 65 22 3a 22 22 2c 22 55 73 65 72 22 3a |name":"","User":|
|00000780| 22 22 2c 22 41 74 74 61 63 68 53 74 64 69 6e 22 |"","AttachStdin"|
|00000790| 3a 66 61 6c 73 65 2c 22 41 74 74 61 63 68 53 74 |:false,"AttachSt|
|000007a0| 64 6f 75 74 22 3a 66 61 6c 73 65 2c 22 41 74 74 |dout":false,"Att|
|000007b0| 61 63 68 53 74 64 65 72 72 22 3a 66 61 6c 73 65 |achStderr":false|
|000007c0| 2c 22 45 78 70 6f 73 65 64 50 6f 72 74 73 22 3a |,"ExposedPorts":|
|000007d0| 7b 22 32 35 36 37 32 2f 74 63 70 22 3a 7b 7d 2c |{"25672/tcp":{},|
|000007e0| 22 34 33 36 39 2f 74 63 70 22 3a 7b 7d 2c 22 35 |"4369/tcp":{},"5|
|000007f0| 36 37 31 2f 74 63 70 22 3a 7b 7d 2c 22 35 36 37 |671/tcp":{},"567|
|00000800| 32 2f 74 63 70 22 3a 7b 7d 7d 2c 22 54 74 79 22 |2/tcp":{}},"Tty"|
|00000810| 3a 66 61 6c 73 65 2c 22 4f 70 65 6e 53 74 64 69 |:false,"OpenStdi|
|00000820| 6e 22 3a 66 61 6c 73 65 2c 22 53 74 64 69 6e 4f |n":false,"StdinO|
|00000830| 6e 63 65 22 3a 66 61 6c 73 65 2c 22 45 6e 76 22 |nce":false,"Env"|
|00000840| 3a 5b 22 52 41 42 42 49 54 4d 51 5f 55 53 45 52 |:["RABBITMQ_USER|
|00000850| 3d 67 75 65 73 74 22 2c 22 52 41 42 42 49 54 4d |=guest","RABBITM|
|00000860| 51 5f 50 41 53 53 57 4f 52 44 3d 67 75 65 73 74 |Q_PASSWORD=guest|
|00000870| 22 2c 22 6e 6f 5f 70 72 6f 78 79 3d 2a 2e 6c 6f |","no_proxy=*.lo|
|00000880| 63 61 6c 2c 20 31 36 39 2e 32 35 34 2f 31 36 22 |cal, 169.254/16"|
|00000890| 2c 22 50 41 54 48 3d 2f 75 73 72 2f 6c 69 62 2f |,"PATH=/usr/lib/|
|000008a0| 72 61 62 62 69 74 6d 71 2f 62 69 6e 3a 2f 75 73 |rabbitmq/bin:/us|
|000008b0| 72 2f 6c 6f 63 61 6c 2f 73 62 69 6e 3a 2f 75 73 |r/local/sbin:/us|
|000008c0| 72 2f 6c 6f 63 61 6c 2f 62 69 6e 3a 2f 75 73 72 |r/local/bin:/usr|
|000008d0| 2f 73 62 69 6e 3a 2f 75 73 72 2f 62 69 6e 3a 2f |/sbin:/usr/bin:/|
|000008e0| 73 62 69 6e 3a 2f 62 69 6e 22 2c 22 47 4f 53 55 |sbin:/bin","GOSU|
|000008f0| 5f 56 45 52 53 49 4f 4e 3d 31 2e 31 30 22 2c 22 |_VERSION=1.10","|
|00000900| 52 41 42 42 49 54 4d 51 5f 4c 4f 47 53 3d 2d 22 |RABBITMQ_LOGS=-"|
|00000910| 2c 22 52 41 42 42 49 54 4d 51 5f 53 41 53 4c 5f |,"RABBITMQ_SASL_|
|00000920| 4c 4f 47 53 3d 2d 22 2c 22 52 41 42 42 49 54 4d |LOGS=-","RABBITM|
|00000930| 51 5f 47 50 47 5f 4b 45 59 3d 30 41 39 41 46 32 |Q_GPG_KEY=0A9AF2|
|00000940| 31 31 35 46 34 36 38 37 42 44 32 39 38 30 33 41 |115F4687BD29803A|
|00000950| 32 30 36 42 37 33 41 33 36 45 36 30 32 36 44 46 |206B73A36E6026DF|
|00000960| 43 41 22 2c 22 52 41 42 42 49 54 4d 51 5f 56 45 |CA","RABBITMQ_VE|
|00000970| 52 53 49 4f 4e 3d 33 2e 36 2e 31 34 22 2c 22 52 |RSION=3.6.14","R|
|00000980| 41 42 42 49 54 4d 51 5f 47 49 54 48 55 42 5f 54 |ABBITMQ_GITHUB_T|
|00000990| 41 47 3d 72 61 62 62 69 74 6d 71 5f 76 33 5f 36 |AG=rabbitmq_v3_6|
|000009a0| 5f 31 34 22 2c 22 52 41 42 42 49 54 4d 51 5f 44 |_14","RABBITMQ_D|
|000009b0| 45 42 49 41 4e 5f 56 45 52 53 49 4f 4e 3d 33 2e |EBIAN_VERSION=3.|
|000009c0| 36 2e 31 34 2d 31 22 2c 22 48 4f 4d 45 3d 2f 76 |6.14-1","HOME=/v|
|000009d0| 61 72 2f 6c 69 62 2f 72 61 62 62 69 74 6d 71 22 |ar/lib/rabbitmq"|
|000009e0| 5d 2c 22 43 6d 64 22 3a 5b 22 72 61 62 62 69 74 |],"Cmd":["rabbit|
|000009f0| 6d 71 2d 73 65 72 76 65 72 22 5d 2c 22 41 72 67 |mq-server"],"Arg|
|00000a00| 73 45 73 63 61 70 65 64 22 3a 74 72 75 65 2c 22 |sEscaped":true,"|
|00000a10| 49 6d 61 67 65 22 3a 22 72 61 62 62 69 74 6d 71 |Image":"rabbitmq|
|00000a20| 3a 33 2e 36 2e 31 34 22 2c 22 56 6f 6c 75 6d 65 |:3.6.14","Volume|
|00000a30| 73 22 3a 7b 22 2f 76 61 72 2f 6c 69 62 2f 72 61 |s":{"/var/lib/ra|
|00000a40| 62 62 69 74 6d 71 22 3a 7b 7d 7d 2c 22 57 6f 72 |bbitmq":{}},"Wor|
|00000a50| 6b 69 6e 67 44 69 72 22 3a 22 22 2c 22 45 6e 74 |kingDir":"","Ent|
|00000a60| 72 79 70 6f 69 6e 74 22 3a 5b 22 64 6f 63 6b 65 |rypoint":["docke|
|00000a70| 72 2d 65 6e 74 72 79 70 6f 69 6e 74 2e 73 68 22 |r-entrypoint.sh"|
|00000a80| 5d 2c 22 4f 6e 42 75 69 6c 64 22 3a 6e 75 6c 6c |],"OnBuild":null|
|00000a90| 2c 22 4c 61 62 65 6c 73 22 3a 7b 22 6f 72 67 2e |,"Labels":{"org.|
|00000aa0| 74 65 73 74 63 6f 6e 74 61 69 6e 65 72 73 22 3a |testcontainers":|
|00000ab0| 22 74 72 75 65 22 7d 7d 2c 22 4e 65 74 77 6f 72 |"true"}},"Networ|
|00000ac0| 6b 53 65 74 74 69 6e 67 73 22 3a 7b 22 42 72 69 |kSettings":{"Bri|
|00000ad0| 64 67 65 22 3a 22 22 2c 22 53 61 6e 64 62 6f 78 |dge":"","Sandbox|
|00000ae0| 49 44 22 3a 22 38 66 38 35 65 33 63 65 66 39 62 |ID":"8f85e3cef9b|
|00000af0| 32 66 39 39 31 63 39 36 30 30 35 61 32 38 64 36 |2f991c96005a28d6|
|00000b00| 65 63 35 32 64 63 34 35 33 33 33 64 63 65 37 38 |ec52dc45333dce78|
|00000b10| 38 37 36 64 30 39 37 65 63 31 32 38 66 39 39 36 |876d097ec128f996|
|00000b20| 37 33 38 36 64 22 2c 22 48 61 69 72 70 69 6e 4d |7386d","HairpinM|
|00000b30| 6f 64 65 22 3a 66 61 6c 73 65 2c 22 4c 69 6e 6b |ode":false,"Link|
|00000b40| 4c 6f 63 61 6c 49 50 76 36 41 64 64 72 65 73 73 |LocalIPv6Address|
|00000b50| 22 3a 22 22 2c 22 4c 69 6e 6b 4c 6f 63 61 6c 49 |":"","LinkLocalI|
|00000b60| 50 76 36 50 72 65 66 69 78 4c 65 6e 22 3a 30 2c |Pv6PrefixLen":0,|
|00000b70| 22 50 6f 72 74 73 22 3a 7b 22 32 35 36 37 32 2f |"Ports":{"25672/|
|00000b80| 74 63 70 22 3a 5b 7b 22 48 6f 73 74 49 70 22 3a |tcp":[{"HostIp":|
|00000b90| 22 30 2e 30 2e 30 2e 30 22 2c 22 48 6f 73 74 50 |"0.0.0.0","HostP|
|00000ba0| 6f 72 74 22 3a 22 33 32 39 36 36 22 7d 5d 2c 22 |ort":"32966"}],"|
|00000bb0| 34 33 36 39 2f 74 63 70 22 3a 5b 7b 22 48 6f 73 |4369/tcp":[{"Hos|
|00000bc0| 74 49 70 22 3a 22 30 2e 30 2e 30 2e 30 22 2c 22 |tIp":"0.0.0.0","|
|00000bd0| 48 6f 73 74 50 6f 72 74 22 3a 22 33 32 39 36 39 |HostPort":"32969|
|00000be0| 22 7d 5d 2c 22 35 36 37 31 2f 74 63 70 22 3a 5b |"}],"5671/tcp":[|
|00000bf0| 7b 22 48 6f 73 74 49 70 22 3a 22 30 2e 30 2e 30 |{"HostIp":"0.0.0|
|00000c00| 2e 30 22 2c 22 48 6f 73 74 50 6f 72 74 22 3a 22 |.0","HostPort":"|
|00000c10| 33 32 39 36 38 22 7d 5d 2c 22 35 36 37 32 2f 74 |32968"}],"5672/t|
|00000c20| 63 70 22 3a 5b 7b 22 48 6f 73 74 49 70 22 3a 22 |cp":[{"HostIp":"|
|00000c30| 30 2e 30 2e 30 2e 30 22 2c 22 48 6f 73 74 50 6f |0.0.0.0","HostPo|
|00000c40| 72 74 22 3a 22 33 32 39 36 37 22 7d 5d 7d 2c 22 |rt":"32967"}]},"|
|00000c50| 53 61 6e 64 62 6f 78 4b 65 79 22 3a 22 2f 76 61 |SandboxKey":"/va|
|00000c60| 72 2f 72 75 6e 2f 64 6f 63 6b 65 72 2f 6e 65 74 |r/run/docker/net|
|00000c70| 6e 73 2f 38 66 38 35 65 33 63 65 66 39 62 32 22 |ns/8f85e3cef9b2"|
|00000c80| 2c 22 53 65 63 6f 6e 64 61 72 79 49 50 41 64 64 |,"SecondaryIPAdd|
|00000c90| 72 65 73 73 65 73 22 3a 6e 75 6c 6c 2c 22 53 65 |resses":null,"Se|
|00000ca0| 63 6f 6e 64 61 72 79 49 50 76 36 41 64 64 72 65 |condaryIPv6Addre|
|00000cb0| 73 73 65 73 22 3a 6e 75 6c 6c 2c 22 45 6e 64 70 |sses":null,"Endp|
|00000cc0| 6f 69 6e 74 49 44 22 3a 22 61 38 30 65 33 33 34 |ointID":"a80e334|
|00000cd0| 39 64 38 64 61 66 31 37 64 35 32 30 31 33 64 64 |9d8daf17d52013dd|
|00000ce0| 37 64 30 63 62 66 32 31 34 31 64 30 35 30 32 64 |7d0cbf2141d0502d|
|00000cf0| 33 34 37 61 31 30 61 39 64 36 65 33 32 31 66 39 |347a10a9d6e321f9|
|00000d00| 64 38 62 32 37 61 32 65 34 22 2c 22 47 61 74 65 |d8b27a2e4","Gate|
|00000d10| 77 61 79 22 3a 22 31 37 32 2e 31 37 2e 30 2e 31 |way":"172.17.0.1|
|00000d20| 22 2c 22 47 6c 6f 62 61 6c 49 50 76 36 41 64 64 |","GlobalIPv6Add|
|00000d30| 72 65 73 73 22 3a 22 22 2c 22 47 6c 6f 62 61 6c |ress":"","Global|
|00000d40| 49 50 76 36 50 72 65 66 69 78 4c 65 6e 22 3a 30 |IPv6PrefixLen":0|
|00000d50| 2c 22 49 50 41 64 64 72 65 73 73 22 3a 22 31 37 |,"IPAddress":"17|
|00000d60| 32 2e 31 37 2e 30 2e 33 22 2c 22 49 50 50 72 65 |2.17.0.3","IPPre|
|00000d70| 66 69 78 4c 65 6e 22 3a 31 36 2c 22 49 50 76 36 |fixLen":16,"IPv6|
|00000d80| 47 61 74 65 77 61 79 22 3a 22 22 2c 22 4d 61 63 |Gateway":"","Mac|
|00000d90| 41 64 64 72 65 73 73 22 3a 22 30 32 3a 34 32 3a |Address":"02:42:|
|00000da0| 61 63 3a 31 31 3a 30 30 3a 30 33 22 2c 22 4e 65 |ac:11:00:03","Ne|
|00000db0| 74 77 6f 72 6b 73 22 3a 7b 22 62 72 69 64 67 65 |tworks":{"bridge|
|00000dc0| 22 3a 7b 22 49 50 41 4d 43 6f 6e 66 69 67 22 3a |":{"IPAMConfig":|
|00000dd0| 6e 75 6c 6c 2c 22 4c 69 6e 6b 73 22 3a 6e 75 6c |null,"Links":nul|
|00000de0| 6c 2c 22 41 6c 69 61 73 65 73 22 3a 6e 75 6c 6c |l,"Aliases":null|
|00000df0| 2c 22 4e 65 74 77 6f 72 6b 49 44 22 3a 22 39 66 |,"NetworkID":"9f|
|00000e00| 65 38 62 39 32 64 61 66 63 30 35 34 34 36 33 33 |e8b92dafc0544633|
|00000e10| 37 39 64 39 34 35 38 61 64 65 37 37 64 35 31 61 |79d9458ade77d51a|
|00000e20| 34 61 62 39 30 61 64 31 33 65 35 34 61 65 32 31 |4ab90ad13e54ae21|
|00000e30| 61 31 38 64 36 35 66 66 32 63 30 37 63 61 22 2c |a18d65ff2c07ca",|
|00000e40| 22 45 6e 64 70 6f 69 6e 74 49 44 22 3a 22 61 38 |"EndpointID":"a8|
|00000e50| 30 65 33 33 34 39 64 38 64 61 66 31 37 64 35 32 |0e3349d8daf17d52|
|00000e60| 30 31 33 64 64 37 64 30 63 62 66 32 31 34 31 64 |013dd7d0cbf2141d|
|00000e70| 30 35 30 32 64 33 34 37 61 31 30 61 39 64 36 65 |0502d347a10a9d6e|
|00000e80| 33 32 31 66 39 64 38 62 32 37 61 32 65 34 22 2c |321f9d8b27a2e4",|
|00000e90| 22 47 61 74 65 77 61 79 22 3a 22 31 37 32 2e 31 |"Gateway":"172.1|
|00000ea0| 37 2e 30 2e 31 22 2c 22 49 50 41 64 64 72 65 73 |7.0.1","IPAddres|
|00000eb0| 73 22 3a 22 31 37 32 2e 31 37 2e 30 2e 33 22 2c |s":"172.17.0.3",|
|00000ec0| 22 49 50 50 72 65 66 69 78 4c 65 6e 22 3a 31 36 |"IPPrefixLen":16|
|00000ed0| 2c 22 49 50 76 36 47 61 74 65 77 61 79 22 3a 22 |,"IPv6Gateway":"|
|00000ee0| 22 2c 22 47 6c 6f 62 61 6c 49 50 76 36 41 64 64 |","GlobalIPv6Add|
|00000ef0| 72 65 73 73 22 3a 22 22 2c 22 47 6c 6f 62 61 6c |ress":"","Global|
|00000f00| 49 50 76 36 50 72 65 66 69 78 4c 65 6e 22 3a 30 |IPv6PrefixLen":0|
|00000f10| 2c 22 4d 61 63 41 64 64 72 65 73 73 22 3a 22 30 |,"MacAddress":"0|
|00000f20| 32 3a 34 32 3a 61 63 3a 31 31 3a 30 30 3a 30 33 |2:42:ac:11:00:03|
|00000f30| 22 2c 22 44 72 69 76 65 72 4f 70 74 73 22 3a 6e |","DriverOpts":n|
|00000f40| 75 6c 6c 7d 7d 7d 7d 0a                         |ull}}}}.        |
+--------+-------------------------------------------------+----------------+
2017-11-27 22:09:11.555 DEBUG   --- [java-netty-1-10] c.g.d.netty.NettyDockerCmdExecFactory$1  : [id: 0x917cc573, L:null - R:/var/run/docker.sock] READ, EmptyLastHttpContent, 0B
2017-11-27 22:09:11.555 DEBUG   --- [java-netty-1-10] c.g.d.netty.NettyDockerCmdExecFactory$1  : [id: 0x917cc573, L:null - R:/var/run/docker.sock] CLOSE
2017-11-27 22:09:11.555 DEBUG   --- [java-netty-1-10] xecFactory$UnixDomainSocketInitializer$3 : [id: 0x917cc573, L:null - R:/var/run/docker.sock] CLOSE
2017-11-27 22:09:11.555 DEBUG   --- [java-netty-1-10] xecFactory$UnixDomainSocketInitializer$3 : [id: 0x917cc573, L:null ! R:/var/run/docker.sock] READ COMPLETE
2017-11-27 22:09:11.556 DEBUG   --- [java-netty-1-10] c.g.d.netty.NettyDockerCmdExecFactory$1  : [id: 0x917cc573, L:null ! R:/var/run/docker.sock] READ COMPLETE
2017-11-27 22:09:11.556 DEBUG   --- [pool-1-thread-1] c.g.d.core.command.AbstrDockerCmd        : Cmd: 760a11cda02e910f00711b5a13bda9b1a918e18eb4153f1bfc40e23e16ada5cc,<null>,true,true,<null>,<null>,{/bin/bash,-c,</dev/tcp/localhost/4369 && echo TESTCONTAINERS_SUCCESS},com.github.dockerjava.netty.exec.ExecCreateCmdExec@7c9708b9
2017-11-27 22:09:11.556 DEBUG   --- [java-netty-1-10] xecFactory$UnixDomainSocketInitializer$3 : [id: 0x917cc573, L:null ! R:/var/run/docker.sock] INACTIVE
2017-11-27 22:09:11.556 DEBUG   --- [java-netty-1-10] c.g.d.netty.NettyDockerCmdExecFactory$1  : [id: 0x917cc573, L:null ! R:/var/run/docker.sock] INACTIVE
2017-11-27 22:09:11.556 DEBUG   --- [java-netty-1-10] xecFactory$UnixDomainSocketInitializer$3 : [id: 0x917cc573, L:null ! R:/var/run/docker.sock] UNREGISTERED
2017-11-27 22:09:11.556 DEBUG   --- [java-netty-1-10] c.g.d.netty.NettyDockerCmdExecFactory$1  : [id: 0x917cc573, L:null ! R:/var/run/docker.sock] UNREGISTERED
2017-11-27 22:09:11.556 DEBUG   --- [java-netty-1-11] xecFactory$UnixDomainSocketInitializer$3 : [id: 0x61cb94e4] REGISTERED
2017-11-27 22:09:11.556 DEBUG   --- [java-netty-1-11] xecFactory$UnixDomainSocketInitializer$3 : [id: 0x61cb94e4] CONNECT: /var/run/docker.sock
2017-11-27 22:09:11.556 DEBUG   --- [java-netty-1-11] xecFactory$UnixDomainSocketInitializer$3 : [id: 0x61cb94e4, L:null - R:/var/run/docker.sock] ACTIVE
2017-11-27 22:09:11.558 DEBUG   --- [java-netty-1-11] c.g.d.netty.NettyDockerCmdExecFactory$1  : [id: 0x61cb94e4, L:null - R:/var/run/docker.sock] WRITE: DefaultFullHttpRequest(decodeResult: success, version: HTTP/1.1, content: UnpooledByteBufAllocator$InstrumentedUnpooledUnsafeHeapByteBuf(ridx: 0, widx: 205, cap: 256))
POST /containers/760a11cda02e910f00711b5a13bda9b1a918e18eb4153f1bfc40e23e16ada5cc/exec HTTP/1.1
content-type: application/json
content-length: 205
host:
connection: keep-alive
accept-encoding: gzip
accept: application/json, 205B
         +-------------------------------------------------+
         |  0  1  2  3  4  5  6  7  8  9  a  b  c  d  e  f |
+--------+-------------------------------------------------+----------------+
|00000000| 7b 22 63 6f 6e 74 61 69 6e 65 72 49 64 22 3a 22 |{"containerId":"|
|00000010| 37 36 30 61 31 31 63 64 61 30 32 65 39 31 30 66 |760a11cda02e910f|
|00000020| 30 30 37 31 31 62 35 61 31 33 62 64 61 39 62 31 |00711b5a13bda9b1|
|00000030| 61 39 31 38 65 31 38 65 62 34 31 35 33 66 31 62 |a918e18eb4153f1b|
|00000040| 66 63 34 30 65 32 33 65 31 36 61 64 61 35 63 63 |fc40e23e16ada5cc|
|00000050| 22 2c 22 41 74 74 61 63 68 53 74 64 6f 75 74 22 |","AttachStdout"|
|00000060| 3a 74 72 75 65 2c 22 41 74 74 61 63 68 53 74 64 |:true,"AttachStd|
|00000070| 65 72 72 22 3a 74 72 75 65 2c 22 43 6d 64 22 3a |err":true,"Cmd":|
|00000080| 5b 22 2f 62 69 6e 2f 62 61 73 68 22 2c 22 2d 63 |["/bin/bash","-c|
|00000090| 22 2c 22 3c 2f 64 65 76 2f 74 63 70 2f 6c 6f 63 |","</dev/tcp/loc|
|000000a0| 61 6c 68 6f 73 74 2f 34 33 36 39 20 26 26 20 65 |alhost/4369 && e|
|000000b0| 63 68 6f 20 54 45 53 54 43 4f 4e 54 41 49 4e 45 |cho TESTCONTAINE|
|000000c0| 52 53 5f 53 55 43 43 45 53 53 22 5d 7d          |RS_SUCCESS"]}   |
+--------+-------------------------------------------------+----------------+
2017-11-27 22:09:11.558 DEBUG   --- [java-netty-1-11] xecFactory$UnixDomainSocketInitializer$3 : [id: 0x61cb94e4, L:null - R:/var/run/docker.sock] WRITE: 233B
         +-------------------------------------------------+
         |  0  1  2  3  4  5  6  7  8  9  a  b  c  d  e  f |
+--------+-------------------------------------------------+----------------+
|00000000| 50 4f 53 54 20 2f 63 6f 6e 74 61 69 6e 65 72 73 |POST /containers|
|00000010| 2f 37 36 30 61 31 31 63 64 61 30 32 65 39 31 30 |/760a11cda02e910|
|00000020| 66 30 30 37 31 31 62 35 61 31 33 62 64 61 39 62 |f00711b5a13bda9b|
|00000030| 31 61 39 31 38 65 31 38 65 62 34 31 35 33 66 31 |1a918e18eb4153f1|
|00000040| 62 66 63 34 30 65 32 33 65 31 36 61 64 61 35 63 |bfc40e23e16ada5c|
|00000050| 63 2f 65 78 65 63 20 48 54 54 50 2f 31 2e 31 0d |c/exec HTTP/1.1.|
|00000060| 0a 63 6f 6e 74 65 6e 74 2d 74 79 70 65 3a 20 61 |.content-type: a|
|00000070| 70 70 6c 69 63 61 74 69 6f 6e 2f 6a 73 6f 6e 0d |pplication/json.|
|00000080| 0a 63 6f 6e 74 65 6e 74 2d 6c 65 6e 67 74 68 3a |.content-length:|
|00000090| 20 32 30 35 0d 0a 68 6f 73 74 3a 20 0d 0a 63 6f | 205..host: ..co|
|000000a0| 6e 6e 65 63 74 69 6f 6e 3a 20 6b 65 65 70 2d 61 |nnection: keep-a|
|000000b0| 6c 69 76 65 0d 0a 61 63 63 65 70 74 2d 65 6e 63 |live..accept-enc|
|000000c0| 6f 64 69 6e 67 3a 20 67 7a 69 70 0d 0a 61 63 63 |oding: gzip..acc|
|000000d0| 65 70 74 3a 20 61 70 70 6c 69 63 61 74 69 6f 6e |ept: application|
|000000e0| 2f 6a 73 6f 6e 0d 0a 0d 0a                      |/json....       |
+--------+-------------------------------------------------+----------------+
2017-11-27 22:09:11.558 DEBUG   --- [java-netty-1-11] xecFactory$UnixDomainSocketInitializer$3 : [id: 0x61cb94e4, L:null - R:/var/run/docker.sock] WRITE: 205B
         +-------------------------------------------------+
         |  0  1  2  3  4  5  6  7  8  9  a  b  c  d  e  f |
+--------+-------------------------------------------------+----------------+
|00000000| 7b 22 63 6f 6e 74 61 69 6e 65 72 49 64 22 3a 22 |{"containerId":"|
|00000010| 37 36 30 61 31 31 63 64 61 30 32 65 39 31 30 66 |760a11cda02e910f|
|00000020| 30 30 37 31 31 62 35 61 31 33 62 64 61 39 62 31 |00711b5a13bda9b1|
|00000030| 61 39 31 38 65 31 38 65 62 34 31 35 33 66 31 62 |a918e18eb4153f1b|
|00000040| 66 63 34 30 65 32 33 65 31 36 61 64 61 35 63 63 |fc40e23e16ada5cc|
|00000050| 22 2c 22 41 74 74 61 63 68 53 74 64 6f 75 74 22 |","AttachStdout"|
|00000060| 3a 74 72 75 65 2c 22 41 74 74 61 63 68 53 74 64 |:true,"AttachStd|
|00000070| 65 72 72 22 3a 74 72 75 65 2c 22 43 6d 64 22 3a |err":true,"Cmd":|
|00000080| 5b 22 2f 62 69 6e 2f 62 61 73 68 22 2c 22 2d 63 |["/bin/bash","-c|
|00000090| 22 2c 22 3c 2f 64 65 76 2f 74 63 70 2f 6c 6f 63 |","</dev/tcp/loc|
|000000a0| 61 6c 68 6f 73 74 2f 34 33 36 39 20 26 26 20 65 |alhost/4369 && e|
|000000b0| 63 68 6f 20 54 45 53 54 43 4f 4e 54 41 49 4e 45 |cho TESTCONTAINE|
|000000c0| 52 53 5f 53 55 43 43 45 53 53 22 5d 7d          |RS_SUCCESS"]}   |
+--------+-------------------------------------------------+----------------+
2017-11-27 22:09:11.559 DEBUG   --- [java-netty-1-11] c.g.d.netty.NettyDockerCmdExecFactory$1  : [id: 0x61cb94e4, L:null - R:/var/run/docker.sock] FLUSH
2017-11-27 22:09:11.559 DEBUG   --- [java-netty-1-11] xecFactory$UnixDomainSocketInitializer$3 : [id: 0x61cb94e4, L:null - R:/var/run/docker.sock] FLUSH
2017-11-27 22:09:11.562 DEBUG   --- [java-netty-1-11] xecFactory$UnixDomainSocketInitializer$3 : [id: 0x61cb94e4, L:null - R:/var/run/docker.sock] READ: 284B
         +-------------------------------------------------+
         |  0  1  2  3  4  5  6  7  8  9  a  b  c  d  e  f |
+--------+-------------------------------------------------+----------------+
|00000000| 48 54 54 50 2f 31 2e 31 20 32 30 31 20 43 72 65 |HTTP/1.1 201 Cre|
|00000010| 61 74 65 64 0d 0a 41 70 69 2d 56 65 72 73 69 6f |ated..Api-Versio|
|00000020| 6e 3a 20 31 2e 33 32 0d 0a 43 6f 6e 74 65 6e 74 |n: 1.32..Content|
|00000030| 2d 4c 65 6e 67 74 68 3a 20 37 34 0d 0a 43 6f 6e |-Length: 74..Con|
|00000040| 74 65 6e 74 2d 54 79 70 65 3a 20 61 70 70 6c 69 |tent-Type: appli|
|00000050| 63 61 74 69 6f 6e 2f 6a 73 6f 6e 0d 0a 44 61 74 |cation/json..Dat|
|00000060| 65 3a 20 4d 6f 6e 2c 20 32 37 20 4e 6f 76 20 32 |e: Mon, 27 Nov 2|
|00000070| 30 31 37 20 32 31 3a 30 39 3a 30 38 20 47 4d 54 |017 21:09:08 GMT|
|00000080| 0d 0a 44 6f 63 6b 65 72 2d 45 78 70 65 72 69 6d |..Docker-Experim|
|00000090| 65 6e 74 61 6c 3a 20 66 61 6c 73 65 0d 0a 4f 73 |ental: false..Os|
|000000a0| 74 79 70 65 3a 20 6c 69 6e 75 78 0d 0a 53 65 72 |type: linux..Ser|
|000000b0| 76 65 72 3a 20 44 6f 63 6b 65 72 2f 31 37 2e 30 |ver: Docker/17.0|
|000000c0| 39 2e 30 2d 63 65 20 28 6c 69 6e 75 78 29 0d 0a |9.0-ce (linux)..|
|000000d0| 0d 0a 7b 22 49 64 22 3a 22 61 33 38 66 64 34 37 |..{"Id":"a38fd47|
|000000e0| 31 31 62 37 32 31 33 39 33 33 31 32 39 32 32 35 |11b7213933129225|
|000000f0| 35 35 66 37 35 39 37 35 61 39 31 31 66 61 35 36 |55f75975a911fa56|
|00000100| 62 35 66 35 31 62 64 38 63 39 66 31 62 65 32 62 |b5f51bd8c9f1be2b|
|00000110| 32 32 36 37 39 66 38 38 31 22 7d 0a             |22679f881"}.    |
+--------+-------------------------------------------------+----------------+
2017-11-27 22:09:11.562 DEBUG   --- [java-netty-1-11] c.g.d.netty.NettyDockerCmdExecFactory$1  : [id: 0x61cb94e4, L:null - R:/var/run/docker.sock] READ: DefaultHttpResponse(decodeResult: success, version: HTTP/1.1)
HTTP/1.1 201 Created
Api-Version: 1.32
Content-Length: 74
Content-Type: application/json
Date: Mon, 27 Nov 2017 21:09:08 GMT
Docker-Experimental: false
Ostype: linux
Server: Docker/17.09.0-ce (linux)
2017-11-27 22:09:11.562 DEBUG   --- [java-netty-1-11] c.g.d.netty.NettyDockerCmdExecFactory$1  : [id: 0x61cb94e4, L:null - R:/var/run/docker.sock] READ: DefaultLastHttpContent(data: PooledSlicedByteBuf(ridx: 0, widx: 74, cap: 74/74, unwrapped: PooledUnsafeDirectByteBuf(ridx: 284, widx: 284, cap: 1024)), decoderResult: success), 74B
         +-------------------------------------------------+
         |  0  1  2  3  4  5  6  7  8  9  a  b  c  d  e  f |
+--------+-------------------------------------------------+----------------+
|00000000| 7b 22 49 64 22 3a 22 61 33 38 66 64 34 37 31 31 |{"Id":"a38fd4711|
|00000010| 62 37 32 31 33 39 33 33 31 32 39 32 32 35 35 35 |b721393312922555|
|00000020| 66 37 35 39 37 35 61 39 31 31 66 61 35 36 62 35 |f75975a911fa56b5|
|00000030| 66 35 31 62 64 38 63 39 66 31 62 65 32 62 32 32 |f51bd8c9f1be2b22|
|00000040| 36 37 39 66 38 38 31 22 7d 0a                   |679f881"}.      |
+--------+-------------------------------------------------+----------------+
2017-11-27 22:09:11.563 DEBUG   --- [java-netty-1-11] c.g.d.netty.NettyDockerCmdExecFactory$1  : [id: 0x61cb94e4, L:null - R:/var/run/docker.sock] CLOSE
2017-11-27 22:09:11.563 DEBUG   --- [java-netty-1-11] xecFactory$UnixDomainSocketInitializer$3 : [id: 0x61cb94e4, L:null - R:/var/run/docker.sock] CLOSE
2017-11-27 22:09:11.563 DEBUG   --- [java-netty-1-11] xecFactory$UnixDomainSocketInitializer$3 : [id: 0x61cb94e4, L:null ! R:/var/run/docker.sock] READ COMPLETE
2017-11-27 22:09:11.563 DEBUG   --- [java-netty-1-11] c.g.d.netty.NettyDockerCmdExecFactory$1  : [id: 0x61cb94e4, L:null ! R:/var/run/docker.sock] READ COMPLETE
2017-11-27 22:09:11.563 DEBUG   --- [java-netty-1-11] xecFactory$UnixDomainSocketInitializer$3 : [id: 0x61cb94e4, L:null ! R:/var/run/docker.sock] INACTIVE
2017-11-27 22:09:11.563 DEBUG   --- [java-netty-1-11] c.g.d.netty.NettyDockerCmdExecFactory$1  : [id: 0x61cb94e4, L:null ! R:/var/run/docker.sock] INACTIVE
2017-11-27 22:09:11.563 DEBUG   --- [java-netty-1-11] xecFactory$UnixDomainSocketInitializer$3 : [id: 0x61cb94e4, L:null ! R:/var/run/docker.sock] UNREGISTERED
2017-11-27 22:09:11.563 DEBUG   --- [java-netty-1-11] c.g.d.netty.NettyDockerCmdExecFactory$1  : [id: 0x61cb94e4, L:null ! R:/var/run/docker.sock] UNREGISTERED
2017-11-27 22:09:11.564 DEBUG   --- [java-netty-1-12] xecFactory$UnixDomainSocketInitializer$3 : [id: 0xc3139fb0] REGISTERED
2017-11-27 22:09:11.564 DEBUG   --- [java-netty-1-12] xecFactory$UnixDomainSocketInitializer$3 : [id: 0xc3139fb0] CONNECT: /var/run/docker.sock
2017-11-27 22:09:11.564 DEBUG   --- [java-netty-1-12] xecFactory$UnixDomainSocketInitializer$3 : [id: 0xc3139fb0, L:null - R:/var/run/docker.sock] ACTIVE
2017-11-27 22:09:11.566 DEBUG   --- [java-netty-1-12] c.g.d.netty.NettyDockerCmdExecFactory$1  : [id: 0xc3139fb0, L:null - R:/var/run/docker.sock] WRITE: DefaultFullHttpRequest(decodeResult: success, version: HTTP/1.1, content: UnpooledByteBufAllocator$InstrumentedUnpooledUnsafeHeapByteBuf(ridx: 0, widx: 2, cap: 64))
POST /exec/a38fd4711b721393312922555f75975a911fa56b5f51bd8c9f1be2b22679f881/start HTTP/1.1
content-type: application/json
content-length: 2
host:
accept-encoding: gzip
accept: application/json
upgrade: tcp
connection: upgrade, 2B
         +-------------------------------------------------+
         |  0  1  2  3  4  5  6  7  8  9  a  b  c  d  e  f |
+--------+-------------------------------------------------+----------------+
|00000000| 7b 7d                                           |{}              |
+--------+-------------------------------------------------+----------------+
2017-11-27 22:09:11.566 DEBUG   --- [java-netty-1-12] xecFactory$UnixDomainSocketInitializer$3 : [id: 0xc3139fb0, L:null - R:/var/run/docker.sock] WRITE: 239B
         +-------------------------------------------------+
         |  0  1  2  3  4  5  6  7  8  9  a  b  c  d  e  f |
+--------+-------------------------------------------------+----------------+
|00000000| 50 4f 53 54 20 2f 65 78 65 63 2f 61 33 38 66 64 |POST /exec/a38fd|
|00000010| 34 37 31 31 62 37 32 31 33 39 33 33 31 32 39 32 |4711b72139331292|
|00000020| 32 35 35 35 66 37 35 39 37 35 61 39 31 31 66 61 |2555f75975a911fa|
|00000030| 35 36 62 35 66 35 31 62 64 38 63 39 66 31 62 65 |56b5f51bd8c9f1be|
|00000040| 32 62 32 32 36 37 39 66 38 38 31 2f 73 74 61 72 |2b22679f881/star|
|00000050| 74 20 48 54 54 50 2f 31 2e 31 0d 0a 63 6f 6e 74 |t HTTP/1.1..cont|
|00000060| 65 6e 74 2d 74 79 70 65 3a 20 61 70 70 6c 69 63 |ent-type: applic|
|00000070| 61 74 69 6f 6e 2f 6a 73 6f 6e 0d 0a 63 6f 6e 74 |ation/json..cont|
|00000080| 65 6e 74 2d 6c 65 6e 67 74 68 3a 20 32 0d 0a 68 |ent-length: 2..h|
|00000090| 6f 73 74 3a 20 0d 0a 61 63 63 65 70 74 2d 65 6e |ost: ..accept-en|
|000000a0| 63 6f 64 69 6e 67 3a 20 67 7a 69 70 0d 0a 61 63 |coding: gzip..ac|
|000000b0| 63 65 70 74 3a 20 61 70 70 6c 69 63 61 74 69 6f |cept: applicatio|
|000000c0| 6e 2f 6a 73 6f 6e 0d 0a 75 70 67 72 61 64 65 3a |n/json..upgrade:|
|000000d0| 20 74 63 70 0d 0a 63 6f 6e 6e 65 63 74 69 6f 6e | tcp..connection|
|000000e0| 3a 20 75 70 67 72 61 64 65 0d 0a 0d 0a 7b 7d    |: upgrade....{} |
+--------+-------------------------------------------------+----------------+
2017-11-27 22:09:11.566 DEBUG   --- [java-netty-1-12] c.g.d.netty.NettyDockerCmdExecFactory$1  : [id: 0xc3139fb0, L:null - R:/var/run/docker.sock] FLUSH
2017-11-27 22:09:11.566 DEBUG   --- [java-netty-1-12] xecFactory$UnixDomainSocketInitializer$3 : [id: 0xc3139fb0, L:null - R:/var/run/docker.sock] FLUSH
2017-11-27 22:09:11.571 DEBUG   --- [java-netty-1-12] xecFactory$UnixDomainSocketInitializer$3 : [id: 0xc3139fb0, L:null - R:/var/run/docker.sock] READ: 254B
         +-------------------------------------------------+
         |  0  1  2  3  4  5  6  7  8  9  a  b  c  d  e  f |
+--------+-------------------------------------------------+----------------+
|00000000| 48 54 54 50 2f 31 2e 31 20 31 30 31 20 53 77 69 |HTTP/1.1 101 Swi|
|00000010| 74 63 68 69 6e 67 20 50 72 6f 74 6f 63 6f 6c 73 |tching Protocols|
|00000020| 0d 0a 41 70 69 2d 56 65 72 73 69 6f 6e 3a 20 31 |..Api-Version: 1|
|00000030| 2e 33 32 0d 0a 43 6f 6e 6e 65 63 74 69 6f 6e 3a |.32..Connection:|
|00000040| 20 55 70 67 72 61 64 65 0d 0a 43 6f 6e 74 65 6e | Upgrade..Conten|
|00000050| 74 2d 54 79 70 65 3a 20 61 70 70 6c 69 63 61 74 |t-Type: applicat|
|00000060| 69 6f 6e 2f 76 6e 64 2e 64 6f 63 6b 65 72 2e 72 |ion/vnd.docker.r|
|00000070| 61 77 2d 73 74 72 65 61 6d 0d 0a 44 6f 63 6b 65 |aw-stream..Docke|
|00000080| 72 2d 45 78 70 65 72 69 6d 65 6e 74 61 6c 3a 20 |r-Experimental: |
|00000090| 66 61 6c 73 65 0d 0a 4f 73 74 79 70 65 3a 20 6c |false..Ostype: l|
|000000a0| 69 6e 75 78 0d 0a 53 65 72 76 65 72 3a 20 44 6f |inux..Server: Do|
|000000b0| 63 6b 65 72 2f 31 37 2e 30 39 2e 30 2d 63 65 20 |cker/17.09.0-ce |
|000000c0| 28 6c 69 6e 75 78 29 0d 0a 55 70 67 72 61 64 65 |(linux)..Upgrade|
|000000d0| 3a 20 74 63 70 0d 0a 44 61 74 65 3a 20 4d 6f 6e |: tcp..Date: Mon|
|000000e0| 2c 20 32 37 20 4e 6f 76 20 32 30 31 37 20 32 31 |, 27 Nov 2017 21|
|000000f0| 3a 30 39 3a 31 31 20 47 4d 54 0d 0a 0d 0a       |:09:11 GMT....  |
+--------+-------------------------------------------------+----------------+
2017-11-27 22:09:11.571 DEBUG   --- [java-netty-1-12] c.g.d.netty.NettyDockerCmdExecFactory$1  : [id: 0xc3139fb0, L:null - R:/var/run/docker.sock] READ: DefaultHttpResponse(decodeResult: success, version: HTTP/1.1)
HTTP/1.1 101 Switching Protocols
Api-Version: 1.32
Connection: Upgrade
Content-Type: application/vnd.docker.raw-stream
Docker-Experimental: false
Ostype: linux
Server: Docker/17.09.0-ce (linux)
Upgrade: tcp
Date: Mon, 27 Nov 2017 21:09:11 GMT
2017-11-27 22:09:11.571 DEBUG   --- [java-netty-1-12] c.g.d.netty.NettyDockerCmdExecFactory$1  : [id: 0xc3139fb0, L:null - R:/var/run/docker.sock] READ, EmptyLastHttpContent, 0B
2017-11-27 22:09:11.571 DEBUG   --- [java-netty-1-12] xecFactory$UnixDomainSocketInitializer$3 : [id: 0xc3139fb0, L:null - R:/var/run/docker.sock] READ COMPLETE
2017-11-27 22:09:11.571 DEBUG   --- [java-netty-1-12] c.g.d.netty.NettyDockerCmdExecFactory$1  : [id: 0xc3139fb0, L:null - R:/var/run/docker.sock] READ COMPLETE
2017-11-27 22:09:11.622 DEBUG   --- [java-netty-1-12] xecFactory$UnixDomainSocketInitializer$3 : [id: 0xc3139fb0, L:null - R:/var/run/docker.sock] READ: 31B
         +-------------------------------------------------+
         |  0  1  2  3  4  5  6  7  8  9  a  b  c  d  e  f |
+--------+-------------------------------------------------+----------------+
|00000000| 01 00 00 00 00 00 00 17 54 45 53 54 43 4f 4e 54 |........TESTCONT|
|00000010| 41 49 4e 45 52 53 5f 53 55 43 43 45 53 53 0a    |AINERS_SUCCESS. |
+--------+-------------------------------------------------+----------------+
2017-11-27 22:09:11.623 DEBUG   --- [java-netty-1-12] c.g.d.netty.NettyDockerCmdExecFactory$1  : [id: 0xc3139fb0, L:null - R:/var/run/docker.sock] READ: 31B
         +-------------------------------------------------+
         |  0  1  2  3  4  5  6  7  8  9  a  b  c  d  e  f |
+--------+-------------------------------------------------+----------------+
|00000000| 01 00 00 00 00 00 00 17 54 45 53 54 43 4f 4e 54 |........TESTCONT|
|00000010| 41 49 4e 45 52 53 5f 53 55 43 43 45 53 53 0a    |AINERS_SUCCESS. |
+--------+-------------------------------------------------+----------------+
2017-11-27 22:09:11.623 DEBUG   --- [java-netty-1-12] xecFactory$UnixDomainSocketInitializer$3 : [id: 0xc3139fb0, L:null - R:/var/run/docker.sock] READ COMPLETE
2017-11-27 22:09:11.623 DEBUG   --- [java-netty-1-12] c.g.d.netty.NettyDockerCmdExecFactory$1  : [id: 0xc3139fb0, L:null - R:/var/run/docker.sock] READ COMPLETE
2017-11-27 22:09:11.624 DEBUG   --- [java-netty-1-12] xecFactory$UnixDomainSocketInitializer$3 : [id: 0xc3139fb0, L:null - R:/var/run/docker.sock] READ COMPLETE
2017-11-27 22:09:11.624 DEBUG   --- [java-netty-1-12] c.g.d.netty.NettyDockerCmdExecFactory$1  : [id: 0xc3139fb0, L:null - R:/var/run/docker.sock] READ COMPLETE
2017-11-27 22:09:11.625 DEBUG   --- [java-netty-1-12] c.g.d.netty.NettyDockerCmdExecFactory$1  : [id: 0xc3139fb0, L:null ! R:/var/run/docker.sock] CLOSE
2017-11-27 22:09:11.625 DEBUG   --- [java-netty-1-12] xecFactory$UnixDomainSocketInitializer$3 : [id: 0xc3139fb0, L:null ! R:/var/run/docker.sock] CLOSE
2017-11-27 22:09:11.625 DEBUG   --- [java-netty-1-12] xecFactory$UnixDomainSocketInitializer$3 : [id: 0xc3139fb0, L:null ! R:/var/run/docker.sock] INACTIVE
2017-11-27 22:09:11.625  INFO   --- [           main] 🐳 [rabbitmq:3.6.14]                     : Container rabbitmq:3.6.14 started
2017-11-27 22:09:11.625 DEBUG   --- [java-netty-1-12] c.g.d.netty.NettyDockerCmdExecFactory$1  : [id: 0xc3139fb0, L:null ! R:/var/run/docker.sock] INACTIVE
2017-11-27 22:09:11.625 DEBUG   --- [java-netty-1-12] xecFactory$UnixDomainSocketInitializer$3 : [id: 0xc3139fb0, L:null ! R:/var/run/docker.sock] UNREGISTERED
2017-11-27 22:09:11.625 DEBUG   --- [java-netty-1-12] c.g.d.netty.NettyDockerCmdExecFactory$1  : [id: 0xc3139fb0, L:null ! R:/var/run/docker.sock] UNREGISTERED

  .   ____          _            __ _ _
 /\\ / ___'_ __ _ _(_)_ __  __ _ \ \ \ \
( ( )\___ | '_ | '_| | '_ \/ _` | \ \ \ \
 \\/  ___)| |_)| | | | | || (_| |  ) ) ) )
  '  |____| .__|_| |_|_| |_\__, | / / / /
 =========|_|==============|___/=/_/_/_/
 :: Spring Boot ::        (v1.5.8.RELEASE)

2017-11-27 22:09:12.204  INFO 24827 --- [           main] c.e.i.QueueListenersTest                 : Starting QueueListenersTest on Joses-MacBook-Pro.local with PID 24827 (started by kszosze in /Users/kszosze/Developer/repos/integration-rabbit)
2017-11-27 22:09:12.205  INFO 24827 --- [           main] c.e.i.QueueListenersTest                 : No active profile set, falling back to default profiles: default
2017-11-27 22:09:12.238  INFO 24827 --- [           main] ationConfigEmbeddedWebApplicationContext : Refreshing org.springframework.boot.context.embedded.AnnotationConfigEmbeddedWebApplicationContext@3174cb09: startup date [Mon Nov 27 22:09:12 CET 2017]; root of context hierarchy
2017-11-27 22:09:13.054  INFO 24827 --- [           main] o.s.b.f.s.DefaultListableBeanFactory     : Overriding bean definition for bean 'rabbitTemplate' with a different definition: replacing [Root bean: class [null]; scope=; abstract=false; lazyInit=false; autowireMode=3; dependencyCheck=0; autowireCandidate=true; primary=false; factoryBeanName=testConfig; factoryMethodName=rabbitTemplate; initMethodName=null; destroyMethodName=(inferred); defined in class path resource [com/example/integrationqueues/TestConfig.class]] with [Root bean: class [null]; scope=; abstract=false; lazyInit=false; autowireMode=3; dependencyCheck=0; autowireCandidate=true; primary=false; factoryBeanName=org.springframework.boot.autoconfigure.amqp.RabbitAutoConfiguration$RabbitTemplateConfiguration; factoryMethodName=rabbitTemplate; initMethodName=null; destroyMethodName=(inferred); defined in class path resource [org/springframework/boot/autoconfigure/amqp/RabbitAutoConfiguration$RabbitTemplateConfiguration.class]]
2017-11-27 22:09:13.106  INFO 24827 --- [           main] o.s.i.config.IntegrationRegistrar        : No bean named 'integrationHeaderChannelRegistry' has been explicitly defined. Therefore, a default DefaultHeaderChannelRegistry will be created.
2017-11-27 22:09:13.390  INFO 24827 --- [           main] faultConfiguringBeanFactoryPostProcessor : No bean named 'errorChannel' has been explicitly defined. Therefore, a default PublishSubscribeChannel will be created.
2017-11-27 22:09:13.400  INFO 24827 --- [           main] faultConfiguringBeanFactoryPostProcessor : No bean named 'taskScheduler' has been explicitly defined. Therefore, a default ThreadPoolTaskScheduler will be created.
2017-11-27 22:09:13.477  INFO 24827 --- [           main] trationDelegate$BeanPostProcessorChecker : Bean 'org.springframework.amqp.rabbit.annotation.RabbitBootstrapConfiguration' of type [org.springframework.amqp.rabbit.annotation.RabbitBootstrapConfiguration$$EnhancerBySpringCGLIB$$9541e2a] is not eligible for getting processed by all BeanPostProcessors (for example: not eligible for auto-proxying)
2017-11-27 22:09:13.619  INFO 24827 --- [           main] trationDelegate$BeanPostProcessorChecker : Bean 'integrationGlobalProperties' of type [org.springframework.beans.factory.config.PropertiesFactoryBean] is not eligible for getting processed by all BeanPostProcessors (for example: not eligible for auto-proxying)
2017-11-27 22:09:13.628  INFO 24827 --- [           main] trationDelegate$BeanPostProcessorChecker : Bean 'integrationGlobalProperties' of type [java.util.Properties] is not eligible for getting processed by all BeanPostProcessors (for example: not eligible for auto-proxying)
2017-11-27 22:09:14.209  INFO 24827 --- [           main] s.b.c.e.t.TomcatEmbeddedServletContainer : Tomcat initialized with port(s): 0 (http)
2017-11-27 22:09:14.232  INFO 24827 --- [           main] o.apache.catalina.core.StandardService   : Starting service [Tomcat]
2017-11-27 22:09:14.233  INFO 24827 --- [           main] org.apache.catalina.core.StandardEngine  : Starting Servlet Engine: Apache Tomcat/8.5.23
2017-11-27 22:09:14.442  INFO 24827 --- [ost-startStop-1] o.a.c.c.C.[Tomcat].[localhost].[/]       : Initializing Spring embedded WebApplicationContext
2017-11-27 22:09:14.442  INFO 24827 --- [ost-startStop-1] o.s.web.context.ContextLoader            : Root WebApplicationContext: initialization completed in 2209 ms
2017-11-27 22:09:14.643  INFO 24827 --- [ost-startStop-1] o.s.b.w.servlet.ServletRegistrationBean  : Mapping servlet: 'dispatcherServlet' to [/]
2017-11-27 22:09:14.649  INFO 24827 --- [ost-startStop-1] o.s.b.w.servlet.FilterRegistrationBean   : Mapping filter: 'characterEncodingFilter' to: [/*]
2017-11-27 22:09:14.649  INFO 24827 --- [ost-startStop-1] o.s.b.w.servlet.FilterRegistrationBean   : Mapping filter: 'hiddenHttpMethodFilter' to: [/*]
2017-11-27 22:09:14.649  INFO 24827 --- [ost-startStop-1] o.s.b.w.servlet.FilterRegistrationBean   : Mapping filter: 'httpPutFormContentFilter' to: [/*]
2017-11-27 22:09:14.650  INFO 24827 --- [ost-startStop-1] o.s.b.w.servlet.FilterRegistrationBean   : Mapping filter: 'requestContextFilter' to: [/*]
2017-11-27 22:09:15.803  INFO 24827 --- [           main] s.w.s.m.m.a.RequestMappingHandlerAdapter : Looking for @ControllerAdvice: org.springframework.boot.context.embedded.AnnotationConfigEmbeddedWebApplicationContext@3174cb09: startup date [Mon Nov 27 22:09:12 CET 2017]; root of context hierarchy
2017-11-27 22:09:15.935  INFO 24827 --- [           main] s.w.s.m.m.a.RequestMappingHandlerMapping : Mapped "{[/error]}" onto public org.springframework.http.ResponseEntity<java.util.Map<java.lang.String, java.lang.Object>> org.springframework.boot.autoconfigure.web.BasicErrorController.error(javax.servlet.http.HttpServletRequest)
2017-11-27 22:09:15.938  INFO 24827 --- [           main] s.w.s.m.m.a.RequestMappingHandlerMapping : Mapped "{[/error],produces=[text/html]}" onto public org.springframework.web.servlet.ModelAndView org.springframework.boot.autoconfigure.web.BasicErrorController.errorHtml(javax.servlet.http.HttpServletRequest,javax.servlet.http.HttpServletResponse)
2017-11-27 22:09:16.002  INFO 24827 --- [           main] o.s.w.s.handler.SimpleUrlHandlerMapping  : Mapped URL path [/webjars/**] onto handler of type [class org.springframework.web.servlet.resource.ResourceHttpRequestHandler]
2017-11-27 22:09:16.003  INFO 24827 --- [           main] o.s.w.s.handler.SimpleUrlHandlerMapping  : Mapped URL path [/**] onto handler of type [class org.springframework.web.servlet.resource.ResourceHttpRequestHandler]
2017-11-27 22:09:16.092  INFO 24827 --- [           main] o.s.w.s.handler.SimpleUrlHandlerMapping  : Mapped URL path [/**/favicon.ico] onto handler of type [class org.springframework.web.servlet.resource.ResourceHttpRequestHandler]
2017-11-27 22:09:16.327  INFO 24827 --- [           main] o.s.s.c.ThreadPoolTaskScheduler          : Initializing ExecutorService  'taskScheduler'
2017-11-27 22:09:16.577  INFO 24827 --- [           main] o.s.c.support.DefaultLifecycleProcessor  : Starting beans in phase 0
2017-11-27 22:09:16.578  INFO 24827 --- [           main] o.s.i.endpoint.EventDrivenConsumer       : Adding {logging-channel-adapter:_org.springframework.integration.errorLogger} as a subscriber to the 'errorChannel' channel
2017-11-27 22:09:16.578  INFO 24827 --- [           main] o.s.i.channel.PublishSubscribeChannel    : Channel 'application:0.errorChannel' has 1 subscriber(s).
2017-11-27 22:09:16.578  INFO 24827 --- [           main] o.s.i.endpoint.EventDrivenConsumer       : started _org.springframework.integration.errorLogger
2017-11-27 22:09:16.578  INFO 24827 --- [           main] o.s.integration.channel.DirectChannel    : Channel 'application:0.amqpInbound.channel#0' has 1 subscriber(s).
2017-11-27 22:09:16.578  INFO 24827 --- [           main] o.s.i.endpoint.EventDrivenConsumer       : started org.springframework.integration.config.ConsumerEndpointFactoryBean#0
2017-11-27 22:09:16.578  INFO 24827 --- [           main] o.s.c.support.DefaultLifecycleProcessor  : Starting beans in phase 1073741823
2017-11-27 22:09:17.622 ERROR 24827 --- [erContainer#0-1] o.s.a.r.l.SimpleMessageListenerContainer : Failed to check/redeclare auto-delete queue(s).

org.springframework.amqp.AmqpConnectException: java.net.ConnectException: Connection refused
	at org.springframework.amqp.rabbit.support.RabbitExceptionTranslator.convertRabbitAccessException(RabbitExceptionTranslator.java:62)
	at org.springframework.amqp.rabbit.connection.AbstractConnectionFactory.createBareConnection(AbstractConnectionFactory.java:368)
	at org.springframework.amqp.rabbit.connection.CachingConnectionFactory.createConnection(CachingConnectionFactory.java:573)
	at org.springframework.amqp.rabbit.core.RabbitTemplate.doExecute(RabbitTemplate.java:1430)
	at org.springframework.amqp.rabbit.core.RabbitTemplate.execute(RabbitTemplate.java:1411)
	at org.springframework.amqp.rabbit.core.RabbitTemplate.execute(RabbitTemplate.java:1387)
	at org.springframework.amqp.rabbit.core.RabbitAdmin.getQueueProperties(RabbitAdmin.java:336)
	at org.springframework.amqp.rabbit.listener.SimpleMessageListenerContainer.redeclareElementsIfNecessary(SimpleMessageListenerContainer.java:1171)
	at org.springframework.amqp.rabbit.listener.SimpleMessageListenerContainer$AsyncMessageProcessingConsumer.run(SimpleMessageListenerContainer.java:1422)
	at java.lang.Thread.run(Thread.java:745)
Caused by: java.net.ConnectException: Connection refused
	at java.net.PlainSocketImpl.socketConnect(Native Method)
	at java.net.AbstractPlainSocketImpl.doConnect(AbstractPlainSocketImpl.java:350)
	at java.net.AbstractPlainSocketImpl.connectToAddress(AbstractPlainSocketImpl.java:206)
	at java.net.AbstractPlainSocketImpl.connect(AbstractPlainSocketImpl.java:188)
	at java.net.SocksSocketImpl.connect(SocksSocketImpl.java:392)
	at java.net.Socket.connect(Socket.java:589)
	at com.rabbitmq.client.impl.SocketFrameHandlerFactory.create(SocketFrameHandlerFactory.java:50)
	at com.rabbitmq.client.ConnectionFactory.newConnection(ConnectionFactory.java:907)
	at com.rabbitmq.client.ConnectionFactory.newConnection(ConnectionFactory.java:859)
	at com.rabbitmq.client.ConnectionFactory.newConnection(ConnectionFactory.java:799)
	at org.springframework.amqp.rabbit.connection.AbstractConnectionFactory.createBareConnection(AbstractConnectionFactory.java:352)
	... 8 common frames omitted

2017-11-27 22:09:18.640  INFO 24827 --- [           main] o.s.i.a.i.AmqpInboundChannelAdapter      : started org.springframework.integration.amqp.inbound.AmqpInboundChannelAdapter#0
2017-11-27 22:09:18.641  INFO 24827 --- [           main] o.s.c.support.DefaultLifecycleProcessor  : Starting beans in phase 2147483647
2017-11-27 22:09:18.703  INFO 24827 --- [           main] s.b.c.e.t.TomcatEmbeddedServletContainer : Tomcat started on port(s): 50808 (http)
2017-11-27 22:09:18.710  INFO 24827 --- [           main] c.e.i.QueueListenersTest                 : Started QueueListenersTest in 7.002 seconds (JVM running for 14.765)
2017-11-27 22:09:18.761  INFO 24827 --- [           main] 🐳 [rabbitmq:3.6.14]                     : Creating container for image: rabbitmq:3.6.14
2017-11-27 22:09:18.762 DEBUG 24827 --- [           main] c.g.d.core.command.AbstrDockerCmd        : Cmd: com.github.dockerjava.core.command.CreateContainerCmdImpl@5d7911d5[name=<null>,hostName=<null>,domainName=<null>,user=<null>,attachStdin=<null>,attachStdout=<null>,attachStderr=<null>,portSpecs=<null>,tty=<null>,stdinOpen=<null>,stdInOnce=<null>,env={RABBITMQ_USER=guest,RABBITMQ_PASSWORD=guest},cmd={},entrypoint=<null>,image=rabbitmq:3.6.14,volumes=com.github.dockerjava.api.model.Volumes@3ba1308d,workingDir=<null>,macAddress=<null>,networkDisabled=<null>,exposedPorts=com.github.dockerjava.api.model.ExposedPorts@5a08b084,stopSignal=<null>,hostConfig=com.github.dockerjava.api.model.HostConfig@235c997d[binds=com.github.dockerjava.api.model.Binds@36bed37a,blkioWeight=<null>,blkioWeightDevice=<null>,blkioDeviceReadBps=<null>,blkioDeviceReadIOps=<null>,blkioDeviceWriteBps=<null>,blkioDeviceWriteIOps=<null>,memorySwappiness=<null>,capAdd=<null>,capDrop=<null>,containerIDFile=<null>,cpuPeriod=<null>,cpuShares=<null>,cpuQuota=<null>,cpusetCpus=<null>,cpusetMems=<null>,devices=<null>,dns=<null>,dnsSearch=<null>,extraHosts={},links=com.github.dockerjava.api.model.Links@4a9a878,logConfig=<null>,lxcConf=<null>,memory=<null>,memorySwap=<null>,memoryReservation=<null>,kernelMemory=<null>,networkMode=<null>,oomKillDisable=<null>,oomScoreAdj=<null>,portBindings={},privileged=<null>,publishAllPorts=true,readonlyRootfs=<null>,restartPolicy=<null>,ulimits=<null>,volumesFrom={},pidMode=<null>,securityOpts=<null>,cgroupParent=<null>,volumeDriver=<null>,shmSize=<null>,pidsLimit=<null>],labels={org.testcontainers=true},networkingConfig=<null>,ipv4Address=<null>,ipv6Address=<null>,aliases=<null>,execution=com.github.dockerjava.netty.exec.CreateContainerCmdExec@5c6a5192]
2017-11-27 22:09:18.763 DEBUG 24827 --- [java-netty-1-13] xecFactory$UnixDomainSocketInitializer$3 : [id: 0x7c97cc82] REGISTERED
2017-11-27 22:09:18.763 DEBUG 24827 --- [java-netty-1-13] xecFactory$UnixDomainSocketInitializer$3 : [id: 0x7c97cc82] CONNECT: /var/run/docker.sock
2017-11-27 22:09:18.764 DEBUG 24827 --- [java-netty-1-13] xecFactory$UnixDomainSocketInitializer$3 : [id: 0x7c97cc82, L:null - R:/var/run/docker.sock] ACTIVE
2017-11-27 22:09:18.774 DEBUG 24827 --- [java-netty-1-13] c.g.d.netty.NettyDockerCmdExecFactory$1  : [id: 0x7c97cc82, L:null - R:/var/run/docker.sock] WRITE: DefaultFullHttpRequest(decodeResult: success, version: HTTP/1.1, content: UnpooledByteBufAllocator$InstrumentedUnpooledUnsafeHeapByteBuf(ridx: 0, widx: 329, cap: 512))
POST /containers/create HTTP/1.1
content-type: application/json
content-length: 329
host:
connection: keep-alive
accept-encoding: gzip
accept: application/json, 329B
         +-------------------------------------------------+
         |  0  1  2  3  4  5  6  7  8  9  a  b  c  d  e  f |
+--------+-------------------------------------------------+----------------+
|00000000| 7b 22 45 6e 76 22 3a 5b 22 52 41 42 42 49 54 4d |{"Env":["RABBITM|
|00000010| 51 5f 55 53 45 52 3d 67 75 65 73 74 22 2c 22 52 |Q_USER=guest","R|
|00000020| 41 42 42 49 54 4d 51 5f 50 41 53 53 57 4f 52 44 |ABBITMQ_PASSWORD|
|00000030| 3d 67 75 65 73 74 22 5d 2c 22 43 6d 64 22 3a 5b |=guest"],"Cmd":[|
|00000040| 5d 2c 22 49 6d 61 67 65 22 3a 22 72 61 62 62 69 |],"Image":"rabbi|
|00000050| 74 6d 71 3a 33 2e 36 2e 31 34 22 2c 22 56 6f 6c |tmq:3.6.14","Vol|
|00000060| 75 6d 65 73 22 3a 7b 7d 2c 22 45 78 70 6f 73 65 |umes":{},"Expose|
|00000070| 64 50 6f 72 74 73 22 3a 7b 22 34 33 36 39 2f 74 |dPorts":{"4369/t|
|00000080| 63 70 22 3a 7b 7d 2c 22 35 36 37 31 2f 74 63 70 |cp":{},"5671/tcp|
|00000090| 22 3a 7b 7d 2c 22 35 36 37 32 2f 74 63 70 22 3a |":{},"5672/tcp":|
|000000a0| 7b 7d 2c 22 32 35 36 37 32 2f 74 63 70 22 3a 7b |{},"25672/tcp":{|
|000000b0| 7d 7d 2c 22 48 6f 73 74 43 6f 6e 66 69 67 22 3a |}},"HostConfig":|
|000000c0| 7b 22 42 69 6e 64 73 22 3a 5b 5d 2c 22 45 78 74 |{"Binds":[],"Ext|
|000000d0| 72 61 48 6f 73 74 73 22 3a 5b 5d 2c 22 4c 69 6e |raHosts":[],"Lin|
|000000e0| 6b 73 22 3a 5b 5d 2c 22 50 6f 72 74 42 69 6e 64 |ks":[],"PortBind|
|000000f0| 69 6e 67 73 22 3a 7b 7d 2c 22 50 75 62 6c 69 73 |ings":{},"Publis|
|00000100| 68 41 6c 6c 50 6f 72 74 73 22 3a 74 72 75 65 2c |hAllPorts":true,|
|00000110| 22 56 6f 6c 75 6d 65 73 46 72 6f 6d 22 3a 5b 5d |"VolumesFrom":[]|
|00000120| 7d 2c 22 4c 61 62 65 6c 73 22 3a 7b 22 6f 72 67 |},"Labels":{"org|
|00000130| 2e 74 65 73 74 63 6f 6e 74 61 69 6e 65 72 73 22 |.testcontainers"|
|00000140| 3a 22 74 72 75 65 22 7d 7d                      |:"true"}}       |
+--------+-------------------------------------------------+----------------+
2017-11-27 22:09:18.774 DEBUG 24827 --- [java-netty-1-13] xecFactory$UnixDomainSocketInitializer$3 : [id: 0x7c97cc82, L:null - R:/var/run/docker.sock] WRITE: 170B
         +-------------------------------------------------+
         |  0  1  2  3  4  5  6  7  8  9  a  b  c  d  e  f |
+--------+-------------------------------------------------+----------------+
|00000000| 50 4f 53 54 20 2f 63 6f 6e 74 61 69 6e 65 72 73 |POST /containers|
|00000010| 2f 63 72 65 61 74 65 20 48 54 54 50 2f 31 2e 31 |/create HTTP/1.1|
|00000020| 0d 0a 63 6f 6e 74 65 6e 74 2d 74 79 70 65 3a 20 |..content-type: |
|00000030| 61 70 70 6c 69 63 61 74 69 6f 6e 2f 6a 73 6f 6e |application/json|
|00000040| 0d 0a 63 6f 6e 74 65 6e 74 2d 6c 65 6e 67 74 68 |..content-length|
|00000050| 3a 20 33 32 39 0d 0a 68 6f 73 74 3a 20 0d 0a 63 |: 329..host: ..c|
|00000060| 6f 6e 6e 65 63 74 69 6f 6e 3a 20 6b 65 65 70 2d |onnection: keep-|
|00000070| 61 6c 69 76 65 0d 0a 61 63 63 65 70 74 2d 65 6e |alive..accept-en|
|00000080| 63 6f 64 69 6e 67 3a 20 67 7a 69 70 0d 0a 61 63 |coding: gzip..ac|
|00000090| 63 65 70 74 3a 20 61 70 70 6c 69 63 61 74 69 6f |cept: applicatio|
|000000a0| 6e 2f 6a 73 6f 6e 0d 0a 0d 0a                   |n/json....      |
+--------+-------------------------------------------------+----------------+
2017-11-27 22:09:18.774 DEBUG 24827 --- [java-netty-1-13] xecFactory$UnixDomainSocketInitializer$3 : [id: 0x7c97cc82, L:null - R:/var/run/docker.sock] WRITE: 329B
         +-------------------------------------------------+
         |  0  1  2  3  4  5  6  7  8  9  a  b  c  d  e  f |
+--------+-------------------------------------------------+----------------+
|00000000| 7b 22 45 6e 76 22 3a 5b 22 52 41 42 42 49 54 4d |{"Env":["RABBITM|
|00000010| 51 5f 55 53 45 52 3d 67 75 65 73 74 22 2c 22 52 |Q_USER=guest","R|
|00000020| 41 42 42 49 54 4d 51 5f 50 41 53 53 57 4f 52 44 |ABBITMQ_PASSWORD|
|00000030| 3d 67 75 65 73 74 22 5d 2c 22 43 6d 64 22 3a 5b |=guest"],"Cmd":[|
|00000040| 5d 2c 22 49 6d 61 67 65 22 3a 22 72 61 62 62 69 |],"Image":"rabbi|
|00000050| 74 6d 71 3a 33 2e 36 2e 31 34 22 2c 22 56 6f 6c |tmq:3.6.14","Vol|
|00000060| 75 6d 65 73 22 3a 7b 7d 2c 22 45 78 70 6f 73 65 |umes":{},"Expose|
|00000070| 64 50 6f 72 74 73 22 3a 7b 22 34 33 36 39 2f 74 |dPorts":{"4369/t|
|00000080| 63 70 22 3a 7b 7d 2c 22 35 36 37 31 2f 74 63 70 |cp":{},"5671/tcp|
|00000090| 22 3a 7b 7d 2c 22 35 36 37 32 2f 74 63 70 22 3a |":{},"5672/tcp":|
|000000a0| 7b 7d 2c 22 32 35 36 37 32 2f 74 63 70 22 3a 7b |{},"25672/tcp":{|
|000000b0| 7d 7d 2c 22 48 6f 73 74 43 6f 6e 66 69 67 22 3a |}},"HostConfig":|
|000000c0| 7b 22 42 69 6e 64 73 22 3a 5b 5d 2c 22 45 78 74 |{"Binds":[],"Ext|
|000000d0| 72 61 48 6f 73 74 73 22 3a 5b 5d 2c 22 4c 69 6e |raHosts":[],"Lin|
|000000e0| 6b 73 22 3a 5b 5d 2c 22 50 6f 72 74 42 69 6e 64 |ks":[],"PortBind|
|000000f0| 69 6e 67 73 22 3a 7b 7d 2c 22 50 75 62 6c 69 73 |ings":{},"Publis|
|00000100| 68 41 6c 6c 50 6f 72 74 73 22 3a 74 72 75 65 2c |hAllPorts":true,|
|00000110| 22 56 6f 6c 75 6d 65 73 46 72 6f 6d 22 3a 5b 5d |"VolumesFrom":[]|
|00000120| 7d 2c 22 4c 61 62 65 6c 73 22 3a 7b 22 6f 72 67 |},"Labels":{"org|
|00000130| 2e 74 65 73 74 63 6f 6e 74 61 69 6e 65 72 73 22 |.testcontainers"|
|00000140| 3a 22 74 72 75 65 22 7d 7d                      |:"true"}}       |
+--------+-------------------------------------------------+----------------+
2017-11-27 22:09:18.774 DEBUG 24827 --- [java-netty-1-13] c.g.d.netty.NettyDockerCmdExecFactory$1  : [id: 0x7c97cc82, L:null - R:/var/run/docker.sock] FLUSH
2017-11-27 22:09:18.774 DEBUG 24827 --- [java-netty-1-13] xecFactory$UnixDomainSocketInitializer$3 : [id: 0x7c97cc82, L:null - R:/var/run/docker.sock] FLUSH
2017-11-27 22:09:19.055 DEBUG 24827 --- [java-netty-1-13] xecFactory$UnixDomainSocketInitializer$3 : [id: 0x7c97cc82, L:null - R:/var/run/docker.sock] READ: 300B
         +-------------------------------------------------+
         |  0  1  2  3  4  5  6  7  8  9  a  b  c  d  e  f |
+--------+-------------------------------------------------+----------------+
|00000000| 48 54 54 50 2f 31 2e 31 20 32 30 31 20 43 72 65 |HTTP/1.1 201 Cre|
|00000010| 61 74 65 64 0d 0a 41 70 69 2d 56 65 72 73 69 6f |ated..Api-Versio|
|00000020| 6e 3a 20 31 2e 33 32 0d 0a 43 6f 6e 74 65 6e 74 |n: 1.32..Content|
|00000030| 2d 4c 65 6e 67 74 68 3a 20 39 30 0d 0a 43 6f 6e |-Length: 90..Con|
|00000040| 74 65 6e 74 2d 54 79 70 65 3a 20 61 70 70 6c 69 |tent-Type: appli|
|00000050| 63 61 74 69 6f 6e 2f 6a 73 6f 6e 0d 0a 44 61 74 |cation/json..Dat|
|00000060| 65 3a 20 4d 6f 6e 2c 20 32 37 20 4e 6f 76 20 32 |e: Mon, 27 Nov 2|
|00000070| 30 31 37 20 32 31 3a 30 39 3a 31 35 20 47 4d 54 |017 21:09:15 GMT|
|00000080| 0d 0a 44 6f 63 6b 65 72 2d 45 78 70 65 72 69 6d |..Docker-Experim|
|00000090| 65 6e 74 61 6c 3a 20 66 61 6c 73 65 0d 0a 4f 73 |ental: false..Os|
|000000a0| 74 79 70 65 3a 20 6c 69 6e 75 78 0d 0a 53 65 72 |type: linux..Ser|
|000000b0| 76 65 72 3a 20 44 6f 63 6b 65 72 2f 31 37 2e 30 |ver: Docker/17.0|
|000000c0| 39 2e 30 2d 63 65 20 28 6c 69 6e 75 78 29 0d 0a |9.0-ce (linux)..|
|000000d0| 0d 0a 7b 22 49 64 22 3a 22 38 64 64 31 64 37 64 |..{"Id":"8dd1d7d|
|000000e0| 33 65 31 65 31 64 36 62 64 63 63 36 63 32 66 61 |3e1e1d6bdcc6c2fa|
|000000f0| 66 33 38 64 64 35 31 34 31 37 32 62 62 66 33 62 |f38dd514172bbf3b|
|00000100| 35 31 37 65 33 30 37 36 66 61 37 65 30 39 31 39 |517e3076fa7e0919|
|00000110| 64 62 30 30 36 36 31 38 32 22 2c 22 57 61 72 6e |db0066182","Warn|
|00000120| 69 6e 67 73 22 3a 6e 75 6c 6c 7d 0a             |ings":null}.    |
+--------+-------------------------------------------------+----------------+
2017-11-27 22:09:19.055 DEBUG 24827 --- [java-netty-1-13] c.g.d.netty.NettyDockerCmdExecFactory$1  : [id: 0x7c97cc82, L:null - R:/var/run/docker.sock] READ: DefaultHttpResponse(decodeResult: success, version: HTTP/1.1)
HTTP/1.1 201 Created
Api-Version: 1.32
Content-Length: 90
Content-Type: application/json
Date: Mon, 27 Nov 2017 21:09:15 GMT
Docker-Experimental: false
Ostype: linux
Server: Docker/17.09.0-ce (linux)
2017-11-27 22:09:19.055 DEBUG 24827 --- [java-netty-1-13] c.g.d.netty.NettyDockerCmdExecFactory$1  : [id: 0x7c97cc82, L:null - R:/var/run/docker.sock] READ: DefaultLastHttpContent(data: PooledSlicedByteBuf(ridx: 0, widx: 90, cap: 90/90, unwrapped: PooledUnsafeDirectByteBuf(ridx: 300, widx: 300, cap: 1024)), decoderResult: success), 90B
         +-------------------------------------------------+
         |  0  1  2  3  4  5  6  7  8  9  a  b  c  d  e  f |
+--------+-------------------------------------------------+----------------+
|00000000| 7b 22 49 64 22 3a 22 38 64 64 31 64 37 64 33 65 |{"Id":"8dd1d7d3e|
|00000010| 31 65 31 64 36 62 64 63 63 36 63 32 66 61 66 33 |1e1d6bdcc6c2faf3|
|00000020| 38 64 64 35 31 34 31 37 32 62 62 66 33 62 35 31 |8dd514172bbf3b51|
|00000030| 37 65 33 30 37 36 66 61 37 65 30 39 31 39 64 62 |7e3076fa7e0919db|
|00000040| 30 30 36 36 31 38 32 22 2c 22 57 61 72 6e 69 6e |0066182","Warnin|
|00000050| 67 73 22 3a 6e 75 6c 6c 7d 0a                   |gs":null}.      |
+--------+-------------------------------------------------+----------------+
2017-11-27 22:09:19.056 DEBUG 24827 --- [java-netty-1-13] c.g.d.netty.NettyDockerCmdExecFactory$1  : [id: 0x7c97cc82, L:null - R:/var/run/docker.sock] CLOSE
2017-11-27 22:09:19.056 DEBUG 24827 --- [java-netty-1-13] xecFactory$UnixDomainSocketInitializer$3 : [id: 0x7c97cc82, L:null - R:/var/run/docker.sock] CLOSE
2017-11-27 22:09:19.056 DEBUG 24827 --- [java-netty-1-13] xecFactory$UnixDomainSocketInitializer$3 : [id: 0x7c97cc82, L:null ! R:/var/run/docker.sock] READ COMPLETE
2017-11-27 22:09:19.056 DEBUG 24827 --- [java-netty-1-13] c.g.d.netty.NettyDockerCmdExecFactory$1  : [id: 0x7c97cc82, L:null ! R:/var/run/docker.sock] READ COMPLETE
2017-11-27 22:09:19.056 DEBUG 24827 --- [java-netty-1-13] xecFactory$UnixDomainSocketInitializer$3 : [id: 0x7c97cc82, L:null ! R:/var/run/docker.sock] INACTIVE
2017-11-27 22:09:19.056  INFO 24827 --- [           main] 🐳 [rabbitmq:3.6.14]                     : Starting container with ID: 8dd1d7d3e1e1d6bdcc6c2faf38dd514172bbf3b517e3076fa7e0919db0066182
2017-11-27 22:09:19.056 DEBUG 24827 --- [java-netty-1-13] c.g.d.netty.NettyDockerCmdExecFactory$1  : [id: 0x7c97cc82, L:null ! R:/var/run/docker.sock] INACTIVE
2017-11-27 22:09:19.056 DEBUG 24827 --- [java-netty-1-13] xecFactory$UnixDomainSocketInitializer$3 : [id: 0x7c97cc82, L:null ! R:/var/run/docker.sock] UNREGISTERED
2017-11-27 22:09:19.056 DEBUG 24827 --- [java-netty-1-13] c.g.d.netty.NettyDockerCmdExecFactory$1  : [id: 0x7c97cc82, L:null ! R:/var/run/docker.sock] UNREGISTERED
2017-11-27 22:09:19.056 DEBUG 24827 --- [           main] c.g.d.core.command.AbstrDockerCmd        : Cmd: 8dd1d7d3e1e1d6bdcc6c2faf38dd514172bbf3b517e3076fa7e0919db0066182,com.github.dockerjava.netty.exec.StartContainerCmdExec@151732fb
2017-11-27 22:09:19.057 DEBUG 24827 --- [java-netty-1-14] xecFactory$UnixDomainSocketInitializer$3 : [id: 0xb3f572f5] REGISTERED
2017-11-27 22:09:19.057 DEBUG 24827 --- [java-netty-1-14] xecFactory$UnixDomainSocketInitializer$3 : [id: 0xb3f572f5] CONNECT: /var/run/docker.sock
2017-11-27 22:09:19.057 DEBUG 24827 --- [java-netty-1-14] xecFactory$UnixDomainSocketInitializer$3 : [id: 0xb3f572f5, L:null - R:/var/run/docker.sock] ACTIVE
2017-11-27 22:09:19.058 DEBUG 24827 --- [java-netty-1-14] c.g.d.netty.NettyDockerCmdExecFactory$1  : [id: 0xb3f572f5, L:null - R:/var/run/docker.sock] WRITE: DefaultFullHttpRequest(decodeResult: success, version: HTTP/1.1, content: UnpooledByteBufAllocator$InstrumentedUnpooledUnsafeHeapByteBuf(ridx: 0, widx: 2, cap: 64))
POST /containers/8dd1d7d3e1e1d6bdcc6c2faf38dd514172bbf3b517e3076fa7e0919db0066182/start HTTP/1.1
content-type: application/json
content-length: 2
host:
connection: keep-alive
accept-encoding: gzip
accept: application/json, 2B
         +-------------------------------------------------+
         |  0  1  2  3  4  5  6  7  8  9  a  b  c  d  e  f |
+--------+-------------------------------------------------+----------------+
|00000000| 7b 7d                                           |{}              |
+--------+-------------------------------------------------+----------------+
2017-11-27 22:09:19.058 DEBUG 24827 --- [java-netty-1-14] xecFactory$UnixDomainSocketInitializer$3 : [id: 0xb3f572f5, L:null - R:/var/run/docker.sock] WRITE: 234B
         +-------------------------------------------------+
         |  0  1  2  3  4  5  6  7  8  9  a  b  c  d  e  f |
+--------+-------------------------------------------------+----------------+
|00000000| 50 4f 53 54 20 2f 63 6f 6e 74 61 69 6e 65 72 73 |POST /containers|
|00000010| 2f 38 64 64 31 64 37 64 33 65 31 65 31 64 36 62 |/8dd1d7d3e1e1d6b|
|00000020| 64 63 63 36 63 32 66 61 66 33 38 64 64 35 31 34 |dcc6c2faf38dd514|
|00000030| 31 37 32 62 62 66 33 62 35 31 37 65 33 30 37 36 |172bbf3b517e3076|
|00000040| 66 61 37 65 30 39 31 39 64 62 30 30 36 36 31 38 |fa7e0919db006618|
|00000050| 32 2f 73 74 61 72 74 20 48 54 54 50 2f 31 2e 31 |2/start HTTP/1.1|
|00000060| 0d 0a 63 6f 6e 74 65 6e 74 2d 74 79 70 65 3a 20 |..content-type: |
|00000070| 61 70 70 6c 69 63 61 74 69 6f 6e 2f 6a 73 6f 6e |application/json|
|00000080| 0d 0a 63 6f 6e 74 65 6e 74 2d 6c 65 6e 67 74 68 |..content-length|
|00000090| 3a 20 32 0d 0a 68 6f 73 74 3a 20 0d 0a 63 6f 6e |: 2..host: ..con|
|000000a0| 6e 65 63 74 69 6f 6e 3a 20 6b 65 65 70 2d 61 6c |nection: keep-al|
|000000b0| 69 76 65 0d 0a 61 63 63 65 70 74 2d 65 6e 63 6f |ive..accept-enco|
|000000c0| 64 69 6e 67 3a 20 67 7a 69 70 0d 0a 61 63 63 65 |ding: gzip..acce|
|000000d0| 70 74 3a 20 61 70 70 6c 69 63 61 74 69 6f 6e 2f |pt: application/|
|000000e0| 6a 73 6f 6e 0d 0a 0d 0a 7b 7d                   |json....{}      |
+--------+-------------------------------------------------+----------------+
2017-11-27 22:09:19.058 DEBUG 24827 --- [java-netty-1-14] c.g.d.netty.NettyDockerCmdExecFactory$1  : [id: 0xb3f572f5, L:null - R:/var/run/docker.sock] FLUSH
2017-11-27 22:09:19.058 DEBUG 24827 --- [java-netty-1-14] xecFactory$UnixDomainSocketInitializer$3 : [id: 0xb3f572f5, L:null - R:/var/run/docker.sock] FLUSH
2017-11-27 22:09:19.504 DEBUG 24827 --- [java-netty-1-14] xecFactory$UnixDomainSocketInitializer$3 : [id: 0xb3f572f5, L:null - R:/var/run/docker.sock] READ: 161B
         +-------------------------------------------------+
         |  0  1  2  3  4  5  6  7  8  9  a  b  c  d  e  f |
+--------+-------------------------------------------------+----------------+
|00000000| 48 54 54 50 2f 31 2e 31 20 32 30 34 20 4e 6f 20 |HTTP/1.1 204 No |
|00000010| 43 6f 6e 74 65 6e 74 0d 0a 41 70 69 2d 56 65 72 |Content..Api-Ver|
|00000020| 73 69 6f 6e 3a 20 31 2e 33 32 0d 0a 44 61 74 65 |sion: 1.32..Date|
|00000030| 3a 20 4d 6f 6e 2c 20 32 37 20 4e 6f 76 20 32 30 |: Mon, 27 Nov 20|
|00000040| 31 37 20 32 31 3a 30 39 3a 31 36 20 47 4d 54 0d |17 21:09:16 GMT.|
|00000050| 0a 44 6f 63 6b 65 72 2d 45 78 70 65 72 69 6d 65 |.Docker-Experime|
|00000060| 6e 74 61 6c 3a 20 66 61 6c 73 65 0d 0a 4f 73 74 |ntal: false..Ost|
|00000070| 79 70 65 3a 20 6c 69 6e 75 78 0d 0a 53 65 72 76 |ype: linux..Serv|
|00000080| 65 72 3a 20 44 6f 63 6b 65 72 2f 31 37 2e 30 39 |er: Docker/17.09|
|00000090| 2e 30 2d 63 65 20 28 6c 69 6e 75 78 29 0d 0a 0d |.0-ce (linux)...|
|000000a0| 0a                                              |.               |
+--------+-------------------------------------------------+----------------+
2017-11-27 22:09:19.505 DEBUG 24827 --- [java-netty-1-14] c.g.d.netty.NettyDockerCmdExecFactory$1  : [id: 0xb3f572f5, L:null - R:/var/run/docker.sock] READ: DefaultHttpResponse(decodeResult: success, version: HTTP/1.1)
HTTP/1.1 204 No Content
Api-Version: 1.32
Date: Mon, 27 Nov 2017 21:09:16 GMT
Docker-Experimental: false
Ostype: linux
Server: Docker/17.09.0-ce (linux)
2017-11-27 22:09:19.505 DEBUG 24827 --- [java-netty-1-14] c.g.d.netty.NettyDockerCmdExecFactory$1  : [id: 0xb3f572f5, L:null - R:/var/run/docker.sock] READ, EmptyLastHttpContent, 0B
2017-11-27 22:09:19.505 DEBUG 24827 --- [java-netty-1-14] c.g.d.netty.NettyDockerCmdExecFactory$1  : [id: 0xb3f572f5, L:null - R:/var/run/docker.sock] CLOSE
2017-11-27 22:09:19.505 DEBUG 24827 --- [java-netty-1-14] xecFactory$UnixDomainSocketInitializer$3 : [id: 0xb3f572f5, L:null - R:/var/run/docker.sock] CLOSE
2017-11-27 22:09:19.505  INFO 24827 --- [           main] 🐳 [rabbitmq:3.6.14]                     : Container rabbitmq:3.6.14 is starting: 8dd1d7d3e1e1d6bdcc6c2faf38dd514172bbf3b517e3076fa7e0919db0066182
2017-11-27 22:09:19.505 DEBUG 24827 --- [           main] c.g.d.core.command.AbstrDockerCmd        : Cmd: 8dd1d7d3e1e1d6bdcc6c2faf38dd514172bbf3b517e3076fa7e0919db0066182,false,com.github.dockerjava.netty.exec.InspectContainerCmdExec@729c8063
2017-11-27 22:09:19.505 DEBUG 24827 --- [java-netty-1-14] xecFactory$UnixDomainSocketInitializer$3 : [id: 0xb3f572f5, L:null ! R:/var/run/docker.sock] READ COMPLETE
2017-11-27 22:09:19.505 DEBUG 24827 --- [java-netty-1-14] c.g.d.netty.NettyDockerCmdExecFactory$1  : [id: 0xb3f572f5, L:null ! R:/var/run/docker.sock] READ COMPLETE
2017-11-27 22:09:19.505 DEBUG 24827 --- [java-netty-1-14] xecFactory$UnixDomainSocketInitializer$3 : [id: 0xb3f572f5, L:null ! R:/var/run/docker.sock] INACTIVE
2017-11-27 22:09:19.505 DEBUG 24827 --- [           main] c.g.d.n.exec.InspectContainerCmdExec     : GET: com.github.dockerjava.netty.WebTarget@985707a9
2017-11-27 22:09:19.505 DEBUG 24827 --- [java-netty-1-14] c.g.d.netty.NettyDockerCmdExecFactory$1  : [id: 0xb3f572f5, L:null ! R:/var/run/docker.sock] INACTIVE
2017-11-27 22:09:19.505 DEBUG 24827 --- [java-netty-1-14] xecFactory$UnixDomainSocketInitializer$3 : [id: 0xb3f572f5, L:null ! R:/var/run/docker.sock] UNREGISTERED
2017-11-27 22:09:19.505 DEBUG 24827 --- [java-netty-1-14] c.g.d.netty.NettyDockerCmdExecFactory$1  : [id: 0xb3f572f5, L:null ! R:/var/run/docker.sock] UNREGISTERED
2017-11-27 22:09:19.506 DEBUG 24827 --- [java-netty-1-15] xecFactory$UnixDomainSocketInitializer$3 : [id: 0x3e2031b4] REGISTERED
2017-11-27 22:09:19.506 DEBUG 24827 --- [java-netty-1-15] xecFactory$UnixDomainSocketInitializer$3 : [id: 0x3e2031b4] CONNECT: /var/run/docker.sock
2017-11-27 22:09:19.506 DEBUG 24827 --- [java-netty-1-15] xecFactory$UnixDomainSocketInitializer$3 : [id: 0x3e2031b4, L:null - R:/var/run/docker.sock] ACTIVE
2017-11-27 22:09:19.506 DEBUG 24827 --- [java-netty-1-15] c.g.d.netty.NettyDockerCmdExecFactory$1  : [id: 0x3e2031b4, L:null - R:/var/run/docker.sock] WRITE, DefaultFullHttpRequest(decodeResult: success, version: HTTP/1.1, content: UnpooledByteBufAllocator$InstrumentedUnpooledUnsafeHeapByteBuf(ridx: 0, widx: 0, cap: 0))
GET /containers/8dd1d7d3e1e1d6bdcc6c2faf38dd514172bbf3b517e3076fa7e0919db0066182/json HTTP/1.1
host:
connection: keep-alive
accept-encoding: gzip
accept: application/json, 0B
2017-11-27 22:09:19.506 DEBUG 24827 --- [java-netty-1-15] xecFactory$UnixDomainSocketInitializer$3 : [id: 0x3e2031b4, L:null - R:/var/run/docker.sock] WRITE: 179B
         +-------------------------------------------------+
         |  0  1  2  3  4  5  6  7  8  9  a  b  c  d  e  f |
+--------+-------------------------------------------------+----------------+
|00000000| 47 45 54 20 2f 63 6f 6e 74 61 69 6e 65 72 73 2f |GET /containers/|
|00000010| 38 64 64 31 64 37 64 33 65 31 65 31 64 36 62 64 |8dd1d7d3e1e1d6bd|
|00000020| 63 63 36 63 32 66 61 66 33 38 64 64 35 31 34 31 |cc6c2faf38dd5141|
|00000030| 37 32 62 62 66 33 62 35 31 37 65 33 30 37 36 66 |72bbf3b517e3076f|
|00000040| 61 37 65 30 39 31 39 64 62 30 30 36 36 31 38 32 |a7e0919db0066182|
|00000050| 2f 6a 73 6f 6e 20 48 54 54 50 2f 31 2e 31 0d 0a |/json HTTP/1.1..|
|00000060| 68 6f 73 74 3a 20 0d 0a 63 6f 6e 6e 65 63 74 69 |host: ..connecti|
|00000070| 6f 6e 3a 20 6b 65 65 70 2d 61 6c 69 76 65 0d 0a |on: keep-alive..|
|00000080| 61 63 63 65 70 74 2d 65 6e 63 6f 64 69 6e 67 3a |accept-encoding:|
|00000090| 20 67 7a 69 70 0d 0a 61 63 63 65 70 74 3a 20 61 | gzip..accept: a|
|000000a0| 70 70 6c 69 63 61 74 69 6f 6e 2f 6a 73 6f 6e 0d |pplication/json.|
|000000b0| 0a 0d 0a                                        |...             |
+--------+-------------------------------------------------+----------------+
2017-11-27 22:09:19.506 DEBUG 24827 --- [java-netty-1-15] c.g.d.netty.NettyDockerCmdExecFactory$1  : [id: 0x3e2031b4, L:null - R:/var/run/docker.sock] FLUSH
2017-11-27 22:09:19.506 DEBUG 24827 --- [java-netty-1-15] xecFactory$UnixDomainSocketInitializer$3 : [id: 0x3e2031b4, L:null - R:/var/run/docker.sock] FLUSH
2017-11-27 22:09:19.508 DEBUG 24827 --- [java-netty-1-15] xecFactory$UnixDomainSocketInitializer$3 : [id: 0x3e2031b4, L:null - R:/var/run/docker.sock] READ: 1024B
         +-------------------------------------------------+
         |  0  1  2  3  4  5  6  7  8  9  a  b  c  d  e  f |
+--------+-------------------------------------------------+----------------+
|00000000| 48 54 54 50 2f 31 2e 31 20 32 30 30 20 4f 4b 0d |HTTP/1.1 200 OK.|
|00000010| 0a 41 70 69 2d 56 65 72 73 69 6f 6e 3a 20 31 2e |.Api-Version: 1.|
|00000020| 33 32 0d 0a 43 6f 6e 74 65 6e 74 2d 54 79 70 65 |32..Content-Type|
|00000030| 3a 20 61 70 70 6c 69 63 61 74 69 6f 6e 2f 6a 73 |: application/js|
|00000040| 6f 6e 0d 0a 44 61 74 65 3a 20 4d 6f 6e 2c 20 32 |on..Date: Mon, 2|
|00000050| 37 20 4e 6f 76 20 32 30 31 37 20 32 31 3a 30 39 |7 Nov 2017 21:09|
|00000060| 3a 31 36 20 47 4d 54 0d 0a 44 6f 63 6b 65 72 2d |:16 GMT..Docker-|
|00000070| 45 78 70 65 72 69 6d 65 6e 74 61 6c 3a 20 66 61 |Experimental: fa|
|00000080| 6c 73 65 0d 0a 4f 73 74 79 70 65 3a 20 6c 69 6e |lse..Ostype: lin|
|00000090| 75 78 0d 0a 53 65 72 76 65 72 3a 20 44 6f 63 6b |ux..Server: Dock|
|000000a0| 65 72 2f 31 37 2e 30 39 2e 30 2d 63 65 20 28 6c |er/17.09.0-ce (l|
|000000b0| 69 6e 75 78 29 0d 0a 54 72 61 6e 73 66 65 72 2d |inux)..Transfer-|
|000000c0| 45 6e 63 6f 64 69 6e 67 3a 20 63 68 75 6e 6b 65 |Encoding: chunke|
|000000d0| 64 0d 0a 0d 0a 31 32 36 65 0d 0a 7b 22 49 64 22 |d....126e..{"Id"|
|000000e0| 3a 22 38 64 64 31 64 37 64 33 65 31 65 31 64 36 |:"8dd1d7d3e1e1d6|
|000000f0| 62 64 63 63 36 63 32 66 61 66 33 38 64 64 35 31 |bdcc6c2faf38dd51|
|00000100| 34 31 37 32 62 62 66 33 62 35 31 37 65 33 30 37 |4172bbf3b517e307|
|00000110| 36 66 61 37 65 30 39 31 39 64 62 30 30 36 36 31 |6fa7e0919db00661|
|00000120| 38 32 22 2c 22 43 72 65 61 74 65 64 22 3a 22 32 |82","Created":"2|
|00000130| 30 31 37 2d 31 31 2d 32 37 54 32 31 3a 30 39 3a |017-11-27T21:09:|
|00000140| 31 35 2e 33 32 38 36 33 37 36 38 32 5a 22 2c 22 |15.328637682Z","|
|00000150| 50 61 74 68 22 3a 22 64 6f 63 6b 65 72 2d 65 6e |Path":"docker-en|
|00000160| 74 72 79 70 6f 69 6e 74 2e 73 68 22 2c 22 41 72 |trypoint.sh","Ar|
|00000170| 67 73 22 3a 5b 22 72 61 62 62 69 74 6d 71 2d 73 |gs":["rabbitmq-s|
|00000180| 65 72 76 65 72 22 5d 2c 22 53 74 61 74 65 22 3a |erver"],"State":|
|00000190| 7b 22 53 74 61 74 75 73 22 3a 22 72 75 6e 6e 69 |{"Status":"runni|
|000001a0| 6e 67 22 2c 22 52 75 6e 6e 69 6e 67 22 3a 74 72 |ng","Running":tr|
|000001b0| 75 65 2c 22 50 61 75 73 65 64 22 3a 66 61 6c 73 |ue,"Paused":fals|
|000001c0| 65 2c 22 52 65 73 74 61 72 74 69 6e 67 22 3a 66 |e,"Restarting":f|
|000001d0| 61 6c 73 65 2c 22 4f 4f 4d 4b 69 6c 6c 65 64 22 |alse,"OOMKilled"|
|000001e0| 3a 66 61 6c 73 65 2c 22 44 65 61 64 22 3a 66 61 |:false,"Dead":fa|
|000001f0| 6c 73 65 2c 22 50 69 64 22 3a 31 36 34 37 34 2c |lse,"Pid":16474,|
|00000200| 22 45 78 69 74 43 6f 64 65 22 3a 30 2c 22 45 72 |"ExitCode":0,"Er|
|00000210| 72 6f 72 22 3a 22 22 2c 22 53 74 61 72 74 65 64 |ror":"","Started|
|00000220| 41 74 22 3a 22 32 30 31 37 2d 31 31 2d 32 37 54 |At":"2017-11-27T|
|00000230| 32 31 3a 30 39 3a 31 36 2e 30 34 35 35 37 38 30 |21:09:16.0455780|
|00000240| 34 39 5a 22 2c 22 46 69 6e 69 73 68 65 64 41 74 |49Z","FinishedAt|
|00000250| 22 3a 22 30 30 30 31 2d 30 31 2d 30 31 54 30 30 |":"0001-01-01T00|
|00000260| 3a 30 30 3a 30 30 5a 22 7d 2c 22 49 6d 61 67 65 |:00:00Z"},"Image|
|00000270| 22 3a 22 73 68 61 32 35 36 3a 37 39 61 30 30 38 |":"sha256:79a008|
|00000280| 62 32 35 39 36 32 65 31 61 31 34 33 65 30 32 62 |b25962e1a143e02b|
|00000290| 33 37 31 38 37 66 38 35 35 63 62 32 32 34 65 32 |37187f855cb224e2|
|000002a0| 32 30 33 62 39 34 63 63 39 66 38 37 65 38 31 66 |203b94cc9f87e81f|
|000002b0| 65 32 37 35 36 36 30 63 39 64 22 2c 22 52 65 73 |e275660c9d","Res|
|000002c0| 6f 6c 76 43 6f 6e 66 50 61 74 68 22 3a 22 2f 76 |olvConfPath":"/v|
|000002d0| 61 72 2f 6c 69 62 2f 64 6f 63 6b 65 72 2f 63 6f |ar/lib/docker/co|
|000002e0| 6e 74 61 69 6e 65 72 73 2f 38 64 64 31 64 37 64 |ntainers/8dd1d7d|
|000002f0| 33 65 31 65 31 64 36 62 64 63 63 36 63 32 66 61 |3e1e1d6bdcc6c2fa|
|00000300| 66 33 38 64 64 35 31 34 31 37 32 62 62 66 33 62 |f38dd514172bbf3b|
|00000310| 35 31 37 65 33 30 37 36 66 61 37 65 30 39 31 39 |517e3076fa7e0919|
|00000320| 64 62 30 30 36 36 31 38 32 2f 72 65 73 6f 6c 76 |db0066182/resolv|
|00000330| 2e 63 6f 6e 66 22 2c 22 48 6f 73 74 6e 61 6d 65 |.conf","Hostname|
|00000340| 50 61 74 68 22 3a 22 2f 76 61 72 2f 6c 69 62 2f |Path":"/var/lib/|
|00000350| 64 6f 63 6b 65 72 2f 63 6f 6e 74 61 69 6e 65 72 |docker/container|
|00000360| 73 2f 38 64 64 31 64 37 64 33 65 31 65 31 64 36 |s/8dd1d7d3e1e1d6|
|00000370| 62 64 63 63 36 63 32 66 61 66 33 38 64 64 35 31 |bdcc6c2faf38dd51|
|00000380| 34 31 37 32 62 62 66 33 62 35 31 37 65 33 30 37 |4172bbf3b517e307|
|00000390| 36 66 61 37 65 30 39 31 39 64 62 30 30 36 36 31 |6fa7e0919db00661|
|000003a0| 38 32 2f 68 6f 73 74 6e 61 6d 65 22 2c 22 48 6f |82/hostname","Ho|
|000003b0| 73 74 73 50 61 74 68 22 3a 22 2f 76 61 72 2f 6c |stsPath":"/var/l|
|000003c0| 69 62 2f 64 6f 63 6b 65 72 2f 63 6f 6e 74 61 69 |ib/docker/contai|
|000003d0| 6e 65 72 73 2f 38 64 64 31 64 37 64 33 65 31 65 |ners/8dd1d7d3e1e|
|000003e0| 31 64 36 62 64 63 63 36 63 32 66 61 66 33 38 64 |1d6bdcc6c2faf38d|
|000003f0| 64 35 31 34 31 37 32 62 62 66 33 62 35 31 37 65 |d514172bbf3b517e|
+--------+-------------------------------------------------+----------------+
2017-11-27 22:09:19.508 DEBUG 24827 --- [java-netty-1-15] c.g.d.netty.NettyDockerCmdExecFactory$1  : [id: 0x3e2031b4, L:null - R:/var/run/docker.sock] READ: DefaultHttpResponse(decodeResult: success, version: HTTP/1.1)
HTTP/1.1 200 OK
Api-Version: 1.32
Content-Type: application/json
Date: Mon, 27 Nov 2017 21:09:16 GMT
Docker-Experimental: false
Ostype: linux
Server: Docker/17.09.0-ce (linux)
Transfer-Encoding: chunked
2017-11-27 22:09:19.508 DEBUG 24827 --- [java-netty-1-15] c.g.d.netty.NettyDockerCmdExecFactory$1  : [id: 0x3e2031b4, L:null - R:/var/run/docker.sock] READ: DefaultHttpContent(data: PooledSlicedByteBuf(ridx: 0, widx: 805, cap: 805/805, unwrapped: PooledUnsafeDirectByteBuf(ridx: 1024, widx: 1024, cap: 1024)), decoderResult: success), 805B
         +-------------------------------------------------+
         |  0  1  2  3  4  5  6  7  8  9  a  b  c  d  e  f |
+--------+-------------------------------------------------+----------------+
|00000000| 7b 22 49 64 22 3a 22 38 64 64 31 64 37 64 33 65 |{"Id":"8dd1d7d3e|
|00000010| 31 65 31 64 36 62 64 63 63 36 63 32 66 61 66 33 |1e1d6bdcc6c2faf3|
|00000020| 38 64 64 35 31 34 31 37 32 62 62 66 33 62 35 31 |8dd514172bbf3b51|
|00000030| 37 65 33 30 37 36 66 61 37 65 30 39 31 39 64 62 |7e3076fa7e0919db|
|00000040| 30 30 36 36 31 38 32 22 2c 22 43 72 65 61 74 65 |0066182","Create|
|00000050| 64 22 3a 22 32 30 31 37 2d 31 31 2d 32 37 54 32 |d":"2017-11-27T2|
|00000060| 31 3a 30 39 3a 31 35 2e 33 32 38 36 33 37 36 38 |1:09:15.32863768|
|00000070| 32 5a 22 2c 22 50 61 74 68 22 3a 22 64 6f 63 6b |2Z","Path":"dock|
|00000080| 65 72 2d 65 6e 74 72 79 70 6f 69 6e 74 2e 73 68 |er-entrypoint.sh|
|00000090| 22 2c 22 41 72 67 73 22 3a 5b 22 72 61 62 62 69 |","Args":["rabbi|
|000000a0| 74 6d 71 2d 73 65 72 76 65 72 22 5d 2c 22 53 74 |tmq-server"],"St|
|000000b0| 61 74 65 22 3a 7b 22 53 74 61 74 75 73 22 3a 22 |ate":{"Status":"|
|000000c0| 72 75 6e 6e 69 6e 67 22 2c 22 52 75 6e 6e 69 6e |running","Runnin|
|000000d0| 67 22 3a 74 72 75 65 2c 22 50 61 75 73 65 64 22 |g":true,"Paused"|
|000000e0| 3a 66 61 6c 73 65 2c 22 52 65 73 74 61 72 74 69 |:false,"Restarti|
|000000f0| 6e 67 22 3a 66 61 6c 73 65 2c 22 4f 4f 4d 4b 69 |ng":false,"OOMKi|
|00000100| 6c 6c 65 64 22 3a 66 61 6c 73 65 2c 22 44 65 61 |lled":false,"Dea|
|00000110| 64 22 3a 66 61 6c 73 65 2c 22 50 69 64 22 3a 31 |d":false,"Pid":1|
|00000120| 36 34 37 34 2c 22 45 78 69 74 43 6f 64 65 22 3a |6474,"ExitCode":|
|00000130| 30 2c 22 45 72 72 6f 72 22 3a 22 22 2c 22 53 74 |0,"Error":"","St|
|00000140| 61 72 74 65 64 41 74 22 3a 22 32 30 31 37 2d 31 |artedAt":"2017-1|
|00000150| 31 2d 32 37 54 32 31 3a 30 39 3a 31 36 2e 30 34 |1-27T21:09:16.04|
|00000160| 35 35 37 38 30 34 39 5a 22 2c 22 46 69 6e 69 73 |5578049Z","Finis|
|00000170| 68 65 64 41 74 22 3a 22 30 30 30 31 2d 30 31 2d |hedAt":"0001-01-|
|00000180| 30 31 54 30 30 3a 30 30 3a 30 30 5a 22 7d 2c 22 |01T00:00:00Z"},"|
|00000190| 49 6d 61 67 65 22 3a 22 73 68 61 32 35 36 3a 37 |Image":"sha256:7|
|000001a0| 39 61 30 30 38 62 32 35 39 36 32 65 31 61 31 34 |9a008b25962e1a14|
|000001b0| 33 65 30 32 62 33 37 31 38 37 66 38 35 35 63 62 |3e02b37187f855cb|
|000001c0| 32 32 34 65 32 32 30 33 62 39 34 63 63 39 66 38 |224e2203b94cc9f8|
|000001d0| 37 65 38 31 66 65 32 37 35 36 36 30 63 39 64 22 |7e81fe275660c9d"|
|000001e0| 2c 22 52 65 73 6f 6c 76 43 6f 6e 66 50 61 74 68 |,"ResolvConfPath|
|000001f0| 22 3a 22 2f 76 61 72 2f 6c 69 62 2f 64 6f 63 6b |":"/var/lib/dock|
|00000200| 65 72 2f 63 6f 6e 74 61 69 6e 65 72 73 2f 38 64 |er/containers/8d|
|00000210| 64 31 64 37 64 33 65 31 65 31 64 36 62 64 63 63 |d1d7d3e1e1d6bdcc|
|00000220| 36 63 32 66 61 66 33 38 64 64 35 31 34 31 37 32 |6c2faf38dd514172|
|00000230| 62 62 66 33 62 35 31 37 65 33 30 37 36 66 61 37 |bbf3b517e3076fa7|
|00000240| 65 30 39 31 39 64 62 30 30 36 36 31 38 32 2f 72 |e0919db0066182/r|
|00000250| 65 73 6f 6c 76 2e 63 6f 6e 66 22 2c 22 48 6f 73 |esolv.conf","Hos|
|00000260| 74 6e 61 6d 65 50 61 74 68 22 3a 22 2f 76 61 72 |tnamePath":"/var|
|00000270| 2f 6c 69 62 2f 64 6f 63 6b 65 72 2f 63 6f 6e 74 |/lib/docker/cont|
|00000280| 61 69 6e 65 72 73 2f 38 64 64 31 64 37 64 33 65 |ainers/8dd1d7d3e|
|00000290| 31 65 31 64 36 62 64 63 63 36 63 32 66 61 66 33 |1e1d6bdcc6c2faf3|
|000002a0| 38 64 64 35 31 34 31 37 32 62 62 66 33 62 35 31 |8dd514172bbf3b51|
|000002b0| 37 65 33 30 37 36 66 61 37 65 30 39 31 39 64 62 |7e3076fa7e0919db|
|000002c0| 30 30 36 36 31 38 32 2f 68 6f 73 74 6e 61 6d 65 |0066182/hostname|
|000002d0| 22 2c 22 48 6f 73 74 73 50 61 74 68 22 3a 22 2f |","HostsPath":"/|
|000002e0| 76 61 72 2f 6c 69 62 2f 64 6f 63 6b 65 72 2f 63 |var/lib/docker/c|
|000002f0| 6f 6e 74 61 69 6e 65 72 73 2f 38 64 64 31 64 37 |ontainers/8dd1d7|
|00000300| 64 33 65 31 65 31 64 36 62 64 63 63 36 63 32 66 |d3e1e1d6bdcc6c2f|
|00000310| 61 66 33 38 64 64 35 31 34 31 37 32 62 62 66 33 |af38dd514172bbf3|
|00000320| 62 35 31 37 65                                  |b517e           |
+--------+-------------------------------------------------+----------------+
2017-11-27 22:09:19.509 DEBUG 24827 --- [java-netty-1-15] xecFactory$UnixDomainSocketInitializer$3 : [id: 0x3e2031b4, L:null - R:/var/run/docker.sock] READ COMPLETE
2017-11-27 22:09:19.509 DEBUG 24827 --- [java-netty-1-15] c.g.d.netty.NettyDockerCmdExecFactory$1  : [id: 0x3e2031b4, L:null - R:/var/run/docker.sock] READ COMPLETE
2017-11-27 22:09:19.509 DEBUG 24827 --- [java-netty-1-15] xecFactory$UnixDomainSocketInitializer$3 : [id: 0x3e2031b4, L:null - R:/var/run/docker.sock] READ: 3920B
         +-------------------------------------------------+
         |  0  1  2  3  4  5  6  7  8  9  a  b  c  d  e  f |
+--------+-------------------------------------------------+----------------+
|00000000| 33 30 37 36 66 61 37 65 30 39 31 39 64 62 30 30 |3076fa7e0919db00|
|00000010| 36 36 31 38 32 2f 68 6f 73 74 73 22 2c 22 4c 6f |66182/hosts","Lo|
|00000020| 67 50 61 74 68 22 3a 22 2f 76 61 72 2f 6c 69 62 |gPath":"/var/lib|
|00000030| 2f 64 6f 63 6b 65 72 2f 63 6f 6e 74 61 69 6e 65 |/docker/containe|
|00000040| 72 73 2f 38 64 64 31 64 37 64 33 65 31 65 31 64 |rs/8dd1d7d3e1e1d|
|00000050| 36 62 64 63 63 36 63 32 66 61 66 33 38 64 64 35 |6bdcc6c2faf38dd5|
|00000060| 31 34 31 37 32 62 62 66 33 62 35 31 37 65 33 30 |14172bbf3b517e30|
|00000070| 37 36 66 61 37 65 30 39 31 39 64 62 30 30 36 36 |76fa7e0919db0066|
|00000080| 31 38 32 2f 38 64 64 31 64 37 64 33 65 31 65 31 |182/8dd1d7d3e1e1|
|00000090| 64 36 62 64 63 63 36 63 32 66 61 66 33 38 64 64 |d6bdcc6c2faf38dd|
|000000a0| 35 31 34 31 37 32 62 62 66 33 62 35 31 37 65 33 |514172bbf3b517e3|
|000000b0| 30 37 36 66 61 37 65 30 39 31 39 64 62 30 30 36 |076fa7e0919db006|
|000000c0| 36 31 38 32 2d 6a 73 6f 6e 2e 6c 6f 67 22 2c 22 |6182-json.log","|
|000000d0| 4e 61 6d 65 22 3a 22 2f 74 72 75 73 74 69 6e 67 |Name":"/trusting|
|000000e0| 5f 6e 6f 65 74 68 65 72 22 2c 22 52 65 73 74 61 |_noether","Resta|
|000000f0| 72 74 43 6f 75 6e 74 22 3a 30 2c 22 44 72 69 76 |rtCount":0,"Driv|
|00000100| 65 72 22 3a 22 61 75 66 73 22 2c 22 50 6c 61 74 |er":"aufs","Plat|
|00000110| 66 6f 72 6d 22 3a 22 6c 69 6e 75 78 22 2c 22 4d |form":"linux","M|
|00000120| 6f 75 6e 74 4c 61 62 65 6c 22 3a 22 22 2c 22 50 |ountLabel":"","P|
|00000130| 72 6f 63 65 73 73 4c 61 62 65 6c 22 3a 22 22 2c |rocessLabel":"",|
|00000140| 22 41 70 70 41 72 6d 6f 72 50 72 6f 66 69 6c 65 |"AppArmorProfile|
|00000150| 22 3a 22 22 2c 22 45 78 65 63 49 44 73 22 3a 6e |":"","ExecIDs":n|
|00000160| 75 6c 6c 2c 22 48 6f 73 74 43 6f 6e 66 69 67 22 |ull,"HostConfig"|
|00000170| 3a 7b 22 42 69 6e 64 73 22 3a 5b 5d 2c 22 43 6f |:{"Binds":[],"Co|
|00000180| 6e 74 61 69 6e 65 72 49 44 46 69 6c 65 22 3a 22 |ntainerIDFile":"|
|00000190| 22 2c 22 4c 6f 67 43 6f 6e 66 69 67 22 3a 7b 22 |","LogConfig":{"|
|000001a0| 54 79 70 65 22 3a 22 6a 73 6f 6e 2d 66 69 6c 65 |Type":"json-file|
|000001b0| 22 2c 22 43 6f 6e 66 69 67 22 3a 7b 7d 7d 2c 22 |","Config":{}},"|
|000001c0| 4e 65 74 77 6f 72 6b 4d 6f 64 65 22 3a 22 64 65 |NetworkMode":"de|
|000001d0| 66 61 75 6c 74 22 2c 22 50 6f 72 74 42 69 6e 64 |fault","PortBind|
|000001e0| 69 6e 67 73 22 3a 7b 7d 2c 22 52 65 73 74 61 72 |ings":{},"Restar|
|000001f0| 74 50 6f 6c 69 63 79 22 3a 7b 22 4e 61 6d 65 22 |tPolicy":{"Name"|
|00000200| 3a 22 22 2c 22 4d 61 78 69 6d 75 6d 52 65 74 72 |:"","MaximumRetr|
|00000210| 79 43 6f 75 6e 74 22 3a 30 7d 2c 22 41 75 74 6f |yCount":0},"Auto|
|00000220| 52 65 6d 6f 76 65 22 3a 66 61 6c 73 65 2c 22 56 |Remove":false,"V|
|00000230| 6f 6c 75 6d 65 44 72 69 76 65 72 22 3a 22 22 2c |olumeDriver":"",|
|00000240| 22 56 6f 6c 75 6d 65 73 46 72 6f 6d 22 3a 5b 5d |"VolumesFrom":[]|
|00000250| 2c 22 43 61 70 41 64 64 22 3a 6e 75 6c 6c 2c 22 |,"CapAdd":null,"|
|00000260| 43 61 70 44 72 6f 70 22 3a 6e 75 6c 6c 2c 22 44 |CapDrop":null,"D|
|00000270| 6e 73 22 3a 6e 75 6c 6c 2c 22 44 6e 73 4f 70 74 |ns":null,"DnsOpt|
|00000280| 69 6f 6e 73 22 3a 6e 75 6c 6c 2c 22 44 6e 73 53 |ions":null,"DnsS|
|00000290| 65 61 72 63 68 22 3a 6e 75 6c 6c 2c 22 45 78 74 |earch":null,"Ext|
|000002a0| 72 61 48 6f 73 74 73 22 3a 5b 5d 2c 22 47 72 6f |raHosts":[],"Gro|
|000002b0| 75 70 41 64 64 22 3a 6e 75 6c 6c 2c 22 49 70 63 |upAdd":null,"Ipc|
|000002c0| 4d 6f 64 65 22 3a 22 73 68 61 72 65 61 62 6c 65 |Mode":"shareable|
|000002d0| 22 2c 22 43 67 72 6f 75 70 22 3a 22 22 2c 22 4c |","Cgroup":"","L|
|000002e0| 69 6e 6b 73 22 3a 6e 75 6c 6c 2c 22 4f 6f 6d 53 |inks":null,"OomS|
|000002f0| 63 6f 72 65 41 64 6a 22 3a 30 2c 22 50 69 64 4d |coreAdj":0,"PidM|
|00000300| 6f 64 65 22 3a 22 22 2c 22 50 72 69 76 69 6c 65 |ode":"","Privile|
|00000310| 67 65 64 22 3a 66 61 6c 73 65 2c 22 50 75 62 6c |ged":false,"Publ|
|00000320| 69 73 68 41 6c 6c 50 6f 72 74 73 22 3a 74 72 75 |ishAllPorts":tru|
|00000330| 65 2c 22 52 65 61 64 6f 6e 6c 79 52 6f 6f 74 66 |e,"ReadonlyRootf|
|00000340| 73 22 3a 66 61 6c 73 65 2c 22 53 65 63 75 72 69 |s":false,"Securi|
|00000350| 74 79 4f 70 74 22 3a 6e 75 6c 6c 2c 22 55 54 53 |tyOpt":null,"UTS|
|00000360| 4d 6f 64 65 22 3a 22 22 2c 22 55 73 65 72 6e 73 |Mode":"","Userns|
|00000370| 4d 6f 64 65 22 3a 22 22 2c 22 53 68 6d 53 69 7a |Mode":"","ShmSiz|
|00000380| 65 22 3a 36 37 31 30 38 38 36 34 2c 22 52 75 6e |e":67108864,"Run|
|00000390| 74 69 6d 65 22 3a 22 72 75 6e 63 22 2c 22 43 6f |time":"runc","Co|
|000003a0| 6e 73 6f 6c 65 53 69 7a 65 22 3a 5b 30 2c 30 5d |nsoleSize":[0,0]|
|000003b0| 2c 22 49 73 6f 6c 61 74 69 6f 6e 22 3a 22 22 2c |,"Isolation":"",|
|000003c0| 22 43 70 75 53 68 61 72 65 73 22 3a 30 2c 22 4d |"CpuShares":0,"M|
|000003d0| 65 6d 6f 72 79 22 3a 30 2c 22 4e 61 6e 6f 43 70 |emory":0,"NanoCp|
|000003e0| 75 73 22 3a 30 2c 22 43 67 72 6f 75 70 50 61 72 |us":0,"CgroupPar|
|000003f0| 65 6e 74 22 3a 22 22 2c 22 42 6c 6b 69 6f 57 65 |ent":"","BlkioWe|
|00000400| 69 67 68 74 22 3a 30 2c 22 42 6c 6b 69 6f 57 65 |ight":0,"BlkioWe|
|00000410| 69 67 68 74 44 65 76 69 63 65 22 3a 6e 75 6c 6c |ightDevice":null|
|00000420| 2c 22 42 6c 6b 69 6f 44 65 76 69 63 65 52 65 61 |,"BlkioDeviceRea|
|00000430| 64 42 70 73 22 3a 6e 75 6c 6c 2c 22 42 6c 6b 69 |dBps":null,"Blki|
|00000440| 6f 44 65 76 69 63 65 57 72 69 74 65 42 70 73 22 |oDeviceWriteBps"|
|00000450| 3a 6e 75 6c 6c 2c 22 42 6c 6b 69 6f 44 65 76 69 |:null,"BlkioDevi|
|00000460| 63 65 52 65 61 64 49 4f 70 73 22 3a 6e 75 6c 6c |ceReadIOps":null|
|00000470| 2c 22 42 6c 6b 69 6f 44 65 76 69 63 65 57 72 69 |,"BlkioDeviceWri|
|00000480| 74 65 49 4f 70 73 22 3a 6e 75 6c 6c 2c 22 43 70 |teIOps":null,"Cp|
|00000490| 75 50 65 72 69 6f 64 22 3a 30 2c 22 43 70 75 51 |uPeriod":0,"CpuQ|
|000004a0| 75 6f 74 61 22 3a 30 2c 22 43 70 75 52 65 61 6c |uota":0,"CpuReal|
|000004b0| 74 69 6d 65 50 65 72 69 6f 64 22 3a 30 2c 22 43 |timePeriod":0,"C|
|000004c0| 70 75 52 65 61 6c 74 69 6d 65 52 75 6e 74 69 6d |puRealtimeRuntim|
|000004d0| 65 22 3a 30 2c 22 43 70 75 73 65 74 43 70 75 73 |e":0,"CpusetCpus|
|000004e0| 22 3a 22 22 2c 22 43 70 75 73 65 74 4d 65 6d 73 |":"","CpusetMems|
|000004f0| 22 3a 22 22 2c 22 44 65 76 69 63 65 73 22 3a 6e |":"","Devices":n|
|00000500| 75 6c 6c 2c 22 44 65 76 69 63 65 43 67 72 6f 75 |ull,"DeviceCgrou|
|00000510| 70 52 75 6c 65 73 22 3a 6e 75 6c 6c 2c 22 44 69 |pRules":null,"Di|
|00000520| 73 6b 51 75 6f 74 61 22 3a 30 2c 22 4b 65 72 6e |skQuota":0,"Kern|
|00000530| 65 6c 4d 65 6d 6f 72 79 22 3a 30 2c 22 4d 65 6d |elMemory":0,"Mem|
|00000540| 6f 72 79 52 65 73 65 72 76 61 74 69 6f 6e 22 3a |oryReservation":|
|00000550| 30 2c 22 4d 65 6d 6f 72 79 53 77 61 70 22 3a 30 |0,"MemorySwap":0|
|00000560| 2c 22 4d 65 6d 6f 72 79 53 77 61 70 70 69 6e 65 |,"MemorySwappine|
|00000570| 73 73 22 3a 6e 75 6c 6c 2c 22 4f 6f 6d 4b 69 6c |ss":null,"OomKil|
|00000580| 6c 44 69 73 61 62 6c 65 22 3a 66 61 6c 73 65 2c |lDisable":false,|
|00000590| 22 50 69 64 73 4c 69 6d 69 74 22 3a 30 2c 22 55 |"PidsLimit":0,"U|
|000005a0| 6c 69 6d 69 74 73 22 3a 6e 75 6c 6c 2c 22 43 70 |limits":null,"Cp|
|000005b0| 75 43 6f 75 6e 74 22 3a 30 2c 22 43 70 75 50 65 |uCount":0,"CpuPe|
|000005c0| 72 63 65 6e 74 22 3a 30 2c 22 49 4f 4d 61 78 69 |rcent":0,"IOMaxi|
|000005d0| 6d 75 6d 49 4f 70 73 22 3a 30 2c 22 49 4f 4d 61 |mumIOps":0,"IOMa|
|000005e0| 78 69 6d 75 6d 42 61 6e 64 77 69 64 74 68 22 3a |ximumBandwidth":|
|000005f0| 30 7d 2c 22 47 72 61 70 68 44 72 69 76 65 72 22 |0},"GraphDriver"|
|00000600| 3a 7b 22 44 61 74 61 22 3a 6e 75 6c 6c 2c 22 4e |:{"Data":null,"N|
|00000610| 61 6d 65 22 3a 22 61 75 66 73 22 7d 2c 22 4d 6f |ame":"aufs"},"Mo|
|00000620| 75 6e 74 73 22 3a 5b 7b 22 54 79 70 65 22 3a 22 |unts":[{"Type":"|
|00000630| 76 6f 6c 75 6d 65 22 2c 22 4e 61 6d 65 22 3a 22 |volume","Name":"|
|00000640| 63 61 61 30 64 33 34 38 36 34 62 62 64 35 34 35 |caa0d34864bbd545|
|00000650| 30 32 36 62 38 36 65 35 32 34 34 30 66 65 66 37 |026b86e52440fef7|
|00000660| 36 34 35 32 37 31 62 33 30 61 37 39 34 30 62 39 |645271b30a7940b9|
|00000670| 38 32 31 62 63 63 66 64 63 36 31 66 64 63 32 39 |821bccfdc61fdc29|
|00000680| 22 2c 22 53 6f 75 72 63 65 22 3a 22 2f 76 61 72 |","Source":"/var|
|00000690| 2f 6c 69 62 2f 64 6f 63 6b 65 72 2f 76 6f 6c 75 |/lib/docker/volu|
|000006a0| 6d 65 73 2f 63 61 61 30 64 33 34 38 36 34 62 62 |mes/caa0d34864bb|
|000006b0| 64 35 34 35 30 32 36 62 38 36 65 35 32 34 34 30 |d545026b86e52440|
|000006c0| 66 65 66 37 36 34 35 32 37 31 62 33 30 61 37 39 |fef7645271b30a79|
|000006d0| 34 30 62 39 38 32 31 62 63 63 66 64 63 36 31 66 |40b9821bccfdc61f|
|000006e0| 64 63 32 39 2f 5f 64 61 74 61 22 2c 22 44 65 73 |dc29/_data","Des|
|000006f0| 74 69 6e 61 74 69 6f 6e 22 3a 22 2f 76 61 72 2f |tination":"/var/|
|00000700| 6c 69 62 2f 72 61 62 62 69 74 6d 71 22 2c 22 44 |lib/rabbitmq","D|
|00000710| 72 69 76 65 72 22 3a 22 6c 6f 63 61 6c 22 2c 22 |river":"local","|
|00000720| 4d 6f 64 65 22 3a 22 22 2c 22 52 57 22 3a 74 72 |Mode":"","RW":tr|
|00000730| 75 65 2c 22 50 72 6f 70 61 67 61 74 69 6f 6e 22 |ue,"Propagation"|
|00000740| 3a 22 22 7d 5d 2c 22 43 6f 6e 66 69 67 22 3a 7b |:""}],"Config":{|
|00000750| 22 48 6f 73 74 6e 61 6d 65 22 3a 22 38 64 64 31 |"Hostname":"8dd1|
|00000760| 64 37 64 33 65 31 65 31 22 2c 22 44 6f 6d 61 69 |d7d3e1e1","Domai|
|00000770| 6e 6e 61 6d 65 22 3a 22 22 2c 22 55 73 65 72 22 |nname":"","User"|
|00000780| 3a 22 22 2c 22 41 74 74 61 63 68 53 74 64 69 6e |:"","AttachStdin|
|00000790| 22 3a 66 61 6c 73 65 2c 22 41 74 74 61 63 68 53 |":false,"AttachS|
|000007a0| 74 64 6f 75 74 22 3a 66 61 6c 73 65 2c 22 41 74 |tdout":false,"At|
|000007b0| 74 61 63 68 53 74 64 65 72 72 22 3a 66 61 6c 73 |tachStderr":fals|
|000007c0| 65 2c 22 45 78 70 6f 73 65 64 50 6f 72 74 73 22 |e,"ExposedPorts"|
|000007d0| 3a 7b 22 32 35 36 37 32 2f 74 63 70 22 3a 7b 7d |:{"25672/tcp":{}|
|000007e0| 2c 22 34 33 36 39 2f 74 63 70 22 3a 7b 7d 2c 22 |,"4369/tcp":{},"|
|000007f0| 35 36 37 31 2f 74 63 70 22 3a 7b 7d 2c 22 35 36 |5671/tcp":{},"56|
|00000800| 37 32 2f 74 63 70 22 3a 7b 7d 7d 2c 22 54 74 79 |72/tcp":{}},"Tty|
|00000810| 22 3a 66 61 6c 73 65 2c 22 4f 70 65 6e 53 74 64 |":false,"OpenStd|
|00000820| 69 6e 22 3a 66 61 6c 73 65 2c 22 53 74 64 69 6e |in":false,"Stdin|
|00000830| 4f 6e 63 65 22 3a 66 61 6c 73 65 2c 22 45 6e 76 |Once":false,"Env|
|00000840| 22 3a 5b 22 52 41 42 42 49 54 4d 51 5f 55 53 45 |":["RABBITMQ_USE|
|00000850| 52 3d 67 75 65 73 74 22 2c 22 52 41 42 42 49 54 |R=guest","RABBIT|
|00000860| 4d 51 5f 50 41 53 53 57 4f 52 44 3d 67 75 65 73 |MQ_PASSWORD=gues|
|00000870| 74 22 2c 22 6e 6f 5f 70 72 6f 78 79 3d 2a 2e 6c |t","no_proxy=*.l|
|00000880| 6f 63 61 6c 2c 20 31 36 39 2e 32 35 34 2f 31 36 |ocal, 169.254/16|
|00000890| 22 2c 22 50 41 54 48 3d 2f 75 73 72 2f 6c 69 62 |","PATH=/usr/lib|
|000008a0| 2f 72 61 62 62 69 74 6d 71 2f 62 69 6e 3a 2f 75 |/rabbitmq/bin:/u|
|000008b0| 73 72 2f 6c 6f 63 61 6c 2f 73 62 69 6e 3a 2f 75 |sr/local/sbin:/u|
|000008c0| 73 72 2f 6c 6f 63 61 6c 2f 62 69 6e 3a 2f 75 73 |sr/local/bin:/us|
|000008d0| 72 2f 73 62 69 6e 3a 2f 75 73 72 2f 62 69 6e 3a |r/sbin:/usr/bin:|
|000008e0| 2f 73 62 69 6e 3a 2f 62 69 6e 22 2c 22 47 4f 53 |/sbin:/bin","GOS|
|000008f0| 55 5f 56 45 52 53 49 4f 4e 3d 31 2e 31 30 22 2c |U_VERSION=1.10",|
|00000900| 22 52 41 42 42 49 54 4d 51 5f 4c 4f 47 53 3d 2d |"RABBITMQ_LOGS=-|
|00000910| 22 2c 22 52 41 42 42 49 54 4d 51 5f 53 41 53 4c |","RABBITMQ_SASL|
|00000920| 5f 4c 4f 47 53 3d 2d 22 2c 22 52 41 42 42 49 54 |_LOGS=-","RABBIT|
|00000930| 4d 51 5f 47 50 47 5f 4b 45 59 3d 30 41 39 41 46 |MQ_GPG_KEY=0A9AF|
|00000940| 32 31 31 35 46 34 36 38 37 42 44 32 39 38 30 33 |2115F4687BD29803|
|00000950| 41 32 30 36 42 37 33 41 33 36 45 36 30 32 36 44 |A206B73A36E6026D|
|00000960| 46 43 41 22 2c 22 52 41 42 42 49 54 4d 51 5f 56 |FCA","RABBITMQ_V|
|00000970| 45 52 53 49 4f 4e 3d 33 2e 36 2e 31 34 22 2c 22 |ERSION=3.6.14","|
|00000980| 52 41 42 42 49 54 4d 51 5f 47 49 54 48 55 42 5f |RABBITMQ_GITHUB_|
|00000990| 54 41 47 3d 72 61 62 62 69 74 6d 71 5f 76 33 5f |TAG=rabbitmq_v3_|
|000009a0| 36 5f 31 34 22 2c 22 52 41 42 42 49 54 4d 51 5f |6_14","RABBITMQ_|
|000009b0| 44 45 42 49 41 4e 5f 56 45 52 53 49 4f 4e 3d 33 |DEBIAN_VERSION=3|
|000009c0| 2e 36 2e 31 34 2d 31 22 2c 22 48 4f 4d 45 3d 2f |.6.14-1","HOME=/|
|000009d0| 76 61 72 2f 6c 69 62 2f 72 61 62 62 69 74 6d 71 |var/lib/rabbitmq|
|000009e0| 22 5d 2c 22 43 6d 64 22 3a 5b 22 72 61 62 62 69 |"],"Cmd":["rabbi|
|000009f0| 74 6d 71 2d 73 65 72 76 65 72 22 5d 2c 22 41 72 |tmq-server"],"Ar|
|00000a00| 67 73 45 73 63 61 70 65 64 22 3a 74 72 75 65 2c |gsEscaped":true,|
|00000a10| 22 49 6d 61 67 65 22 3a 22 72 61 62 62 69 74 6d |"Image":"rabbitm|
|00000a20| 71 3a 33 2e 36 2e 31 34 22 2c 22 56 6f 6c 75 6d |q:3.6.14","Volum|
|00000a30| 65 73 22 3a 7b 22 2f 76 61 72 2f 6c 69 62 2f 72 |es":{"/var/lib/r|
|00000a40| 61 62 62 69 74 6d 71 22 3a 7b 7d 7d 2c 22 57 6f |abbitmq":{}},"Wo|
|00000a50| 72 6b 69 6e 67 44 69 72 22 3a 22 22 2c 22 45 6e |rkingDir":"","En|
|00000a60| 74 72 79 70 6f 69 6e 74 22 3a 5b 22 64 6f 63 6b |trypoint":["dock|
|00000a70| 65 72 2d 65 6e 74 72 79 70 6f 69 6e 74 2e 73 68 |er-entrypoint.sh|
|00000a80| 22 5d 2c 22 4f 6e 42 75 69 6c 64 22 3a 6e 75 6c |"],"OnBuild":nul|
|00000a90| 6c 2c 22 4c 61 62 65 6c 73 22 3a 7b 22 6f 72 67 |l,"Labels":{"org|
|00000aa0| 2e 74 65 73 74 63 6f 6e 74 61 69 6e 65 72 73 22 |.testcontainers"|
|00000ab0| 3a 22 74 72 75 65 22 7d 7d 2c 22 4e 65 74 77 6f |:"true"}},"Netwo|
|00000ac0| 72 6b 53 65 74 74 69 6e 67 73 22 3a 7b 22 42 72 |rkSettings":{"Br|
|00000ad0| 69 64 67 65 22 3a 22 22 2c 22 53 61 6e 64 62 6f |idge":"","Sandbo|
|00000ae0| 78 49 44 22 3a 22 32 31 32 33 36 38 30 61 37 38 |xID":"2123680a78|
|00000af0| 36 31 32 37 30 39 66 39 64 32 32 32 39 66 39 62 |612709f9d2229f9b|
|00000b00| 34 30 39 66 33 62 30 35 62 61 63 65 65 39 61 65 |409f3b05bacee9ae|
|00000b10| 34 35 32 39 38 31 66 30 64 64 33 36 32 30 65 61 |452981f0dd3620ea|
|00000b20| 61 33 33 64 64 61 22 2c 22 48 61 69 72 70 69 6e |a33dda","Hairpin|
|00000b30| 4d 6f 64 65 22 3a 66 61 6c 73 65 2c 22 4c 69 6e |Mode":false,"Lin|
|00000b40| 6b 4c 6f 63 61 6c 49 50 76 36 41 64 64 72 65 73 |kLocalIPv6Addres|
|00000b50| 73 22 3a 22 22 2c 22 4c 69 6e 6b 4c 6f 63 61 6c |s":"","LinkLocal|
|00000b60| 49 50 76 36 50 72 65 66 69 78 4c 65 6e 22 3a 30 |IPv6PrefixLen":0|
|00000b70| 2c 22 50 6f 72 74 73 22 3a 7b 22 32 35 36 37 32 |,"Ports":{"25672|
|00000b80| 2f 74 63 70 22 3a 5b 7b 22 48 6f 73 74 49 70 22 |/tcp":[{"HostIp"|
|00000b90| 3a 22 30 2e 30 2e 30 2e 30 22 2c 22 48 6f 73 74 |:"0.0.0.0","Host|
|00000ba0| 50 6f 72 74 22 3a 22 33 32 39 37 30 22 7d 5d 2c |Port":"32970"}],|
|00000bb0| 22 34 33 36 39 2f 74 63 70 22 3a 5b 7b 22 48 6f |"4369/tcp":[{"Ho|
|00000bc0| 73 74 49 70 22 3a 22 30 2e 30 2e 30 2e 30 22 2c |stIp":"0.0.0.0",|
|00000bd0| 22 48 6f 73 74 50 6f 72 74 22 3a 22 33 32 39 37 |"HostPort":"3297|
|00000be0| 33 22 7d 5d 2c 22 35 36 37 31 2f 74 63 70 22 3a |3"}],"5671/tcp":|
|00000bf0| 5b 7b 22 48 6f 73 74 49 70 22 3a 22 30 2e 30 2e |[{"HostIp":"0.0.|
|00000c00| 30 2e 30 22 2c 22 48 6f 73 74 50 6f 72 74 22 3a |0.0","HostPort":|
|00000c10| 22 33 32 39 37 32 22 7d 5d 2c 22 35 36 37 32 2f |"32972"}],"5672/|
|00000c20| 74 63 70 22 3a 5b 7b 22 48 6f 73 74 49 70 22 3a |tcp":[{"HostIp":|
|00000c30| 22 30 2e 30 2e 30 2e 30 22 2c 22 48 6f 73 74 50 |"0.0.0.0","HostP|
|00000c40| 6f 72 74 22 3a 22 33 32 39 37 31 22 7d 5d 7d 2c |ort":"32971"}]},|
|00000c50| 22 53 61 6e 64 62 6f 78 4b 65 79 22 3a 22 2f 76 |"SandboxKey":"/v|
|00000c60| 61 72 2f 72 75 6e 2f 64 6f 63 6b 65 72 2f 6e 65 |ar/run/docker/ne|
|00000c70| 74 6e 73 2f 32 31 32 33 36 38 30 61 37 38 36 31 |tns/2123680a7861|
|00000c80| 22 2c 22 53 65 63 6f 6e 64 61 72 79 49 50 41 64 |","SecondaryIPAd|
|00000c90| 64 72 65 73 73 65 73 22 3a 6e 75 6c 6c 2c 22 53 |dresses":null,"S|
|00000ca0| 65 63 6f 6e 64 61 72 79 49 50 76 36 41 64 64 72 |econdaryIPv6Addr|
|00000cb0| 65 73 73 65 73 22 3a 6e 75 6c 6c 2c 22 45 6e 64 |esses":null,"End|
|00000cc0| 70 6f 69 6e 74 49 44 22 3a 22 34 32 66 65 34 36 |pointID":"42fe46|
|00000cd0| 39 36 33 34 37 32 30 64 39 62 31 63 34 39 61 31 |9634720d9b1c49a1|
|00000ce0| 61 62 35 30 38 32 37 39 62 65 65 63 34 30 64 32 |ab508279beec40d2|
|00000cf0| 35 38 31 61 33 30 37 39 35 63 34 38 33 32 32 38 |581a30795c483228|
|00000d00| 33 35 35 36 35 32 32 34 66 64 22 2c 22 47 61 74 |35565224fd","Gat|
|00000d10| 65 77 61 79 22 3a 22 31 37 32 2e 31 37 2e 30 2e |eway":"172.17.0.|
|00000d20| 31 22 2c 22 47 6c 6f 62 61 6c 49 50 76 36 41 64 |1","GlobalIPv6Ad|
|00000d30| 64 72 65 73 73 22 3a 22 22 2c 22 47 6c 6f 62 61 |dress":"","Globa|
|00000d40| 6c 49 50 76 36 50 72 65 66 69 78 4c 65 6e 22 3a |lIPv6PrefixLen":|
|00000d50| 30 2c 22 49 50 41 64 64 72 65 73 73 22 3a 22 31 |0,"IPAddress":"1|
|00000d60| 37 32 2e 31 37 2e 30 2e 34 22 2c 22 49 50 50 72 |72.17.0.4","IPPr|
|00000d70| 65 66 69 78 4c 65 6e 22 3a 31 36 2c 22 49 50 76 |efixLen":16,"IPv|
|00000d80| 36 47 61 74 65 77 61 79 22 3a 22 22 2c 22 4d 61 |6Gateway":"","Ma|
|00000d90| 63 41 64 64 72 65 73 73 22 3a 22 30 32 3a 34 32 |cAddress":"02:42|
|00000da0| 3a 61 63 3a 31 31 3a 30 30 3a 30 34 22 2c 22 4e |:ac:11:00:04","N|
|00000db0| 65 74 77 6f 72 6b 73 22 3a 7b 22 62 72 69 64 67 |etworks":{"bridg|
|00000dc0| 65 22 3a 7b 22 49 50 41 4d 43 6f 6e 66 69 67 22 |e":{"IPAMConfig"|
|00000dd0| 3a 6e 75 6c 6c 2c 22 4c 69 6e 6b 73 22 3a 6e 75 |:null,"Links":nu|
|00000de0| 6c 6c 2c 22 41 6c 69 61 73 65 73 22 3a 6e 75 6c |ll,"Aliases":nul|
|00000df0| 6c 2c 22 4e 65 74 77 6f 72 6b 49 44 22 3a 22 39 |l,"NetworkID":"9|
|00000e00| 66 65 38 62 39 32 64 61 66 63 30 35 34 34 36 33 |fe8b92dafc054463|
|00000e10| 33 37 39 64 39 34 35 38 61 64 65 37 37 64 35 31 |379d9458ade77d51|
|00000e20| 61 34 61 62 39 30 61 64 31 33 65 35 34 61 65 32 |a4ab90ad13e54ae2|
|00000e30| 31 61 31 38 64 36 35 66 66 32 63 30 37 63 61 22 |1a18d65ff2c07ca"|
|00000e40| 2c 22 45 6e 64 70 6f 69 6e 74 49 44 22 3a 22 34 |,"EndpointID":"4|
|00000e50| 32 66 65 34 36 39 36 33 34 37 32 30 64 39 62 31 |2fe469634720d9b1|
|00000e60| 63 34 39 61 31 61 62 35 30 38 32 37 39 62 65 65 |c49a1ab508279bee|
|00000e70| 63 34 30 64 32 35 38 31 61 33 30 37 39 35 63 34 |c40d2581a30795c4|
|00000e80| 38 33 32 32 38 33 35 35 36 35 32 32 34 66 64 22 |8322835565224fd"|
|00000e90| 2c 22 47 61 74 65 77 61 79 22 3a 22 31 37 32 2e |,"Gateway":"172.|
|00000ea0| 31 37 2e 30 2e 31 22 2c 22 49 50 41 64 64 72 65 |17.0.1","IPAddre|
|00000eb0| 73 73 22 3a 22 31 37 32 2e 31 37 2e 30 2e 34 22 |ss":"172.17.0.4"|
|00000ec0| 2c 22 49 50 50 72 65 66 69 78 4c 65 6e 22 3a 31 |,"IPPrefixLen":1|
|00000ed0| 36 2c 22 49 50 76 36 47 61 74 65 77 61 79 22 3a |6,"IPv6Gateway":|
|00000ee0| 22 22 2c 22 47 6c 6f 62 61 6c 49 50 76 36 41 64 |"","GlobalIPv6Ad|
|00000ef0| 64 72 65 73 73 22 3a 22 22 2c 22 47 6c 6f 62 61 |dress":"","Globa|
|00000f00| 6c 49 50 76 36 50 72 65 66 69 78 4c 65 6e 22 3a |lIPv6PrefixLen":|
|00000f10| 30 2c 22 4d 61 63 41 64 64 72 65 73 73 22 3a 22 |0,"MacAddress":"|
|00000f20| 30 32 3a 34 32 3a 61 63 3a 31 31 3a 30 30 3a 30 |02:42:ac:11:00:0|
|00000f30| 34 22 2c 22 44 72 69 76 65 72 4f 70 74 73 22 3a |4","DriverOpts":|
|00000f40| 6e 75 6c 6c 7d 7d 7d 7d 0a 0d 0a 30 0d 0a 0d 0a |null}}}}...0....|
+--------+-------------------------------------------------+----------------+
2017-11-27 22:09:19.509 DEBUG 24827 --- [java-netty-1-15] c.g.d.netty.NettyDockerCmdExecFactory$1  : [id: 0x3e2031b4, L:null - R:/var/run/docker.sock] READ: DefaultHttpContent(data: PooledSlicedByteBuf(ridx: 0, widx: 3913, cap: 3913/3913, unwrapped: PooledUnsafeDirectByteBuf(ridx: 3915, widx: 3920, cap: 16384)), decoderResult: success), 3913B
         +-------------------------------------------------+
         |  0  1  2  3  4  5  6  7  8  9  a  b  c  d  e  f |
+--------+-------------------------------------------------+----------------+
|00000000| 33 30 37 36 66 61 37 65 30 39 31 39 64 62 30 30 |3076fa7e0919db00|
|00000010| 36 36 31 38 32 2f 68 6f 73 74 73 22 2c 22 4c 6f |66182/hosts","Lo|
|00000020| 67 50 61 74 68 22 3a 22 2f 76 61 72 2f 6c 69 62 |gPath":"/var/lib|
|00000030| 2f 64 6f 63 6b 65 72 2f 63 6f 6e 74 61 69 6e 65 |/docker/containe|
|00000040| 72 73 2f 38 64 64 31 64 37 64 33 65 31 65 31 64 |rs/8dd1d7d3e1e1d|
|00000050| 36 62 64 63 63 36 63 32 66 61 66 33 38 64 64 35 |6bdcc6c2faf38dd5|
|00000060| 31 34 31 37 32 62 62 66 33 62 35 31 37 65 33 30 |14172bbf3b517e30|
|00000070| 37 36 66 61 37 65 30 39 31 39 64 62 30 30 36 36 |76fa7e0919db0066|
|00000080| 31 38 32 2f 38 64 64 31 64 37 64 33 65 31 65 31 |182/8dd1d7d3e1e1|
|00000090| 64 36 62 64 63 63 36 63 32 66 61 66 33 38 64 64 |d6bdcc6c2faf38dd|
|000000a0| 35 31 34 31 37 32 62 62 66 33 62 35 31 37 65 33 |514172bbf3b517e3|
|000000b0| 30 37 36 66 61 37 65 30 39 31 39 64 62 30 30 36 |076fa7e0919db006|
|000000c0| 36 31 38 32 2d 6a 73 6f 6e 2e 6c 6f 67 22 2c 22 |6182-json.log","|
|000000d0| 4e 61 6d 65 22 3a 22 2f 74 72 75 73 74 69 6e 67 |Name":"/trusting|
|000000e0| 5f 6e 6f 65 74 68 65 72 22 2c 22 52 65 73 74 61 |_noether","Resta|
|000000f0| 72 74 43 6f 75 6e 74 22 3a 30 2c 22 44 72 69 76 |rtCount":0,"Driv|
|00000100| 65 72 22 3a 22 61 75 66 73 22 2c 22 50 6c 61 74 |er":"aufs","Plat|
|00000110| 66 6f 72 6d 22 3a 22 6c 69 6e 75 78 22 2c 22 4d |form":"linux","M|
|00000120| 6f 75 6e 74 4c 61 62 65 6c 22 3a 22 22 2c 22 50 |ountLabel":"","P|
|00000130| 72 6f 63 65 73 73 4c 61 62 65 6c 22 3a 22 22 2c |rocessLabel":"",|
|00000140| 22 41 70 70 41 72 6d 6f 72 50 72 6f 66 69 6c 65 |"AppArmorProfile|
|00000150| 22 3a 22 22 2c 22 45 78 65 63 49 44 73 22 3a 6e |":"","ExecIDs":n|
|00000160| 75 6c 6c 2c 22 48 6f 73 74 43 6f 6e 66 69 67 22 |ull,"HostConfig"|
|00000170| 3a 7b 22 42 69 6e 64 73 22 3a 5b 5d 2c 22 43 6f |:{"Binds":[],"Co|
|00000180| 6e 74 61 69 6e 65 72 49 44 46 69 6c 65 22 3a 22 |ntainerIDFile":"|
|00000190| 22 2c 22 4c 6f 67 43 6f 6e 66 69 67 22 3a 7b 22 |","LogConfig":{"|
|000001a0| 54 79 70 65 22 3a 22 6a 73 6f 6e 2d 66 69 6c 65 |Type":"json-file|
|000001b0| 22 2c 22 43 6f 6e 66 69 67 22 3a 7b 7d 7d 2c 22 |","Config":{}},"|
|000001c0| 4e 65 74 77 6f 72 6b 4d 6f 64 65 22 3a 22 64 65 |NetworkMode":"de|
|000001d0| 66 61 75 6c 74 22 2c 22 50 6f 72 74 42 69 6e 64 |fault","PortBind|
|000001e0| 69 6e 67 73 22 3a 7b 7d 2c 22 52 65 73 74 61 72 |ings":{},"Restar|
|000001f0| 74 50 6f 6c 69 63 79 22 3a 7b 22 4e 61 6d 65 22 |tPolicy":{"Name"|
|00000200| 3a 22 22 2c 22 4d 61 78 69 6d 75 6d 52 65 74 72 |:"","MaximumRetr|
|00000210| 79 43 6f 75 6e 74 22 3a 30 7d 2c 22 41 75 74 6f |yCount":0},"Auto|
|00000220| 52 65 6d 6f 76 65 22 3a 66 61 6c 73 65 2c 22 56 |Remove":false,"V|
|00000230| 6f 6c 75 6d 65 44 72 69 76 65 72 22 3a 22 22 2c |olumeDriver":"",|
|00000240| 22 56 6f 6c 75 6d 65 73 46 72 6f 6d 22 3a 5b 5d |"VolumesFrom":[]|
|00000250| 2c 22 43 61 70 41 64 64 22 3a 6e 75 6c 6c 2c 22 |,"CapAdd":null,"|
|00000260| 43 61 70 44 72 6f 70 22 3a 6e 75 6c 6c 2c 22 44 |CapDrop":null,"D|
|00000270| 6e 73 22 3a 6e 75 6c 6c 2c 22 44 6e 73 4f 70 74 |ns":null,"DnsOpt|
|00000280| 69 6f 6e 73 22 3a 6e 75 6c 6c 2c 22 44 6e 73 53 |ions":null,"DnsS|
|00000290| 65 61 72 63 68 22 3a 6e 75 6c 6c 2c 22 45 78 74 |earch":null,"Ext|
|000002a0| 72 61 48 6f 73 74 73 22 3a 5b 5d 2c 22 47 72 6f |raHosts":[],"Gro|
|000002b0| 75 70 41 64 64 22 3a 6e 75 6c 6c 2c 22 49 70 63 |upAdd":null,"Ipc|
|000002c0| 4d 6f 64 65 22 3a 22 73 68 61 72 65 61 62 6c 65 |Mode":"shareable|
|000002d0| 22 2c 22 43 67 72 6f 75 70 22 3a 22 22 2c 22 4c |","Cgroup":"","L|
|000002e0| 69 6e 6b 73 22 3a 6e 75 6c 6c 2c 22 4f 6f 6d 53 |inks":null,"OomS|
|000002f0| 63 6f 72 65 41 64 6a 22 3a 30 2c 22 50 69 64 4d |coreAdj":0,"PidM|
|00000300| 6f 64 65 22 3a 22 22 2c 22 50 72 69 76 69 6c 65 |ode":"","Privile|
|00000310| 67 65 64 22 3a 66 61 6c 73 65 2c 22 50 75 62 6c |ged":false,"Publ|
|00000320| 69 73 68 41 6c 6c 50 6f 72 74 73 22 3a 74 72 75 |ishAllPorts":tru|
|00000330| 65 2c 22 52 65 61 64 6f 6e 6c 79 52 6f 6f 74 66 |e,"ReadonlyRootf|
|00000340| 73 22 3a 66 61 6c 73 65 2c 22 53 65 63 75 72 69 |s":false,"Securi|
|00000350| 74 79 4f 70 74 22 3a 6e 75 6c 6c 2c 22 55 54 53 |tyOpt":null,"UTS|
|00000360| 4d 6f 64 65 22 3a 22 22 2c 22 55 73 65 72 6e 73 |Mode":"","Userns|
|00000370| 4d 6f 64 65 22 3a 22 22 2c 22 53 68 6d 53 69 7a |Mode":"","ShmSiz|
|00000380| 65 22 3a 36 37 31 30 38 38 36 34 2c 22 52 75 6e |e":67108864,"Run|
|00000390| 74 69 6d 65 22 3a 22 72 75 6e 63 22 2c 22 43 6f |time":"runc","Co|
|000003a0| 6e 73 6f 6c 65 53 69 7a 65 22 3a 5b 30 2c 30 5d |nsoleSize":[0,0]|
|000003b0| 2c 22 49 73 6f 6c 61 74 69 6f 6e 22 3a 22 22 2c |,"Isolation":"",|
|000003c0| 22 43 70 75 53 68 61 72 65 73 22 3a 30 2c 22 4d |"CpuShares":0,"M|
|000003d0| 65 6d 6f 72 79 22 3a 30 2c 22 4e 61 6e 6f 43 70 |emory":0,"NanoCp|
|000003e0| 75 73 22 3a 30 2c 22 43 67 72 6f 75 70 50 61 72 |us":0,"CgroupPar|
|000003f0| 65 6e 74 22 3a 22 22 2c 22 42 6c 6b 69 6f 57 65 |ent":"","BlkioWe|
|00000400| 69 67 68 74 22 3a 30 2c 22 42 6c 6b 69 6f 57 65 |ight":0,"BlkioWe|
|00000410| 69 67 68 74 44 65 76 69 63 65 22 3a 6e 75 6c 6c |ightDevice":null|
|00000420| 2c 22 42 6c 6b 69 6f 44 65 76 69 63 65 52 65 61 |,"BlkioDeviceRea|
|00000430| 64 42 70 73 22 3a 6e 75 6c 6c 2c 22 42 6c 6b 69 |dBps":null,"Blki|
|00000440| 6f 44 65 76 69 63 65 57 72 69 74 65 42 70 73 22 |oDeviceWriteBps"|
|00000450| 3a 6e 75 6c 6c 2c 22 42 6c 6b 69 6f 44 65 76 69 |:null,"BlkioDevi|
|00000460| 63 65 52 65 61 64 49 4f 70 73 22 3a 6e 75 6c 6c |ceReadIOps":null|
|00000470| 2c 22 42 6c 6b 69 6f 44 65 76 69 63 65 57 72 69 |,"BlkioDeviceWri|
|00000480| 74 65 49 4f 70 73 22 3a 6e 75 6c 6c 2c 22 43 70 |teIOps":null,"Cp|
|00000490| 75 50 65 72 69 6f 64 22 3a 30 2c 22 43 70 75 51 |uPeriod":0,"CpuQ|
|000004a0| 75 6f 74 61 22 3a 30 2c 22 43 70 75 52 65 61 6c |uota":0,"CpuReal|
|000004b0| 74 69 6d 65 50 65 72 69 6f 64 22 3a 30 2c 22 43 |timePeriod":0,"C|
|000004c0| 70 75 52 65 61 6c 74 69 6d 65 52 75 6e 74 69 6d |puRealtimeRuntim|
|000004d0| 65 22 3a 30 2c 22 43 70 75 73 65 74 43 70 75 73 |e":0,"CpusetCpus|
|000004e0| 22 3a 22 22 2c 22 43 70 75 73 65 74 4d 65 6d 73 |":"","CpusetMems|
|000004f0| 22 3a 22 22 2c 22 44 65 76 69 63 65 73 22 3a 6e |":"","Devices":n|
|00000500| 75 6c 6c 2c 22 44 65 76 69 63 65 43 67 72 6f 75 |ull,"DeviceCgrou|
|00000510| 70 52 75 6c 65 73 22 3a 6e 75 6c 6c 2c 22 44 69 |pRules":null,"Di|
|00000520| 73 6b 51 75 6f 74 61 22 3a 30 2c 22 4b 65 72 6e |skQuota":0,"Kern|
|00000530| 65 6c 4d 65 6d 6f 72 79 22 3a 30 2c 22 4d 65 6d |elMemory":0,"Mem|
|00000540| 6f 72 79 52 65 73 65 72 76 61 74 69 6f 6e 22 3a |oryReservation":|
|00000550| 30 2c 22 4d 65 6d 6f 72 79 53 77 61 70 22 3a 30 |0,"MemorySwap":0|
|00000560| 2c 22 4d 65 6d 6f 72 79 53 77 61 70 70 69 6e 65 |,"MemorySwappine|
|00000570| 73 73 22 3a 6e 75 6c 6c 2c 22 4f 6f 6d 4b 69 6c |ss":null,"OomKil|
|00000580| 6c 44 69 73 61 62 6c 65 22 3a 66 61 6c 73 65 2c |lDisable":false,|
|00000590| 22 50 69 64 73 4c 69 6d 69 74 22 3a 30 2c 22 55 |"PidsLimit":0,"U|
|000005a0| 6c 69 6d 69 74 73 22 3a 6e 75 6c 6c 2c 22 43 70 |limits":null,"Cp|
|000005b0| 75 43 6f 75 6e 74 22 3a 30 2c 22 43 70 75 50 65 |uCount":0,"CpuPe|
|000005c0| 72 63 65 6e 74 22 3a 30 2c 22 49 4f 4d 61 78 69 |rcent":0,"IOMaxi|
|000005d0| 6d 75 6d 49 4f 70 73 22 3a 30 2c 22 49 4f 4d 61 |mumIOps":0,"IOMa|
|000005e0| 78 69 6d 75 6d 42 61 6e 64 77 69 64 74 68 22 3a |ximumBandwidth":|
|000005f0| 30 7d 2c 22 47 72 61 70 68 44 72 69 76 65 72 22 |0},"GraphDriver"|
|00000600| 3a 7b 22 44 61 74 61 22 3a 6e 75 6c 6c 2c 22 4e |:{"Data":null,"N|
|00000610| 61 6d 65 22 3a 22 61 75 66 73 22 7d 2c 22 4d 6f |ame":"aufs"},"Mo|
|00000620| 75 6e 74 73 22 3a 5b 7b 22 54 79 70 65 22 3a 22 |unts":[{"Type":"|
|00000630| 76 6f 6c 75 6d 65 22 2c 22 4e 61 6d 65 22 3a 22 |volume","Name":"|
|00000640| 63 61 61 30 64 33 34 38 36 34 62 62 64 35 34 35 |caa0d34864bbd545|
|00000650| 30 32 36 62 38 36 65 35 32 34 34 30 66 65 66 37 |026b86e52440fef7|
|00000660| 36 34 35 32 37 31 62 33 30 61 37 39 34 30 62 39 |645271b30a7940b9|
|00000670| 38 32 31 62 63 63 66 64 63 36 31 66 64 63 32 39 |821bccfdc61fdc29|
|00000680| 22 2c 22 53 6f 75 72 63 65 22 3a 22 2f 76 61 72 |","Source":"/var|
|00000690| 2f 6c 69 62 2f 64 6f 63 6b 65 72 2f 76 6f 6c 75 |/lib/docker/volu|
|000006a0| 6d 65 73 2f 63 61 61 30 64 33 34 38 36 34 62 62 |mes/caa0d34864bb|
|000006b0| 64 35 34 35 30 32 36 62 38 36 65 35 32 34 34 30 |d545026b86e52440|
|000006c0| 66 65 66 37 36 34 35 32 37 31 62 33 30 61 37 39 |fef7645271b30a79|
|000006d0| 34 30 62 39 38 32 31 62 63 63 66 64 63 36 31 66 |40b9821bccfdc61f|
|000006e0| 64 63 32 39 2f 5f 64 61 74 61 22 2c 22 44 65 73 |dc29/_data","Des|
|000006f0| 74 69 6e 61 74 69 6f 6e 22 3a 22 2f 76 61 72 2f |tination":"/var/|
|00000700| 6c 69 62 2f 72 61 62 62 69 74 6d 71 22 2c 22 44 |lib/rabbitmq","D|
|00000710| 72 69 76 65 72 22 3a 22 6c 6f 63 61 6c 22 2c 22 |river":"local","|
|00000720| 4d 6f 64 65 22 3a 22 22 2c 22 52 57 22 3a 74 72 |Mode":"","RW":tr|
|00000730| 75 65 2c 22 50 72 6f 70 61 67 61 74 69 6f 6e 22 |ue,"Propagation"|
|00000740| 3a 22 22 7d 5d 2c 22 43 6f 6e 66 69 67 22 3a 7b |:""}],"Config":{|
|00000750| 22 48 6f 73 74 6e 61 6d 65 22 3a 22 38 64 64 31 |"Hostname":"8dd1|
|00000760| 64 37 64 33 65 31 65 31 22 2c 22 44 6f 6d 61 69 |d7d3e1e1","Domai|
|00000770| 6e 6e 61 6d 65 22 3a 22 22 2c 22 55 73 65 72 22 |nname":"","User"|
|00000780| 3a 22 22 2c 22 41 74 74 61 63 68 53 74 64 69 6e |:"","AttachStdin|
|00000790| 22 3a 66 61 6c 73 65 2c 22 41 74 74 61 63 68 53 |":false,"AttachS|
|000007a0| 74 64 6f 75 74 22 3a 66 61 6c 73 65 2c 22 41 74 |tdout":false,"At|
|000007b0| 74 61 63 68 53 74 64 65 72 72 22 3a 66 61 6c 73 |tachStderr":fals|
|000007c0| 65 2c 22 45 78 70 6f 73 65 64 50 6f 72 74 73 22 |e,"ExposedPorts"|
|000007d0| 3a 7b 22 32 35 36 37 32 2f 74 63 70 22 3a 7b 7d |:{"25672/tcp":{}|
|000007e0| 2c 22 34 33 36 39 2f 74 63 70 22 3a 7b 7d 2c 22 |,"4369/tcp":{},"|
|000007f0| 35 36 37 31 2f 74 63 70 22 3a 7b 7d 2c 22 35 36 |5671/tcp":{},"56|
|00000800| 37 32 2f 74 63 70 22 3a 7b 7d 7d 2c 22 54 74 79 |72/tcp":{}},"Tty|
|00000810| 22 3a 66 61 6c 73 65 2c 22 4f 70 65 6e 53 74 64 |":false,"OpenStd|
|00000820| 69 6e 22 3a 66 61 6c 73 65 2c 22 53 74 64 69 6e |in":false,"Stdin|
|00000830| 4f 6e 63 65 22 3a 66 61 6c 73 65 2c 22 45 6e 76 |Once":false,"Env|
|00000840| 22 3a 5b 22 52 41 42 42 49 54 4d 51 5f 55 53 45 |":["RABBITMQ_USE|
|00000850| 52 3d 67 75 65 73 74 22 2c 22 52 41 42 42 49 54 |R=guest","RABBIT|
|00000860| 4d 51 5f 50 41 53 53 57 4f 52 44 3d 67 75 65 73 |MQ_PASSWORD=gues|
|00000870| 74 22 2c 22 6e 6f 5f 70 72 6f 78 79 3d 2a 2e 6c |t","no_proxy=*.l|
|00000880| 6f 63 61 6c 2c 20 31 36 39 2e 32 35 34 2f 31 36 |ocal, 169.254/16|
|00000890| 22 2c 22 50 41 54 48 3d 2f 75 73 72 2f 6c 69 62 |","PATH=/usr/lib|
|000008a0| 2f 72 61 62 62 69 74 6d 71 2f 62 69 6e 3a 2f 75 |/rabbitmq/bin:/u|
|000008b0| 73 72 2f 6c 6f 63 61 6c 2f 73 62 69 6e 3a 2f 75 |sr/local/sbin:/u|
|000008c0| 73 72 2f 6c 6f 63 61 6c 2f 62 69 6e 3a 2f 75 73 |sr/local/bin:/us|
|000008d0| 72 2f 73 62 69 6e 3a 2f 75 73 72 2f 62 69 6e 3a |r/sbin:/usr/bin:|
|000008e0| 2f 73 62 69 6e 3a 2f 62 69 6e 22 2c 22 47 4f 53 |/sbin:/bin","GOS|
|000008f0| 55 5f 56 45 52 53 49 4f 4e 3d 31 2e 31 30 22 2c |U_VERSION=1.10",|
|00000900| 22 52 41 42 42 49 54 4d 51 5f 4c 4f 47 53 3d 2d |"RABBITMQ_LOGS=-|
|00000910| 22 2c 22 52 41 42 42 49 54 4d 51 5f 53 41 53 4c |","RABBITMQ_SASL|
|00000920| 5f 4c 4f 47 53 3d 2d 22 2c 22 52 41 42 42 49 54 |_LOGS=-","RABBIT|
|00000930| 4d 51 5f 47 50 47 5f 4b 45 59 3d 30 41 39 41 46 |MQ_GPG_KEY=0A9AF|
|00000940| 32 31 31 35 46 34 36 38 37 42 44 32 39 38 30 33 |2115F4687BD29803|
|00000950| 41 32 30 36 42 37 33 41 33 36 45 36 30 32 36 44 |A206B73A36E6026D|
|00000960| 46 43 41 22 2c 22 52 41 42 42 49 54 4d 51 5f 56 |FCA","RABBITMQ_V|
|00000970| 45 52 53 49 4f 4e 3d 33 2e 36 2e 31 34 22 2c 22 |ERSION=3.6.14","|
|00000980| 52 41 42 42 49 54 4d 51 5f 47 49 54 48 55 42 5f |RABBITMQ_GITHUB_|
|00000990| 54 41 47 3d 72 61 62 62 69 74 6d 71 5f 76 33 5f |TAG=rabbitmq_v3_|
|000009a0| 36 5f 31 34 22 2c 22 52 41 42 42 49 54 4d 51 5f |6_14","RABBITMQ_|
|000009b0| 44 45 42 49 41 4e 5f 56 45 52 53 49 4f 4e 3d 33 |DEBIAN_VERSION=3|
|000009c0| 2e 36 2e 31 34 2d 31 22 2c 22 48 4f 4d 45 3d 2f |.6.14-1","HOME=/|
|000009d0| 76 61 72 2f 6c 69 62 2f 72 61 62 62 69 74 6d 71 |var/lib/rabbitmq|
|000009e0| 22 5d 2c 22 43 6d 64 22 3a 5b 22 72 61 62 62 69 |"],"Cmd":["rabbi|
|000009f0| 74 6d 71 2d 73 65 72 76 65 72 22 5d 2c 22 41 72 |tmq-server"],"Ar|
|00000a00| 67 73 45 73 63 61 70 65 64 22 3a 74 72 75 65 2c |gsEscaped":true,|
|00000a10| 22 49 6d 61 67 65 22 3a 22 72 61 62 62 69 74 6d |"Image":"rabbitm|
|00000a20| 71 3a 33 2e 36 2e 31 34 22 2c 22 56 6f 6c 75 6d |q:3.6.14","Volum|
|00000a30| 65 73 22 3a 7b 22 2f 76 61 72 2f 6c 69 62 2f 72 |es":{"/var/lib/r|
|00000a40| 61 62 62 69 74 6d 71 22 3a 7b 7d 7d 2c 22 57 6f |abbitmq":{}},"Wo|
|00000a50| 72 6b 69 6e 67 44 69 72 22 3a 22 22 2c 22 45 6e |rkingDir":"","En|
|00000a60| 74 72 79 70 6f 69 6e 74 22 3a 5b 22 64 6f 63 6b |trypoint":["dock|
|00000a70| 65 72 2d 65 6e 74 72 79 70 6f 69 6e 74 2e 73 68 |er-entrypoint.sh|
|00000a80| 22 5d 2c 22 4f 6e 42 75 69 6c 64 22 3a 6e 75 6c |"],"OnBuild":nul|
|00000a90| 6c 2c 22 4c 61 62 65 6c 73 22 3a 7b 22 6f 72 67 |l,"Labels":{"org|
|00000aa0| 2e 74 65 73 74 63 6f 6e 74 61 69 6e 65 72 73 22 |.testcontainers"|
|00000ab0| 3a 22 74 72 75 65 22 7d 7d 2c 22 4e 65 74 77 6f |:"true"}},"Netwo|
|00000ac0| 72 6b 53 65 74 74 69 6e 67 73 22 3a 7b 22 42 72 |rkSettings":{"Br|
|00000ad0| 69 64 67 65 22 3a 22 22 2c 22 53 61 6e 64 62 6f |idge":"","Sandbo|
|00000ae0| 78 49 44 22 3a 22 32 31 32 33 36 38 30 61 37 38 |xID":"2123680a78|
|00000af0| 36 31 32 37 30 39 66 39 64 32 32 32 39 66 39 62 |612709f9d2229f9b|
|00000b00| 34 30 39 66 33 62 30 35 62 61 63 65 65 39 61 65 |409f3b05bacee9ae|
|00000b10| 34 35 32 39 38 31 66 30 64 64 33 36 32 30 65 61 |452981f0dd3620ea|
|00000b20| 61 33 33 64 64 61 22 2c 22 48 61 69 72 70 69 6e |a33dda","Hairpin|
|00000b30| 4d 6f 64 65 22 3a 66 61 6c 73 65 2c 22 4c 69 6e |Mode":false,"Lin|
|00000b40| 6b 4c 6f 63 61 6c 49 50 76 36 41 64 64 72 65 73 |kLocalIPv6Addres|
|00000b50| 73 22 3a 22 22 2c 22 4c 69 6e 6b 4c 6f 63 61 6c |s":"","LinkLocal|
|00000b60| 49 50 76 36 50 72 65 66 69 78 4c 65 6e 22 3a 30 |IPv6PrefixLen":0|
|00000b70| 2c 22 50 6f 72 74 73 22 3a 7b 22 32 35 36 37 32 |,"Ports":{"25672|
|00000b80| 2f 74 63 70 22 3a 5b 7b 22 48 6f 73 74 49 70 22 |/tcp":[{"HostIp"|
|00000b90| 3a 22 30 2e 30 2e 30 2e 30 22 2c 22 48 6f 73 74 |:"0.0.0.0","Host|
|00000ba0| 50 6f 72 74 22 3a 22 33 32 39 37 30 22 7d 5d 2c |Port":"32970"}],|
|00000bb0| 22 34 33 36 39 2f 74 63 70 22 3a 5b 7b 22 48 6f |"4369/tcp":[{"Ho|
|00000bc0| 73 74 49 70 22 3a 22 30 2e 30 2e 30 2e 30 22 2c |stIp":"0.0.0.0",|
|00000bd0| 22 48 6f 73 74 50 6f 72 74 22 3a 22 33 32 39 37 |"HostPort":"3297|
|00000be0| 33 22 7d 5d 2c 22 35 36 37 31 2f 74 63 70 22 3a |3"}],"5671/tcp":|
|00000bf0| 5b 7b 22 48 6f 73 74 49 70 22 3a 22 30 2e 30 2e |[{"HostIp":"0.0.|
|00000c00| 30 2e 30 22 2c 22 48 6f 73 74 50 6f 72 74 22 3a |0.0","HostPort":|
|00000c10| 22 33 32 39 37 32 22 7d 5d 2c 22 35 36 37 32 2f |"32972"}],"5672/|
|00000c20| 74 63 70 22 3a 5b 7b 22 48 6f 73 74 49 70 22 3a |tcp":[{"HostIp":|
|00000c30| 22 30 2e 30 2e 30 2e 30 22 2c 22 48 6f 73 74 50 |"0.0.0.0","HostP|
|00000c40| 6f 72 74 22 3a 22 33 32 39 37 31 22 7d 5d 7d 2c |ort":"32971"}]},|
|00000c50| 22 53 61 6e 64 62 6f 78 4b 65 79 22 3a 22 2f 76 |"SandboxKey":"/v|
|00000c60| 61 72 2f 72 75 6e 2f 64 6f 63 6b 65 72 2f 6e 65 |ar/run/docker/ne|
|00000c70| 74 6e 73 2f 32 31 32 33 36 38 30 61 37 38 36 31 |tns/2123680a7861|
|00000c80| 22 2c 22 53 65 63 6f 6e 64 61 72 79 49 50 41 64 |","SecondaryIPAd|
|00000c90| 64 72 65 73 73 65 73 22 3a 6e 75 6c 6c 2c 22 53 |dresses":null,"S|
|00000ca0| 65 63 6f 6e 64 61 72 79 49 50 76 36 41 64 64 72 |econdaryIPv6Addr|
|00000cb0| 65 73 73 65 73 22 3a 6e 75 6c 6c 2c 22 45 6e 64 |esses":null,"End|
|00000cc0| 70 6f 69 6e 74 49 44 22 3a 22 34 32 66 65 34 36 |pointID":"42fe46|
|00000cd0| 39 36 33 34 37 32 30 64 39 62 31 63 34 39 61 31 |9634720d9b1c49a1|
|00000ce0| 61 62 35 30 38 32 37 39 62 65 65 63 34 30 64 32 |ab508279beec40d2|
|00000cf0| 35 38 31 61 33 30 37 39 35 63 34 38 33 32 32 38 |581a30795c483228|
|00000d00| 33 35 35 36 35 32 32 34 66 64 22 2c 22 47 61 74 |35565224fd","Gat|
|00000d10| 65 77 61 79 22 3a 22 31 37 32 2e 31 37 2e 30 2e |eway":"172.17.0.|
|00000d20| 31 22 2c 22 47 6c 6f 62 61 6c 49 50 76 36 41 64 |1","GlobalIPv6Ad|
|00000d30| 64 72 65 73 73 22 3a 22 22 2c 22 47 6c 6f 62 61 |dress":"","Globa|
|00000d40| 6c 49 50 76 36 50 72 65 66 69 78 4c 65 6e 22 3a |lIPv6PrefixLen":|
|00000d50| 30 2c 22 49 50 41 64 64 72 65 73 73 22 3a 22 31 |0,"IPAddress":"1|
|00000d60| 37 32 2e 31 37 2e 30 2e 34 22 2c 22 49 50 50 72 |72.17.0.4","IPPr|
|00000d70| 65 66 69 78 4c 65 6e 22 3a 31 36 2c 22 49 50 76 |efixLen":16,"IPv|
|00000d80| 36 47 61 74 65 77 61 79 22 3a 22 22 2c 22 4d 61 |6Gateway":"","Ma|
|00000d90| 63 41 64 64 72 65 73 73 22 3a 22 30 32 3a 34 32 |cAddress":"02:42|
|00000da0| 3a 61 63 3a 31 31 3a 30 30 3a 30 34 22 2c 22 4e |:ac:11:00:04","N|
|00000db0| 65 74 77 6f 72 6b 73 22 3a 7b 22 62 72 69 64 67 |etworks":{"bridg|
|00000dc0| 65 22 3a 7b 22 49 50 41 4d 43 6f 6e 66 69 67 22 |e":{"IPAMConfig"|
|00000dd0| 3a 6e 75 6c 6c 2c 22 4c 69 6e 6b 73 22 3a 6e 75 |:null,"Links":nu|
|00000de0| 6c 6c 2c 22 41 6c 69 61 73 65 73 22 3a 6e 75 6c |ll,"Aliases":nul|
|00000df0| 6c 2c 22 4e 65 74 77 6f 72 6b 49 44 22 3a 22 39 |l,"NetworkID":"9|
|00000e00| 66 65 38 62 39 32 64 61 66 63 30 35 34 34 36 33 |fe8b92dafc054463|
|00000e10| 33 37 39 64 39 34 35 38 61 64 65 37 37 64 35 31 |379d9458ade77d51|
|00000e20| 61 34 61 62 39 30 61 64 31 33 65 35 34 61 65 32 |a4ab90ad13e54ae2|
|00000e30| 31 61 31 38 64 36 35 66 66 32 63 30 37 63 61 22 |1a18d65ff2c07ca"|
|00000e40| 2c 22 45 6e 64 70 6f 69 6e 74 49 44 22 3a 22 34 |,"EndpointID":"4|
|00000e50| 32 66 65 34 36 39 36 33 34 37 32 30 64 39 62 31 |2fe469634720d9b1|
|00000e60| 63 34 39 61 31 61 62 35 30 38 32 37 39 62 65 65 |c49a1ab508279bee|
|00000e70| 63 34 30 64 32 35 38 31 61 33 30 37 39 35 63 34 |c40d2581a30795c4|
|00000e80| 38 33 32 32 38 33 35 35 36 35 32 32 34 66 64 22 |8322835565224fd"|
|00000e90| 2c 22 47 61 74 65 77 61 79 22 3a 22 31 37 32 2e |,"Gateway":"172.|
|00000ea0| 31 37 2e 30 2e 31 22 2c 22 49 50 41 64 64 72 65 |17.0.1","IPAddre|
|00000eb0| 73 73 22 3a 22 31 37 32 2e 31 37 2e 30 2e 34 22 |ss":"172.17.0.4"|
|00000ec0| 2c 22 49 50 50 72 65 66 69 78 4c 65 6e 22 3a 31 |,"IPPrefixLen":1|
|00000ed0| 36 2c 22 49 50 76 36 47 61 74 65 77 61 79 22 3a |6,"IPv6Gateway":|
|00000ee0| 22 22 2c 22 47 6c 6f 62 61 6c 49 50 76 36 41 64 |"","GlobalIPv6Ad|
|00000ef0| 64 72 65 73 73 22 3a 22 22 2c 22 47 6c 6f 62 61 |dress":"","Globa|
|00000f00| 6c 49 50 76 36 50 72 65 66 69 78 4c 65 6e 22 3a |lIPv6PrefixLen":|
|00000f10| 30 2c 22 4d 61 63 41 64 64 72 65 73 73 22 3a 22 |0,"MacAddress":"|
|00000f20| 30 32 3a 34 32 3a 61 63 3a 31 31 3a 30 30 3a 30 |02:42:ac:11:00:0|
|00000f30| 34 22 2c 22 44 72 69 76 65 72 4f 70 74 73 22 3a |4","DriverOpts":|
|00000f40| 6e 75 6c 6c 7d 7d 7d 7d 0a                      |null}}}}.       |
+--------+-------------------------------------------------+----------------+
2017-11-27 22:09:19.511 DEBUG 24827 --- [java-netty-1-15] c.g.d.netty.NettyDockerCmdExecFactory$1  : [id: 0x3e2031b4, L:null - R:/var/run/docker.sock] READ, EmptyLastHttpContent, 0B
2017-11-27 22:09:19.511 DEBUG 24827 --- [java-netty-1-15] c.g.d.netty.NettyDockerCmdExecFactory$1  : [id: 0x3e2031b4, L:null - R:/var/run/docker.sock] CLOSE
2017-11-27 22:09:19.511 DEBUG 24827 --- [java-netty-1-15] xecFactory$UnixDomainSocketInitializer$3 : [id: 0x3e2031b4, L:null - R:/var/run/docker.sock] CLOSE
2017-11-27 22:09:19.512 DEBUG 24827 --- [java-netty-1-15] xecFactory$UnixDomainSocketInitializer$3 : [id: 0x3e2031b4, L:null ! R:/var/run/docker.sock] READ COMPLETE
2017-11-27 22:09:19.512 DEBUG 24827 --- [java-netty-1-15] c.g.d.netty.NettyDockerCmdExecFactory$1  : [id: 0x3e2031b4, L:null ! R:/var/run/docker.sock] READ COMPLETE
2017-11-27 22:09:19.512 DEBUG 24827 --- [java-netty-1-15] xecFactory$UnixDomainSocketInitializer$3 : [id: 0x3e2031b4, L:null ! R:/var/run/docker.sock] INACTIVE
2017-11-27 22:09:19.512 DEBUG 24827 --- [java-netty-1-15] c.g.d.netty.NettyDockerCmdExecFactory$1  : [id: 0x3e2031b4, L:null ! R:/var/run/docker.sock] INACTIVE
2017-11-27 22:09:19.512 DEBUG 24827 --- [java-netty-1-15] xecFactory$UnixDomainSocketInitializer$3 : [id: 0x3e2031b4, L:null ! R:/var/run/docker.sock] UNREGISTERED
2017-11-27 22:09:19.512 DEBUG 24827 --- [java-netty-1-15] c.g.d.netty.NettyDockerCmdExecFactory$1  : [id: 0x3e2031b4, L:null ! R:/var/run/docker.sock] UNREGISTERED
2017-11-27 22:09:19.513 DEBUG 24827 --- [pool-1-thread-1] c.g.d.core.command.AbstrDockerCmd        : Cmd: 8dd1d7d3e1e1d6bdcc6c2faf38dd514172bbf3b517e3076fa7e0919db0066182,false,com.github.dockerjava.netty.exec.InspectContainerCmdExec@1c1a148a
2017-11-27 22:09:19.513 DEBUG 24827 --- [pool-1-thread-1] c.g.d.n.exec.InspectContainerCmdExec     : GET: com.github.dockerjava.netty.WebTarget@985707a9
2017-11-27 22:09:19.514 DEBUG 24827 --- [java-netty-1-16] xecFactory$UnixDomainSocketInitializer$3 : [id: 0x2d8d44b4] REGISTERED
2017-11-27 22:09:19.514 DEBUG 24827 --- [java-netty-1-16] xecFactory$UnixDomainSocketInitializer$3 : [id: 0x2d8d44b4] CONNECT: /var/run/docker.sock
2017-11-27 22:09:19.514 DEBUG 24827 --- [java-netty-1-16] xecFactory$UnixDomainSocketInitializer$3 : [id: 0x2d8d44b4, L:null - R:/var/run/docker.sock] ACTIVE
2017-11-27 22:09:19.516 DEBUG 24827 --- [java-netty-1-16] c.g.d.netty.NettyDockerCmdExecFactory$1  : [id: 0x2d8d44b4, L:null - R:/var/run/docker.sock] WRITE, DefaultFullHttpRequest(decodeResult: success, version: HTTP/1.1, content: UnpooledByteBufAllocator$InstrumentedUnpooledUnsafeHeapByteBuf(ridx: 0, widx: 0, cap: 0))
GET /containers/8dd1d7d3e1e1d6bdcc6c2faf38dd514172bbf3b517e3076fa7e0919db0066182/json HTTP/1.1
host:
connection: keep-alive
accept-encoding: gzip
accept: application/json, 0B
2017-11-27 22:09:19.517 DEBUG 24827 --- [java-netty-1-16] xecFactory$UnixDomainSocketInitializer$3 : [id: 0x2d8d44b4, L:null - R:/var/run/docker.sock] WRITE: 179B
         +-------------------------------------------------+
         |  0  1  2  3  4  5  6  7  8  9  a  b  c  d  e  f |
+--------+-------------------------------------------------+----------------+
|00000000| 47 45 54 20 2f 63 6f 6e 74 61 69 6e 65 72 73 2f |GET /containers/|
|00000010| 38 64 64 31 64 37 64 33 65 31 65 31 64 36 62 64 |8dd1d7d3e1e1d6bd|
|00000020| 63 63 36 63 32 66 61 66 33 38 64 64 35 31 34 31 |cc6c2faf38dd5141|
|00000030| 37 32 62 62 66 33 62 35 31 37 65 33 30 37 36 66 |72bbf3b517e3076f|
|00000040| 61 37 65 30 39 31 39 64 62 30 30 36 36 31 38 32 |a7e0919db0066182|
|00000050| 2f 6a 73 6f 6e 20 48 54 54 50 2f 31 2e 31 0d 0a |/json HTTP/1.1..|
|00000060| 68 6f 73 74 3a 20 0d 0a 63 6f 6e 6e 65 63 74 69 |host: ..connecti|
|00000070| 6f 6e 3a 20 6b 65 65 70 2d 61 6c 69 76 65 0d 0a |on: keep-alive..|
|00000080| 61 63 63 65 70 74 2d 65 6e 63 6f 64 69 6e 67 3a |accept-encoding:|
|00000090| 20 67 7a 69 70 0d 0a 61 63 63 65 70 74 3a 20 61 | gzip..accept: a|
|000000a0| 70 70 6c 69 63 61 74 69 6f 6e 2f 6a 73 6f 6e 0d |pplication/json.|
|000000b0| 0a 0d 0a                                        |...             |
+--------+-------------------------------------------------+----------------+
2017-11-27 22:09:19.517 DEBUG 24827 --- [java-netty-1-16] c.g.d.netty.NettyDockerCmdExecFactory$1  : [id: 0x2d8d44b4, L:null - R:/var/run/docker.sock] FLUSH
2017-11-27 22:09:19.517 DEBUG 24827 --- [java-netty-1-16] xecFactory$UnixDomainSocketInitializer$3 : [id: 0x2d8d44b4, L:null - R:/var/run/docker.sock] FLUSH
2017-11-27 22:09:19.519 DEBUG 24827 --- [java-netty-1-16] xecFactory$UnixDomainSocketInitializer$3 : [id: 0x2d8d44b4, L:null - R:/var/run/docker.sock] READ: 1024B
         +-------------------------------------------------+
         |  0  1  2  3  4  5  6  7  8  9  a  b  c  d  e  f |
+--------+-------------------------------------------------+----------------+
|00000000| 48 54 54 50 2f 31 2e 31 20 32 30 30 20 4f 4b 0d |HTTP/1.1 200 OK.|
|00000010| 0a 41 70 69 2d 56 65 72 73 69 6f 6e 3a 20 31 2e |.Api-Version: 1.|
|00000020| 33 32 0d 0a 43 6f 6e 74 65 6e 74 2d 54 79 70 65 |32..Content-Type|
|00000030| 3a 20 61 70 70 6c 69 63 61 74 69 6f 6e 2f 6a 73 |: application/js|
|00000040| 6f 6e 0d 0a 44 61 74 65 3a 20 4d 6f 6e 2c 20 32 |on..Date: Mon, 2|
|00000050| 37 20 4e 6f 76 20 32 30 31 37 20 32 31 3a 30 39 |7 Nov 2017 21:09|
|00000060| 3a 31 36 20 47 4d 54 0d 0a 44 6f 63 6b 65 72 2d |:16 GMT..Docker-|
|00000070| 45 78 70 65 72 69 6d 65 6e 74 61 6c 3a 20 66 61 |Experimental: fa|
|00000080| 6c 73 65 0d 0a 4f 73 74 79 70 65 3a 20 6c 69 6e |lse..Ostype: lin|
|00000090| 75 78 0d 0a 53 65 72 76 65 72 3a 20 44 6f 63 6b |ux..Server: Dock|
|000000a0| 65 72 2f 31 37 2e 30 39 2e 30 2d 63 65 20 28 6c |er/17.09.0-ce (l|
|000000b0| 69 6e 75 78 29 0d 0a 54 72 61 6e 73 66 65 72 2d |inux)..Transfer-|
|000000c0| 45 6e 63 6f 64 69 6e 67 3a 20 63 68 75 6e 6b 65 |Encoding: chunke|
|000000d0| 64 0d 0a 0d 0a 31 32 36 65 0d 0a 7b 22 49 64 22 |d....126e..{"Id"|
|000000e0| 3a 22 38 64 64 31 64 37 64 33 65 31 65 31 64 36 |:"8dd1d7d3e1e1d6|
|000000f0| 62 64 63 63 36 63 32 66 61 66 33 38 64 64 35 31 |bdcc6c2faf38dd51|
|00000100| 34 31 37 32 62 62 66 33 62 35 31 37 65 33 30 37 |4172bbf3b517e307|
|00000110| 36 66 61 37 65 30 39 31 39 64 62 30 30 36 36 31 |6fa7e0919db00661|
|00000120| 38 32 22 2c 22 43 72 65 61 74 65 64 22 3a 22 32 |82","Created":"2|
|00000130| 30 31 37 2d 31 31 2d 32 37 54 32 31 3a 30 39 3a |017-11-27T21:09:|
|00000140| 31 35 2e 33 32 38 36 33 37 36 38 32 5a 22 2c 22 |15.328637682Z","|
|00000150| 50 61 74 68 22 3a 22 64 6f 63 6b 65 72 2d 65 6e |Path":"docker-en|
|00000160| 74 72 79 70 6f 69 6e 74 2e 73 68 22 2c 22 41 72 |trypoint.sh","Ar|
|00000170| 67 73 22 3a 5b 22 72 61 62 62 69 74 6d 71 2d 73 |gs":["rabbitmq-s|
|00000180| 65 72 76 65 72 22 5d 2c 22 53 74 61 74 65 22 3a |erver"],"State":|
|00000190| 7b 22 53 74 61 74 75 73 22 3a 22 72 75 6e 6e 69 |{"Status":"runni|
|000001a0| 6e 67 22 2c 22 52 75 6e 6e 69 6e 67 22 3a 74 72 |ng","Running":tr|
|000001b0| 75 65 2c 22 50 61 75 73 65 64 22 3a 66 61 6c 73 |ue,"Paused":fals|
|000001c0| 65 2c 22 52 65 73 74 61 72 74 69 6e 67 22 3a 66 |e,"Restarting":f|
|000001d0| 61 6c 73 65 2c 22 4f 4f 4d 4b 69 6c 6c 65 64 22 |alse,"OOMKilled"|
|000001e0| 3a 66 61 6c 73 65 2c 22 44 65 61 64 22 3a 66 61 |:false,"Dead":fa|
|000001f0| 6c 73 65 2c 22 50 69 64 22 3a 31 36 34 37 34 2c |lse,"Pid":16474,|
|00000200| 22 45 78 69 74 43 6f 64 65 22 3a 30 2c 22 45 72 |"ExitCode":0,"Er|
|00000210| 72 6f 72 22 3a 22 22 2c 22 53 74 61 72 74 65 64 |ror":"","Started|
|00000220| 41 74 22 3a 22 32 30 31 37 2d 31 31 2d 32 37 54 |At":"2017-11-27T|
|00000230| 32 31 3a 30 39 3a 31 36 2e 30 34 35 35 37 38 30 |21:09:16.0455780|
|00000240| 34 39 5a 22 2c 22 46 69 6e 69 73 68 65 64 41 74 |49Z","FinishedAt|
|00000250| 22 3a 22 30 30 30 31 2d 30 31 2d 30 31 54 30 30 |":"0001-01-01T00|
|00000260| 3a 30 30 3a 30 30 5a 22 7d 2c 22 49 6d 61 67 65 |:00:00Z"},"Image|
|00000270| 22 3a 22 73 68 61 32 35 36 3a 37 39 61 30 30 38 |":"sha256:79a008|
|00000280| 62 32 35 39 36 32 65 31 61 31 34 33 65 30 32 62 |b25962e1a143e02b|
|00000290| 33 37 31 38 37 66 38 35 35 63 62 32 32 34 65 32 |37187f855cb224e2|
|000002a0| 32 30 33 62 39 34 63 63 39 66 38 37 65 38 31 66 |203b94cc9f87e81f|
|000002b0| 65 32 37 35 36 36 30 63 39 64 22 2c 22 52 65 73 |e275660c9d","Res|
|000002c0| 6f 6c 76 43 6f 6e 66 50 61 74 68 22 3a 22 2f 76 |olvConfPath":"/v|
|000002d0| 61 72 2f 6c 69 62 2f 64 6f 63 6b 65 72 2f 63 6f |ar/lib/docker/co|
|000002e0| 6e 74 61 69 6e 65 72 73 2f 38 64 64 31 64 37 64 |ntainers/8dd1d7d|
|000002f0| 33 65 31 65 31 64 36 62 64 63 63 36 63 32 66 61 |3e1e1d6bdcc6c2fa|
|00000300| 66 33 38 64 64 35 31 34 31 37 32 62 62 66 33 62 |f38dd514172bbf3b|
|00000310| 35 31 37 65 33 30 37 36 66 61 37 65 30 39 31 39 |517e3076fa7e0919|
|00000320| 64 62 30 30 36 36 31 38 32 2f 72 65 73 6f 6c 76 |db0066182/resolv|
|00000330| 2e 63 6f 6e 66 22 2c 22 48 6f 73 74 6e 61 6d 65 |.conf","Hostname|
|00000340| 50 61 74 68 22 3a 22 2f 76 61 72 2f 6c 69 62 2f |Path":"/var/lib/|
|00000350| 64 6f 63 6b 65 72 2f 63 6f 6e 74 61 69 6e 65 72 |docker/container|
|00000360| 73 2f 38 64 64 31 64 37 64 33 65 31 65 31 64 36 |s/8dd1d7d3e1e1d6|
|00000370| 62 64 63 63 36 63 32 66 61 66 33 38 64 64 35 31 |bdcc6c2faf38dd51|
|00000380| 34 31 37 32 62 62 66 33 62 35 31 37 65 33 30 37 |4172bbf3b517e307|
|00000390| 36 66 61 37 65 30 39 31 39 64 62 30 30 36 36 31 |6fa7e0919db00661|
|000003a0| 38 32 2f 68 6f 73 74 6e 61 6d 65 22 2c 22 48 6f |82/hostname","Ho|
|000003b0| 73 74 73 50 61 74 68 22 3a 22 2f 76 61 72 2f 6c |stsPath":"/var/l|
|000003c0| 69 62 2f 64 6f 63 6b 65 72 2f 63 6f 6e 74 61 69 |ib/docker/contai|
|000003d0| 6e 65 72 73 2f 38 64 64 31 64 37 64 33 65 31 65 |ners/8dd1d7d3e1e|
|000003e0| 31 64 36 62 64 63 63 36 63 32 66 61 66 33 38 64 |1d6bdcc6c2faf38d|
|000003f0| 64 35 31 34 31 37 32 62 62 66 33 62 35 31 37 65 |d514172bbf3b517e|
+--------+-------------------------------------------------+----------------+
2017-11-27 22:09:19.520 DEBUG 24827 --- [java-netty-1-16] c.g.d.netty.NettyDockerCmdExecFactory$1  : [id: 0x2d8d44b4, L:null - R:/var/run/docker.sock] READ: DefaultHttpResponse(decodeResult: success, version: HTTP/1.1)
HTTP/1.1 200 OK
Api-Version: 1.32
Content-Type: application/json
Date: Mon, 27 Nov 2017 21:09:16 GMT
Docker-Experimental: false
Ostype: linux
Server: Docker/17.09.0-ce (linux)
Transfer-Encoding: chunked
2017-11-27 22:09:19.520 DEBUG 24827 --- [java-netty-1-16] c.g.d.netty.NettyDockerCmdExecFactory$1  : [id: 0x2d8d44b4, L:null - R:/var/run/docker.sock] READ: DefaultHttpContent(data: PooledSlicedByteBuf(ridx: 0, widx: 805, cap: 805/805, unwrapped: PooledUnsafeDirectByteBuf(ridx: 1024, widx: 1024, cap: 1024)), decoderResult: success), 805B
         +-------------------------------------------------+
         |  0  1  2  3  4  5  6  7  8  9  a  b  c  d  e  f |
+--------+-------------------------------------------------+----------------+
|00000000| 7b 22 49 64 22 3a 22 38 64 64 31 64 37 64 33 65 |{"Id":"8dd1d7d3e|
|00000010| 31 65 31 64 36 62 64 63 63 36 63 32 66 61 66 33 |1e1d6bdcc6c2faf3|
|00000020| 38 64 64 35 31 34 31 37 32 62 62 66 33 62 35 31 |8dd514172bbf3b51|
|00000030| 37 65 33 30 37 36 66 61 37 65 30 39 31 39 64 62 |7e3076fa7e0919db|
|00000040| 30 30 36 36 31 38 32 22 2c 22 43 72 65 61 74 65 |0066182","Create|
|00000050| 64 22 3a 22 32 30 31 37 2d 31 31 2d 32 37 54 32 |d":"2017-11-27T2|
|00000060| 31 3a 30 39 3a 31 35 2e 33 32 38 36 33 37 36 38 |1:09:15.32863768|
|00000070| 32 5a 22 2c 22 50 61 74 68 22 3a 22 64 6f 63 6b |2Z","Path":"dock|
|00000080| 65 72 2d 65 6e 74 72 79 70 6f 69 6e 74 2e 73 68 |er-entrypoint.sh|
|00000090| 22 2c 22 41 72 67 73 22 3a 5b 22 72 61 62 62 69 |","Args":["rabbi|
|000000a0| 74 6d 71 2d 73 65 72 76 65 72 22 5d 2c 22 53 74 |tmq-server"],"St|
|000000b0| 61 74 65 22 3a 7b 22 53 74 61 74 75 73 22 3a 22 |ate":{"Status":"|
|000000c0| 72 75 6e 6e 69 6e 67 22 2c 22 52 75 6e 6e 69 6e |running","Runnin|
|000000d0| 67 22 3a 74 72 75 65 2c 22 50 61 75 73 65 64 22 |g":true,"Paused"|
|000000e0| 3a 66 61 6c 73 65 2c 22 52 65 73 74 61 72 74 69 |:false,"Restarti|
|000000f0| 6e 67 22 3a 66 61 6c 73 65 2c 22 4f 4f 4d 4b 69 |ng":false,"OOMKi|
|00000100| 6c 6c 65 64 22 3a 66 61 6c 73 65 2c 22 44 65 61 |lled":false,"Dea|
|00000110| 64 22 3a 66 61 6c 73 65 2c 22 50 69 64 22 3a 31 |d":false,"Pid":1|
|00000120| 36 34 37 34 2c 22 45 78 69 74 43 6f 64 65 22 3a |6474,"ExitCode":|
|00000130| 30 2c 22 45 72 72 6f 72 22 3a 22 22 2c 22 53 74 |0,"Error":"","St|
|00000140| 61 72 74 65 64 41 74 22 3a 22 32 30 31 37 2d 31 |artedAt":"2017-1|
|00000150| 31 2d 32 37 54 32 31 3a 30 39 3a 31 36 2e 30 34 |1-27T21:09:16.04|
|00000160| 35 35 37 38 30 34 39 5a 22 2c 22 46 69 6e 69 73 |5578049Z","Finis|
|00000170| 68 65 64 41 74 22 3a 22 30 30 30 31 2d 30 31 2d |hedAt":"0001-01-|
|00000180| 30 31 54 30 30 3a 30 30 3a 30 30 5a 22 7d 2c 22 |01T00:00:00Z"},"|
|00000190| 49 6d 61 67 65 22 3a 22 73 68 61 32 35 36 3a 37 |Image":"sha256:7|
|000001a0| 39 61 30 30 38 62 32 35 39 36 32 65 31 61 31 34 |9a008b25962e1a14|
|000001b0| 33 65 30 32 62 33 37 31 38 37 66 38 35 35 63 62 |3e02b37187f855cb|
|000001c0| 32 32 34 65 32 32 30 33 62 39 34 63 63 39 66 38 |224e2203b94cc9f8|
|000001d0| 37 65 38 31 66 65 32 37 35 36 36 30 63 39 64 22 |7e81fe275660c9d"|
|000001e0| 2c 22 52 65 73 6f 6c 76 43 6f 6e 66 50 61 74 68 |,"ResolvConfPath|
|000001f0| 22 3a 22 2f 76 61 72 2f 6c 69 62 2f 64 6f 63 6b |":"/var/lib/dock|
|00000200| 65 72 2f 63 6f 6e 74 61 69 6e 65 72 73 2f 38 64 |er/containers/8d|
|00000210| 64 31 64 37 64 33 65 31 65 31 64 36 62 64 63 63 |d1d7d3e1e1d6bdcc|
|00000220| 36 63 32 66 61 66 33 38 64 64 35 31 34 31 37 32 |6c2faf38dd514172|
|00000230| 62 62 66 33 62 35 31 37 65 33 30 37 36 66 61 37 |bbf3b517e3076fa7|
|00000240| 65 30 39 31 39 64 62 30 30 36 36 31 38 32 2f 72 |e0919db0066182/r|
|00000250| 65 73 6f 6c 76 2e 63 6f 6e 66 22 2c 22 48 6f 73 |esolv.conf","Hos|
|00000260| 74 6e 61 6d 65 50 61 74 68 22 3a 22 2f 76 61 72 |tnamePath":"/var|
|00000270| 2f 6c 69 62 2f 64 6f 63 6b 65 72 2f 63 6f 6e 74 |/lib/docker/cont|
|00000280| 61 69 6e 65 72 73 2f 38 64 64 31 64 37 64 33 65 |ainers/8dd1d7d3e|
|00000290| 31 65 31 64 36 62 64 63 63 36 63 32 66 61 66 33 |1e1d6bdcc6c2faf3|
|000002a0| 38 64 64 35 31 34 31 37 32 62 62 66 33 62 35 31 |8dd514172bbf3b51|
|000002b0| 37 65 33 30 37 36 66 61 37 65 30 39 31 39 64 62 |7e3076fa7e0919db|
|000002c0| 30 30 36 36 31 38 32 2f 68 6f 73 74 6e 61 6d 65 |0066182/hostname|
|000002d0| 22 2c 22 48 6f 73 74 73 50 61 74 68 22 3a 22 2f |","HostsPath":"/|
|000002e0| 76 61 72 2f 6c 69 62 2f 64 6f 63 6b 65 72 2f 63 |var/lib/docker/c|
|000002f0| 6f 6e 74 61 69 6e 65 72 73 2f 38 64 64 31 64 37 |ontainers/8dd1d7|
|00000300| 64 33 65 31 65 31 64 36 62 64 63 63 36 63 32 66 |d3e1e1d6bdcc6c2f|
|00000310| 61 66 33 38 64 64 35 31 34 31 37 32 62 62 66 33 |af38dd514172bbf3|
|00000320| 62 35 31 37 65                                  |b517e           |
+--------+-------------------------------------------------+----------------+
2017-11-27 22:09:19.520 DEBUG 24827 --- [java-netty-1-16] xecFactory$UnixDomainSocketInitializer$3 : [id: 0x2d8d44b4, L:null - R:/var/run/docker.sock] READ COMPLETE
2017-11-27 22:09:19.520 DEBUG 24827 --- [java-netty-1-16] c.g.d.netty.NettyDockerCmdExecFactory$1  : [id: 0x2d8d44b4, L:null - R:/var/run/docker.sock] READ COMPLETE
2017-11-27 22:09:19.520 DEBUG 24827 --- [java-netty-1-16] xecFactory$UnixDomainSocketInitializer$3 : [id: 0x2d8d44b4, L:null - R:/var/run/docker.sock] READ: 3920B
         +-------------------------------------------------+
         |  0  1  2  3  4  5  6  7  8  9  a  b  c  d  e  f |
+--------+-------------------------------------------------+----------------+
|00000000| 33 30 37 36 66 61 37 65 30 39 31 39 64 62 30 30 |3076fa7e0919db00|
|00000010| 36 36 31 38 32 2f 68 6f 73 74 73 22 2c 22 4c 6f |66182/hosts","Lo|
|00000020| 67 50 61 74 68 22 3a 22 2f 76 61 72 2f 6c 69 62 |gPath":"/var/lib|
|00000030| 2f 64 6f 63 6b 65 72 2f 63 6f 6e 74 61 69 6e 65 |/docker/containe|
|00000040| 72 73 2f 38 64 64 31 64 37 64 33 65 31 65 31 64 |rs/8dd1d7d3e1e1d|
|00000050| 36 62 64 63 63 36 63 32 66 61 66 33 38 64 64 35 |6bdcc6c2faf38dd5|
|00000060| 31 34 31 37 32 62 62 66 33 62 35 31 37 65 33 30 |14172bbf3b517e30|
|00000070| 37 36 66 61 37 65 30 39 31 39 64 62 30 30 36 36 |76fa7e0919db0066|
|00000080| 31 38 32 2f 38 64 64 31 64 37 64 33 65 31 65 31 |182/8dd1d7d3e1e1|
|00000090| 64 36 62 64 63 63 36 63 32 66 61 66 33 38 64 64 |d6bdcc6c2faf38dd|
|000000a0| 35 31 34 31 37 32 62 62 66 33 62 35 31 37 65 33 |514172bbf3b517e3|
|000000b0| 30 37 36 66 61 37 65 30 39 31 39 64 62 30 30 36 |076fa7e0919db006|
|000000c0| 36 31 38 32 2d 6a 73 6f 6e 2e 6c 6f 67 22 2c 22 |6182-json.log","|
|000000d0| 4e 61 6d 65 22 3a 22 2f 74 72 75 73 74 69 6e 67 |Name":"/trusting|
|000000e0| 5f 6e 6f 65 74 68 65 72 22 2c 22 52 65 73 74 61 |_noether","Resta|
|000000f0| 72 74 43 6f 75 6e 74 22 3a 30 2c 22 44 72 69 76 |rtCount":0,"Driv|
|00000100| 65 72 22 3a 22 61 75 66 73 22 2c 22 50 6c 61 74 |er":"aufs","Plat|
|00000110| 66 6f 72 6d 22 3a 22 6c 69 6e 75 78 22 2c 22 4d |form":"linux","M|
|00000120| 6f 75 6e 74 4c 61 62 65 6c 22 3a 22 22 2c 22 50 |ountLabel":"","P|
|00000130| 72 6f 63 65 73 73 4c 61 62 65 6c 22 3a 22 22 2c |rocessLabel":"",|
|00000140| 22 41 70 70 41 72 6d 6f 72 50 72 6f 66 69 6c 65 |"AppArmorProfile|
|00000150| 22 3a 22 22 2c 22 45 78 65 63 49 44 73 22 3a 6e |":"","ExecIDs":n|
|00000160| 75 6c 6c 2c 22 48 6f 73 74 43 6f 6e 66 69 67 22 |ull,"HostConfig"|
|00000170| 3a 7b 22 42 69 6e 64 73 22 3a 5b 5d 2c 22 43 6f |:{"Binds":[],"Co|
|00000180| 6e 74 61 69 6e 65 72 49 44 46 69 6c 65 22 3a 22 |ntainerIDFile":"|
|00000190| 22 2c 22 4c 6f 67 43 6f 6e 66 69 67 22 3a 7b 22 |","LogConfig":{"|
|000001a0| 54 79 70 65 22 3a 22 6a 73 6f 6e 2d 66 69 6c 65 |Type":"json-file|
|000001b0| 22 2c 22 43 6f 6e 66 69 67 22 3a 7b 7d 7d 2c 22 |","Config":{}},"|
|000001c0| 4e 65 74 77 6f 72 6b 4d 6f 64 65 22 3a 22 64 65 |NetworkMode":"de|
|000001d0| 66 61 75 6c 74 22 2c 22 50 6f 72 74 42 69 6e 64 |fault","PortBind|
|000001e0| 69 6e 67 73 22 3a 7b 7d 2c 22 52 65 73 74 61 72 |ings":{},"Restar|
|000001f0| 74 50 6f 6c 69 63 79 22 3a 7b 22 4e 61 6d 65 22 |tPolicy":{"Name"|
|00000200| 3a 22 22 2c 22 4d 61 78 69 6d 75 6d 52 65 74 72 |:"","MaximumRetr|
|00000210| 79 43 6f 75 6e 74 22 3a 30 7d 2c 22 41 75 74 6f |yCount":0},"Auto|
|00000220| 52 65 6d 6f 76 65 22 3a 66 61 6c 73 65 2c 22 56 |Remove":false,"V|
|00000230| 6f 6c 75 6d 65 44 72 69 76 65 72 22 3a 22 22 2c |olumeDriver":"",|
|00000240| 22 56 6f 6c 75 6d 65 73 46 72 6f 6d 22 3a 5b 5d |"VolumesFrom":[]|
|00000250| 2c 22 43 61 70 41 64 64 22 3a 6e 75 6c 6c 2c 22 |,"CapAdd":null,"|
|00000260| 43 61 70 44 72 6f 70 22 3a 6e 75 6c 6c 2c 22 44 |CapDrop":null,"D|
|00000270| 6e 73 22 3a 6e 75 6c 6c 2c 22 44 6e 73 4f 70 74 |ns":null,"DnsOpt|
|00000280| 69 6f 6e 73 22 3a 6e 75 6c 6c 2c 22 44 6e 73 53 |ions":null,"DnsS|
|00000290| 65 61 72 63 68 22 3a 6e 75 6c 6c 2c 22 45 78 74 |earch":null,"Ext|
|000002a0| 72 61 48 6f 73 74 73 22 3a 5b 5d 2c 22 47 72 6f |raHosts":[],"Gro|
|000002b0| 75 70 41 64 64 22 3a 6e 75 6c 6c 2c 22 49 70 63 |upAdd":null,"Ipc|
|000002c0| 4d 6f 64 65 22 3a 22 73 68 61 72 65 61 62 6c 65 |Mode":"shareable|
|000002d0| 22 2c 22 43 67 72 6f 75 70 22 3a 22 22 2c 22 4c |","Cgroup":"","L|
|000002e0| 69 6e 6b 73 22 3a 6e 75 6c 6c 2c 22 4f 6f 6d 53 |inks":null,"OomS|
|000002f0| 63 6f 72 65 41 64 6a 22 3a 30 2c 22 50 69 64 4d |coreAdj":0,"PidM|
|00000300| 6f 64 65 22 3a 22 22 2c 22 50 72 69 76 69 6c 65 |ode":"","Privile|
|00000310| 67 65 64 22 3a 66 61 6c 73 65 2c 22 50 75 62 6c |ged":false,"Publ|
|00000320| 69 73 68 41 6c 6c 50 6f 72 74 73 22 3a 74 72 75 |ishAllPorts":tru|
|00000330| 65 2c 22 52 65 61 64 6f 6e 6c 79 52 6f 6f 74 66 |e,"ReadonlyRootf|
|00000340| 73 22 3a 66 61 6c 73 65 2c 22 53 65 63 75 72 69 |s":false,"Securi|
|00000350| 74 79 4f 70 74 22 3a 6e 75 6c 6c 2c 22 55 54 53 |tyOpt":null,"UTS|
|00000360| 4d 6f 64 65 22 3a 22 22 2c 22 55 73 65 72 6e 73 |Mode":"","Userns|
|00000370| 4d 6f 64 65 22 3a 22 22 2c 22 53 68 6d 53 69 7a |Mode":"","ShmSiz|
|00000380| 65 22 3a 36 37 31 30 38 38 36 34 2c 22 52 75 6e |e":67108864,"Run|
|00000390| 74 69 6d 65 22 3a 22 72 75 6e 63 22 2c 22 43 6f |time":"runc","Co|
|000003a0| 6e 73 6f 6c 65 53 69 7a 65 22 3a 5b 30 2c 30 5d |nsoleSize":[0,0]|
|000003b0| 2c 22 49 73 6f 6c 61 74 69 6f 6e 22 3a 22 22 2c |,"Isolation":"",|
|000003c0| 22 43 70 75 53 68 61 72 65 73 22 3a 30 2c 22 4d |"CpuShares":0,"M|
|000003d0| 65 6d 6f 72 79 22 3a 30 2c 22 4e 61 6e 6f 43 70 |emory":0,"NanoCp|
|000003e0| 75 73 22 3a 30 2c 22 43 67 72 6f 75 70 50 61 72 |us":0,"CgroupPar|
|000003f0| 65 6e 74 22 3a 22 22 2c 22 42 6c 6b 69 6f 57 65 |ent":"","BlkioWe|
|00000400| 69 67 68 74 22 3a 30 2c 22 42 6c 6b 69 6f 57 65 |ight":0,"BlkioWe|
|00000410| 69 67 68 74 44 65 76 69 63 65 22 3a 6e 75 6c 6c |ightDevice":null|
|00000420| 2c 22 42 6c 6b 69 6f 44 65 76 69 63 65 52 65 61 |,"BlkioDeviceRea|
|00000430| 64 42 70 73 22 3a 6e 75 6c 6c 2c 22 42 6c 6b 69 |dBps":null,"Blki|
|00000440| 6f 44 65 76 69 63 65 57 72 69 74 65 42 70 73 22 |oDeviceWriteBps"|
|00000450| 3a 6e 75 6c 6c 2c 22 42 6c 6b 69 6f 44 65 76 69 |:null,"BlkioDevi|
|00000460| 63 65 52 65 61 64 49 4f 70 73 22 3a 6e 75 6c 6c |ceReadIOps":null|
|00000470| 2c 22 42 6c 6b 69 6f 44 65 76 69 63 65 57 72 69 |,"BlkioDeviceWri|
|00000480| 74 65 49 4f 70 73 22 3a 6e 75 6c 6c 2c 22 43 70 |teIOps":null,"Cp|
|00000490| 75 50 65 72 69 6f 64 22 3a 30 2c 22 43 70 75 51 |uPeriod":0,"CpuQ|
|000004a0| 75 6f 74 61 22 3a 30 2c 22 43 70 75 52 65 61 6c |uota":0,"CpuReal|
|000004b0| 74 69 6d 65 50 65 72 69 6f 64 22 3a 30 2c 22 43 |timePeriod":0,"C|
|000004c0| 70 75 52 65 61 6c 74 69 6d 65 52 75 6e 74 69 6d |puRealtimeRuntim|
|000004d0| 65 22 3a 30 2c 22 43 70 75 73 65 74 43 70 75 73 |e":0,"CpusetCpus|
|000004e0| 22 3a 22 22 2c 22 43 70 75 73 65 74 4d 65 6d 73 |":"","CpusetMems|
|000004f0| 22 3a 22 22 2c 22 44 65 76 69 63 65 73 22 3a 6e |":"","Devices":n|
|00000500| 75 6c 6c 2c 22 44 65 76 69 63 65 43 67 72 6f 75 |ull,"DeviceCgrou|
|00000510| 70 52 75 6c 65 73 22 3a 6e 75 6c 6c 2c 22 44 69 |pRules":null,"Di|
|00000520| 73 6b 51 75 6f 74 61 22 3a 30 2c 22 4b 65 72 6e |skQuota":0,"Kern|
|00000530| 65 6c 4d 65 6d 6f 72 79 22 3a 30 2c 22 4d 65 6d |elMemory":0,"Mem|
|00000540| 6f 72 79 52 65 73 65 72 76 61 74 69 6f 6e 22 3a |oryReservation":|
|00000550| 30 2c 22 4d 65 6d 6f 72 79 53 77 61 70 22 3a 30 |0,"MemorySwap":0|
|00000560| 2c 22 4d 65 6d 6f 72 79 53 77 61 70 70 69 6e 65 |,"MemorySwappine|
|00000570| 73 73 22 3a 6e 75 6c 6c 2c 22 4f 6f 6d 4b 69 6c |ss":null,"OomKil|
|00000580| 6c 44 69 73 61 62 6c 65 22 3a 66 61 6c 73 65 2c |lDisable":false,|
|00000590| 22 50 69 64 73 4c 69 6d 69 74 22 3a 30 2c 22 55 |"PidsLimit":0,"U|
|000005a0| 6c 69 6d 69 74 73 22 3a 6e 75 6c 6c 2c 22 43 70 |limits":null,"Cp|
|000005b0| 75 43 6f 75 6e 74 22 3a 30 2c 22 43 70 75 50 65 |uCount":0,"CpuPe|
|000005c0| 72 63 65 6e 74 22 3a 30 2c 22 49 4f 4d 61 78 69 |rcent":0,"IOMaxi|
|000005d0| 6d 75 6d 49 4f 70 73 22 3a 30 2c 22 49 4f 4d 61 |mumIOps":0,"IOMa|
|000005e0| 78 69 6d 75 6d 42 61 6e 64 77 69 64 74 68 22 3a |ximumBandwidth":|
|000005f0| 30 7d 2c 22 47 72 61 70 68 44 72 69 76 65 72 22 |0},"GraphDriver"|
|00000600| 3a 7b 22 44 61 74 61 22 3a 6e 75 6c 6c 2c 22 4e |:{"Data":null,"N|
|00000610| 61 6d 65 22 3a 22 61 75 66 73 22 7d 2c 22 4d 6f |ame":"aufs"},"Mo|
|00000620| 75 6e 74 73 22 3a 5b 7b 22 54 79 70 65 22 3a 22 |unts":[{"Type":"|
|00000630| 76 6f 6c 75 6d 65 22 2c 22 4e 61 6d 65 22 3a 22 |volume","Name":"|
|00000640| 63 61 61 30 64 33 34 38 36 34 62 62 64 35 34 35 |caa0d34864bbd545|
|00000650| 30 32 36 62 38 36 65 35 32 34 34 30 66 65 66 37 |026b86e52440fef7|
|00000660| 36 34 35 32 37 31 62 33 30 61 37 39 34 30 62 39 |645271b30a7940b9|
|00000670| 38 32 31 62 63 63 66 64 63 36 31 66 64 63 32 39 |821bccfdc61fdc29|
|00000680| 22 2c 22 53 6f 75 72 63 65 22 3a 22 2f 76 61 72 |","Source":"/var|
|00000690| 2f 6c 69 62 2f 64 6f 63 6b 65 72 2f 76 6f 6c 75 |/lib/docker/volu|
|000006a0| 6d 65 73 2f 63 61 61 30 64 33 34 38 36 34 62 62 |mes/caa0d34864bb|
|000006b0| 64 35 34 35 30 32 36 62 38 36 65 35 32 34 34 30 |d545026b86e52440|
|000006c0| 66 65 66 37 36 34 35 32 37 31 62 33 30 61 37 39 |fef7645271b30a79|
|000006d0| 34 30 62 39 38 32 31 62 63 63 66 64 63 36 31 66 |40b9821bccfdc61f|
|000006e0| 64 63 32 39 2f 5f 64 61 74 61 22 2c 22 44 65 73 |dc29/_data","Des|
|000006f0| 74 69 6e 61 74 69 6f 6e 22 3a 22 2f 76 61 72 2f |tination":"/var/|
|00000700| 6c 69 62 2f 72 61 62 62 69 74 6d 71 22 2c 22 44 |lib/rabbitmq","D|
|00000710| 72 69 76 65 72 22 3a 22 6c 6f 63 61 6c 22 2c 22 |river":"local","|
|00000720| 4d 6f 64 65 22 3a 22 22 2c 22 52 57 22 3a 74 72 |Mode":"","RW":tr|
|00000730| 75 65 2c 22 50 72 6f 70 61 67 61 74 69 6f 6e 22 |ue,"Propagation"|
|00000740| 3a 22 22 7d 5d 2c 22 43 6f 6e 66 69 67 22 3a 7b |:""}],"Config":{|
|00000750| 22 48 6f 73 74 6e 61 6d 65 22 3a 22 38 64 64 31 |"Hostname":"8dd1|
|00000760| 64 37 64 33 65 31 65 31 22 2c 22 44 6f 6d 61 69 |d7d3e1e1","Domai|
|00000770| 6e 6e 61 6d 65 22 3a 22 22 2c 22 55 73 65 72 22 |nname":"","User"|
|00000780| 3a 22 22 2c 22 41 74 74 61 63 68 53 74 64 69 6e |:"","AttachStdin|
|00000790| 22 3a 66 61 6c 73 65 2c 22 41 74 74 61 63 68 53 |":false,"AttachS|
|000007a0| 74 64 6f 75 74 22 3a 66 61 6c 73 65 2c 22 41 74 |tdout":false,"At|
|000007b0| 74 61 63 68 53 74 64 65 72 72 22 3a 66 61 6c 73 |tachStderr":fals|
|000007c0| 65 2c 22 45 78 70 6f 73 65 64 50 6f 72 74 73 22 |e,"ExposedPorts"|
|000007d0| 3a 7b 22 32 35 36 37 32 2f 74 63 70 22 3a 7b 7d |:{"25672/tcp":{}|
|000007e0| 2c 22 34 33 36 39 2f 74 63 70 22 3a 7b 7d 2c 22 |,"4369/tcp":{},"|
|000007f0| 35 36 37 31 2f 74 63 70 22 3a 7b 7d 2c 22 35 36 |5671/tcp":{},"56|
|00000800| 37 32 2f 74 63 70 22 3a 7b 7d 7d 2c 22 54 74 79 |72/tcp":{}},"Tty|
|00000810| 22 3a 66 61 6c 73 65 2c 22 4f 70 65 6e 53 74 64 |":false,"OpenStd|
|00000820| 69 6e 22 3a 66 61 6c 73 65 2c 22 53 74 64 69 6e |in":false,"Stdin|
|00000830| 4f 6e 63 65 22 3a 66 61 6c 73 65 2c 22 45 6e 76 |Once":false,"Env|
|00000840| 22 3a 5b 22 52 41 42 42 49 54 4d 51 5f 55 53 45 |":["RABBITMQ_USE|
|00000850| 52 3d 67 75 65 73 74 22 2c 22 52 41 42 42 49 54 |R=guest","RABBIT|
|00000860| 4d 51 5f 50 41 53 53 57 4f 52 44 3d 67 75 65 73 |MQ_PASSWORD=gues|
|00000870| 74 22 2c 22 6e 6f 5f 70 72 6f 78 79 3d 2a 2e 6c |t","no_proxy=*.l|
|00000880| 6f 63 61 6c 2c 20 31 36 39 2e 32 35 34 2f 31 36 |ocal, 169.254/16|
|00000890| 22 2c 22 50 41 54 48 3d 2f 75 73 72 2f 6c 69 62 |","PATH=/usr/lib|
|000008a0| 2f 72 61 62 62 69 74 6d 71 2f 62 69 6e 3a 2f 75 |/rabbitmq/bin:/u|
|000008b0| 73 72 2f 6c 6f 63 61 6c 2f 73 62 69 6e 3a 2f 75 |sr/local/sbin:/u|
|000008c0| 73 72 2f 6c 6f 63 61 6c 2f 62 69 6e 3a 2f 75 73 |sr/local/bin:/us|
|000008d0| 72 2f 73 62 69 6e 3a 2f 75 73 72 2f 62 69 6e 3a |r/sbin:/usr/bin:|
|000008e0| 2f 73 62 69 6e 3a 2f 62 69 6e 22 2c 22 47 4f 53 |/sbin:/bin","GOS|
|000008f0| 55 5f 56 45 52 53 49 4f 4e 3d 31 2e 31 30 22 2c |U_VERSION=1.10",|
|00000900| 22 52 41 42 42 49 54 4d 51 5f 4c 4f 47 53 3d 2d |"RABBITMQ_LOGS=-|
|00000910| 22 2c 22 52 41 42 42 49 54 4d 51 5f 53 41 53 4c |","RABBITMQ_SASL|
|00000920| 5f 4c 4f 47 53 3d 2d 22 2c 22 52 41 42 42 49 54 |_LOGS=-","RABBIT|
|00000930| 4d 51 5f 47 50 47 5f 4b 45 59 3d 30 41 39 41 46 |MQ_GPG_KEY=0A9AF|
|00000940| 32 31 31 35 46 34 36 38 37 42 44 32 39 38 30 33 |2115F4687BD29803|
|00000950| 41 32 30 36 42 37 33 41 33 36 45 36 30 32 36 44 |A206B73A36E6026D|
|00000960| 46 43 41 22 2c 22 52 41 42 42 49 54 4d 51 5f 56 |FCA","RABBITMQ_V|
|00000970| 45 52 53 49 4f 4e 3d 33 2e 36 2e 31 34 22 2c 22 |ERSION=3.6.14","|
|00000980| 52 41 42 42 49 54 4d 51 5f 47 49 54 48 55 42 5f |RABBITMQ_GITHUB_|
|00000990| 54 41 47 3d 72 61 62 62 69 74 6d 71 5f 76 33 5f |TAG=rabbitmq_v3_|
|000009a0| 36 5f 31 34 22 2c 22 52 41 42 42 49 54 4d 51 5f |6_14","RABBITMQ_|
|000009b0| 44 45 42 49 41 4e 5f 56 45 52 53 49 4f 4e 3d 33 |DEBIAN_VERSION=3|
|000009c0| 2e 36 2e 31 34 2d 31 22 2c 22 48 4f 4d 45 3d 2f |.6.14-1","HOME=/|
|000009d0| 76 61 72 2f 6c 69 62 2f 72 61 62 62 69 74 6d 71 |var/lib/rabbitmq|
|000009e0| 22 5d 2c 22 43 6d 64 22 3a 5b 22 72 61 62 62 69 |"],"Cmd":["rabbi|
|000009f0| 74 6d 71 2d 73 65 72 76 65 72 22 5d 2c 22 41 72 |tmq-server"],"Ar|
|00000a00| 67 73 45 73 63 61 70 65 64 22 3a 74 72 75 65 2c |gsEscaped":true,|
|00000a10| 22 49 6d 61 67 65 22 3a 22 72 61 62 62 69 74 6d |"Image":"rabbitm|
|00000a20| 71 3a 33 2e 36 2e 31 34 22 2c 22 56 6f 6c 75 6d |q:3.6.14","Volum|
|00000a30| 65 73 22 3a 7b 22 2f 76 61 72 2f 6c 69 62 2f 72 |es":{"/var/lib/r|
|00000a40| 61 62 62 69 74 6d 71 22 3a 7b 7d 7d 2c 22 57 6f |abbitmq":{}},"Wo|
|00000a50| 72 6b 69 6e 67 44 69 72 22 3a 22 22 2c 22 45 6e |rkingDir":"","En|
|00000a60| 74 72 79 70 6f 69 6e 74 22 3a 5b 22 64 6f 63 6b |trypoint":["dock|
|00000a70| 65 72 2d 65 6e 74 72 79 70 6f 69 6e 74 2e 73 68 |er-entrypoint.sh|
|00000a80| 22 5d 2c 22 4f 6e 42 75 69 6c 64 22 3a 6e 75 6c |"],"OnBuild":nul|
|00000a90| 6c 2c 22 4c 61 62 65 6c 73 22 3a 7b 22 6f 72 67 |l,"Labels":{"org|
|00000aa0| 2e 74 65 73 74 63 6f 6e 74 61 69 6e 65 72 73 22 |.testcontainers"|
|00000ab0| 3a 22 74 72 75 65 22 7d 7d 2c 22 4e 65 74 77 6f |:"true"}},"Netwo|
|00000ac0| 72 6b 53 65 74 74 69 6e 67 73 22 3a 7b 22 42 72 |rkSettings":{"Br|
|00000ad0| 69 64 67 65 22 3a 22 22 2c 22 53 61 6e 64 62 6f |idge":"","Sandbo|
|00000ae0| 78 49 44 22 3a 22 32 31 32 33 36 38 30 61 37 38 |xID":"2123680a78|
|00000af0| 36 31 32 37 30 39 66 39 64 32 32 32 39 66 39 62 |612709f9d2229f9b|
|00000b00| 34 30 39 66 33 62 30 35 62 61 63 65 65 39 61 65 |409f3b05bacee9ae|
|00000b10| 34 35 32 39 38 31 66 30 64 64 33 36 32 30 65 61 |452981f0dd3620ea|
|00000b20| 61 33 33 64 64 61 22 2c 22 48 61 69 72 70 69 6e |a33dda","Hairpin|
|00000b30| 4d 6f 64 65 22 3a 66 61 6c 73 65 2c 22 4c 69 6e |Mode":false,"Lin|
|00000b40| 6b 4c 6f 63 61 6c 49 50 76 36 41 64 64 72 65 73 |kLocalIPv6Addres|
|00000b50| 73 22 3a 22 22 2c 22 4c 69 6e 6b 4c 6f 63 61 6c |s":"","LinkLocal|
|00000b60| 49 50 76 36 50 72 65 66 69 78 4c 65 6e 22 3a 30 |IPv6PrefixLen":0|
|00000b70| 2c 22 50 6f 72 74 73 22 3a 7b 22 32 35 36 37 32 |,"Ports":{"25672|
|00000b80| 2f 74 63 70 22 3a 5b 7b 22 48 6f 73 74 49 70 22 |/tcp":[{"HostIp"|
|00000b90| 3a 22 30 2e 30 2e 30 2e 30 22 2c 22 48 6f 73 74 |:"0.0.0.0","Host|
|00000ba0| 50 6f 72 74 22 3a 22 33 32 39 37 30 22 7d 5d 2c |Port":"32970"}],|
|00000bb0| 22 34 33 36 39 2f 74 63 70 22 3a 5b 7b 22 48 6f |"4369/tcp":[{"Ho|
|00000bc0| 73 74 49 70 22 3a 22 30 2e 30 2e 30 2e 30 22 2c |stIp":"0.0.0.0",|
|00000bd0| 22 48 6f 73 74 50 6f 72 74 22 3a 22 33 32 39 37 |"HostPort":"3297|
|00000be0| 33 22 7d 5d 2c 22 35 36 37 31 2f 74 63 70 22 3a |3"}],"5671/tcp":|
|00000bf0| 5b 7b 22 48 6f 73 74 49 70 22 3a 22 30 2e 30 2e |[{"HostIp":"0.0.|
|00000c00| 30 2e 30 22 2c 22 48 6f 73 74 50 6f 72 74 22 3a |0.0","HostPort":|
|00000c10| 22 33 32 39 37 32 22 7d 5d 2c 22 35 36 37 32 2f |"32972"}],"5672/|
|00000c20| 74 63 70 22 3a 5b 7b 22 48 6f 73 74 49 70 22 3a |tcp":[{"HostIp":|
|00000c30| 22 30 2e 30 2e 30 2e 30 22 2c 22 48 6f 73 74 50 |"0.0.0.0","HostP|
|00000c40| 6f 72 74 22 3a 22 33 32 39 37 31 22 7d 5d 7d 2c |ort":"32971"}]},|
|00000c50| 22 53 61 6e 64 62 6f 78 4b 65 79 22 3a 22 2f 76 |"SandboxKey":"/v|
|00000c60| 61 72 2f 72 75 6e 2f 64 6f 63 6b 65 72 2f 6e 65 |ar/run/docker/ne|
|00000c70| 74 6e 73 2f 32 31 32 33 36 38 30 61 37 38 36 31 |tns/2123680a7861|
|00000c80| 22 2c 22 53 65 63 6f 6e 64 61 72 79 49 50 41 64 |","SecondaryIPAd|
|00000c90| 64 72 65 73 73 65 73 22 3a 6e 75 6c 6c 2c 22 53 |dresses":null,"S|
|00000ca0| 65 63 6f 6e 64 61 72 79 49 50 76 36 41 64 64 72 |econdaryIPv6Addr|
|00000cb0| 65 73 73 65 73 22 3a 6e 75 6c 6c 2c 22 45 6e 64 |esses":null,"End|
|00000cc0| 70 6f 69 6e 74 49 44 22 3a 22 34 32 66 65 34 36 |pointID":"42fe46|
|00000cd0| 39 36 33 34 37 32 30 64 39 62 31 63 34 39 61 31 |9634720d9b1c49a1|
|00000ce0| 61 62 35 30 38 32 37 39 62 65 65 63 34 30 64 32 |ab508279beec40d2|
|00000cf0| 35 38 31 61 33 30 37 39 35 63 34 38 33 32 32 38 |581a30795c483228|
|00000d00| 33 35 35 36 35 32 32 34 66 64 22 2c 22 47 61 74 |35565224fd","Gat|
|00000d10| 65 77 61 79 22 3a 22 31 37 32 2e 31 37 2e 30 2e |eway":"172.17.0.|
|00000d20| 31 22 2c 22 47 6c 6f 62 61 6c 49 50 76 36 41 64 |1","GlobalIPv6Ad|
|00000d30| 64 72 65 73 73 22 3a 22 22 2c 22 47 6c 6f 62 61 |dress":"","Globa|
|00000d40| 6c 49 50 76 36 50 72 65 66 69 78 4c 65 6e 22 3a |lIPv6PrefixLen":|
|00000d50| 30 2c 22 49 50 41 64 64 72 65 73 73 22 3a 22 31 |0,"IPAddress":"1|
|00000d60| 37 32 2e 31 37 2e 30 2e 34 22 2c 22 49 50 50 72 |72.17.0.4","IPPr|
|00000d70| 65 66 69 78 4c 65 6e 22 3a 31 36 2c 22 49 50 76 |efixLen":16,"IPv|
|00000d80| 36 47 61 74 65 77 61 79 22 3a 22 22 2c 22 4d 61 |6Gateway":"","Ma|
|00000d90| 63 41 64 64 72 65 73 73 22 3a 22 30 32 3a 34 32 |cAddress":"02:42|
|00000da0| 3a 61 63 3a 31 31 3a 30 30 3a 30 34 22 2c 22 4e |:ac:11:00:04","N|
|00000db0| 65 74 77 6f 72 6b 73 22 3a 7b 22 62 72 69 64 67 |etworks":{"bridg|
|00000dc0| 65 22 3a 7b 22 49 50 41 4d 43 6f 6e 66 69 67 22 |e":{"IPAMConfig"|
|00000dd0| 3a 6e 75 6c 6c 2c 22 4c 69 6e 6b 73 22 3a 6e 75 |:null,"Links":nu|
|00000de0| 6c 6c 2c 22 41 6c 69 61 73 65 73 22 3a 6e 75 6c |ll,"Aliases":nul|
|00000df0| 6c 2c 22 4e 65 74 77 6f 72 6b 49 44 22 3a 22 39 |l,"NetworkID":"9|
|00000e00| 66 65 38 62 39 32 64 61 66 63 30 35 34 34 36 33 |fe8b92dafc054463|
|00000e10| 33 37 39 64 39 34 35 38 61 64 65 37 37 64 35 31 |379d9458ade77d51|
|00000e20| 61 34 61 62 39 30 61 64 31 33 65 35 34 61 65 32 |a4ab90ad13e54ae2|
|00000e30| 31 61 31 38 64 36 35 66 66 32 63 30 37 63 61 22 |1a18d65ff2c07ca"|
|00000e40| 2c 22 45 6e 64 70 6f 69 6e 74 49 44 22 3a 22 34 |,"EndpointID":"4|
|00000e50| 32 66 65 34 36 39 36 33 34 37 32 30 64 39 62 31 |2fe469634720d9b1|
|00000e60| 63 34 39 61 31 61 62 35 30 38 32 37 39 62 65 65 |c49a1ab508279bee|
|00000e70| 63 34 30 64 32 35 38 31 61 33 30 37 39 35 63 34 |c40d2581a30795c4|
|00000e80| 38 33 32 32 38 33 35 35 36 35 32 32 34 66 64 22 |8322835565224fd"|
|00000e90| 2c 22 47 61 74 65 77 61 79 22 3a 22 31 37 32 2e |,"Gateway":"172.|
|00000ea0| 31 37 2e 30 2e 31 22 2c 22 49 50 41 64 64 72 65 |17.0.1","IPAddre|
|00000eb0| 73 73 22 3a 22 31 37 32 2e 31 37 2e 30 2e 34 22 |ss":"172.17.0.4"|
|00000ec0| 2c 22 49 50 50 72 65 66 69 78 4c 65 6e 22 3a 31 |,"IPPrefixLen":1|
|00000ed0| 36 2c 22 49 50 76 36 47 61 74 65 77 61 79 22 3a |6,"IPv6Gateway":|
|00000ee0| 22 22 2c 22 47 6c 6f 62 61 6c 49 50 76 36 41 64 |"","GlobalIPv6Ad|
|00000ef0| 64 72 65 73 73 22 3a 22 22 2c 22 47 6c 6f 62 61 |dress":"","Globa|
|00000f00| 6c 49 50 76 36 50 72 65 66 69 78 4c 65 6e 22 3a |lIPv6PrefixLen":|
|00000f10| 30 2c 22 4d 61 63 41 64 64 72 65 73 73 22 3a 22 |0,"MacAddress":"|
|00000f20| 30 32 3a 34 32 3a 61 63 3a 31 31 3a 30 30 3a 30 |02:42:ac:11:00:0|
|00000f30| 34 22 2c 22 44 72 69 76 65 72 4f 70 74 73 22 3a |4","DriverOpts":|
|00000f40| 6e 75 6c 6c 7d 7d 7d 7d 0a 0d 0a 30 0d 0a 0d 0a |null}}}}...0....|
+--------+-------------------------------------------------+----------------+
2017-11-27 22:09:19.522 DEBUG 24827 --- [java-netty-1-16] c.g.d.netty.NettyDockerCmdExecFactory$1  : [id: 0x2d8d44b4, L:null - R:/var/run/docker.sock] READ: DefaultHttpContent(data: PooledSlicedByteBuf(ridx: 0, widx: 3913, cap: 3913/3913, unwrapped: PooledUnsafeDirectByteBuf(ridx: 3915, widx: 3920, cap: 16384)), decoderResult: success), 3913B
         +-------------------------------------------------+
         |  0  1  2  3  4  5  6  7  8  9  a  b  c  d  e  f |
+--------+-------------------------------------------------+----------------+
|00000000| 33 30 37 36 66 61 37 65 30 39 31 39 64 62 30 30 |3076fa7e0919db00|
|00000010| 36 36 31 38 32 2f 68 6f 73 74 73 22 2c 22 4c 6f |66182/hosts","Lo|
|00000020| 67 50 61 74 68 22 3a 22 2f 76 61 72 2f 6c 69 62 |gPath":"/var/lib|
|00000030| 2f 64 6f 63 6b 65 72 2f 63 6f 6e 74 61 69 6e 65 |/docker/containe|
|00000040| 72 73 2f 38 64 64 31 64 37 64 33 65 31 65 31 64 |rs/8dd1d7d3e1e1d|
|00000050| 36 62 64 63 63 36 63 32 66 61 66 33 38 64 64 35 |6bdcc6c2faf38dd5|
|00000060| 31 34 31 37 32 62 62 66 33 62 35 31 37 65 33 30 |14172bbf3b517e30|
|00000070| 37 36 66 61 37 65 30 39 31 39 64 62 30 30 36 36 |76fa7e0919db0066|
|00000080| 31 38 32 2f 38 64 64 31 64 37 64 33 65 31 65 31 |182/8dd1d7d3e1e1|
|00000090| 64 36 62 64 63 63 36 63 32 66 61 66 33 38 64 64 |d6bdcc6c2faf38dd|
|000000a0| 35 31 34 31 37 32 62 62 66 33 62 35 31 37 65 33 |514172bbf3b517e3|
|000000b0| 30 37 36 66 61 37 65 30 39 31 39 64 62 30 30 36 |076fa7e0919db006|
|000000c0| 36 31 38 32 2d 6a 73 6f 6e 2e 6c 6f 67 22 2c 22 |6182-json.log","|
|000000d0| 4e 61 6d 65 22 3a 22 2f 74 72 75 73 74 69 6e 67 |Name":"/trusting|
|000000e0| 5f 6e 6f 65 74 68 65 72 22 2c 22 52 65 73 74 61 |_noether","Resta|
|000000f0| 72 74 43 6f 75 6e 74 22 3a 30 2c 22 44 72 69 76 |rtCount":0,"Driv|
|00000100| 65 72 22 3a 22 61 75 66 73 22 2c 22 50 6c 61 74 |er":"aufs","Plat|
|00000110| 66 6f 72 6d 22 3a 22 6c 69 6e 75 78 22 2c 22 4d |form":"linux","M|
|00000120| 6f 75 6e 74 4c 61 62 65 6c 22 3a 22 22 2c 22 50 |ountLabel":"","P|
|00000130| 72 6f 63 65 73 73 4c 61 62 65 6c 22 3a 22 22 2c |rocessLabel":"",|
|00000140| 22 41 70 70 41 72 6d 6f 72 50 72 6f 66 69 6c 65 |"AppArmorProfile|
|00000150| 22 3a 22 22 2c 22 45 78 65 63 49 44 73 22 3a 6e |":"","ExecIDs":n|
|00000160| 75 6c 6c 2c 22 48 6f 73 74 43 6f 6e 66 69 67 22 |ull,"HostConfig"|
|00000170| 3a 7b 22 42 69 6e 64 73 22 3a 5b 5d 2c 22 43 6f |:{"Binds":[],"Co|
|00000180| 6e 74 61 69 6e 65 72 49 44 46 69 6c 65 22 3a 22 |ntainerIDFile":"|
|00000190| 22 2c 22 4c 6f 67 43 6f 6e 66 69 67 22 3a 7b 22 |","LogConfig":{"|
|000001a0| 54 79 70 65 22 3a 22 6a 73 6f 6e 2d 66 69 6c 65 |Type":"json-file|
|000001b0| 22 2c 22 43 6f 6e 66 69 67 22 3a 7b 7d 7d 2c 22 |","Config":{}},"|
|000001c0| 4e 65 74 77 6f 72 6b 4d 6f 64 65 22 3a 22 64 65 |NetworkMode":"de|
|000001d0| 66 61 75 6c 74 22 2c 22 50 6f 72 74 42 69 6e 64 |fault","PortBind|
|000001e0| 69 6e 67 73 22 3a 7b 7d 2c 22 52 65 73 74 61 72 |ings":{},"Restar|
|000001f0| 74 50 6f 6c 69 63 79 22 3a 7b 22 4e 61 6d 65 22 |tPolicy":{"Name"|
|00000200| 3a 22 22 2c 22 4d 61 78 69 6d 75 6d 52 65 74 72 |:"","MaximumRetr|
|00000210| 79 43 6f 75 6e 74 22 3a 30 7d 2c 22 41 75 74 6f |yCount":0},"Auto|
|00000220| 52 65 6d 6f 76 65 22 3a 66 61 6c 73 65 2c 22 56 |Remove":false,"V|
|00000230| 6f 6c 75 6d 65 44 72 69 76 65 72 22 3a 22 22 2c |olumeDriver":"",|
|00000240| 22 56 6f 6c 75 6d 65 73 46 72 6f 6d 22 3a 5b 5d |"VolumesFrom":[]|
|00000250| 2c 22 43 61 70 41 64 64 22 3a 6e 75 6c 6c 2c 22 |,"CapAdd":null,"|
|00000260| 43 61 70 44 72 6f 70 22 3a 6e 75 6c 6c 2c 22 44 |CapDrop":null,"D|
|00000270| 6e 73 22 3a 6e 75 6c 6c 2c 22 44 6e 73 4f 70 74 |ns":null,"DnsOpt|
|00000280| 69 6f 6e 73 22 3a 6e 75 6c 6c 2c 22 44 6e 73 53 |ions":null,"DnsS|
|00000290| 65 61 72 63 68 22 3a 6e 75 6c 6c 2c 22 45 78 74 |earch":null,"Ext|
|000002a0| 72 61 48 6f 73 74 73 22 3a 5b 5d 2c 22 47 72 6f |raHosts":[],"Gro|
|000002b0| 75 70 41 64 64 22 3a 6e 75 6c 6c 2c 22 49 70 63 |upAdd":null,"Ipc|
|000002c0| 4d 6f 64 65 22 3a 22 73 68 61 72 65 61 62 6c 65 |Mode":"shareable|
|000002d0| 22 2c 22 43 67 72 6f 75 70 22 3a 22 22 2c 22 4c |","Cgroup":"","L|
|000002e0| 69 6e 6b 73 22 3a 6e 75 6c 6c 2c 22 4f 6f 6d 53 |inks":null,"OomS|
|000002f0| 63 6f 72 65 41 64 6a 22 3a 30 2c 22 50 69 64 4d |coreAdj":0,"PidM|
|00000300| 6f 64 65 22 3a 22 22 2c 22 50 72 69 76 69 6c 65 |ode":"","Privile|
|00000310| 67 65 64 22 3a 66 61 6c 73 65 2c 22 50 75 62 6c |ged":false,"Publ|
|00000320| 69 73 68 41 6c 6c 50 6f 72 74 73 22 3a 74 72 75 |ishAllPorts":tru|
|00000330| 65 2c 22 52 65 61 64 6f 6e 6c 79 52 6f 6f 74 66 |e,"ReadonlyRootf|
|00000340| 73 22 3a 66 61 6c 73 65 2c 22 53 65 63 75 72 69 |s":false,"Securi|
|00000350| 74 79 4f 70 74 22 3a 6e 75 6c 6c 2c 22 55 54 53 |tyOpt":null,"UTS|
|00000360| 4d 6f 64 65 22 3a 22 22 2c 22 55 73 65 72 6e 73 |Mode":"","Userns|
|00000370| 4d 6f 64 65 22 3a 22 22 2c 22 53 68 6d 53 69 7a |Mode":"","ShmSiz|
|00000380| 65 22 3a 36 37 31 30 38 38 36 34 2c 22 52 75 6e |e":67108864,"Run|
|00000390| 74 69 6d 65 22 3a 22 72 75 6e 63 22 2c 22 43 6f |time":"runc","Co|
|000003a0| 6e 73 6f 6c 65 53 69 7a 65 22 3a 5b 30 2c 30 5d |nsoleSize":[0,0]|
|000003b0| 2c 22 49 73 6f 6c 61 74 69 6f 6e 22 3a 22 22 2c |,"Isolation":"",|
|000003c0| 22 43 70 75 53 68 61 72 65 73 22 3a 30 2c 22 4d |"CpuShares":0,"M|
|000003d0| 65 6d 6f 72 79 22 3a 30 2c 22 4e 61 6e 6f 43 70 |emory":0,"NanoCp|
|000003e0| 75 73 22 3a 30 2c 22 43 67 72 6f 75 70 50 61 72 |us":0,"CgroupPar|
|000003f0| 65 6e 74 22 3a 22 22 2c 22 42 6c 6b 69 6f 57 65 |ent":"","BlkioWe|
|00000400| 69 67 68 74 22 3a 30 2c 22 42 6c 6b 69 6f 57 65 |ight":0,"BlkioWe|
|00000410| 69 67 68 74 44 65 76 69 63 65 22 3a 6e 75 6c 6c |ightDevice":null|
|00000420| 2c 22 42 6c 6b 69 6f 44 65 76 69 63 65 52 65 61 |,"BlkioDeviceRea|
|00000430| 64 42 70 73 22 3a 6e 75 6c 6c 2c 22 42 6c 6b 69 |dBps":null,"Blki|
|00000440| 6f 44 65 76 69 63 65 57 72 69 74 65 42 70 73 22 |oDeviceWriteBps"|
|00000450| 3a 6e 75 6c 6c 2c 22 42 6c 6b 69 6f 44 65 76 69 |:null,"BlkioDevi|
|00000460| 63 65 52 65 61 64 49 4f 70 73 22 3a 6e 75 6c 6c |ceReadIOps":null|
|00000470| 2c 22 42 6c 6b 69 6f 44 65 76 69 63 65 57 72 69 |,"BlkioDeviceWri|
|00000480| 74 65 49 4f 70 73 22 3a 6e 75 6c 6c 2c 22 43 70 |teIOps":null,"Cp|
|00000490| 75 50 65 72 69 6f 64 22 3a 30 2c 22 43 70 75 51 |uPeriod":0,"CpuQ|
|000004a0| 75 6f 74 61 22 3a 30 2c 22 43 70 75 52 65 61 6c |uota":0,"CpuReal|
|000004b0| 74 69 6d 65 50 65 72 69 6f 64 22 3a 30 2c 22 43 |timePeriod":0,"C|
|000004c0| 70 75 52 65 61 6c 74 69 6d 65 52 75 6e 74 69 6d |puRealtimeRuntim|
|000004d0| 65 22 3a 30 2c 22 43 70 75 73 65 74 43 70 75 73 |e":0,"CpusetCpus|
|000004e0| 22 3a 22 22 2c 22 43 70 75 73 65 74 4d 65 6d 73 |":"","CpusetMems|
|000004f0| 22 3a 22 22 2c 22 44 65 76 69 63 65 73 22 3a 6e |":"","Devices":n|
|00000500| 75 6c 6c 2c 22 44 65 76 69 63 65 43 67 72 6f 75 |ull,"DeviceCgrou|
|00000510| 70 52 75 6c 65 73 22 3a 6e 75 6c 6c 2c 22 44 69 |pRules":null,"Di|
|00000520| 73 6b 51 75 6f 74 61 22 3a 30 2c 22 4b 65 72 6e |skQuota":0,"Kern|
|00000530| 65 6c 4d 65 6d 6f 72 79 22 3a 30 2c 22 4d 65 6d |elMemory":0,"Mem|
|00000540| 6f 72 79 52 65 73 65 72 76 61 74 69 6f 6e 22 3a |oryReservation":|
|00000550| 30 2c 22 4d 65 6d 6f 72 79 53 77 61 70 22 3a 30 |0,"MemorySwap":0|
|00000560| 2c 22 4d 65 6d 6f 72 79 53 77 61 70 70 69 6e 65 |,"MemorySwappine|
|00000570| 73 73 22 3a 6e 75 6c 6c 2c 22 4f 6f 6d 4b 69 6c |ss":null,"OomKil|
|00000580| 6c 44 69 73 61 62 6c 65 22 3a 66 61 6c 73 65 2c |lDisable":false,|
|00000590| 22 50 69 64 73 4c 69 6d 69 74 22 3a 30 2c 22 55 |"PidsLimit":0,"U|
|000005a0| 6c 69 6d 69 74 73 22 3a 6e 75 6c 6c 2c 22 43 70 |limits":null,"Cp|
|000005b0| 75 43 6f 75 6e 74 22 3a 30 2c 22 43 70 75 50 65 |uCount":0,"CpuPe|
|000005c0| 72 63 65 6e 74 22 3a 30 2c 22 49 4f 4d 61 78 69 |rcent":0,"IOMaxi|
|000005d0| 6d 75 6d 49 4f 70 73 22 3a 30 2c 22 49 4f 4d 61 |mumIOps":0,"IOMa|
|000005e0| 78 69 6d 75 6d 42 61 6e 64 77 69 64 74 68 22 3a |ximumBandwidth":|
|000005f0| 30 7d 2c 22 47 72 61 70 68 44 72 69 76 65 72 22 |0},"GraphDriver"|
|00000600| 3a 7b 22 44 61 74 61 22 3a 6e 75 6c 6c 2c 22 4e |:{"Data":null,"N|
|00000610| 61 6d 65 22 3a 22 61 75 66 73 22 7d 2c 22 4d 6f |ame":"aufs"},"Mo|
|00000620| 75 6e 74 73 22 3a 5b 7b 22 54 79 70 65 22 3a 22 |unts":[{"Type":"|
|00000630| 76 6f 6c 75 6d 65 22 2c 22 4e 61 6d 65 22 3a 22 |volume","Name":"|
|00000640| 63 61 61 30 64 33 34 38 36 34 62 62 64 35 34 35 |caa0d34864bbd545|
|00000650| 30 32 36 62 38 36 65 35 32 34 34 30 66 65 66 37 |026b86e52440fef7|
|00000660| 36 34 35 32 37 31 62 33 30 61 37 39 34 30 62 39 |645271b30a7940b9|
|00000670| 38 32 31 62 63 63 66 64 63 36 31 66 64 63 32 39 |821bccfdc61fdc29|
|00000680| 22 2c 22 53 6f 75 72 63 65 22 3a 22 2f 76 61 72 |","Source":"/var|
|00000690| 2f 6c 69 62 2f 64 6f 63 6b 65 72 2f 76 6f 6c 75 |/lib/docker/volu|
|000006a0| 6d 65 73 2f 63 61 61 30 64 33 34 38 36 34 62 62 |mes/caa0d34864bb|
|000006b0| 64 35 34 35 30 32 36 62 38 36 65 35 32 34 34 30 |d545026b86e52440|
|000006c0| 66 65 66 37 36 34 35 32 37 31 62 33 30 61 37 39 |fef7645271b30a79|
|000006d0| 34 30 62 39 38 32 31 62 63 63 66 64 63 36 31 66 |40b9821bccfdc61f|
|000006e0| 64 63 32 39 2f 5f 64 61 74 61 22 2c 22 44 65 73 |dc29/_data","Des|
|000006f0| 74 69 6e 61 74 69 6f 6e 22 3a 22 2f 76 61 72 2f |tination":"/var/|
|00000700| 6c 69 62 2f 72 61 62 62 69 74 6d 71 22 2c 22 44 |lib/rabbitmq","D|
|00000710| 72 69 76 65 72 22 3a 22 6c 6f 63 61 6c 22 2c 22 |river":"local","|
|00000720| 4d 6f 64 65 22 3a 22 22 2c 22 52 57 22 3a 74 72 |Mode":"","RW":tr|
|00000730| 75 65 2c 22 50 72 6f 70 61 67 61 74 69 6f 6e 22 |ue,"Propagation"|
|00000740| 3a 22 22 7d 5d 2c 22 43 6f 6e 66 69 67 22 3a 7b |:""}],"Config":{|
|00000750| 22 48 6f 73 74 6e 61 6d 65 22 3a 22 38 64 64 31 |"Hostname":"8dd1|
|00000760| 64 37 64 33 65 31 65 31 22 2c 22 44 6f 6d 61 69 |d7d3e1e1","Domai|
|00000770| 6e 6e 61 6d 65 22 3a 22 22 2c 22 55 73 65 72 22 |nname":"","User"|
|00000780| 3a 22 22 2c 22 41 74 74 61 63 68 53 74 64 69 6e |:"","AttachStdin|
|00000790| 22 3a 66 61 6c 73 65 2c 22 41 74 74 61 63 68 53 |":false,"AttachS|
|000007a0| 74 64 6f 75 74 22 3a 66 61 6c 73 65 2c 22 41 74 |tdout":false,"At|
|000007b0| 74 61 63 68 53 74 64 65 72 72 22 3a 66 61 6c 73 |tachStderr":fals|
|000007c0| 65 2c 22 45 78 70 6f 73 65 64 50 6f 72 74 73 22 |e,"ExposedPorts"|
|000007d0| 3a 7b 22 32 35 36 37 32 2f 74 63 70 22 3a 7b 7d |:{"25672/tcp":{}|
|000007e0| 2c 22 34 33 36 39 2f 74 63 70 22 3a 7b 7d 2c 22 |,"4369/tcp":{},"|
|000007f0| 35 36 37 31 2f 74 63 70 22 3a 7b 7d 2c 22 35 36 |5671/tcp":{},"56|
|00000800| 37 32 2f 74 63 70 22 3a 7b 7d 7d 2c 22 54 74 79 |72/tcp":{}},"Tty|
|00000810| 22 3a 66 61 6c 73 65 2c 22 4f 70 65 6e 53 74 64 |":false,"OpenStd|
|00000820| 69 6e 22 3a 66 61 6c 73 65 2c 22 53 74 64 69 6e |in":false,"Stdin|
|00000830| 4f 6e 63 65 22 3a 66 61 6c 73 65 2c 22 45 6e 76 |Once":false,"Env|
|00000840| 22 3a 5b 22 52 41 42 42 49 54 4d 51 5f 55 53 45 |":["RABBITMQ_USE|
|00000850| 52 3d 67 75 65 73 74 22 2c 22 52 41 42 42 49 54 |R=guest","RABBIT|
|00000860| 4d 51 5f 50 41 53 53 57 4f 52 44 3d 67 75 65 73 |MQ_PASSWORD=gues|
|00000870| 74 22 2c 22 6e 6f 5f 70 72 6f 78 79 3d 2a 2e 6c |t","no_proxy=*.l|
|00000880| 6f 63 61 6c 2c 20 31 36 39 2e 32 35 34 2f 31 36 |ocal, 169.254/16|
|00000890| 22 2c 22 50 41 54 48 3d 2f 75 73 72 2f 6c 69 62 |","PATH=/usr/lib|
|000008a0| 2f 72 61 62 62 69 74 6d 71 2f 62 69 6e 3a 2f 75 |/rabbitmq/bin:/u|
|000008b0| 73 72 2f 6c 6f 63 61 6c 2f 73 62 69 6e 3a 2f 75 |sr/local/sbin:/u|
|000008c0| 73 72 2f 6c 6f 63 61 6c 2f 62 69 6e 3a 2f 75 73 |sr/local/bin:/us|
|000008d0| 72 2f 73 62 69 6e 3a 2f 75 73 72 2f 62 69 6e 3a |r/sbin:/usr/bin:|
|000008e0| 2f 73 62 69 6e 3a 2f 62 69 6e 22 2c 22 47 4f 53 |/sbin:/bin","GOS|
|000008f0| 55 5f 56 45 52 53 49 4f 4e 3d 31 2e 31 30 22 2c |U_VERSION=1.10",|
|00000900| 22 52 41 42 42 49 54 4d 51 5f 4c 4f 47 53 3d 2d |"RABBITMQ_LOGS=-|
|00000910| 22 2c 22 52 41 42 42 49 54 4d 51 5f 53 41 53 4c |","RABBITMQ_SASL|
|00000920| 5f 4c 4f 47 53 3d 2d 22 2c 22 52 41 42 42 49 54 |_LOGS=-","RABBIT|
|00000930| 4d 51 5f 47 50 47 5f 4b 45 59 3d 30 41 39 41 46 |MQ_GPG_KEY=0A9AF|
|00000940| 32 31 31 35 46 34 36 38 37 42 44 32 39 38 30 33 |2115F4687BD29803|
|00000950| 41 32 30 36 42 37 33 41 33 36 45 36 30 32 36 44 |A206B73A36E6026D|
|00000960| 46 43 41 22 2c 22 52 41 42 42 49 54 4d 51 5f 56 |FCA","RABBITMQ_V|
|00000970| 45 52 53 49 4f 4e 3d 33 2e 36 2e 31 34 22 2c 22 |ERSION=3.6.14","|
|00000980| 52 41 42 42 49 54 4d 51 5f 47 49 54 48 55 42 5f |RABBITMQ_GITHUB_|
|00000990| 54 41 47 3d 72 61 62 62 69 74 6d 71 5f 76 33 5f |TAG=rabbitmq_v3_|
|000009a0| 36 5f 31 34 22 2c 22 52 41 42 42 49 54 4d 51 5f |6_14","RABBITMQ_|
|000009b0| 44 45 42 49 41 4e 5f 56 45 52 53 49 4f 4e 3d 33 |DEBIAN_VERSION=3|
|000009c0| 2e 36 2e 31 34 2d 31 22 2c 22 48 4f 4d 45 3d 2f |.6.14-1","HOME=/|
|000009d0| 76 61 72 2f 6c 69 62 2f 72 61 62 62 69 74 6d 71 |var/lib/rabbitmq|
|000009e0| 22 5d 2c 22 43 6d 64 22 3a 5b 22 72 61 62 62 69 |"],"Cmd":["rabbi|
|000009f0| 74 6d 71 2d 73 65 72 76 65 72 22 5d 2c 22 41 72 |tmq-server"],"Ar|
|00000a00| 67 73 45 73 63 61 70 65 64 22 3a 74 72 75 65 2c |gsEscaped":true,|
|00000a10| 22 49 6d 61 67 65 22 3a 22 72 61 62 62 69 74 6d |"Image":"rabbitm|
|00000a20| 71 3a 33 2e 36 2e 31 34 22 2c 22 56 6f 6c 75 6d |q:3.6.14","Volum|
|00000a30| 65 73 22 3a 7b 22 2f 76 61 72 2f 6c 69 62 2f 72 |es":{"/var/lib/r|
|00000a40| 61 62 62 69 74 6d 71 22 3a 7b 7d 7d 2c 22 57 6f |abbitmq":{}},"Wo|
|00000a50| 72 6b 69 6e 67 44 69 72 22 3a 22 22 2c 22 45 6e |rkingDir":"","En|
|00000a60| 74 72 79 70 6f 69 6e 74 22 3a 5b 22 64 6f 63 6b |trypoint":["dock|
|00000a70| 65 72 2d 65 6e 74 72 79 70 6f 69 6e 74 2e 73 68 |er-entrypoint.sh|
|00000a80| 22 5d 2c 22 4f 6e 42 75 69 6c 64 22 3a 6e 75 6c |"],"OnBuild":nul|
|00000a90| 6c 2c 22 4c 61 62 65 6c 73 22 3a 7b 22 6f 72 67 |l,"Labels":{"org|
|00000aa0| 2e 74 65 73 74 63 6f 6e 74 61 69 6e 65 72 73 22 |.testcontainers"|
|00000ab0| 3a 22 74 72 75 65 22 7d 7d 2c 22 4e 65 74 77 6f |:"true"}},"Netwo|
|00000ac0| 72 6b 53 65 74 74 69 6e 67 73 22 3a 7b 22 42 72 |rkSettings":{"Br|
|00000ad0| 69 64 67 65 22 3a 22 22 2c 22 53 61 6e 64 62 6f |idge":"","Sandbo|
|00000ae0| 78 49 44 22 3a 22 32 31 32 33 36 38 30 61 37 38 |xID":"2123680a78|
|00000af0| 36 31 32 37 30 39 66 39 64 32 32 32 39 66 39 62 |612709f9d2229f9b|
|00000b00| 34 30 39 66 33 62 30 35 62 61 63 65 65 39 61 65 |409f3b05bacee9ae|
|00000b10| 34 35 32 39 38 31 66 30 64 64 33 36 32 30 65 61 |452981f0dd3620ea|
|00000b20| 61 33 33 64 64 61 22 2c 22 48 61 69 72 70 69 6e |a33dda","Hairpin|
|00000b30| 4d 6f 64 65 22 3a 66 61 6c 73 65 2c 22 4c 69 6e |Mode":false,"Lin|
|00000b40| 6b 4c 6f 63 61 6c 49 50 76 36 41 64 64 72 65 73 |kLocalIPv6Addres|
|00000b50| 73 22 3a 22 22 2c 22 4c 69 6e 6b 4c 6f 63 61 6c |s":"","LinkLocal|
|00000b60| 49 50 76 36 50 72 65 66 69 78 4c 65 6e 22 3a 30 |IPv6PrefixLen":0|
|00000b70| 2c 22 50 6f 72 74 73 22 3a 7b 22 32 35 36 37 32 |,"Ports":{"25672|
|00000b80| 2f 74 63 70 22 3a 5b 7b 22 48 6f 73 74 49 70 22 |/tcp":[{"HostIp"|
|00000b90| 3a 22 30 2e 30 2e 30 2e 30 22 2c 22 48 6f 73 74 |:"0.0.0.0","Host|
|00000ba0| 50 6f 72 74 22 3a 22 33 32 39 37 30 22 7d 5d 2c |Port":"32970"}],|
|00000bb0| 22 34 33 36 39 2f 74 63 70 22 3a 5b 7b 22 48 6f |"4369/tcp":[{"Ho|
|00000bc0| 73 74 49 70 22 3a 22 30 2e 30 2e 30 2e 30 22 2c |stIp":"0.0.0.0",|
|00000bd0| 22 48 6f 73 74 50 6f 72 74 22 3a 22 33 32 39 37 |"HostPort":"3297|
|00000be0| 33 22 7d 5d 2c 22 35 36 37 31 2f 74 63 70 22 3a |3"}],"5671/tcp":|
|00000bf0| 5b 7b 22 48 6f 73 74 49 70 22 3a 22 30 2e 30 2e |[{"HostIp":"0.0.|
|00000c00| 30 2e 30 22 2c 22 48 6f 73 74 50 6f 72 74 22 3a |0.0","HostPort":|
|00000c10| 22 33 32 39 37 32 22 7d 5d 2c 22 35 36 37 32 2f |"32972"}],"5672/|
|00000c20| 74 63 70 22 3a 5b 7b 22 48 6f 73 74 49 70 22 3a |tcp":[{"HostIp":|
|00000c30| 22 30 2e 30 2e 30 2e 30 22 2c 22 48 6f 73 74 50 |"0.0.0.0","HostP|
|00000c40| 6f 72 74 22 3a 22 33 32 39 37 31 22 7d 5d 7d 2c |ort":"32971"}]},|
|00000c50| 22 53 61 6e 64 62 6f 78 4b 65 79 22 3a 22 2f 76 |"SandboxKey":"/v|
|00000c60| 61 72 2f 72 75 6e 2f 64 6f 63 6b 65 72 2f 6e 65 |ar/run/docker/ne|
|00000c70| 74 6e 73 2f 32 31 32 33 36 38 30 61 37 38 36 31 |tns/2123680a7861|
|00000c80| 22 2c 22 53 65 63 6f 6e 64 61 72 79 49 50 41 64 |","SecondaryIPAd|
|00000c90| 64 72 65 73 73 65 73 22 3a 6e 75 6c 6c 2c 22 53 |dresses":null,"S|
|00000ca0| 65 63 6f 6e 64 61 72 79 49 50 76 36 41 64 64 72 |econdaryIPv6Addr|
|00000cb0| 65 73 73 65 73 22 3a 6e 75 6c 6c 2c 22 45 6e 64 |esses":null,"End|
|00000cc0| 70 6f 69 6e 74 49 44 22 3a 22 34 32 66 65 34 36 |pointID":"42fe46|
|00000cd0| 39 36 33 34 37 32 30 64 39 62 31 63 34 39 61 31 |9634720d9b1c49a1|
|00000ce0| 61 62 35 30 38 32 37 39 62 65 65 63 34 30 64 32 |ab508279beec40d2|
|00000cf0| 35 38 31 61 33 30 37 39 35 63 34 38 33 32 32 38 |581a30795c483228|
|00000d00| 33 35 35 36 35 32 32 34 66 64 22 2c 22 47 61 74 |35565224fd","Gat|
|00000d10| 65 77 61 79 22 3a 22 31 37 32 2e 31 37 2e 30 2e |eway":"172.17.0.|
|00000d20| 31 22 2c 22 47 6c 6f 62 61 6c 49 50 76 36 41 64 |1","GlobalIPv6Ad|
|00000d30| 64 72 65 73 73 22 3a 22 22 2c 22 47 6c 6f 62 61 |dress":"","Globa|
|00000d40| 6c 49 50 76 36 50 72 65 66 69 78 4c 65 6e 22 3a |lIPv6PrefixLen":|
|00000d50| 30 2c 22 49 50 41 64 64 72 65 73 73 22 3a 22 31 |0,"IPAddress":"1|
|00000d60| 37 32 2e 31 37 2e 30 2e 34 22 2c 22 49 50 50 72 |72.17.0.4","IPPr|
|00000d70| 65 66 69 78 4c 65 6e 22 3a 31 36 2c 22 49 50 76 |efixLen":16,"IPv|
|00000d80| 36 47 61 74 65 77 61 79 22 3a 22 22 2c 22 4d 61 |6Gateway":"","Ma|
|00000d90| 63 41 64 64 72 65 73 73 22 3a 22 30 32 3a 34 32 |cAddress":"02:42|
|00000da0| 3a 61 63 3a 31 31 3a 30 30 3a 30 34 22 2c 22 4e |:ac:11:00:04","N|
|00000db0| 65 74 77 6f 72 6b 73 22 3a 7b 22 62 72 69 64 67 |etworks":{"bridg|
|00000dc0| 65 22 3a 7b 22 49 50 41 4d 43 6f 6e 66 69 67 22 |e":{"IPAMConfig"|
|00000dd0| 3a 6e 75 6c 6c 2c 22 4c 69 6e 6b 73 22 3a 6e 75 |:null,"Links":nu|
|00000de0| 6c 6c 2c 22 41 6c 69 61 73 65 73 22 3a 6e 75 6c |ll,"Aliases":nul|
|00000df0| 6c 2c 22 4e 65 74 77 6f 72 6b 49 44 22 3a 22 39 |l,"NetworkID":"9|
|00000e00| 66 65 38 62 39 32 64 61 66 63 30 35 34 34 36 33 |fe8b92dafc054463|
|00000e10| 33 37 39 64 39 34 35 38 61 64 65 37 37 64 35 31 |379d9458ade77d51|
|00000e20| 61 34 61 62 39 30 61 64 31 33 65 35 34 61 65 32 |a4ab90ad13e54ae2|
|00000e30| 31 61 31 38 64 36 35 66 66 32 63 30 37 63 61 22 |1a18d65ff2c07ca"|
|00000e40| 2c 22 45 6e 64 70 6f 69 6e 74 49 44 22 3a 22 34 |,"EndpointID":"4|
|00000e50| 32 66 65 34 36 39 36 33 34 37 32 30 64 39 62 31 |2fe469634720d9b1|
|00000e60| 63 34 39 61 31 61 62 35 30 38 32 37 39 62 65 65 |c49a1ab508279bee|
|00000e70| 63 34 30 64 32 35 38 31 61 33 30 37 39 35 63 34 |c40d2581a30795c4|
|00000e80| 38 33 32 32 38 33 35 35 36 35 32 32 34 66 64 22 |8322835565224fd"|
|00000e90| 2c 22 47 61 74 65 77 61 79 22 3a 22 31 37 32 2e |,"Gateway":"172.|
|00000ea0| 31 37 2e 30 2e 31 22 2c 22 49 50 41 64 64 72 65 |17.0.1","IPAddre|
|00000eb0| 73 73 22 3a 22 31 37 32 2e 31 37 2e 30 2e 34 22 |ss":"172.17.0.4"|
|00000ec0| 2c 22 49 50 50 72 65 66 69 78 4c 65 6e 22 3a 31 |,"IPPrefixLen":1|
|00000ed0| 36 2c 22 49 50 76 36 47 61 74 65 77 61 79 22 3a |6,"IPv6Gateway":|
|00000ee0| 22 22 2c 22 47 6c 6f 62 61 6c 49 50 76 36 41 64 |"","GlobalIPv6Ad|
|00000ef0| 64 72 65 73 73 22 3a 22 22 2c 22 47 6c 6f 62 61 |dress":"","Globa|
|00000f00| 6c 49 50 76 36 50 72 65 66 69 78 4c 65 6e 22 3a |lIPv6PrefixLen":|
|00000f10| 30 2c 22 4d 61 63 41 64 64 72 65 73 73 22 3a 22 |0,"MacAddress":"|
|00000f20| 30 32 3a 34 32 3a 61 63 3a 31 31 3a 30 30 3a 30 |02:42:ac:11:00:0|
|00000f30| 34 22 2c 22 44 72 69 76 65 72 4f 70 74 73 22 3a |4","DriverOpts":|
|00000f40| 6e 75 6c 6c 7d 7d 7d 7d 0a                      |null}}}}.       |
+--------+-------------------------------------------------+----------------+
2017-11-27 22:09:19.525 DEBUG 24827 --- [java-netty-1-16] c.g.d.netty.NettyDockerCmdExecFactory$1  : [id: 0x2d8d44b4, L:null - R:/var/run/docker.sock] READ, EmptyLastHttpContent, 0B
2017-11-27 22:09:19.525 DEBUG 24827 --- [java-netty-1-16] c.g.d.netty.NettyDockerCmdExecFactory$1  : [id: 0x2d8d44b4, L:null - R:/var/run/docker.sock] CLOSE
2017-11-27 22:09:19.525 DEBUG 24827 --- [java-netty-1-16] xecFactory$UnixDomainSocketInitializer$3 : [id: 0x2d8d44b4, L:null - R:/var/run/docker.sock] CLOSE
2017-11-27 22:09:19.525 DEBUG 24827 --- [java-netty-1-16] xecFactory$UnixDomainSocketInitializer$3 : [id: 0x2d8d44b4, L:null ! R:/var/run/docker.sock] READ COMPLETE
2017-11-27 22:09:19.526 DEBUG 24827 --- [java-netty-1-16] c.g.d.netty.NettyDockerCmdExecFactory$1  : [id: 0x2d8d44b4, L:null ! R:/var/run/docker.sock] READ COMPLETE
2017-11-27 22:09:19.526 DEBUG 24827 --- [java-netty-1-16] xecFactory$UnixDomainSocketInitializer$3 : [id: 0x2d8d44b4, L:null ! R:/var/run/docker.sock] INACTIVE
2017-11-27 22:09:19.526 DEBUG 24827 --- [pool-1-thread-1] c.g.d.core.command.AbstrDockerCmd        : Cmd: 8dd1d7d3e1e1d6bdcc6c2faf38dd514172bbf3b517e3076fa7e0919db0066182,false,com.github.dockerjava.netty.exec.InspectContainerCmdExec@61a15321
2017-11-27 22:09:19.526 DEBUG 24827 --- [java-netty-1-16] c.g.d.netty.NettyDockerCmdExecFactory$1  : [id: 0x2d8d44b4, L:null ! R:/var/run/docker.sock] INACTIVE
2017-11-27 22:09:19.527 DEBUG 24827 --- [java-netty-1-16] xecFactory$UnixDomainSocketInitializer$3 : [id: 0x2d8d44b4, L:null ! R:/var/run/docker.sock] UNREGISTERED
2017-11-27 22:09:19.527 DEBUG 24827 --- [java-netty-1-16] c.g.d.netty.NettyDockerCmdExecFactory$1  : [id: 0x2d8d44b4, L:null ! R:/var/run/docker.sock] UNREGISTERED
2017-11-27 22:09:19.527 DEBUG 24827 --- [pool-1-thread-1] c.g.d.n.exec.InspectContainerCmdExec     : GET: com.github.dockerjava.netty.WebTarget@985707a9
2017-11-27 22:09:19.528 DEBUG 24827 --- [rjava-netty-1-1] xecFactory$UnixDomainSocketInitializer$3 : [id: 0x0d5f3c1f] REGISTERED
2017-11-27 22:09:19.528 DEBUG 24827 --- [rjava-netty-1-1] xecFactory$UnixDomainSocketInitializer$3 : [id: 0x0d5f3c1f] CONNECT: /var/run/docker.sock
2017-11-27 22:09:19.529 DEBUG 24827 --- [rjava-netty-1-1] xecFactory$UnixDomainSocketInitializer$3 : [id: 0x0d5f3c1f, L:null - R:/var/run/docker.sock] ACTIVE
2017-11-27 22:09:19.530 DEBUG 24827 --- [rjava-netty-1-1] c.g.d.netty.NettyDockerCmdExecFactory$1  : [id: 0x0d5f3c1f, L:null - R:/var/run/docker.sock] WRITE, DefaultFullHttpRequest(decodeResult: success, version: HTTP/1.1, content: UnpooledByteBufAllocator$InstrumentedUnpooledUnsafeHeapByteBuf(ridx: 0, widx: 0, cap: 0))
GET /containers/8dd1d7d3e1e1d6bdcc6c2faf38dd514172bbf3b517e3076fa7e0919db0066182/json HTTP/1.1
host:
connection: keep-alive
accept-encoding: gzip
accept: application/json, 0B
2017-11-27 22:09:19.530 DEBUG 24827 --- [rjava-netty-1-1] xecFactory$UnixDomainSocketInitializer$3 : [id: 0x0d5f3c1f, L:null - R:/var/run/docker.sock] WRITE: 179B
         +-------------------------------------------------+
         |  0  1  2  3  4  5  6  7  8  9  a  b  c  d  e  f |
+--------+-------------------------------------------------+----------------+
|00000000| 47 45 54 20 2f 63 6f 6e 74 61 69 6e 65 72 73 2f |GET /containers/|
|00000010| 38 64 64 31 64 37 64 33 65 31 65 31 64 36 62 64 |8dd1d7d3e1e1d6bd|
|00000020| 63 63 36 63 32 66 61 66 33 38 64 64 35 31 34 31 |cc6c2faf38dd5141|
|00000030| 37 32 62 62 66 33 62 35 31 37 65 33 30 37 36 66 |72bbf3b517e3076f|
|00000040| 61 37 65 30 39 31 39 64 62 30 30 36 36 31 38 32 |a7e0919db0066182|
|00000050| 2f 6a 73 6f 6e 20 48 54 54 50 2f 31 2e 31 0d 0a |/json HTTP/1.1..|
|00000060| 68 6f 73 74 3a 20 0d 0a 63 6f 6e 6e 65 63 74 69 |host: ..connecti|
|00000070| 6f 6e 3a 20 6b 65 65 70 2d 61 6c 69 76 65 0d 0a |on: keep-alive..|
|00000080| 61 63 63 65 70 74 2d 65 6e 63 6f 64 69 6e 67 3a |accept-encoding:|
|00000090| 20 67 7a 69 70 0d 0a 61 63 63 65 70 74 3a 20 61 | gzip..accept: a|
|000000a0| 70 70 6c 69 63 61 74 69 6f 6e 2f 6a 73 6f 6e 0d |pplication/json.|
|000000b0| 0a 0d 0a                                        |...             |
+--------+-------------------------------------------------+----------------+
2017-11-27 22:09:19.530 DEBUG 24827 --- [rjava-netty-1-1] c.g.d.netty.NettyDockerCmdExecFactory$1  : [id: 0x0d5f3c1f, L:null - R:/var/run/docker.sock] FLUSH
2017-11-27 22:09:19.530 DEBUG 24827 --- [rjava-netty-1-1] xecFactory$UnixDomainSocketInitializer$3 : [id: 0x0d5f3c1f, L:null - R:/var/run/docker.sock] FLUSH
2017-11-27 22:09:19.533 DEBUG 24827 --- [rjava-netty-1-1] xecFactory$UnixDomainSocketInitializer$3 : [id: 0x0d5f3c1f, L:null - R:/var/run/docker.sock] READ: 1024B
         +-------------------------------------------------+
         |  0  1  2  3  4  5  6  7  8  9  a  b  c  d  e  f |
+--------+-------------------------------------------------+----------------+
|00000000| 48 54 54 50 2f 31 2e 31 20 32 30 30 20 4f 4b 0d |HTTP/1.1 200 OK.|
|00000010| 0a 41 70 69 2d 56 65 72 73 69 6f 6e 3a 20 31 2e |.Api-Version: 1.|
|00000020| 33 32 0d 0a 43 6f 6e 74 65 6e 74 2d 54 79 70 65 |32..Content-Type|
|00000030| 3a 20 61 70 70 6c 69 63 61 74 69 6f 6e 2f 6a 73 |: application/js|
|00000040| 6f 6e 0d 0a 44 61 74 65 3a 20 4d 6f 6e 2c 20 32 |on..Date: Mon, 2|
|00000050| 37 20 4e 6f 76 20 32 30 31 37 20 32 31 3a 30 39 |7 Nov 2017 21:09|
|00000060| 3a 31 36 20 47 4d 54 0d 0a 44 6f 63 6b 65 72 2d |:16 GMT..Docker-|
|00000070| 45 78 70 65 72 69 6d 65 6e 74 61 6c 3a 20 66 61 |Experimental: fa|
|00000080| 6c 73 65 0d 0a 4f 73 74 79 70 65 3a 20 6c 69 6e |lse..Ostype: lin|
|00000090| 75 78 0d 0a 53 65 72 76 65 72 3a 20 44 6f 63 6b |ux..Server: Dock|
|000000a0| 65 72 2f 31 37 2e 30 39 2e 30 2d 63 65 20 28 6c |er/17.09.0-ce (l|
|000000b0| 69 6e 75 78 29 0d 0a 54 72 61 6e 73 66 65 72 2d |inux)..Transfer-|
|000000c0| 45 6e 63 6f 64 69 6e 67 3a 20 63 68 75 6e 6b 65 |Encoding: chunke|
|000000d0| 64 0d 0a 0d 0a 31 32 36 65 0d 0a 7b 22 49 64 22 |d....126e..{"Id"|
|000000e0| 3a 22 38 64 64 31 64 37 64 33 65 31 65 31 64 36 |:"8dd1d7d3e1e1d6|
|000000f0| 62 64 63 63 36 63 32 66 61 66 33 38 64 64 35 31 |bdcc6c2faf38dd51|
|00000100| 34 31 37 32 62 62 66 33 62 35 31 37 65 33 30 37 |4172bbf3b517e307|
|00000110| 36 66 61 37 65 30 39 31 39 64 62 30 30 36 36 31 |6fa7e0919db00661|
|00000120| 38 32 22 2c 22 43 72 65 61 74 65 64 22 3a 22 32 |82","Created":"2|
|00000130| 30 31 37 2d 31 31 2d 32 37 54 32 31 3a 30 39 3a |017-11-27T21:09:|
|00000140| 31 35 2e 33 32 38 36 33 37 36 38 32 5a 22 2c 22 |15.328637682Z","|
|00000150| 50 61 74 68 22 3a 22 64 6f 63 6b 65 72 2d 65 6e |Path":"docker-en|
|00000160| 74 72 79 70 6f 69 6e 74 2e 73 68 22 2c 22 41 72 |trypoint.sh","Ar|
|00000170| 67 73 22 3a 5b 22 72 61 62 62 69 74 6d 71 2d 73 |gs":["rabbitmq-s|
|00000180| 65 72 76 65 72 22 5d 2c 22 53 74 61 74 65 22 3a |erver"],"State":|
|00000190| 7b 22 53 74 61 74 75 73 22 3a 22 72 75 6e 6e 69 |{"Status":"runni|
|000001a0| 6e 67 22 2c 22 52 75 6e 6e 69 6e 67 22 3a 74 72 |ng","Running":tr|
|000001b0| 75 65 2c 22 50 61 75 73 65 64 22 3a 66 61 6c 73 |ue,"Paused":fals|
|000001c0| 65 2c 22 52 65 73 74 61 72 74 69 6e 67 22 3a 66 |e,"Restarting":f|
|000001d0| 61 6c 73 65 2c 22 4f 4f 4d 4b 69 6c 6c 65 64 22 |alse,"OOMKilled"|
|000001e0| 3a 66 61 6c 73 65 2c 22 44 65 61 64 22 3a 66 61 |:false,"Dead":fa|
|000001f0| 6c 73 65 2c 22 50 69 64 22 3a 31 36 34 37 34 2c |lse,"Pid":16474,|
|00000200| 22 45 78 69 74 43 6f 64 65 22 3a 30 2c 22 45 72 |"ExitCode":0,"Er|
|00000210| 72 6f 72 22 3a 22 22 2c 22 53 74 61 72 74 65 64 |ror":"","Started|
|00000220| 41 74 22 3a 22 32 30 31 37 2d 31 31 2d 32 37 54 |At":"2017-11-27T|
|00000230| 32 31 3a 30 39 3a 31 36 2e 30 34 35 35 37 38 30 |21:09:16.0455780|
|00000240| 34 39 5a 22 2c 22 46 69 6e 69 73 68 65 64 41 74 |49Z","FinishedAt|
|00000250| 22 3a 22 30 30 30 31 2d 30 31 2d 30 31 54 30 30 |":"0001-01-01T00|
|00000260| 3a 30 30 3a 30 30 5a 22 7d 2c 22 49 6d 61 67 65 |:00:00Z"},"Image|
|00000270| 22 3a 22 73 68 61 32 35 36 3a 37 39 61 30 30 38 |":"sha256:79a008|
|00000280| 62 32 35 39 36 32 65 31 61 31 34 33 65 30 32 62 |b25962e1a143e02b|
|00000290| 33 37 31 38 37 66 38 35 35 63 62 32 32 34 65 32 |37187f855cb224e2|
|000002a0| 32 30 33 62 39 34 63 63 39 66 38 37 65 38 31 66 |203b94cc9f87e81f|
|000002b0| 65 32 37 35 36 36 30 63 39 64 22 2c 22 52 65 73 |e275660c9d","Res|
|000002c0| 6f 6c 76 43 6f 6e 66 50 61 74 68 22 3a 22 2f 76 |olvConfPath":"/v|
|000002d0| 61 72 2f 6c 69 62 2f 64 6f 63 6b 65 72 2f 63 6f |ar/lib/docker/co|
|000002e0| 6e 74 61 69 6e 65 72 73 2f 38 64 64 31 64 37 64 |ntainers/8dd1d7d|
|000002f0| 33 65 31 65 31 64 36 62 64 63 63 36 63 32 66 61 |3e1e1d6bdcc6c2fa|
|00000300| 66 33 38 64 64 35 31 34 31 37 32 62 62 66 33 62 |f38dd514172bbf3b|
|00000310| 35 31 37 65 33 30 37 36 66 61 37 65 30 39 31 39 |517e3076fa7e0919|
|00000320| 64 62 30 30 36 36 31 38 32 2f 72 65 73 6f 6c 76 |db0066182/resolv|
|00000330| 2e 63 6f 6e 66 22 2c 22 48 6f 73 74 6e 61 6d 65 |.conf","Hostname|
|00000340| 50 61 74 68 22 3a 22 2f 76 61 72 2f 6c 69 62 2f |Path":"/var/lib/|
|00000350| 64 6f 63 6b 65 72 2f 63 6f 6e 74 61 69 6e 65 72 |docker/container|
|00000360| 73 2f 38 64 64 31 64 37 64 33 65 31 65 31 64 36 |s/8dd1d7d3e1e1d6|
|00000370| 62 64 63 63 36 63 32 66 61 66 33 38 64 64 35 31 |bdcc6c2faf38dd51|
|00000380| 34 31 37 32 62 62 66 33 62 35 31 37 65 33 30 37 |4172bbf3b517e307|
|00000390| 36 66 61 37 65 30 39 31 39 64 62 30 30 36 36 31 |6fa7e0919db00661|
|000003a0| 38 32 2f 68 6f 73 74 6e 61 6d 65 22 2c 22 48 6f |82/hostname","Ho|
|000003b0| 73 74 73 50 61 74 68 22 3a 22 2f 76 61 72 2f 6c |stsPath":"/var/l|
|000003c0| 69 62 2f 64 6f 63 6b 65 72 2f 63 6f 6e 74 61 69 |ib/docker/contai|
|000003d0| 6e 65 72 73 2f 38 64 64 31 64 37 64 33 65 31 65 |ners/8dd1d7d3e1e|
|000003e0| 31 64 36 62 64 63 63 36 63 32 66 61 66 33 38 64 |1d6bdcc6c2faf38d|
|000003f0| 64 35 31 34 31 37 32 62 62 66 33 62 35 31 37 65 |d514172bbf3b517e|
+--------+-------------------------------------------------+----------------+
2017-11-27 22:09:19.533 DEBUG 24827 --- [rjava-netty-1-1] c.g.d.netty.NettyDockerCmdExecFactory$1  : [id: 0x0d5f3c1f, L:null - R:/var/run/docker.sock] READ: DefaultHttpResponse(decodeResult: success, version: HTTP/1.1)
HTTP/1.1 200 OK
Api-Version: 1.32
Content-Type: application/json
Date: Mon, 27 Nov 2017 21:09:16 GMT
Docker-Experimental: false
Ostype: linux
Server: Docker/17.09.0-ce (linux)
Transfer-Encoding: chunked
2017-11-27 22:09:19.534 DEBUG 24827 --- [rjava-netty-1-1] c.g.d.netty.NettyDockerCmdExecFactory$1  : [id: 0x0d5f3c1f, L:null - R:/var/run/docker.sock] READ: DefaultHttpContent(data: PooledSlicedByteBuf(ridx: 0, widx: 805, cap: 805/805, unwrapped: PooledUnsafeDirectByteBuf(ridx: 1024, widx: 1024, cap: 1024)), decoderResult: success), 805B
         +-------------------------------------------------+
         |  0  1  2  3  4  5  6  7  8  9  a  b  c  d  e  f |
+--------+-------------------------------------------------+----------------+
|00000000| 7b 22 49 64 22 3a 22 38 64 64 31 64 37 64 33 65 |{"Id":"8dd1d7d3e|
|00000010| 31 65 31 64 36 62 64 63 63 36 63 32 66 61 66 33 |1e1d6bdcc6c2faf3|
|00000020| 38 64 64 35 31 34 31 37 32 62 62 66 33 62 35 31 |8dd514172bbf3b51|
|00000030| 37 65 33 30 37 36 66 61 37 65 30 39 31 39 64 62 |7e3076fa7e0919db|
|00000040| 30 30 36 36 31 38 32 22 2c 22 43 72 65 61 74 65 |0066182","Create|
|00000050| 64 22 3a 22 32 30 31 37 2d 31 31 2d 32 37 54 32 |d":"2017-11-27T2|
|00000060| 31 3a 30 39 3a 31 35 2e 33 32 38 36 33 37 36 38 |1:09:15.32863768|
|00000070| 32 5a 22 2c 22 50 61 74 68 22 3a 22 64 6f 63 6b |2Z","Path":"dock|
|00000080| 65 72 2d 65 6e 74 72 79 70 6f 69 6e 74 2e 73 68 |er-entrypoint.sh|
|00000090| 22 2c 22 41 72 67 73 22 3a 5b 22 72 61 62 62 69 |","Args":["rabbi|
|000000a0| 74 6d 71 2d 73 65 72 76 65 72 22 5d 2c 22 53 74 |tmq-server"],"St|
|000000b0| 61 74 65 22 3a 7b 22 53 74 61 74 75 73 22 3a 22 |ate":{"Status":"|
|000000c0| 72 75 6e 6e 69 6e 67 22 2c 22 52 75 6e 6e 69 6e |running","Runnin|
|000000d0| 67 22 3a 74 72 75 65 2c 22 50 61 75 73 65 64 22 |g":true,"Paused"|
|000000e0| 3a 66 61 6c 73 65 2c 22 52 65 73 74 61 72 74 69 |:false,"Restarti|
|000000f0| 6e 67 22 3a 66 61 6c 73 65 2c 22 4f 4f 4d 4b 69 |ng":false,"OOMKi|
|00000100| 6c 6c 65 64 22 3a 66 61 6c 73 65 2c 22 44 65 61 |lled":false,"Dea|
|00000110| 64 22 3a 66 61 6c 73 65 2c 22 50 69 64 22 3a 31 |d":false,"Pid":1|
|00000120| 36 34 37 34 2c 22 45 78 69 74 43 6f 64 65 22 3a |6474,"ExitCode":|
|00000130| 30 2c 22 45 72 72 6f 72 22 3a 22 22 2c 22 53 74 |0,"Error":"","St|
|00000140| 61 72 74 65 64 41 74 22 3a 22 32 30 31 37 2d 31 |artedAt":"2017-1|
|00000150| 31 2d 32 37 54 32 31 3a 30 39 3a 31 36 2e 30 34 |1-27T21:09:16.04|
|00000160| 35 35 37 38 30 34 39 5a 22 2c 22 46 69 6e 69 73 |5578049Z","Finis|
|00000170| 68 65 64 41 74 22 3a 22 30 30 30 31 2d 30 31 2d |hedAt":"0001-01-|
|00000180| 30 31 54 30 30 3a 30 30 3a 30 30 5a 22 7d 2c 22 |01T00:00:00Z"},"|
|00000190| 49 6d 61 67 65 22 3a 22 73 68 61 32 35 36 3a 37 |Image":"sha256:7|
|000001a0| 39 61 30 30 38 62 32 35 39 36 32 65 31 61 31 34 |9a008b25962e1a14|
|000001b0| 33 65 30 32 62 33 37 31 38 37 66 38 35 35 63 62 |3e02b37187f855cb|
|000001c0| 32 32 34 65 32 32 30 33 62 39 34 63 63 39 66 38 |224e2203b94cc9f8|
|000001d0| 37 65 38 31 66 65 32 37 35 36 36 30 63 39 64 22 |7e81fe275660c9d"|
|000001e0| 2c 22 52 65 73 6f 6c 76 43 6f 6e 66 50 61 74 68 |,"ResolvConfPath|
|000001f0| 22 3a 22 2f 76 61 72 2f 6c 69 62 2f 64 6f 63 6b |":"/var/lib/dock|
|00000200| 65 72 2f 63 6f 6e 74 61 69 6e 65 72 73 2f 38 64 |er/containers/8d|
|00000210| 64 31 64 37 64 33 65 31 65 31 64 36 62 64 63 63 |d1d7d3e1e1d6bdcc|
|00000220| 36 63 32 66 61 66 33 38 64 64 35 31 34 31 37 32 |6c2faf38dd514172|
|00000230| 62 62 66 33 62 35 31 37 65 33 30 37 36 66 61 37 |bbf3b517e3076fa7|
|00000240| 65 30 39 31 39 64 62 30 30 36 36 31 38 32 2f 72 |e0919db0066182/r|
|00000250| 65 73 6f 6c 76 2e 63 6f 6e 66 22 2c 22 48 6f 73 |esolv.conf","Hos|
|00000260| 74 6e 61 6d 65 50 61 74 68 22 3a 22 2f 76 61 72 |tnamePath":"/var|
|00000270| 2f 6c 69 62 2f 64 6f 63 6b 65 72 2f 63 6f 6e 74 |/lib/docker/cont|
|00000280| 61 69 6e 65 72 73 2f 38 64 64 31 64 37 64 33 65 |ainers/8dd1d7d3e|
|00000290| 31 65 31 64 36 62 64 63 63 36 63 32 66 61 66 33 |1e1d6bdcc6c2faf3|
|000002a0| 38 64 64 35 31 34 31 37 32 62 62 66 33 62 35 31 |8dd514172bbf3b51|
|000002b0| 37 65 33 30 37 36 66 61 37 65 30 39 31 39 64 62 |7e3076fa7e0919db|
|000002c0| 30 30 36 36 31 38 32 2f 68 6f 73 74 6e 61 6d 65 |0066182/hostname|
|000002d0| 22 2c 22 48 6f 73 74 73 50 61 74 68 22 3a 22 2f |","HostsPath":"/|
|000002e0| 76 61 72 2f 6c 69 62 2f 64 6f 63 6b 65 72 2f 63 |var/lib/docker/c|
|000002f0| 6f 6e 74 61 69 6e 65 72 73 2f 38 64 64 31 64 37 |ontainers/8dd1d7|
|00000300| 64 33 65 31 65 31 64 36 62 64 63 63 36 63 32 66 |d3e1e1d6bdcc6c2f|
|00000310| 61 66 33 38 64 64 35 31 34 31 37 32 62 62 66 33 |af38dd514172bbf3|
|00000320| 62 35 31 37 65                                  |b517e           |
+--------+-------------------------------------------------+----------------+
2017-11-27 22:09:19.534 DEBUG 24827 --- [rjava-netty-1-1] xecFactory$UnixDomainSocketInitializer$3 : [id: 0x0d5f3c1f, L:null - R:/var/run/docker.sock] READ: 1024B
         +-------------------------------------------------+
         |  0  1  2  3  4  5  6  7  8  9  a  b  c  d  e  f |
+--------+-------------------------------------------------+----------------+
|00000000| 33 30 37 36 66 61 37 65 30 39 31 39 64 62 30 30 |3076fa7e0919db00|
|00000010| 36 36 31 38 32 2f 68 6f 73 74 73 22 2c 22 4c 6f |66182/hosts","Lo|
|00000020| 67 50 61 74 68 22 3a 22 2f 76 61 72 2f 6c 69 62 |gPath":"/var/lib|
|00000030| 2f 64 6f 63 6b 65 72 2f 63 6f 6e 74 61 69 6e 65 |/docker/containe|
|00000040| 72 73 2f 38 64 64 31 64 37 64 33 65 31 65 31 64 |rs/8dd1d7d3e1e1d|
|00000050| 36 62 64 63 63 36 63 32 66 61 66 33 38 64 64 35 |6bdcc6c2faf38dd5|
|00000060| 31 34 31 37 32 62 62 66 33 62 35 31 37 65 33 30 |14172bbf3b517e30|
|00000070| 37 36 66 61 37 65 30 39 31 39 64 62 30 30 36 36 |76fa7e0919db0066|
|00000080| 31 38 32 2f 38 64 64 31 64 37 64 33 65 31 65 31 |182/8dd1d7d3e1e1|
|00000090| 64 36 62 64 63 63 36 63 32 66 61 66 33 38 64 64 |d6bdcc6c2faf38dd|
|000000a0| 35 31 34 31 37 32 62 62 66 33 62 35 31 37 65 33 |514172bbf3b517e3|
|000000b0| 30 37 36 66 61 37 65 30 39 31 39 64 62 30 30 36 |076fa7e0919db006|
|000000c0| 36 31 38 32 2d 6a 73 6f 6e 2e 6c 6f 67 22 2c 22 |6182-json.log","|
|000000d0| 4e 61 6d 65 22 3a 22 2f 74 72 75 73 74 69 6e 67 |Name":"/trusting|
|000000e0| 5f 6e 6f 65 74 68 65 72 22 2c 22 52 65 73 74 61 |_noether","Resta|
|000000f0| 72 74 43 6f 75 6e 74 22 3a 30 2c 22 44 72 69 76 |rtCount":0,"Driv|
|00000100| 65 72 22 3a 22 61 75 66 73 22 2c 22 50 6c 61 74 |er":"aufs","Plat|
|00000110| 66 6f 72 6d 22 3a 22 6c 69 6e 75 78 22 2c 22 4d |form":"linux","M|
|00000120| 6f 75 6e 74 4c 61 62 65 6c 22 3a 22 22 2c 22 50 |ountLabel":"","P|
|00000130| 72 6f 63 65 73 73 4c 61 62 65 6c 22 3a 22 22 2c |rocessLabel":"",|
|00000140| 22 41 70 70 41 72 6d 6f 72 50 72 6f 66 69 6c 65 |"AppArmorProfile|
|00000150| 22 3a 22 22 2c 22 45 78 65 63 49 44 73 22 3a 6e |":"","ExecIDs":n|
|00000160| 75 6c 6c 2c 22 48 6f 73 74 43 6f 6e 66 69 67 22 |ull,"HostConfig"|
|00000170| 3a 7b 22 42 69 6e 64 73 22 3a 5b 5d 2c 22 43 6f |:{"Binds":[],"Co|
|00000180| 6e 74 61 69 6e 65 72 49 44 46 69 6c 65 22 3a 22 |ntainerIDFile":"|
|00000190| 22 2c 22 4c 6f 67 43 6f 6e 66 69 67 22 3a 7b 22 |","LogConfig":{"|
|000001a0| 54 79 70 65 22 3a 22 6a 73 6f 6e 2d 66 69 6c 65 |Type":"json-file|
|000001b0| 22 2c 22 43 6f 6e 66 69 67 22 3a 7b 7d 7d 2c 22 |","Config":{}},"|
|000001c0| 4e 65 74 77 6f 72 6b 4d 6f 64 65 22 3a 22 64 65 |NetworkMode":"de|
|000001d0| 66 61 75 6c 74 22 2c 22 50 6f 72 74 42 69 6e 64 |fault","PortBind|
|000001e0| 69 6e 67 73 22 3a 7b 7d 2c 22 52 65 73 74 61 72 |ings":{},"Restar|
|000001f0| 74 50 6f 6c 69 63 79 22 3a 7b 22 4e 61 6d 65 22 |tPolicy":{"Name"|
|00000200| 3a 22 22 2c 22 4d 61 78 69 6d 75 6d 52 65 74 72 |:"","MaximumRetr|
|00000210| 79 43 6f 75 6e 74 22 3a 30 7d 2c 22 41 75 74 6f |yCount":0},"Auto|
|00000220| 52 65 6d 6f 76 65 22 3a 66 61 6c 73 65 2c 22 56 |Remove":false,"V|
|00000230| 6f 6c 75 6d 65 44 72 69 76 65 72 22 3a 22 22 2c |olumeDriver":"",|
|00000240| 22 56 6f 6c 75 6d 65 73 46 72 6f 6d 22 3a 5b 5d |"VolumesFrom":[]|
|00000250| 2c 22 43 61 70 41 64 64 22 3a 6e 75 6c 6c 2c 22 |,"CapAdd":null,"|
|00000260| 43 61 70 44 72 6f 70 22 3a 6e 75 6c 6c 2c 22 44 |CapDrop":null,"D|
|00000270| 6e 73 22 3a 6e 75 6c 6c 2c 22 44 6e 73 4f 70 74 |ns":null,"DnsOpt|
|00000280| 69 6f 6e 73 22 3a 6e 75 6c 6c 2c 22 44 6e 73 53 |ions":null,"DnsS|
|00000290| 65 61 72 63 68 22 3a 6e 75 6c 6c 2c 22 45 78 74 |earch":null,"Ext|
|000002a0| 72 61 48 6f 73 74 73 22 3a 5b 5d 2c 22 47 72 6f |raHosts":[],"Gro|
|000002b0| 75 70 41 64 64 22 3a 6e 75 6c 6c 2c 22 49 70 63 |upAdd":null,"Ipc|
|000002c0| 4d 6f 64 65 22 3a 22 73 68 61 72 65 61 62 6c 65 |Mode":"shareable|
|000002d0| 22 2c 22 43 67 72 6f 75 70 22 3a 22 22 2c 22 4c |","Cgroup":"","L|
|000002e0| 69 6e 6b 73 22 3a 6e 75 6c 6c 2c 22 4f 6f 6d 53 |inks":null,"OomS|
|000002f0| 63 6f 72 65 41 64 6a 22 3a 30 2c 22 50 69 64 4d |coreAdj":0,"PidM|
|00000300| 6f 64 65 22 3a 22 22 2c 22 50 72 69 76 69 6c 65 |ode":"","Privile|
|00000310| 67 65 64 22 3a 66 61 6c 73 65 2c 22 50 75 62 6c |ged":false,"Publ|
|00000320| 69 73 68 41 6c 6c 50 6f 72 74 73 22 3a 74 72 75 |ishAllPorts":tru|
|00000330| 65 2c 22 52 65 61 64 6f 6e 6c 79 52 6f 6f 74 66 |e,"ReadonlyRootf|
|00000340| 73 22 3a 66 61 6c 73 65 2c 22 53 65 63 75 72 69 |s":false,"Securi|
|00000350| 74 79 4f 70 74 22 3a 6e 75 6c 6c 2c 22 55 54 53 |tyOpt":null,"UTS|
|00000360| 4d 6f 64 65 22 3a 22 22 2c 22 55 73 65 72 6e 73 |Mode":"","Userns|
|00000370| 4d 6f 64 65 22 3a 22 22 2c 22 53 68 6d 53 69 7a |Mode":"","ShmSiz|
|00000380| 65 22 3a 36 37 31 30 38 38 36 34 2c 22 52 75 6e |e":67108864,"Run|
|00000390| 74 69 6d 65 22 3a 22 72 75 6e 63 22 2c 22 43 6f |time":"runc","Co|
|000003a0| 6e 73 6f 6c 65 53 69 7a 65 22 3a 5b 30 2c 30 5d |nsoleSize":[0,0]|
|000003b0| 2c 22 49 73 6f 6c 61 74 69 6f 6e 22 3a 22 22 2c |,"Isolation":"",|
|000003c0| 22 43 70 75 53 68 61 72 65 73 22 3a 30 2c 22 4d |"CpuShares":0,"M|
|000003d0| 65 6d 6f 72 79 22 3a 30 2c 22 4e 61 6e 6f 43 70 |emory":0,"NanoCp|
|000003e0| 75 73 22 3a 30 2c 22 43 67 72 6f 75 70 50 61 72 |us":0,"CgroupPar|
|000003f0| 65 6e 74 22 3a 22 22 2c 22 42 6c 6b 69 6f 57 65 |ent":"","BlkioWe|
+--------+-------------------------------------------------+----------------+
2017-11-27 22:09:19.534 DEBUG 24827 --- [rjava-netty-1-1] c.g.d.netty.NettyDockerCmdExecFactory$1  : [id: 0x0d5f3c1f, L:null - R:/var/run/docker.sock] READ: DefaultHttpContent(data: PooledSlicedByteBuf(ridx: 0, widx: 1024, cap: 1024/1024, unwrapped: PooledUnsafeDirectByteBuf(ridx: 1024, widx: 1024, cap: 1024)), decoderResult: success), 1024B
         +-------------------------------------------------+
         |  0  1  2  3  4  5  6  7  8  9  a  b  c  d  e  f |
+--------+-------------------------------------------------+----------------+
|00000000| 33 30 37 36 66 61 37 65 30 39 31 39 64 62 30 30 |3076fa7e0919db00|
|00000010| 36 36 31 38 32 2f 68 6f 73 74 73 22 2c 22 4c 6f |66182/hosts","Lo|
|00000020| 67 50 61 74 68 22 3a 22 2f 76 61 72 2f 6c 69 62 |gPath":"/var/lib|
|00000030| 2f 64 6f 63 6b 65 72 2f 63 6f 6e 74 61 69 6e 65 |/docker/containe|
|00000040| 72 73 2f 38 64 64 31 64 37 64 33 65 31 65 31 64 |rs/8dd1d7d3e1e1d|
|00000050| 36 62 64 63 63 36 63 32 66 61 66 33 38 64 64 35 |6bdcc6c2faf38dd5|
|00000060| 31 34 31 37 32 62 62 66 33 62 35 31 37 65 33 30 |14172bbf3b517e30|
|00000070| 37 36 66 61 37 65 30 39 31 39 64 62 30 30 36 36 |76fa7e0919db0066|
|00000080| 31 38 32 2f 38 64 64 31 64 37 64 33 65 31 65 31 |182/8dd1d7d3e1e1|
|00000090| 64 36 62 64 63 63 36 63 32 66 61 66 33 38 64 64 |d6bdcc6c2faf38dd|
|000000a0| 35 31 34 31 37 32 62 62 66 33 62 35 31 37 65 33 |514172bbf3b517e3|
|000000b0| 30 37 36 66 61 37 65 30 39 31 39 64 62 30 30 36 |076fa7e0919db006|
|000000c0| 36 31 38 32 2d 6a 73 6f 6e 2e 6c 6f 67 22 2c 22 |6182-json.log","|
|000000d0| 4e 61 6d 65 22 3a 22 2f 74 72 75 73 74 69 6e 67 |Name":"/trusting|
|000000e0| 5f 6e 6f 65 74 68 65 72 22 2c 22 52 65 73 74 61 |_noether","Resta|
|000000f0| 72 74 43 6f 75 6e 74 22 3a 30 2c 22 44 72 69 76 |rtCount":0,"Driv|
|00000100| 65 72 22 3a 22 61 75 66 73 22 2c 22 50 6c 61 74 |er":"aufs","Plat|
|00000110| 66 6f 72 6d 22 3a 22 6c 69 6e 75 78 22 2c 22 4d |form":"linux","M|
|00000120| 6f 75 6e 74 4c 61 62 65 6c 22 3a 22 22 2c 22 50 |ountLabel":"","P|
|00000130| 72 6f 63 65 73 73 4c 61 62 65 6c 22 3a 22 22 2c |rocessLabel":"",|
|00000140| 22 41 70 70 41 72 6d 6f 72 50 72 6f 66 69 6c 65 |"AppArmorProfile|
|00000150| 22 3a 22 22 2c 22 45 78 65 63 49 44 73 22 3a 6e |":"","ExecIDs":n|
|00000160| 75 6c 6c 2c 22 48 6f 73 74 43 6f 6e 66 69 67 22 |ull,"HostConfig"|
|00000170| 3a 7b 22 42 69 6e 64 73 22 3a 5b 5d 2c 22 43 6f |:{"Binds":[],"Co|
|00000180| 6e 74 61 69 6e 65 72 49 44 46 69 6c 65 22 3a 22 |ntainerIDFile":"|
|00000190| 22 2c 22 4c 6f 67 43 6f 6e 66 69 67 22 3a 7b 22 |","LogConfig":{"|
|000001a0| 54 79 70 65 22 3a 22 6a 73 6f 6e 2d 66 69 6c 65 |Type":"json-file|
|000001b0| 22 2c 22 43 6f 6e 66 69 67 22 3a 7b 7d 7d 2c 22 |","Config":{}},"|
|000001c0| 4e 65 74 77 6f 72 6b 4d 6f 64 65 22 3a 22 64 65 |NetworkMode":"de|
|000001d0| 66 61 75 6c 74 22 2c 22 50 6f 72 74 42 69 6e 64 |fault","PortBind|
|000001e0| 69 6e 67 73 22 3a 7b 7d 2c 22 52 65 73 74 61 72 |ings":{},"Restar|
|000001f0| 74 50 6f 6c 69 63 79 22 3a 7b 22 4e 61 6d 65 22 |tPolicy":{"Name"|
|00000200| 3a 22 22 2c 22 4d 61 78 69 6d 75 6d 52 65 74 72 |:"","MaximumRetr|
|00000210| 79 43 6f 75 6e 74 22 3a 30 7d 2c 22 41 75 74 6f |yCount":0},"Auto|
|00000220| 52 65 6d 6f 76 65 22 3a 66 61 6c 73 65 2c 22 56 |Remove":false,"V|
|00000230| 6f 6c 75 6d 65 44 72 69 76 65 72 22 3a 22 22 2c |olumeDriver":"",|
|00000240| 22 56 6f 6c 75 6d 65 73 46 72 6f 6d 22 3a 5b 5d |"VolumesFrom":[]|
|00000250| 2c 22 43 61 70 41 64 64 22 3a 6e 75 6c 6c 2c 22 |,"CapAdd":null,"|
|00000260| 43 61 70 44 72 6f 70 22 3a 6e 75 6c 6c 2c 22 44 |CapDrop":null,"D|
|00000270| 6e 73 22 3a 6e 75 6c 6c 2c 22 44 6e 73 4f 70 74 |ns":null,"DnsOpt|
|00000280| 69 6f 6e 73 22 3a 6e 75 6c 6c 2c 22 44 6e 73 53 |ions":null,"DnsS|
|00000290| 65 61 72 63 68 22 3a 6e 75 6c 6c 2c 22 45 78 74 |earch":null,"Ext|
|000002a0| 72 61 48 6f 73 74 73 22 3a 5b 5d 2c 22 47 72 6f |raHosts":[],"Gro|
|000002b0| 75 70 41 64 64 22 3a 6e 75 6c 6c 2c 22 49 70 63 |upAdd":null,"Ipc|
|000002c0| 4d 6f 64 65 22 3a 22 73 68 61 72 65 61 62 6c 65 |Mode":"shareable|
|000002d0| 22 2c 22 43 67 72 6f 75 70 22 3a 22 22 2c 22 4c |","Cgroup":"","L|
|000002e0| 69 6e 6b 73 22 3a 6e 75 6c 6c 2c 22 4f 6f 6d 53 |inks":null,"OomS|
|000002f0| 63 6f 72 65 41 64 6a 22 3a 30 2c 22 50 69 64 4d |coreAdj":0,"PidM|
|00000300| 6f 64 65 22 3a 22 22 2c 22 50 72 69 76 69 6c 65 |ode":"","Privile|
|00000310| 67 65 64 22 3a 66 61 6c 73 65 2c 22 50 75 62 6c |ged":false,"Publ|
|00000320| 69 73 68 41 6c 6c 50 6f 72 74 73 22 3a 74 72 75 |ishAllPorts":tru|
|00000330| 65 2c 22 52 65 61 64 6f 6e 6c 79 52 6f 6f 74 66 |e,"ReadonlyRootf|
|00000340| 73 22 3a 66 61 6c 73 65 2c 22 53 65 63 75 72 69 |s":false,"Securi|
|00000350| 74 79 4f 70 74 22 3a 6e 75 6c 6c 2c 22 55 54 53 |tyOpt":null,"UTS|
|00000360| 4d 6f 64 65 22 3a 22 22 2c 22 55 73 65 72 6e 73 |Mode":"","Userns|
|00000370| 4d 6f 64 65 22 3a 22 22 2c 22 53 68 6d 53 69 7a |Mode":"","ShmSiz|
|00000380| 65 22 3a 36 37 31 30 38 38 36 34 2c 22 52 75 6e |e":67108864,"Run|
|00000390| 74 69 6d 65 22 3a 22 72 75 6e 63 22 2c 22 43 6f |time":"runc","Co|
|000003a0| 6e 73 6f 6c 65 53 69 7a 65 22 3a 5b 30 2c 30 5d |nsoleSize":[0,0]|
|000003b0| 2c 22 49 73 6f 6c 61 74 69 6f 6e 22 3a 22 22 2c |,"Isolation":"",|
|000003c0| 22 43 70 75 53 68 61 72 65 73 22 3a 30 2c 22 4d |"CpuShares":0,"M|
|000003d0| 65 6d 6f 72 79 22 3a 30 2c 22 4e 61 6e 6f 43 70 |emory":0,"NanoCp|
|000003e0| 75 73 22 3a 30 2c 22 43 67 72 6f 75 70 50 61 72 |us":0,"CgroupPar|
|000003f0| 65 6e 74 22 3a 22 22 2c 22 42 6c 6b 69 6f 57 65 |ent":"","BlkioWe|
+--------+-------------------------------------------------+----------------+
2017-11-27 22:09:19.535 DEBUG 24827 --- [rjava-netty-1-1] xecFactory$UnixDomainSocketInitializer$3 : [id: 0x0d5f3c1f, L:null - R:/var/run/docker.sock] READ: 1024B
         +-------------------------------------------------+
         |  0  1  2  3  4  5  6  7  8  9  a  b  c  d  e  f |
+--------+-------------------------------------------------+----------------+
|00000000| 69 67 68 74 22 3a 30 2c 22 42 6c 6b 69 6f 57 65 |ight":0,"BlkioWe|
|00000010| 69 67 68 74 44 65 76 69 63 65 22 3a 6e 75 6c 6c |ightDevice":null|
|00000020| 2c 22 42 6c 6b 69 6f 44 65 76 69 63 65 52 65 61 |,"BlkioDeviceRea|
|00000030| 64 42 70 73 22 3a 6e 75 6c 6c 2c 22 42 6c 6b 69 |dBps":null,"Blki|
|00000040| 6f 44 65 76 69 63 65 57 72 69 74 65 42 70 73 22 |oDeviceWriteBps"|
|00000050| 3a 6e 75 6c 6c 2c 22 42 6c 6b 69 6f 44 65 76 69 |:null,"BlkioDevi|
|00000060| 63 65 52 65 61 64 49 4f 70 73 22 3a 6e 75 6c 6c |ceReadIOps":null|
|00000070| 2c 22 42 6c 6b 69 6f 44 65 76 69 63 65 57 72 69 |,"BlkioDeviceWri|
|00000080| 74 65 49 4f 70 73 22 3a 6e 75 6c 6c 2c 22 43 70 |teIOps":null,"Cp|
|00000090| 75 50 65 72 69 6f 64 22 3a 30 2c 22 43 70 75 51 |uPeriod":0,"CpuQ|
|000000a0| 75 6f 74 61 22 3a 30 2c 22 43 70 75 52 65 61 6c |uota":0,"CpuReal|
|000000b0| 74 69 6d 65 50 65 72 69 6f 64 22 3a 30 2c 22 43 |timePeriod":0,"C|
|000000c0| 70 75 52 65 61 6c 74 69 6d 65 52 75 6e 74 69 6d |puRealtimeRuntim|
|000000d0| 65 22 3a 30 2c 22 43 70 75 73 65 74 43 70 75 73 |e":0,"CpusetCpus|
|000000e0| 22 3a 22 22 2c 22 43 70 75 73 65 74 4d 65 6d 73 |":"","CpusetMems|
|000000f0| 22 3a 22 22 2c 22 44 65 76 69 63 65 73 22 3a 6e |":"","Devices":n|
|00000100| 75 6c 6c 2c 22 44 65 76 69 63 65 43 67 72 6f 75 |ull,"DeviceCgrou|
|00000110| 70 52 75 6c 65 73 22 3a 6e 75 6c 6c 2c 22 44 69 |pRules":null,"Di|
|00000120| 73 6b 51 75 6f 74 61 22 3a 30 2c 22 4b 65 72 6e |skQuota":0,"Kern|
|00000130| 65 6c 4d 65 6d 6f 72 79 22 3a 30 2c 22 4d 65 6d |elMemory":0,"Mem|
|00000140| 6f 72 79 52 65 73 65 72 76 61 74 69 6f 6e 22 3a |oryReservation":|
|00000150| 30 2c 22 4d 65 6d 6f 72 79 53 77 61 70 22 3a 30 |0,"MemorySwap":0|
|00000160| 2c 22 4d 65 6d 6f 72 79 53 77 61 70 70 69 6e 65 |,"MemorySwappine|
|00000170| 73 73 22 3a 6e 75 6c 6c 2c 22 4f 6f 6d 4b 69 6c |ss":null,"OomKil|
|00000180| 6c 44 69 73 61 62 6c 65 22 3a 66 61 6c 73 65 2c |lDisable":false,|
|00000190| 22 50 69 64 73 4c 69 6d 69 74 22 3a 30 2c 22 55 |"PidsLimit":0,"U|
|000001a0| 6c 69 6d 69 74 73 22 3a 6e 75 6c 6c 2c 22 43 70 |limits":null,"Cp|
|000001b0| 75 43 6f 75 6e 74 22 3a 30 2c 22 43 70 75 50 65 |uCount":0,"CpuPe|
|000001c0| 72 63 65 6e 74 22 3a 30 2c 22 49 4f 4d 61 78 69 |rcent":0,"IOMaxi|
|000001d0| 6d 75 6d 49 4f 70 73 22 3a 30 2c 22 49 4f 4d 61 |mumIOps":0,"IOMa|
|000001e0| 78 69 6d 75 6d 42 61 6e 64 77 69 64 74 68 22 3a |ximumBandwidth":|
|000001f0| 30 7d 2c 22 47 72 61 70 68 44 72 69 76 65 72 22 |0},"GraphDriver"|
|00000200| 3a 7b 22 44 61 74 61 22 3a 6e 75 6c 6c 2c 22 4e |:{"Data":null,"N|
|00000210| 61 6d 65 22 3a 22 61 75 66 73 22 7d 2c 22 4d 6f |ame":"aufs"},"Mo|
|00000220| 75 6e 74 73 22 3a 5b 7b 22 54 79 70 65 22 3a 22 |unts":[{"Type":"|
|00000230| 76 6f 6c 75 6d 65 22 2c 22 4e 61 6d 65 22 3a 22 |volume","Name":"|
|00000240| 63 61 61 30 64 33 34 38 36 34 62 62 64 35 34 35 |caa0d34864bbd545|
|00000250| 30 32 36 62 38 36 65 35 32 34 34 30 66 65 66 37 |026b86e52440fef7|
|00000260| 36 34 35 32 37 31 62 33 30 61 37 39 34 30 62 39 |645271b30a7940b9|
|00000270| 38 32 31 62 63 63 66 64 63 36 31 66 64 63 32 39 |821bccfdc61fdc29|
|00000280| 22 2c 22 53 6f 75 72 63 65 22 3a 22 2f 76 61 72 |","Source":"/var|
|00000290| 2f 6c 69 62 2f 64 6f 63 6b 65 72 2f 76 6f 6c 75 |/lib/docker/volu|
|000002a0| 6d 65 73 2f 63 61 61 30 64 33 34 38 36 34 62 62 |mes/caa0d34864bb|
|000002b0| 64 35 34 35 30 32 36 62 38 36 65 35 32 34 34 30 |d545026b86e52440|
|000002c0| 66 65 66 37 36 34 35 32 37 31 62 33 30 61 37 39 |fef7645271b30a79|
|000002d0| 34 30 62 39 38 32 31 62 63 63 66 64 63 36 31 66 |40b9821bccfdc61f|
|000002e0| 64 63 32 39 2f 5f 64 61 74 61 22 2c 22 44 65 73 |dc29/_data","Des|
|000002f0| 74 69 6e 61 74 69 6f 6e 22 3a 22 2f 76 61 72 2f |tination":"/var/|
|00000300| 6c 69 62 2f 72 61 62 62 69 74 6d 71 22 2c 22 44 |lib/rabbitmq","D|
|00000310| 72 69 76 65 72 22 3a 22 6c 6f 63 61 6c 22 2c 22 |river":"local","|
|00000320| 4d 6f 64 65 22 3a 22 22 2c 22 52 57 22 3a 74 72 |Mode":"","RW":tr|
|00000330| 75 65 2c 22 50 72 6f 70 61 67 61 74 69 6f 6e 22 |ue,"Propagation"|
|00000340| 3a 22 22 7d 5d 2c 22 43 6f 6e 66 69 67 22 3a 7b |:""}],"Config":{|
|00000350| 22 48 6f 73 74 6e 61 6d 65 22 3a 22 38 64 64 31 |"Hostname":"8dd1|
|00000360| 64 37 64 33 65 31 65 31 22 2c 22 44 6f 6d 61 69 |d7d3e1e1","Domai|
|00000370| 6e 6e 61 6d 65 22 3a 22 22 2c 22 55 73 65 72 22 |nname":"","User"|
|00000380| 3a 22 22 2c 22 41 74 74 61 63 68 53 74 64 69 6e |:"","AttachStdin|
|00000390| 22 3a 66 61 6c 73 65 2c 22 41 74 74 61 63 68 53 |":false,"AttachS|
|000003a0| 74 64 6f 75 74 22 3a 66 61 6c 73 65 2c 22 41 74 |tdout":false,"At|
|000003b0| 74 61 63 68 53 74 64 65 72 72 22 3a 66 61 6c 73 |tachStderr":fals|
|000003c0| 65 2c 22 45 78 70 6f 73 65 64 50 6f 72 74 73 22 |e,"ExposedPorts"|
|000003d0| 3a 7b 22 32 35 36 37 32 2f 74 63 70 22 3a 7b 7d |:{"25672/tcp":{}|
|000003e0| 2c 22 34 33 36 39 2f 74 63 70 22 3a 7b 7d 2c 22 |,"4369/tcp":{},"|
|000003f0| 35 36 37 31 2f 74 63 70 22 3a 7b 7d 2c 22 35 36 |5671/tcp":{},"56|
+--------+-------------------------------------------------+----------------+
2017-11-27 22:09:19.535 DEBUG 24827 --- [rjava-netty-1-1] c.g.d.netty.NettyDockerCmdExecFactory$1  : [id: 0x0d5f3c1f, L:null - R:/var/run/docker.sock] READ: DefaultHttpContent(data: PooledSlicedByteBuf(ridx: 0, widx: 1024, cap: 1024/1024, unwrapped: PooledUnsafeDirectByteBuf(ridx: 1024, widx: 1024, cap: 1024)), decoderResult: success), 1024B
         +-------------------------------------------------+
         |  0  1  2  3  4  5  6  7  8  9  a  b  c  d  e  f |
+--------+-------------------------------------------------+----------------+
|00000000| 69 67 68 74 22 3a 30 2c 22 42 6c 6b 69 6f 57 65 |ight":0,"BlkioWe|
|00000010| 69 67 68 74 44 65 76 69 63 65 22 3a 6e 75 6c 6c |ightDevice":null|
|00000020| 2c 22 42 6c 6b 69 6f 44 65 76 69 63 65 52 65 61 |,"BlkioDeviceRea|
|00000030| 64 42 70 73 22 3a 6e 75 6c 6c 2c 22 42 6c 6b 69 |dBps":null,"Blki|
|00000040| 6f 44 65 76 69 63 65 57 72 69 74 65 42 70 73 22 |oDeviceWriteBps"|
|00000050| 3a 6e 75 6c 6c 2c 22 42 6c 6b 69 6f 44 65 76 69 |:null,"BlkioDevi|
|00000060| 63 65 52 65 61 64 49 4f 70 73 22 3a 6e 75 6c 6c |ceReadIOps":null|
|00000070| 2c 22 42 6c 6b 69 6f 44 65 76 69 63 65 57 72 69 |,"BlkioDeviceWri|
|00000080| 74 65 49 4f 70 73 22 3a 6e 75 6c 6c 2c 22 43 70 |teIOps":null,"Cp|
|00000090| 75 50 65 72 69 6f 64 22 3a 30 2c 22 43 70 75 51 |uPeriod":0,"CpuQ|
|000000a0| 75 6f 74 61 22 3a 30 2c 22 43 70 75 52 65 61 6c |uota":0,"CpuReal|
|000000b0| 74 69 6d 65 50 65 72 69 6f 64 22 3a 30 2c 22 43 |timePeriod":0,"C|
|000000c0| 70 75 52 65 61 6c 74 69 6d 65 52 75 6e 74 69 6d |puRealtimeRuntim|
|000000d0| 65 22 3a 30 2c 22 43 70 75 73 65 74 43 70 75 73 |e":0,"CpusetCpus|
|000000e0| 22 3a 22 22 2c 22 43 70 75 73 65 74 4d 65 6d 73 |":"","CpusetMems|
|000000f0| 22 3a 22 22 2c 22 44 65 76 69 63 65 73 22 3a 6e |":"","Devices":n|
|00000100| 75 6c 6c 2c 22 44 65 76 69 63 65 43 67 72 6f 75 |ull,"DeviceCgrou|
|00000110| 70 52 75 6c 65 73 22 3a 6e 75 6c 6c 2c 22 44 69 |pRules":null,"Di|
|00000120| 73 6b 51 75 6f 74 61 22 3a 30 2c 22 4b 65 72 6e |skQuota":0,"Kern|
|00000130| 65 6c 4d 65 6d 6f 72 79 22 3a 30 2c 22 4d 65 6d |elMemory":0,"Mem|
|00000140| 6f 72 79 52 65 73 65 72 76 61 74 69 6f 6e 22 3a |oryReservation":|
|00000150| 30 2c 22 4d 65 6d 6f 72 79 53 77 61 70 22 3a 30 |0,"MemorySwap":0|
|00000160| 2c 22 4d 65 6d 6f 72 79 53 77 61 70 70 69 6e 65 |,"MemorySwappine|
|00000170| 73 73 22 3a 6e 75 6c 6c 2c 22 4f 6f 6d 4b 69 6c |ss":null,"OomKil|
|00000180| 6c 44 69 73 61 62 6c 65 22 3a 66 61 6c 73 65 2c |lDisable":false,|
|00000190| 22 50 69 64 73 4c 69 6d 69 74 22 3a 30 2c 22 55 |"PidsLimit":0,"U|
|000001a0| 6c 69 6d 69 74 73 22 3a 6e 75 6c 6c 2c 22 43 70 |limits":null,"Cp|
|000001b0| 75 43 6f 75 6e 74 22 3a 30 2c 22 43 70 75 50 65 |uCount":0,"CpuPe|
|000001c0| 72 63 65 6e 74 22 3a 30 2c 22 49 4f 4d 61 78 69 |rcent":0,"IOMaxi|
|000001d0| 6d 75 6d 49 4f 70 73 22 3a 30 2c 22 49 4f 4d 61 |mumIOps":0,"IOMa|
|000001e0| 78 69 6d 75 6d 42 61 6e 64 77 69 64 74 68 22 3a |ximumBandwidth":|
|000001f0| 30 7d 2c 22 47 72 61 70 68 44 72 69 76 65 72 22 |0},"GraphDriver"|
|00000200| 3a 7b 22 44 61 74 61 22 3a 6e 75 6c 6c 2c 22 4e |:{"Data":null,"N|
|00000210| 61 6d 65 22 3a 22 61 75 66 73 22 7d 2c 22 4d 6f |ame":"aufs"},"Mo|
|00000220| 75 6e 74 73 22 3a 5b 7b 22 54 79 70 65 22 3a 22 |unts":[{"Type":"|
|00000230| 76 6f 6c 75 6d 65 22 2c 22 4e 61 6d 65 22 3a 22 |volume","Name":"|
|00000240| 63 61 61 30 64 33 34 38 36 34 62 62 64 35 34 35 |caa0d34864bbd545|
|00000250| 30 32 36 62 38 36 65 35 32 34 34 30 66 65 66 37 |026b86e52440fef7|
|00000260| 36 34 35 32 37 31 62 33 30 61 37 39 34 30 62 39 |645271b30a7940b9|
|00000270| 38 32 31 62 63 63 66 64 63 36 31 66 64 63 32 39 |821bccfdc61fdc29|
|00000280| 22 2c 22 53 6f 75 72 63 65 22 3a 22 2f 76 61 72 |","Source":"/var|
|00000290| 2f 6c 69 62 2f 64 6f 63 6b 65 72 2f 76 6f 6c 75 |/lib/docker/volu|
|000002a0| 6d 65 73 2f 63 61 61 30 64 33 34 38 36 34 62 62 |mes/caa0d34864bb|
|000002b0| 64 35 34 35 30 32 36 62 38 36 65 35 32 34 34 30 |d545026b86e52440|
|000002c0| 66 65 66 37 36 34 35 32 37 31 62 33 30 61 37 39 |fef7645271b30a79|
|000002d0| 34 30 62 39 38 32 31 62 63 63 66 64 63 36 31 66 |40b9821bccfdc61f|
|000002e0| 64 63 32 39 2f 5f 64 61 74 61 22 2c 22 44 65 73 |dc29/_data","Des|
|000002f0| 74 69 6e 61 74 69 6f 6e 22 3a 22 2f 76 61 72 2f |tination":"/var/|
|00000300| 6c 69 62 2f 72 61 62 62 69 74 6d 71 22 2c 22 44 |lib/rabbitmq","D|
|00000310| 72 69 76 65 72 22 3a 22 6c 6f 63 61 6c 22 2c 22 |river":"local","|
|00000320| 4d 6f 64 65 22 3a 22 22 2c 22 52 57 22 3a 74 72 |Mode":"","RW":tr|
|00000330| 75 65 2c 22 50 72 6f 70 61 67 61 74 69 6f 6e 22 |ue,"Propagation"|
|00000340| 3a 22 22 7d 5d 2c 22 43 6f 6e 66 69 67 22 3a 7b |:""}],"Config":{|
|00000350| 22 48 6f 73 74 6e 61 6d 65 22 3a 22 38 64 64 31 |"Hostname":"8dd1|
|00000360| 64 37 64 33 65 31 65 31 22 2c 22 44 6f 6d 61 69 |d7d3e1e1","Domai|
|00000370| 6e 6e 61 6d 65 22 3a 22 22 2c 22 55 73 65 72 22 |nname":"","User"|
|00000380| 3a 22 22 2c 22 41 74 74 61 63 68 53 74 64 69 6e |:"","AttachStdin|
|00000390| 22 3a 66 61 6c 73 65 2c 22 41 74 74 61 63 68 53 |":false,"AttachS|
|000003a0| 74 64 6f 75 74 22 3a 66 61 6c 73 65 2c 22 41 74 |tdout":false,"At|
|000003b0| 74 61 63 68 53 74 64 65 72 72 22 3a 66 61 6c 73 |tachStderr":fals|
|000003c0| 65 2c 22 45 78 70 6f 73 65 64 50 6f 72 74 73 22 |e,"ExposedPorts"|
|000003d0| 3a 7b 22 32 35 36 37 32 2f 74 63 70 22 3a 7b 7d |:{"25672/tcp":{}|
|000003e0| 2c 22 34 33 36 39 2f 74 63 70 22 3a 7b 7d 2c 22 |,"4369/tcp":{},"|
|000003f0| 35 36 37 31 2f 74 63 70 22 3a 7b 7d 2c 22 35 36 |5671/tcp":{},"56|
+--------+-------------------------------------------------+----------------+
2017-11-27 22:09:19.535 DEBUG 24827 --- [rjava-netty-1-1] xecFactory$UnixDomainSocketInitializer$3 : [id: 0x0d5f3c1f, L:null - R:/var/run/docker.sock] READ: 1024B
         +-------------------------------------------------+
         |  0  1  2  3  4  5  6  7  8  9  a  b  c  d  e  f |
+--------+-------------------------------------------------+----------------+
|00000000| 37 32 2f 74 63 70 22 3a 7b 7d 7d 2c 22 54 74 79 |72/tcp":{}},"Tty|
|00000010| 22 3a 66 61 6c 73 65 2c 22 4f 70 65 6e 53 74 64 |":false,"OpenStd|
|00000020| 69 6e 22 3a 66 61 6c 73 65 2c 22 53 74 64 69 6e |in":false,"Stdin|
|00000030| 4f 6e 63 65 22 3a 66 61 6c 73 65 2c 22 45 6e 76 |Once":false,"Env|
|00000040| 22 3a 5b 22 52 41 42 42 49 54 4d 51 5f 55 53 45 |":["RABBITMQ_USE|
|00000050| 52 3d 67 75 65 73 74 22 2c 22 52 41 42 42 49 54 |R=guest","RABBIT|
|00000060| 4d 51 5f 50 41 53 53 57 4f 52 44 3d 67 75 65 73 |MQ_PASSWORD=gues|
|00000070| 74 22 2c 22 6e 6f 5f 70 72 6f 78 79 3d 2a 2e 6c |t","no_proxy=*.l|
|00000080| 6f 63 61 6c 2c 20 31 36 39 2e 32 35 34 2f 31 36 |ocal, 169.254/16|
|00000090| 22 2c 22 50 41 54 48 3d 2f 75 73 72 2f 6c 69 62 |","PATH=/usr/lib|
|000000a0| 2f 72 61 62 62 69 74 6d 71 2f 62 69 6e 3a 2f 75 |/rabbitmq/bin:/u|
|000000b0| 73 72 2f 6c 6f 63 61 6c 2f 73 62 69 6e 3a 2f 75 |sr/local/sbin:/u|
|000000c0| 73 72 2f 6c 6f 63 61 6c 2f 62 69 6e 3a 2f 75 73 |sr/local/bin:/us|
|000000d0| 72 2f 73 62 69 6e 3a 2f 75 73 72 2f 62 69 6e 3a |r/sbin:/usr/bin:|
|000000e0| 2f 73 62 69 6e 3a 2f 62 69 6e 22 2c 22 47 4f 53 |/sbin:/bin","GOS|
|000000f0| 55 5f 56 45 52 53 49 4f 4e 3d 31 2e 31 30 22 2c |U_VERSION=1.10",|
|00000100| 22 52 41 42 42 49 54 4d 51 5f 4c 4f 47 53 3d 2d |"RABBITMQ_LOGS=-|
|00000110| 22 2c 22 52 41 42 42 49 54 4d 51 5f 53 41 53 4c |","RABBITMQ_SASL|
|00000120| 5f 4c 4f 47 53 3d 2d 22 2c 22 52 41 42 42 49 54 |_LOGS=-","RABBIT|
|00000130| 4d 51 5f 47 50 47 5f 4b 45 59 3d 30 41 39 41 46 |MQ_GPG_KEY=0A9AF|
|00000140| 32 31 31 35 46 34 36 38 37 42 44 32 39 38 30 33 |2115F4687BD29803|
|00000150| 41 32 30 36 42 37 33 41 33 36 45 36 30 32 36 44 |A206B73A36E6026D|
|00000160| 46 43 41 22 2c 22 52 41 42 42 49 54 4d 51 5f 56 |FCA","RABBITMQ_V|
|00000170| 45 52 53 49 4f 4e 3d 33 2e 36 2e 31 34 22 2c 22 |ERSION=3.6.14","|
|00000180| 52 41 42 42 49 54 4d 51 5f 47 49 54 48 55 42 5f |RABBITMQ_GITHUB_|
|00000190| 54 41 47 3d 72 61 62 62 69 74 6d 71 5f 76 33 5f |TAG=rabbitmq_v3_|
|000001a0| 36 5f 31 34 22 2c 22 52 41 42 42 49 54 4d 51 5f |6_14","RABBITMQ_|
|000001b0| 44 45 42 49 41 4e 5f 56 45 52 53 49 4f 4e 3d 33 |DEBIAN_VERSION=3|
|000001c0| 2e 36 2e 31 34 2d 31 22 2c 22 48 4f 4d 45 3d 2f |.6.14-1","HOME=/|
|000001d0| 76 61 72 2f 6c 69 62 2f 72 61 62 62 69 74 6d 71 |var/lib/rabbitmq|
|000001e0| 22 5d 2c 22 43 6d 64 22 3a 5b 22 72 61 62 62 69 |"],"Cmd":["rabbi|
|000001f0| 74 6d 71 2d 73 65 72 76 65 72 22 5d 2c 22 41 72 |tmq-server"],"Ar|
|00000200| 67 73 45 73 63 61 70 65 64 22 3a 74 72 75 65 2c |gsEscaped":true,|
|00000210| 22 49 6d 61 67 65 22 3a 22 72 61 62 62 69 74 6d |"Image":"rabbitm|
|00000220| 71 3a 33 2e 36 2e 31 34 22 2c 22 56 6f 6c 75 6d |q:3.6.14","Volum|
|00000230| 65 73 22 3a 7b 22 2f 76 61 72 2f 6c 69 62 2f 72 |es":{"/var/lib/r|
|00000240| 61 62 62 69 74 6d 71 22 3a 7b 7d 7d 2c 22 57 6f |abbitmq":{}},"Wo|
|00000250| 72 6b 69 6e 67 44 69 72 22 3a 22 22 2c 22 45 6e |rkingDir":"","En|
|00000260| 74 72 79 70 6f 69 6e 74 22 3a 5b 22 64 6f 63 6b |trypoint":["dock|
|00000270| 65 72 2d 65 6e 74 72 79 70 6f 69 6e 74 2e 73 68 |er-entrypoint.sh|
|00000280| 22 5d 2c 22 4f 6e 42 75 69 6c 64 22 3a 6e 75 6c |"],"OnBuild":nul|
|00000290| 6c 2c 22 4c 61 62 65 6c 73 22 3a 7b 22 6f 72 67 |l,"Labels":{"org|
|000002a0| 2e 74 65 73 74 63 6f 6e 74 61 69 6e 65 72 73 22 |.testcontainers"|
|000002b0| 3a 22 74 72 75 65 22 7d 7d 2c 22 4e 65 74 77 6f |:"true"}},"Netwo|
|000002c0| 72 6b 53 65 74 74 69 6e 67 73 22 3a 7b 22 42 72 |rkSettings":{"Br|
|000002d0| 69 64 67 65 22 3a 22 22 2c 22 53 61 6e 64 62 6f |idge":"","Sandbo|
|000002e0| 78 49 44 22 3a 22 32 31 32 33 36 38 30 61 37 38 |xID":"2123680a78|
|000002f0| 36 31 32 37 30 39 66 39 64 32 32 32 39 66 39 62 |612709f9d2229f9b|
|00000300| 34 30 39 66 33 62 30 35 62 61 63 65 65 39 61 65 |409f3b05bacee9ae|
|00000310| 34 35 32 39 38 31 66 30 64 64 33 36 32 30 65 61 |452981f0dd3620ea|
|00000320| 61 33 33 64 64 61 22 2c 22 48 61 69 72 70 69 6e |a33dda","Hairpin|
|00000330| 4d 6f 64 65 22 3a 66 61 6c 73 65 2c 22 4c 69 6e |Mode":false,"Lin|
|00000340| 6b 4c 6f 63 61 6c 49 50 76 36 41 64 64 72 65 73 |kLocalIPv6Addres|
|00000350| 73 22 3a 22 22 2c 22 4c 69 6e 6b 4c 6f 63 61 6c |s":"","LinkLocal|
|00000360| 49 50 76 36 50 72 65 66 69 78 4c 65 6e 22 3a 30 |IPv6PrefixLen":0|
|00000370| 2c 22 50 6f 72 74 73 22 3a 7b 22 32 35 36 37 32 |,"Ports":{"25672|
|00000380| 2f 74 63 70 22 3a 5b 7b 22 48 6f 73 74 49 70 22 |/tcp":[{"HostIp"|
|00000390| 3a 22 30 2e 30 2e 30 2e 30 22 2c 22 48 6f 73 74 |:"0.0.0.0","Host|
|000003a0| 50 6f 72 74 22 3a 22 33 32 39 37 30 22 7d 5d 2c |Port":"32970"}],|
|000003b0| 22 34 33 36 39 2f 74 63 70 22 3a 5b 7b 22 48 6f |"4369/tcp":[{"Ho|
|000003c0| 73 74 49 70 22 3a 22 30 2e 30 2e 30 2e 30 22 2c |stIp":"0.0.0.0",|
|000003d0| 22 48 6f 73 74 50 6f 72 74 22 3a 22 33 32 39 37 |"HostPort":"3297|
|000003e0| 33 22 7d 5d 2c 22 35 36 37 31 2f 74 63 70 22 3a |3"}],"5671/tcp":|
|000003f0| 5b 7b 22 48 6f 73 74 49 70 22 3a 22 30 2e 30 2e |[{"HostIp":"0.0.|
+--------+-------------------------------------------------+----------------+
2017-11-27 22:09:19.536 DEBUG 24827 --- [rjava-netty-1-1] c.g.d.netty.NettyDockerCmdExecFactory$1  : [id: 0x0d5f3c1f, L:null - R:/var/run/docker.sock] READ: DefaultHttpContent(data: PooledSlicedByteBuf(ridx: 0, widx: 1024, cap: 1024/1024, unwrapped: PooledUnsafeDirectByteBuf(ridx: 1024, widx: 1024, cap: 1024)), decoderResult: success), 1024B
         +-------------------------------------------------+
         |  0  1  2  3  4  5  6  7  8  9  a  b  c  d  e  f |
+--------+-------------------------------------------------+----------------+
|00000000| 37 32 2f 74 63 70 22 3a 7b 7d 7d 2c 22 54 74 79 |72/tcp":{}},"Tty|
|00000010| 22 3a 66 61 6c 73 65 2c 22 4f 70 65 6e 53 74 64 |":false,"OpenStd|
|00000020| 69 6e 22 3a 66 61 6c 73 65 2c 22 53 74 64 69 6e |in":false,"Stdin|
|00000030| 4f 6e 63 65 22 3a 66 61 6c 73 65 2c 22 45 6e 76 |Once":false,"Env|
|00000040| 22 3a 5b 22 52 41 42 42 49 54 4d 51 5f 55 53 45 |":["RABBITMQ_USE|
|00000050| 52 3d 67 75 65 73 74 22 2c 22 52 41 42 42 49 54 |R=guest","RABBIT|
|00000060| 4d 51 5f 50 41 53 53 57 4f 52 44 3d 67 75 65 73 |MQ_PASSWORD=gues|
|00000070| 74 22 2c 22 6e 6f 5f 70 72 6f 78 79 3d 2a 2e 6c |t","no_proxy=*.l|
|00000080| 6f 63 61 6c 2c 20 31 36 39 2e 32 35 34 2f 31 36 |ocal, 169.254/16|
|00000090| 22 2c 22 50 41 54 48 3d 2f 75 73 72 2f 6c 69 62 |","PATH=/usr/lib|
|000000a0| 2f 72 61 62 62 69 74 6d 71 2f 62 69 6e 3a 2f 75 |/rabbitmq/bin:/u|
|000000b0| 73 72 2f 6c 6f 63 61 6c 2f 73 62 69 6e 3a 2f 75 |sr/local/sbin:/u|
|000000c0| 73 72 2f 6c 6f 63 61 6c 2f 62 69 6e 3a 2f 75 73 |sr/local/bin:/us|
|000000d0| 72 2f 73 62 69 6e 3a 2f 75 73 72 2f 62 69 6e 3a |r/sbin:/usr/bin:|
|000000e0| 2f 73 62 69 6e 3a 2f 62 69 6e 22 2c 22 47 4f 53 |/sbin:/bin","GOS|
|000000f0| 55 5f 56 45 52 53 49 4f 4e 3d 31 2e 31 30 22 2c |U_VERSION=1.10",|
|00000100| 22 52 41 42 42 49 54 4d 51 5f 4c 4f 47 53 3d 2d |"RABBITMQ_LOGS=-|
|00000110| 22 2c 22 52 41 42 42 49 54 4d 51 5f 53 41 53 4c |","RABBITMQ_SASL|
|00000120| 5f 4c 4f 47 53 3d 2d 22 2c 22 52 41 42 42 49 54 |_LOGS=-","RABBIT|
|00000130| 4d 51 5f 47 50 47 5f 4b 45 59 3d 30 41 39 41 46 |MQ_GPG_KEY=0A9AF|
|00000140| 32 31 31 35 46 34 36 38 37 42 44 32 39 38 30 33 |2115F4687BD29803|
|00000150| 41 32 30 36 42 37 33 41 33 36 45 36 30 32 36 44 |A206B73A36E6026D|
|00000160| 46 43 41 22 2c 22 52 41 42 42 49 54 4d 51 5f 56 |FCA","RABBITMQ_V|
|00000170| 45 52 53 49 4f 4e 3d 33 2e 36 2e 31 34 22 2c 22 |ERSION=3.6.14","|
|00000180| 52 41 42 42 49 54 4d 51 5f 47 49 54 48 55 42 5f |RABBITMQ_GITHUB_|
|00000190| 54 41 47 3d 72 61 62 62 69 74 6d 71 5f 76 33 5f |TAG=rabbitmq_v3_|
|000001a0| 36 5f 31 34 22 2c 22 52 41 42 42 49 54 4d 51 5f |6_14","RABBITMQ_|
|000001b0| 44 45 42 49 41 4e 5f 56 45 52 53 49 4f 4e 3d 33 |DEBIAN_VERSION=3|
|000001c0| 2e 36 2e 31 34 2d 31 22 2c 22 48 4f 4d 45 3d 2f |.6.14-1","HOME=/|
|000001d0| 76 61 72 2f 6c 69 62 2f 72 61 62 62 69 74 6d 71 |var/lib/rabbitmq|
|000001e0| 22 5d 2c 22 43 6d 64 22 3a 5b 22 72 61 62 62 69 |"],"Cmd":["rabbi|
|000001f0| 74 6d 71 2d 73 65 72 76 65 72 22 5d 2c 22 41 72 |tmq-server"],"Ar|
|00000200| 67 73 45 73 63 61 70 65 64 22 3a 74 72 75 65 2c |gsEscaped":true,|
|00000210| 22 49 6d 61 67 65 22 3a 22 72 61 62 62 69 74 6d |"Image":"rabbitm|
|00000220| 71 3a 33 2e 36 2e 31 34 22 2c 22 56 6f 6c 75 6d |q:3.6.14","Volum|
|00000230| 65 73 22 3a 7b 22 2f 76 61 72 2f 6c 69 62 2f 72 |es":{"/var/lib/r|
|00000240| 61 62 62 69 74 6d 71 22 3a 7b 7d 7d 2c 22 57 6f |abbitmq":{}},"Wo|
|00000250| 72 6b 69 6e 67 44 69 72 22 3a 22 22 2c 22 45 6e |rkingDir":"","En|
|00000260| 74 72 79 70 6f 69 6e 74 22 3a 5b 22 64 6f 63 6b |trypoint":["dock|
|00000270| 65 72 2d 65 6e 74 72 79 70 6f 69 6e 74 2e 73 68 |er-entrypoint.sh|
|00000280| 22 5d 2c 22 4f 6e 42 75 69 6c 64 22 3a 6e 75 6c |"],"OnBuild":nul|
|00000290| 6c 2c 22 4c 61 62 65 6c 73 22 3a 7b 22 6f 72 67 |l,"Labels":{"org|
|000002a0| 2e 74 65 73 74 63 6f 6e 74 61 69 6e 65 72 73 22 |.testcontainers"|
|000002b0| 3a 22 74 72 75 65 22 7d 7d 2c 22 4e 65 74 77 6f |:"true"}},"Netwo|
|000002c0| 72 6b 53 65 74 74 69 6e 67 73 22 3a 7b 22 42 72 |rkSettings":{"Br|
|000002d0| 69 64 67 65 22 3a 22 22 2c 22 53 61 6e 64 62 6f |idge":"","Sandbo|
|000002e0| 78 49 44 22 3a 22 32 31 32 33 36 38 30 61 37 38 |xID":"2123680a78|
|000002f0| 36 31 32 37 30 39 66 39 64 32 32 32 39 66 39 62 |612709f9d2229f9b|
|00000300| 34 30 39 66 33 62 30 35 62 61 63 65 65 39 61 65 |409f3b05bacee9ae|
|00000310| 34 35 32 39 38 31 66 30 64 64 33 36 32 30 65 61 |452981f0dd3620ea|
|00000320| 61 33 33 64 64 61 22 2c 22 48 61 69 72 70 69 6e |a33dda","Hairpin|
|00000330| 4d 6f 64 65 22 3a 66 61 6c 73 65 2c 22 4c 69 6e |Mode":false,"Lin|
|00000340| 6b 4c 6f 63 61 6c 49 50 76 36 41 64 64 72 65 73 |kLocalIPv6Addres|
|00000350| 73 22 3a 22 22 2c 22 4c 69 6e 6b 4c 6f 63 61 6c |s":"","LinkLocal|
|00000360| 49 50 76 36 50 72 65 66 69 78 4c 65 6e 22 3a 30 |IPv6PrefixLen":0|
|00000370| 2c 22 50 6f 72 74 73 22 3a 7b 22 32 35 36 37 32 |,"Ports":{"25672|
|00000380| 2f 74 63 70 22 3a 5b 7b 22 48 6f 73 74 49 70 22 |/tcp":[{"HostIp"|
|00000390| 3a 22 30 2e 30 2e 30 2e 30 22 2c 22 48 6f 73 74 |:"0.0.0.0","Host|
|000003a0| 50 6f 72 74 22 3a 22 33 32 39 37 30 22 7d 5d 2c |Port":"32970"}],|
|000003b0| 22 34 33 36 39 2f 74 63 70 22 3a 5b 7b 22 48 6f |"4369/tcp":[{"Ho|
|000003c0| 73 74 49 70 22 3a 22 30 2e 30 2e 30 2e 30 22 2c |stIp":"0.0.0.0",|
|000003d0| 22 48 6f 73 74 50 6f 72 74 22 3a 22 33 32 39 37 |"HostPort":"3297|
|000003e0| 33 22 7d 5d 2c 22 35 36 37 31 2f 74 63 70 22 3a |3"}],"5671/tcp":|
|000003f0| 5b 7b 22 48 6f 73 74 49 70 22 3a 22 30 2e 30 2e |[{"HostIp":"0.0.|
+--------+-------------------------------------------------+----------------+
2017-11-27 22:09:19.536 DEBUG 24827 --- [rjava-netty-1-1] xecFactory$UnixDomainSocketInitializer$3 : [id: 0x0d5f3c1f, L:null - R:/var/run/docker.sock] READ: 848B
         +-------------------------------------------------+
         |  0  1  2  3  4  5  6  7  8  9  a  b  c  d  e  f |
+--------+-------------------------------------------------+----------------+
|00000000| 30 2e 30 22 2c 22 48 6f 73 74 50 6f 72 74 22 3a |0.0","HostPort":|
|00000010| 22 33 32 39 37 32 22 7d 5d 2c 22 35 36 37 32 2f |"32972"}],"5672/|
|00000020| 74 63 70 22 3a 5b 7b 22 48 6f 73 74 49 70 22 3a |tcp":[{"HostIp":|
|00000030| 22 30 2e 30 2e 30 2e 30 22 2c 22 48 6f 73 74 50 |"0.0.0.0","HostP|
|00000040| 6f 72 74 22 3a 22 33 32 39 37 31 22 7d 5d 7d 2c |ort":"32971"}]},|
|00000050| 22 53 61 6e 64 62 6f 78 4b 65 79 22 3a 22 2f 76 |"SandboxKey":"/v|
|00000060| 61 72 2f 72 75 6e 2f 64 6f 63 6b 65 72 2f 6e 65 |ar/run/docker/ne|
|00000070| 74 6e 73 2f 32 31 32 33 36 38 30 61 37 38 36 31 |tns/2123680a7861|
|00000080| 22 2c 22 53 65 63 6f 6e 64 61 72 79 49 50 41 64 |","SecondaryIPAd|
|00000090| 64 72 65 73 73 65 73 22 3a 6e 75 6c 6c 2c 22 53 |dresses":null,"S|
|000000a0| 65 63 6f 6e 64 61 72 79 49 50 76 36 41 64 64 72 |econdaryIPv6Addr|
|000000b0| 65 73 73 65 73 22 3a 6e 75 6c 6c 2c 22 45 6e 64 |esses":null,"End|
|000000c0| 70 6f 69 6e 74 49 44 22 3a 22 34 32 66 65 34 36 |pointID":"42fe46|
|000000d0| 39 36 33 34 37 32 30 64 39 62 31 63 34 39 61 31 |9634720d9b1c49a1|
|000000e0| 61 62 35 30 38 32 37 39 62 65 65 63 34 30 64 32 |ab508279beec40d2|
|000000f0| 35 38 31 61 33 30 37 39 35 63 34 38 33 32 32 38 |581a30795c483228|
|00000100| 33 35 35 36 35 32 32 34 66 64 22 2c 22 47 61 74 |35565224fd","Gat|
|00000110| 65 77 61 79 22 3a 22 31 37 32 2e 31 37 2e 30 2e |eway":"172.17.0.|
|00000120| 31 22 2c 22 47 6c 6f 62 61 6c 49 50 76 36 41 64 |1","GlobalIPv6Ad|
|00000130| 64 72 65 73 73 22 3a 22 22 2c 22 47 6c 6f 62 61 |dress":"","Globa|
|00000140| 6c 49 50 76 36 50 72 65 66 69 78 4c 65 6e 22 3a |lIPv6PrefixLen":|
|00000150| 30 2c 22 49 50 41 64 64 72 65 73 73 22 3a 22 31 |0,"IPAddress":"1|
|00000160| 37 32 2e 31 37 2e 30 2e 34 22 2c 22 49 50 50 72 |72.17.0.4","IPPr|
|00000170| 65 66 69 78 4c 65 6e 22 3a 31 36 2c 22 49 50 76 |efixLen":16,"IPv|
|00000180| 36 47 61 74 65 77 61 79 22 3a 22 22 2c 22 4d 61 |6Gateway":"","Ma|
|00000190| 63 41 64 64 72 65 73 73 22 3a 22 30 32 3a 34 32 |cAddress":"02:42|
|000001a0| 3a 61 63 3a 31 31 3a 30 30 3a 30 34 22 2c 22 4e |:ac:11:00:04","N|
|000001b0| 65 74 77 6f 72 6b 73 22 3a 7b 22 62 72 69 64 67 |etworks":{"bridg|
|000001c0| 65 22 3a 7b 22 49 50 41 4d 43 6f 6e 66 69 67 22 |e":{"IPAMConfig"|
|000001d0| 3a 6e 75 6c 6c 2c 22 4c 69 6e 6b 73 22 3a 6e 75 |:null,"Links":nu|
|000001e0| 6c 6c 2c 22 41 6c 69 61 73 65 73 22 3a 6e 75 6c |ll,"Aliases":nul|
|000001f0| 6c 2c 22 4e 65 74 77 6f 72 6b 49 44 22 3a 22 39 |l,"NetworkID":"9|
|00000200| 66 65 38 62 39 32 64 61 66 63 30 35 34 34 36 33 |fe8b92dafc054463|
|00000210| 33 37 39 64 39 34 35 38 61 64 65 37 37 64 35 31 |379d9458ade77d51|
|00000220| 61 34 61 62 39 30 61 64 31 33 65 35 34 61 65 32 |a4ab90ad13e54ae2|
|00000230| 31 61 31 38 64 36 35 66 66 32 63 30 37 63 61 22 |1a18d65ff2c07ca"|
|00000240| 2c 22 45 6e 64 70 6f 69 6e 74 49 44 22 3a 22 34 |,"EndpointID":"4|
|00000250| 32 66 65 34 36 39 36 33 34 37 32 30 64 39 62 31 |2fe469634720d9b1|
|00000260| 63 34 39 61 31 61 62 35 30 38 32 37 39 62 65 65 |c49a1ab508279bee|
|00000270| 63 34 30 64 32 35 38 31 61 33 30 37 39 35 63 34 |c40d2581a30795c4|
|00000280| 38 33 32 32 38 33 35 35 36 35 32 32 34 66 64 22 |8322835565224fd"|
|00000290| 2c 22 47 61 74 65 77 61 79 22 3a 22 31 37 32 2e |,"Gateway":"172.|
|000002a0| 31 37 2e 30 2e 31 22 2c 22 49 50 41 64 64 72 65 |17.0.1","IPAddre|
|000002b0| 73 73 22 3a 22 31 37 32 2e 31 37 2e 30 2e 34 22 |ss":"172.17.0.4"|
|000002c0| 2c 22 49 50 50 72 65 66 69 78 4c 65 6e 22 3a 31 |,"IPPrefixLen":1|
|000002d0| 36 2c 22 49 50 76 36 47 61 74 65 77 61 79 22 3a |6,"IPv6Gateway":|
|000002e0| 22 22 2c 22 47 6c 6f 62 61 6c 49 50 76 36 41 64 |"","GlobalIPv6Ad|
|000002f0| 64 72 65 73 73 22 3a 22 22 2c 22 47 6c 6f 62 61 |dress":"","Globa|
|00000300| 6c 49 50 76 36 50 72 65 66 69 78 4c 65 6e 22 3a |lIPv6PrefixLen":|
|00000310| 30 2c 22 4d 61 63 41 64 64 72 65 73 73 22 3a 22 |0,"MacAddress":"|
|00000320| 30 32 3a 34 32 3a 61 63 3a 31 31 3a 30 30 3a 30 |02:42:ac:11:00:0|
|00000330| 34 22 2c 22 44 72 69 76 65 72 4f 70 74 73 22 3a |4","DriverOpts":|
|00000340| 6e 75 6c 6c 7d 7d 7d 7d 0a 0d 0a 30 0d 0a 0d 0a |null}}}}...0....|
+--------+-------------------------------------------------+----------------+
2017-11-27 22:09:19.536 DEBUG 24827 --- [rjava-netty-1-1] c.g.d.netty.NettyDockerCmdExecFactory$1  : [id: 0x0d5f3c1f, L:null - R:/var/run/docker.sock] READ: DefaultHttpContent(data: PooledSlicedByteBuf(ridx: 0, widx: 841, cap: 841/841, unwrapped: PooledUnsafeDirectByteBuf(ridx: 843, widx: 848, cap: 1024)), decoderResult: success), 841B
         +-------------------------------------------------+
         |  0  1  2  3  4  5  6  7  8  9  a  b  c  d  e  f |
+--------+-------------------------------------------------+----------------+
|00000000| 30 2e 30 22 2c 22 48 6f 73 74 50 6f 72 74 22 3a |0.0","HostPort":|
|00000010| 22 33 32 39 37 32 22 7d 5d 2c 22 35 36 37 32 2f |"32972"}],"5672/|
|00000020| 74 63 70 22 3a 5b 7b 22 48 6f 73 74 49 70 22 3a |tcp":[{"HostIp":|
|00000030| 22 30 2e 30 2e 30 2e 30 22 2c 22 48 6f 73 74 50 |"0.0.0.0","HostP|
|00000040| 6f 72 74 22 3a 22 33 32 39 37 31 22 7d 5d 7d 2c |ort":"32971"}]},|
|00000050| 22 53 61 6e 64 62 6f 78 4b 65 79 22 3a 22 2f 76 |"SandboxKey":"/v|
|00000060| 61 72 2f 72 75 6e 2f 64 6f 63 6b 65 72 2f 6e 65 |ar/run/docker/ne|
|00000070| 74 6e 73 2f 32 31 32 33 36 38 30 61 37 38 36 31 |tns/2123680a7861|
|00000080| 22 2c 22 53 65 63 6f 6e 64 61 72 79 49 50 41 64 |","SecondaryIPAd|
|00000090| 64 72 65 73 73 65 73 22 3a 6e 75 6c 6c 2c 22 53 |dresses":null,"S|
|000000a0| 65 63 6f 6e 64 61 72 79 49 50 76 36 41 64 64 72 |econdaryIPv6Addr|
|000000b0| 65 73 73 65 73 22 3a 6e 75 6c 6c 2c 22 45 6e 64 |esses":null,"End|
|000000c0| 70 6f 69 6e 74 49 44 22 3a 22 34 32 66 65 34 36 |pointID":"42fe46|
|000000d0| 39 36 33 34 37 32 30 64 39 62 31 63 34 39 61 31 |9634720d9b1c49a1|
|000000e0| 61 62 35 30 38 32 37 39 62 65 65 63 34 30 64 32 |ab508279beec40d2|
|000000f0| 35 38 31 61 33 30 37 39 35 63 34 38 33 32 32 38 |581a30795c483228|
|00000100| 33 35 35 36 35 32 32 34 66 64 22 2c 22 47 61 74 |35565224fd","Gat|
|00000110| 65 77 61 79 22 3a 22 31 37 32 2e 31 37 2e 30 2e |eway":"172.17.0.|
|00000120| 31 22 2c 22 47 6c 6f 62 61 6c 49 50 76 36 41 64 |1","GlobalIPv6Ad|
|00000130| 64 72 65 73 73 22 3a 22 22 2c 22 47 6c 6f 62 61 |dress":"","Globa|
|00000140| 6c 49 50 76 36 50 72 65 66 69 78 4c 65 6e 22 3a |lIPv6PrefixLen":|
|00000150| 30 2c 22 49 50 41 64 64 72 65 73 73 22 3a 22 31 |0,"IPAddress":"1|
|00000160| 37 32 2e 31 37 2e 30 2e 34 22 2c 22 49 50 50 72 |72.17.0.4","IPPr|
|00000170| 65 66 69 78 4c 65 6e 22 3a 31 36 2c 22 49 50 76 |efixLen":16,"IPv|
|00000180| 36 47 61 74 65 77 61 79 22 3a 22 22 2c 22 4d 61 |6Gateway":"","Ma|
|00000190| 63 41 64 64 72 65 73 73 22 3a 22 30 32 3a 34 32 |cAddress":"02:42|
|000001a0| 3a 61 63 3a 31 31 3a 30 30 3a 30 34 22 2c 22 4e |:ac:11:00:04","N|
|000001b0| 65 74 77 6f 72 6b 73 22 3a 7b 22 62 72 69 64 67 |etworks":{"bridg|
|000001c0| 65 22 3a 7b 22 49 50 41 4d 43 6f 6e 66 69 67 22 |e":{"IPAMConfig"|
|000001d0| 3a 6e 75 6c 6c 2c 22 4c 69 6e 6b 73 22 3a 6e 75 |:null,"Links":nu|
|000001e0| 6c 6c 2c 22 41 6c 69 61 73 65 73 22 3a 6e 75 6c |ll,"Aliases":nul|
|000001f0| 6c 2c 22 4e 65 74 77 6f 72 6b 49 44 22 3a 22 39 |l,"NetworkID":"9|
|00000200| 66 65 38 62 39 32 64 61 66 63 30 35 34 34 36 33 |fe8b92dafc054463|
|00000210| 33 37 39 64 39 34 35 38 61 64 65 37 37 64 35 31 |379d9458ade77d51|
|00000220| 61 34 61 62 39 30 61 64 31 33 65 35 34 61 65 32 |a4ab90ad13e54ae2|
|00000230| 31 61 31 38 64 36 35 66 66 32 63 30 37 63 61 22 |1a18d65ff2c07ca"|
|00000240| 2c 22 45 6e 64 70 6f 69 6e 74 49 44 22 3a 22 34 |,"EndpointID":"4|
|00000250| 32 66 65 34 36 39 36 33 34 37 32 30 64 39 62 31 |2fe469634720d9b1|
|00000260| 63 34 39 61 31 61 62 35 30 38 32 37 39 62 65 65 |c49a1ab508279bee|
|00000270| 63 34 30 64 32 35 38 31 61 33 30 37 39 35 63 34 |c40d2581a30795c4|
|00000280| 38 33 32 32 38 33 35 35 36 35 32 32 34 66 64 22 |8322835565224fd"|
|00000290| 2c 22 47 61 74 65 77 61 79 22 3a 22 31 37 32 2e |,"Gateway":"172.|
|000002a0| 31 37 2e 30 2e 31 22 2c 22 49 50 41 64 64 72 65 |17.0.1","IPAddre|
|000002b0| 73 73 22 3a 22 31 37 32 2e 31 37 2e 30 2e 34 22 |ss":"172.17.0.4"|
|000002c0| 2c 22 49 50 50 72 65 66 69 78 4c 65 6e 22 3a 31 |,"IPPrefixLen":1|
|000002d0| 36 2c 22 49 50 76 36 47 61 74 65 77 61 79 22 3a |6,"IPv6Gateway":|
|000002e0| 22 22 2c 22 47 6c 6f 62 61 6c 49 50 76 36 41 64 |"","GlobalIPv6Ad|
|000002f0| 64 72 65 73 73 22 3a 22 22 2c 22 47 6c 6f 62 61 |dress":"","Globa|
|00000300| 6c 49 50 76 36 50 72 65 66 69 78 4c 65 6e 22 3a |lIPv6PrefixLen":|
|00000310| 30 2c 22 4d 61 63 41 64 64 72 65 73 73 22 3a 22 |0,"MacAddress":"|
|00000320| 30 32 3a 34 32 3a 61 63 3a 31 31 3a 30 30 3a 30 |02:42:ac:11:00:0|
|00000330| 34 22 2c 22 44 72 69 76 65 72 4f 70 74 73 22 3a |4","DriverOpts":|
|00000340| 6e 75 6c 6c 7d 7d 7d 7d 0a                      |null}}}}.       |
+--------+-------------------------------------------------+----------------+
2017-11-27 22:09:19.537 DEBUG 24827 --- [rjava-netty-1-1] c.g.d.netty.NettyDockerCmdExecFactory$1  : [id: 0x0d5f3c1f, L:null - R:/var/run/docker.sock] READ, EmptyLastHttpContent, 0B
2017-11-27 22:09:19.537 DEBUG 24827 --- [rjava-netty-1-1] c.g.d.netty.NettyDockerCmdExecFactory$1  : [id: 0x0d5f3c1f, L:null - R:/var/run/docker.sock] CLOSE
2017-11-27 22:09:19.537 DEBUG 24827 --- [rjava-netty-1-1] xecFactory$UnixDomainSocketInitializer$3 : [id: 0x0d5f3c1f, L:null - R:/var/run/docker.sock] CLOSE
2017-11-27 22:09:19.538 DEBUG 24827 --- [rjava-netty-1-1] xecFactory$UnixDomainSocketInitializer$3 : [id: 0x0d5f3c1f, L:null ! R:/var/run/docker.sock] READ COMPLETE
2017-11-27 22:09:19.538 DEBUG 24827 --- [rjava-netty-1-1] c.g.d.netty.NettyDockerCmdExecFactory$1  : [id: 0x0d5f3c1f, L:null ! R:/var/run/docker.sock] READ COMPLETE
2017-11-27 22:09:19.538 DEBUG 24827 --- [rjava-netty-1-1] xecFactory$UnixDomainSocketInitializer$3 : [id: 0x0d5f3c1f, L:null ! R:/var/run/docker.sock] INACTIVE
2017-11-27 22:09:19.538 DEBUG 24827 --- [pool-1-thread-1] c.g.d.core.command.AbstrDockerCmd        : Cmd: 8dd1d7d3e1e1d6bdcc6c2faf38dd514172bbf3b517e3076fa7e0919db0066182,<null>,true,true,<null>,<null>,{/bin/sh,-c,nc -vz -w 1 localhost 4369 && echo TESTCONTAINERS_SUCCESS},com.github.dockerjava.netty.exec.ExecCreateCmdExec@2305017a
2017-11-27 22:09:19.538 DEBUG 24827 --- [rjava-netty-1-1] c.g.d.netty.NettyDockerCmdExecFactory$1  : [id: 0x0d5f3c1f, L:null ! R:/var/run/docker.sock] INACTIVE
2017-11-27 22:09:19.538 DEBUG 24827 --- [rjava-netty-1-1] xecFactory$UnixDomainSocketInitializer$3 : [id: 0x0d5f3c1f, L:null ! R:/var/run/docker.sock] UNREGISTERED
2017-11-27 22:09:19.538 DEBUG 24827 --- [rjava-netty-1-1] c.g.d.netty.NettyDockerCmdExecFactory$1  : [id: 0x0d5f3c1f, L:null ! R:/var/run/docker.sock] UNREGISTERED
2017-11-27 22:09:19.539 DEBUG 24827 --- [rjava-netty-1-2] xecFactory$UnixDomainSocketInitializer$3 : [id: 0x9efd6e96] REGISTERED
2017-11-27 22:09:19.540 DEBUG 24827 --- [rjava-netty-1-2] xecFactory$UnixDomainSocketInitializer$3 : [id: 0x9efd6e96] CONNECT: /var/run/docker.sock
2017-11-27 22:09:19.540 DEBUG 24827 --- [rjava-netty-1-2] xecFactory$UnixDomainSocketInitializer$3 : [id: 0x9efd6e96, L:null - R:/var/run/docker.sock] ACTIVE
2017-11-27 22:09:19.542 DEBUG 24827 --- [rjava-netty-1-2] c.g.d.netty.NettyDockerCmdExecFactory$1  : [id: 0x9efd6e96, L:null - R:/var/run/docker.sock] WRITE: DefaultFullHttpRequest(decodeResult: success, version: HTTP/1.1, content: UnpooledByteBufAllocator$InstrumentedUnpooledUnsafeHeapByteBuf(ridx: 0, widx: 205, cap: 256))
POST /containers/8dd1d7d3e1e1d6bdcc6c2faf38dd514172bbf3b517e3076fa7e0919db0066182/exec HTTP/1.1
content-type: application/json
content-length: 205
host:
connection: keep-alive
accept-encoding: gzip
accept: application/json, 205B
         +-------------------------------------------------+
         |  0  1  2  3  4  5  6  7  8  9  a  b  c  d  e  f |
+--------+-------------------------------------------------+----------------+
|00000000| 7b 22 63 6f 6e 74 61 69 6e 65 72 49 64 22 3a 22 |{"containerId":"|
|00000010| 38 64 64 31 64 37 64 33 65 31 65 31 64 36 62 64 |8dd1d7d3e1e1d6bd|
|00000020| 63 63 36 63 32 66 61 66 33 38 64 64 35 31 34 31 |cc6c2faf38dd5141|
|00000030| 37 32 62 62 66 33 62 35 31 37 65 33 30 37 36 66 |72bbf3b517e3076f|
|00000040| 61 37 65 30 39 31 39 64 62 30 30 36 36 31 38 32 |a7e0919db0066182|
|00000050| 22 2c 22 41 74 74 61 63 68 53 74 64 6f 75 74 22 |","AttachStdout"|
|00000060| 3a 74 72 75 65 2c 22 41 74 74 61 63 68 53 74 64 |:true,"AttachStd|
|00000070| 65 72 72 22 3a 74 72 75 65 2c 22 43 6d 64 22 3a |err":true,"Cmd":|
|00000080| 5b 22 2f 62 69 6e 2f 73 68 22 2c 22 2d 63 22 2c |["/bin/sh","-c",|
|00000090| 22 6e 63 20 2d 76 7a 20 2d 77 20 31 20 6c 6f 63 |"nc -vz -w 1 loc|
|000000a0| 61 6c 68 6f 73 74 20 34 33 36 39 20 26 26 20 65 |alhost 4369 && e|
|000000b0| 63 68 6f 20 54 45 53 54 43 4f 4e 54 41 49 4e 45 |cho TESTCONTAINE|
|000000c0| 52 53 5f 53 55 43 43 45 53 53 22 5d 7d          |RS_SUCCESS"]}   |
+--------+-------------------------------------------------+----------------+
2017-11-27 22:09:19.542 DEBUG 24827 --- [rjava-netty-1-2] xecFactory$UnixDomainSocketInitializer$3 : [id: 0x9efd6e96, L:null - R:/var/run/docker.sock] WRITE: 233B
         +-------------------------------------------------+
         |  0  1  2  3  4  5  6  7  8  9  a  b  c  d  e  f |
+--------+-------------------------------------------------+----------------+
|00000000| 50 4f 53 54 20 2f 63 6f 6e 74 61 69 6e 65 72 73 |POST /containers|
|00000010| 2f 38 64 64 31 64 37 64 33 65 31 65 31 64 36 62 |/8dd1d7d3e1e1d6b|
|00000020| 64 63 63 36 63 32 66 61 66 33 38 64 64 35 31 34 |dcc6c2faf38dd514|
|00000030| 31 37 32 62 62 66 33 62 35 31 37 65 33 30 37 36 |172bbf3b517e3076|
|00000040| 66 61 37 65 30 39 31 39 64 62 30 30 36 36 31 38 |fa7e0919db006618|
|00000050| 32 2f 65 78 65 63 20 48 54 54 50 2f 31 2e 31 0d |2/exec HTTP/1.1.|
|00000060| 0a 63 6f 6e 74 65 6e 74 2d 74 79 70 65 3a 20 61 |.content-type: a|
|00000070| 70 70 6c 69 63 61 74 69 6f 6e 2f 6a 73 6f 6e 0d |pplication/json.|
|00000080| 0a 63 6f 6e 74 65 6e 74 2d 6c 65 6e 67 74 68 3a |.content-length:|
|00000090| 20 32 30 35 0d 0a 68 6f 73 74 3a 20 0d 0a 63 6f | 205..host: ..co|
|000000a0| 6e 6e 65 63 74 69 6f 6e 3a 20 6b 65 65 70 2d 61 |nnection: keep-a|
|000000b0| 6c 69 76 65 0d 0a 61 63 63 65 70 74 2d 65 6e 63 |live..accept-enc|
|000000c0| 6f 64 69 6e 67 3a 20 67 7a 69 70 0d 0a 61 63 63 |oding: gzip..acc|
|000000d0| 65 70 74 3a 20 61 70 70 6c 69 63 61 74 69 6f 6e |ept: application|
|000000e0| 2f 6a 73 6f 6e 0d 0a 0d 0a                      |/json....       |
+--------+-------------------------------------------------+----------------+
2017-11-27 22:09:19.542 DEBUG 24827 --- [rjava-netty-1-2] xecFactory$UnixDomainSocketInitializer$3 : [id: 0x9efd6e96, L:null - R:/var/run/docker.sock] WRITE: 205B
         +-------------------------------------------------+
         |  0  1  2  3  4  5  6  7  8  9  a  b  c  d  e  f |
+--------+-------------------------------------------------+----------------+
|00000000| 7b 22 63 6f 6e 74 61 69 6e 65 72 49 64 22 3a 22 |{"containerId":"|
|00000010| 38 64 64 31 64 37 64 33 65 31 65 31 64 36 62 64 |8dd1d7d3e1e1d6bd|
|00000020| 63 63 36 63 32 66 61 66 33 38 64 64 35 31 34 31 |cc6c2faf38dd5141|
|00000030| 37 32 62 62 66 33 62 35 31 37 65 33 30 37 36 66 |72bbf3b517e3076f|
|00000040| 61 37 65 30 39 31 39 64 62 30 30 36 36 31 38 32 |a7e0919db0066182|
|00000050| 22 2c 22 41 74 74 61 63 68 53 74 64 6f 75 74 22 |","AttachStdout"|
|00000060| 3a 74 72 75 65 2c 22 41 74 74 61 63 68 53 74 64 |:true,"AttachStd|
|00000070| 65 72 72 22 3a 74 72 75 65 2c 22 43 6d 64 22 3a |err":true,"Cmd":|
|00000080| 5b 22 2f 62 69 6e 2f 73 68 22 2c 22 2d 63 22 2c |["/bin/sh","-c",|
|00000090| 22 6e 63 20 2d 76 7a 20 2d 77 20 31 20 6c 6f 63 |"nc -vz -w 1 loc|
|000000a0| 61 6c 68 6f 73 74 20 34 33 36 39 20 26 26 20 65 |alhost 4369 && e|
|000000b0| 63 68 6f 20 54 45 53 54 43 4f 4e 54 41 49 4e 45 |cho TESTCONTAINE|
|000000c0| 52 53 5f 53 55 43 43 45 53 53 22 5d 7d          |RS_SUCCESS"]}   |
+--------+-------------------------------------------------+----------------+
2017-11-27 22:09:19.542 DEBUG 24827 --- [rjava-netty-1-2] c.g.d.netty.NettyDockerCmdExecFactory$1  : [id: 0x9efd6e96, L:null - R:/var/run/docker.sock] FLUSH
2017-11-27 22:09:19.542 DEBUG 24827 --- [rjava-netty-1-2] xecFactory$UnixDomainSocketInitializer$3 : [id: 0x9efd6e96, L:null - R:/var/run/docker.sock] FLUSH
2017-11-27 22:09:19.545 DEBUG 24827 --- [rjava-netty-1-2] xecFactory$UnixDomainSocketInitializer$3 : [id: 0x9efd6e96, L:null - R:/var/run/docker.sock] READ: 284B
         +-------------------------------------------------+
         |  0  1  2  3  4  5  6  7  8  9  a  b  c  d  e  f |
+--------+-------------------------------------------------+----------------+
|00000000| 48 54 54 50 2f 31 2e 31 20 32 30 31 20 43 72 65 |HTTP/1.1 201 Cre|
|00000010| 61 74 65 64 0d 0a 41 70 69 2d 56 65 72 73 69 6f |ated..Api-Versio|
|00000020| 6e 3a 20 31 2e 33 32 0d 0a 43 6f 6e 74 65 6e 74 |n: 1.32..Content|
|00000030| 2d 4c 65 6e 67 74 68 3a 20 37 34 0d 0a 43 6f 6e |-Length: 74..Con|
|00000040| 74 65 6e 74 2d 54 79 70 65 3a 20 61 70 70 6c 69 |tent-Type: appli|
|00000050| 63 61 74 69 6f 6e 2f 6a 73 6f 6e 0d 0a 44 61 74 |cation/json..Dat|
|00000060| 65 3a 20 4d 6f 6e 2c 20 32 37 20 4e 6f 76 20 32 |e: Mon, 27 Nov 2|
|00000070| 30 31 37 20 32 31 3a 30 39 3a 31 36 20 47 4d 54 |017 21:09:16 GMT|
|00000080| 0d 0a 44 6f 63 6b 65 72 2d 45 78 70 65 72 69 6d |..Docker-Experim|
|00000090| 65 6e 74 61 6c 3a 20 66 61 6c 73 65 0d 0a 4f 73 |ental: false..Os|
|000000a0| 74 79 70 65 3a 20 6c 69 6e 75 78 0d 0a 53 65 72 |type: linux..Ser|
|000000b0| 76 65 72 3a 20 44 6f 63 6b 65 72 2f 31 37 2e 30 |ver: Docker/17.0|
|000000c0| 39 2e 30 2d 63 65 20 28 6c 69 6e 75 78 29 0d 0a |9.0-ce (linux)..|
|000000d0| 0d 0a 7b 22 49 64 22 3a 22 65 61 64 64 39 35 66 |..{"Id":"eadd95f|
|000000e0| 64 34 64 33 39 33 62 32 32 64 33 65 31 64 36 66 |d4d393b22d3e1d6f|
|000000f0| 34 31 61 31 66 37 62 64 66 35 32 35 39 32 36 63 |41a1f7bdf525926c|
|00000100| 34 61 65 37 61 32 31 37 32 31 33 62 33 61 66 61 |4ae7a217213b3afa|
|00000110| 39 35 34 65 62 37 36 35 38 22 7d 0a             |954eb7658"}.    |
+--------+-------------------------------------------------+----------------+
2017-11-27 22:09:19.545 DEBUG 24827 --- [rjava-netty-1-2] c.g.d.netty.NettyDockerCmdExecFactory$1  : [id: 0x9efd6e96, L:null - R:/var/run/docker.sock] READ: DefaultHttpResponse(decodeResult: success, version: HTTP/1.1)
HTTP/1.1 201 Created
Api-Version: 1.32
Content-Length: 74
Content-Type: application/json
Date: Mon, 27 Nov 2017 21:09:16 GMT
Docker-Experimental: false
Ostype: linux
Server: Docker/17.09.0-ce (linux)
2017-11-27 22:09:19.545 DEBUG 24827 --- [rjava-netty-1-2] c.g.d.netty.NettyDockerCmdExecFactory$1  : [id: 0x9efd6e96, L:null - R:/var/run/docker.sock] READ: DefaultLastHttpContent(data: PooledSlicedByteBuf(ridx: 0, widx: 74, cap: 74/74, unwrapped: PooledUnsafeDirectByteBuf(ridx: 284, widx: 284, cap: 1024)), decoderResult: success), 74B
         +-------------------------------------------------+
         |  0  1  2  3  4  5  6  7  8  9  a  b  c  d  e  f |
+--------+-------------------------------------------------+----------------+
|00000000| 7b 22 49 64 22 3a 22 65 61 64 64 39 35 66 64 34 |{"Id":"eadd95fd4|
|00000010| 64 33 39 33 62 32 32 64 33 65 31 64 36 66 34 31 |d393b22d3e1d6f41|
|00000020| 61 31 66 37 62 64 66 35 32 35 39 32 36 63 34 61 |a1f7bdf525926c4a|
|00000030| 65 37 61 32 31 37 32 31 33 62 33 61 66 61 39 35 |e7a217213b3afa95|
|00000040| 34 65 62 37 36 35 38 22 7d 0a                   |4eb7658"}.      |
+--------+-------------------------------------------------+----------------+
2017-11-27 22:09:19.545 DEBUG 24827 --- [rjava-netty-1-2] c.g.d.netty.NettyDockerCmdExecFactory$1  : [id: 0x9efd6e96, L:null - R:/var/run/docker.sock] CLOSE
2017-11-27 22:09:19.546 DEBUG 24827 --- [rjava-netty-1-2] xecFactory$UnixDomainSocketInitializer$3 : [id: 0x9efd6e96, L:null - R:/var/run/docker.sock] CLOSE
2017-11-27 22:09:19.546 DEBUG 24827 --- [rjava-netty-1-2] xecFactory$UnixDomainSocketInitializer$3 : [id: 0x9efd6e96, L:null ! R:/var/run/docker.sock] READ COMPLETE
2017-11-27 22:09:19.546 DEBUG 24827 --- [rjava-netty-1-2] c.g.d.netty.NettyDockerCmdExecFactory$1  : [id: 0x9efd6e96, L:null ! R:/var/run/docker.sock] READ COMPLETE
2017-11-27 22:09:19.546 DEBUG 24827 --- [rjava-netty-1-2] xecFactory$UnixDomainSocketInitializer$3 : [id: 0x9efd6e96, L:null ! R:/var/run/docker.sock] INACTIVE
2017-11-27 22:09:19.546 DEBUG 24827 --- [rjava-netty-1-2] c.g.d.netty.NettyDockerCmdExecFactory$1  : [id: 0x9efd6e96, L:null ! R:/var/run/docker.sock] INACTIVE
2017-11-27 22:09:19.546 DEBUG 24827 --- [rjava-netty-1-2] xecFactory$UnixDomainSocketInitializer$3 : [id: 0x9efd6e96, L:null ! R:/var/run/docker.sock] UNREGISTERED
2017-11-27 22:09:19.546 DEBUG 24827 --- [rjava-netty-1-2] c.g.d.netty.NettyDockerCmdExecFactory$1  : [id: 0x9efd6e96, L:null ! R:/var/run/docker.sock] UNREGISTERED
2017-11-27 22:09:19.546 DEBUG 24827 --- [rjava-netty-1-3] xecFactory$UnixDomainSocketInitializer$3 : [id: 0xdbbecb25] REGISTERED
2017-11-27 22:09:19.547 DEBUG 24827 --- [rjava-netty-1-3] xecFactory$UnixDomainSocketInitializer$3 : [id: 0xdbbecb25] CONNECT: /var/run/docker.sock
2017-11-27 22:09:19.547 DEBUG 24827 --- [rjava-netty-1-3] xecFactory$UnixDomainSocketInitializer$3 : [id: 0xdbbecb25, L:null - R:/var/run/docker.sock] ACTIVE
2017-11-27 22:09:19.548 DEBUG 24827 --- [rjava-netty-1-3] c.g.d.netty.NettyDockerCmdExecFactory$1  : [id: 0xdbbecb25, L:null - R:/var/run/docker.sock] WRITE: DefaultFullHttpRequest(decodeResult: success, version: HTTP/1.1, content: UnpooledByteBufAllocator$InstrumentedUnpooledUnsafeHeapByteBuf(ridx: 0, widx: 2, cap: 64))
POST /exec/eadd95fd4d393b22d3e1d6f41a1f7bdf525926c4ae7a217213b3afa954eb7658/start HTTP/1.1
content-type: application/json
content-length: 2
host:
accept-encoding: gzip
accept: application/json
upgrade: tcp
connection: upgrade, 2B
         +-------------------------------------------------+
         |  0  1  2  3  4  5  6  7  8  9  a  b  c  d  e  f |
+--------+-------------------------------------------------+----------------+
|00000000| 7b 7d                                           |{}              |
+--------+-------------------------------------------------+----------------+
2017-11-27 22:09:19.548 DEBUG 24827 --- [rjava-netty-1-3] xecFactory$UnixDomainSocketInitializer$3 : [id: 0xdbbecb25, L:null - R:/var/run/docker.sock] WRITE: 239B
         +-------------------------------------------------+
         |  0  1  2  3  4  5  6  7  8  9  a  b  c  d  e  f |
+--------+-------------------------------------------------+----------------+
|00000000| 50 4f 53 54 20 2f 65 78 65 63 2f 65 61 64 64 39 |POST /exec/eadd9|
|00000010| 35 66 64 34 64 33 39 33 62 32 32 64 33 65 31 64 |5fd4d393b22d3e1d|
|00000020| 36 66 34 31 61 31 66 37 62 64 66 35 32 35 39 32 |6f41a1f7bdf52592|
|00000030| 36 63 34 61 65 37 61 32 31 37 32 31 33 62 33 61 |6c4ae7a217213b3a|
|00000040| 66 61 39 35 34 65 62 37 36 35 38 2f 73 74 61 72 |fa954eb7658/star|
|00000050| 74 20 48 54 54 50 2f 31 2e 31 0d 0a 63 6f 6e 74 |t HTTP/1.1..cont|
|00000060| 65 6e 74 2d 74 79 70 65 3a 20 61 70 70 6c 69 63 |ent-type: applic|
|00000070| 61 74 69 6f 6e 2f 6a 73 6f 6e 0d 0a 63 6f 6e 74 |ation/json..cont|
|00000080| 65 6e 74 2d 6c 65 6e 67 74 68 3a 20 32 0d 0a 68 |ent-length: 2..h|
|00000090| 6f 73 74 3a 20 0d 0a 61 63 63 65 70 74 2d 65 6e |ost: ..accept-en|
|000000a0| 63 6f 64 69 6e 67 3a 20 67 7a 69 70 0d 0a 61 63 |coding: gzip..ac|
|000000b0| 63 65 70 74 3a 20 61 70 70 6c 69 63 61 74 69 6f |cept: applicatio|
|000000c0| 6e 2f 6a 73 6f 6e 0d 0a 75 70 67 72 61 64 65 3a |n/json..upgrade:|
|000000d0| 20 74 63 70 0d 0a 63 6f 6e 6e 65 63 74 69 6f 6e | tcp..connection|
|000000e0| 3a 20 75 70 67 72 61 64 65 0d 0a 0d 0a 7b 7d    |: upgrade....{} |
+--------+-------------------------------------------------+----------------+
2017-11-27 22:09:19.548 DEBUG 24827 --- [rjava-netty-1-3] c.g.d.netty.NettyDockerCmdExecFactory$1  : [id: 0xdbbecb25, L:null - R:/var/run/docker.sock] FLUSH
2017-11-27 22:09:19.548 DEBUG 24827 --- [rjava-netty-1-3] xecFactory$UnixDomainSocketInitializer$3 : [id: 0xdbbecb25, L:null - R:/var/run/docker.sock] FLUSH
2017-11-27 22:09:19.550 DEBUG 24827 --- [rjava-netty-1-3] xecFactory$UnixDomainSocketInitializer$3 : [id: 0xdbbecb25, L:null - R:/var/run/docker.sock] READ: 254B
         +-------------------------------------------------+
         |  0  1  2  3  4  5  6  7  8  9  a  b  c  d  e  f |
+--------+-------------------------------------------------+----------------+
|00000000| 48 54 54 50 2f 31 2e 31 20 31 30 31 20 53 77 69 |HTTP/1.1 101 Swi|
|00000010| 74 63 68 69 6e 67 20 50 72 6f 74 6f 63 6f 6c 73 |tching Protocols|
|00000020| 0d 0a 41 70 69 2d 56 65 72 73 69 6f 6e 3a 20 31 |..Api-Version: 1|
|00000030| 2e 33 32 0d 0a 43 6f 6e 6e 65 63 74 69 6f 6e 3a |.32..Connection:|
|00000040| 20 55 70 67 72 61 64 65 0d 0a 43 6f 6e 74 65 6e | Upgrade..Conten|
|00000050| 74 2d 54 79 70 65 3a 20 61 70 70 6c 69 63 61 74 |t-Type: applicat|
|00000060| 69 6f 6e 2f 76 6e 64 2e 64 6f 63 6b 65 72 2e 72 |ion/vnd.docker.r|
|00000070| 61 77 2d 73 74 72 65 61 6d 0d 0a 44 6f 63 6b 65 |aw-stream..Docke|
|00000080| 72 2d 45 78 70 65 72 69 6d 65 6e 74 61 6c 3a 20 |r-Experimental: |
|00000090| 66 61 6c 73 65 0d 0a 4f 73 74 79 70 65 3a 20 6c |false..Ostype: l|
|000000a0| 69 6e 75 78 0d 0a 53 65 72 76 65 72 3a 20 44 6f |inux..Server: Do|
|000000b0| 63 6b 65 72 2f 31 37 2e 30 39 2e 30 2d 63 65 20 |cker/17.09.0-ce |
|000000c0| 28 6c 69 6e 75 78 29 0d 0a 55 70 67 72 61 64 65 |(linux)..Upgrade|
|000000d0| 3a 20 74 63 70 0d 0a 44 61 74 65 3a 20 4d 6f 6e |: tcp..Date: Mon|
|000000e0| 2c 20 32 37 20 4e 6f 76 20 32 30 31 37 20 32 31 |, 27 Nov 2017 21|
|000000f0| 3a 30 39 3a 31 39 20 47 4d 54 0d 0a 0d 0a       |:09:19 GMT....  |
+--------+-------------------------------------------------+----------------+
2017-11-27 22:09:19.551 DEBUG 24827 --- [rjava-netty-1-3] c.g.d.netty.NettyDockerCmdExecFactory$1  : [id: 0xdbbecb25, L:null - R:/var/run/docker.sock] READ: DefaultHttpResponse(decodeResult: success, version: HTTP/1.1)
HTTP/1.1 101 Switching Protocols
Api-Version: 1.32
Connection: Upgrade
Content-Type: application/vnd.docker.raw-stream
Docker-Experimental: false
Ostype: linux
Server: Docker/17.09.0-ce (linux)
Upgrade: tcp
Date: Mon, 27 Nov 2017 21:09:19 GMT
2017-11-27 22:09:19.551 DEBUG 24827 --- [rjava-netty-1-3] c.g.d.netty.NettyDockerCmdExecFactory$1  : [id: 0xdbbecb25, L:null - R:/var/run/docker.sock] READ, EmptyLastHttpContent, 0B
2017-11-27 22:09:19.551 DEBUG 24827 --- [rjava-netty-1-3] xecFactory$UnixDomainSocketInitializer$3 : [id: 0xdbbecb25, L:null - R:/var/run/docker.sock] READ COMPLETE
2017-11-27 22:09:19.551 DEBUG 24827 --- [rjava-netty-1-3] c.g.d.netty.NettyDockerCmdExecFactory$1  : [id: 0xdbbecb25, L:null - R:/var/run/docker.sock] READ COMPLETE
2017-11-27 22:09:19.628 DEBUG 24827 --- [rjava-netty-1-3] xecFactory$UnixDomainSocketInitializer$3 : [id: 0xdbbecb25, L:null - R:/var/run/docker.sock] READ: 34B
         +-------------------------------------------------+
         |  0  1  2  3  4  5  6  7  8  9  a  b  c  d  e  f |
+--------+-------------------------------------------------+----------------+
|00000000| 02 00 00 00 00 00 00 1a 2f 62 69 6e 2f 73 68 3a |......../bin/sh:|
|00000010| 20 31 3a 20 6e 63 3a 20 6e 6f 74 20 66 6f 75 6e | 1: nc: not foun|
|00000020| 64 0a                                           |d.              |
+--------+-------------------------------------------------+----------------+
2017-11-27 22:09:19.629 DEBUG 24827 --- [rjava-netty-1-3] c.g.d.netty.NettyDockerCmdExecFactory$1  : [id: 0xdbbecb25, L:null - R:/var/run/docker.sock] READ: 34B
         +-------------------------------------------------+
         |  0  1  2  3  4  5  6  7  8  9  a  b  c  d  e  f |
+--------+-------------------------------------------------+----------------+
|00000000| 02 00 00 00 00 00 00 1a 2f 62 69 6e 2f 73 68 3a |......../bin/sh:|
|00000010| 20 31 3a 20 6e 63 3a 20 6e 6f 74 20 66 6f 75 6e | 1: nc: not foun|
|00000020| 64 0a                                           |d.              |
+--------+-------------------------------------------------+----------------+
2017-11-27 22:09:19.629 DEBUG 24827 --- [rjava-netty-1-3] xecFactory$UnixDomainSocketInitializer$3 : [id: 0xdbbecb25, L:null - R:/var/run/docker.sock] READ COMPLETE
2017-11-27 22:09:19.629 DEBUG 24827 --- [rjava-netty-1-3] c.g.d.netty.NettyDockerCmdExecFactory$1  : [id: 0xdbbecb25, L:null - R:/var/run/docker.sock] READ COMPLETE
2017-11-27 22:09:19.629 DEBUG 24827 --- [rjava-netty-1-3] xecFactory$UnixDomainSocketInitializer$3 : [id: 0xdbbecb25, L:null - R:/var/run/docker.sock] READ COMPLETE
2017-11-27 22:09:19.629 DEBUG 24827 --- [rjava-netty-1-3] c.g.d.netty.NettyDockerCmdExecFactory$1  : [id: 0xdbbecb25, L:null - R:/var/run/docker.sock] READ COMPLETE
2017-11-27 22:09:19.629 DEBUG 24827 --- [rjava-netty-1-3] c.g.d.netty.NettyDockerCmdExecFactory$1  : [id: 0xdbbecb25, L:null ! R:/var/run/docker.sock] CLOSE
2017-11-27 22:09:19.630 DEBUG 24827 --- [rjava-netty-1-3] xecFactory$UnixDomainSocketInitializer$3 : [id: 0xdbbecb25, L:null ! R:/var/run/docker.sock] CLOSE
2017-11-27 22:09:19.630 DEBUG 24827 --- [rjava-netty-1-3] xecFactory$UnixDomainSocketInitializer$3 : [id: 0xdbbecb25, L:null ! R:/var/run/docker.sock] INACTIVE
2017-11-27 22:09:19.630 DEBUG 24827 --- [rjava-netty-1-3] c.g.d.netty.NettyDockerCmdExecFactory$1  : [id: 0xdbbecb25, L:null ! R:/var/run/docker.sock] INACTIVE
2017-11-27 22:09:19.630 DEBUG 24827 --- [pool-1-thread-1] c.g.d.core.command.AbstrDockerCmd        : Cmd: 8dd1d7d3e1e1d6bdcc6c2faf38dd514172bbf3b517e3076fa7e0919db0066182,false,com.github.dockerjava.netty.exec.InspectContainerCmdExec@6f77ffd4
2017-11-27 22:09:19.630 DEBUG 24827 --- [rjava-netty-1-3] xecFactory$UnixDomainSocketInitializer$3 : [id: 0xdbbecb25, L:null ! R:/var/run/docker.sock] UNREGISTERED
2017-11-27 22:09:19.630 DEBUG 24827 --- [rjava-netty-1-3] c.g.d.netty.NettyDockerCmdExecFactory$1  : [id: 0xdbbecb25, L:null ! R:/var/run/docker.sock] UNREGISTERED
2017-11-27 22:09:19.630 DEBUG 24827 --- [pool-1-thread-1] c.g.d.n.exec.InspectContainerCmdExec     : GET: com.github.dockerjava.netty.WebTarget@985707a9
2017-11-27 22:09:19.631 DEBUG 24827 --- [rjava-netty-1-4] xecFactory$UnixDomainSocketInitializer$3 : [id: 0xedfbfa61] REGISTERED
2017-11-27 22:09:19.631 DEBUG 24827 --- [rjava-netty-1-4] xecFactory$UnixDomainSocketInitializer$3 : [id: 0xedfbfa61] CONNECT: /var/run/docker.sock
2017-11-27 22:09:19.631 DEBUG 24827 --- [rjava-netty-1-4] xecFactory$UnixDomainSocketInitializer$3 : [id: 0xedfbfa61, L:null - R:/var/run/docker.sock] ACTIVE
2017-11-27 22:09:19.631 DEBUG 24827 --- [rjava-netty-1-4] c.g.d.netty.NettyDockerCmdExecFactory$1  : [id: 0xedfbfa61, L:null - R:/var/run/docker.sock] WRITE, DefaultFullHttpRequest(decodeResult: success, version: HTTP/1.1, content: UnpooledByteBufAllocator$InstrumentedUnpooledUnsafeHeapByteBuf(ridx: 0, widx: 0, cap: 0))
GET /containers/8dd1d7d3e1e1d6bdcc6c2faf38dd514172bbf3b517e3076fa7e0919db0066182/json HTTP/1.1
host:
connection: keep-alive
accept-encoding: gzip
accept: application/json, 0B
2017-11-27 22:09:19.631 DEBUG 24827 --- [rjava-netty-1-4] xecFactory$UnixDomainSocketInitializer$3 : [id: 0xedfbfa61, L:null - R:/var/run/docker.sock] WRITE: 179B
         +-------------------------------------------------+
         |  0  1  2  3  4  5  6  7  8  9  a  b  c  d  e  f |
+--------+-------------------------------------------------+----------------+
|00000000| 47 45 54 20 2f 63 6f 6e 74 61 69 6e 65 72 73 2f |GET /containers/|
|00000010| 38 64 64 31 64 37 64 33 65 31 65 31 64 36 62 64 |8dd1d7d3e1e1d6bd|
|00000020| 63 63 36 63 32 66 61 66 33 38 64 64 35 31 34 31 |cc6c2faf38dd5141|
|00000030| 37 32 62 62 66 33 62 35 31 37 65 33 30 37 36 66 |72bbf3b517e3076f|
|00000040| 61 37 65 30 39 31 39 64 62 30 30 36 36 31 38 32 |a7e0919db0066182|
|00000050| 2f 6a 73 6f 6e 20 48 54 54 50 2f 31 2e 31 0d 0a |/json HTTP/1.1..|
|00000060| 68 6f 73 74 3a 20 0d 0a 63 6f 6e 6e 65 63 74 69 |host: ..connecti|
|00000070| 6f 6e 3a 20 6b 65 65 70 2d 61 6c 69 76 65 0d 0a |on: keep-alive..|
|00000080| 61 63 63 65 70 74 2d 65 6e 63 6f 64 69 6e 67 3a |accept-encoding:|
|00000090| 20 67 7a 69 70 0d 0a 61 63 63 65 70 74 3a 20 61 | gzip..accept: a|
|000000a0| 70 70 6c 69 63 61 74 69 6f 6e 2f 6a 73 6f 6e 0d |pplication/json.|
|000000b0| 0a 0d 0a                                        |...             |
+--------+-------------------------------------------------+----------------+
2017-11-27 22:09:19.631 DEBUG 24827 --- [rjava-netty-1-4] c.g.d.netty.NettyDockerCmdExecFactory$1  : [id: 0xedfbfa61, L:null - R:/var/run/docker.sock] FLUSH
2017-11-27 22:09:19.632 DEBUG 24827 --- [rjava-netty-1-4] xecFactory$UnixDomainSocketInitializer$3 : [id: 0xedfbfa61, L:null - R:/var/run/docker.sock] FLUSH
2017-11-27 22:09:19.633 DEBUG 24827 --- [rjava-netty-1-4] xecFactory$UnixDomainSocketInitializer$3 : [id: 0xedfbfa61, L:null - R:/var/run/docker.sock] READ: 1024B
         +-------------------------------------------------+
         |  0  1  2  3  4  5  6  7  8  9  a  b  c  d  e  f |
+--------+-------------------------------------------------+----------------+
|00000000| 48 54 54 50 2f 31 2e 31 20 32 30 30 20 4f 4b 0d |HTTP/1.1 200 OK.|
|00000010| 0a 41 70 69 2d 56 65 72 73 69 6f 6e 3a 20 31 2e |.Api-Version: 1.|
|00000020| 33 32 0d 0a 43 6f 6e 74 65 6e 74 2d 54 79 70 65 |32..Content-Type|
|00000030| 3a 20 61 70 70 6c 69 63 61 74 69 6f 6e 2f 6a 73 |: application/js|
|00000040| 6f 6e 0d 0a 44 61 74 65 3a 20 4d 6f 6e 2c 20 32 |on..Date: Mon, 2|
|00000050| 37 20 4e 6f 76 20 32 30 31 37 20 32 31 3a 30 39 |7 Nov 2017 21:09|
|00000060| 3a 31 36 20 47 4d 54 0d 0a 44 6f 63 6b 65 72 2d |:16 GMT..Docker-|
|00000070| 45 78 70 65 72 69 6d 65 6e 74 61 6c 3a 20 66 61 |Experimental: fa|
|00000080| 6c 73 65 0d 0a 4f 73 74 79 70 65 3a 20 6c 69 6e |lse..Ostype: lin|
|00000090| 75 78 0d 0a 53 65 72 76 65 72 3a 20 44 6f 63 6b |ux..Server: Dock|
|000000a0| 65 72 2f 31 37 2e 30 39 2e 30 2d 63 65 20 28 6c |er/17.09.0-ce (l|
|000000b0| 69 6e 75 78 29 0d 0a 54 72 61 6e 73 66 65 72 2d |inux)..Transfer-|
|000000c0| 45 6e 63 6f 64 69 6e 67 3a 20 63 68 75 6e 6b 65 |Encoding: chunke|
|000000d0| 64 0d 0a 0d 0a 31 32 36 65 0d 0a 7b 22 49 64 22 |d....126e..{"Id"|
|000000e0| 3a 22 38 64 64 31 64 37 64 33 65 31 65 31 64 36 |:"8dd1d7d3e1e1d6|
|000000f0| 62 64 63 63 36 63 32 66 61 66 33 38 64 64 35 31 |bdcc6c2faf38dd51|
|00000100| 34 31 37 32 62 62 66 33 62 35 31 37 65 33 30 37 |4172bbf3b517e307|
|00000110| 36 66 61 37 65 30 39 31 39 64 62 30 30 36 36 31 |6fa7e0919db00661|
|00000120| 38 32 22 2c 22 43 72 65 61 74 65 64 22 3a 22 32 |82","Created":"2|
|00000130| 30 31 37 2d 31 31 2d 32 37 54 32 31 3a 30 39 3a |017-11-27T21:09:|
|00000140| 31 35 2e 33 32 38 36 33 37 36 38 32 5a 22 2c 22 |15.328637682Z","|
|00000150| 50 61 74 68 22 3a 22 64 6f 63 6b 65 72 2d 65 6e |Path":"docker-en|
|00000160| 74 72 79 70 6f 69 6e 74 2e 73 68 22 2c 22 41 72 |trypoint.sh","Ar|
|00000170| 67 73 22 3a 5b 22 72 61 62 62 69 74 6d 71 2d 73 |gs":["rabbitmq-s|
|00000180| 65 72 76 65 72 22 5d 2c 22 53 74 61 74 65 22 3a |erver"],"State":|
|00000190| 7b 22 53 74 61 74 75 73 22 3a 22 72 75 6e 6e 69 |{"Status":"runni|
|000001a0| 6e 67 22 2c 22 52 75 6e 6e 69 6e 67 22 3a 74 72 |ng","Running":tr|
|000001b0| 75 65 2c 22 50 61 75 73 65 64 22 3a 66 61 6c 73 |ue,"Paused":fals|
|000001c0| 65 2c 22 52 65 73 74 61 72 74 69 6e 67 22 3a 66 |e,"Restarting":f|
|000001d0| 61 6c 73 65 2c 22 4f 4f 4d 4b 69 6c 6c 65 64 22 |alse,"OOMKilled"|
|000001e0| 3a 66 61 6c 73 65 2c 22 44 65 61 64 22 3a 66 61 |:false,"Dead":fa|
|000001f0| 6c 73 65 2c 22 50 69 64 22 3a 31 36 34 37 34 2c |lse,"Pid":16474,|
|00000200| 22 45 78 69 74 43 6f 64 65 22 3a 30 2c 22 45 72 |"ExitCode":0,"Er|
|00000210| 72 6f 72 22 3a 22 22 2c 22 53 74 61 72 74 65 64 |ror":"","Started|
|00000220| 41 74 22 3a 22 32 30 31 37 2d 31 31 2d 32 37 54 |At":"2017-11-27T|
|00000230| 32 31 3a 30 39 3a 31 36 2e 30 34 35 35 37 38 30 |21:09:16.0455780|
|00000240| 34 39 5a 22 2c 22 46 69 6e 69 73 68 65 64 41 74 |49Z","FinishedAt|
|00000250| 22 3a 22 30 30 30 31 2d 30 31 2d 30 31 54 30 30 |":"0001-01-01T00|
|00000260| 3a 30 30 3a 30 30 5a 22 7d 2c 22 49 6d 61 67 65 |:00:00Z"},"Image|
|00000270| 22 3a 22 73 68 61 32 35 36 3a 37 39 61 30 30 38 |":"sha256:79a008|
|00000280| 62 32 35 39 36 32 65 31 61 31 34 33 65 30 32 62 |b25962e1a143e02b|
|00000290| 33 37 31 38 37 66 38 35 35 63 62 32 32 34 65 32 |37187f855cb224e2|
|000002a0| 32 30 33 62 39 34 63 63 39 66 38 37 65 38 31 66 |203b94cc9f87e81f|
|000002b0| 65 32 37 35 36 36 30 63 39 64 22 2c 22 52 65 73 |e275660c9d","Res|
|000002c0| 6f 6c 76 43 6f 6e 66 50 61 74 68 22 3a 22 2f 76 |olvConfPath":"/v|
|000002d0| 61 72 2f 6c 69 62 2f 64 6f 63 6b 65 72 2f 63 6f |ar/lib/docker/co|
|000002e0| 6e 74 61 69 6e 65 72 73 2f 38 64 64 31 64 37 64 |ntainers/8dd1d7d|
|000002f0| 33 65 31 65 31 64 36 62 64 63 63 36 63 32 66 61 |3e1e1d6bdcc6c2fa|
|00000300| 66 33 38 64 64 35 31 34 31 37 32 62 62 66 33 62 |f38dd514172bbf3b|
|00000310| 35 31 37 65 33 30 37 36 66 61 37 65 30 39 31 39 |517e3076fa7e0919|
|00000320| 64 62 30 30 36 36 31 38 32 2f 72 65 73 6f 6c 76 |db0066182/resolv|
|00000330| 2e 63 6f 6e 66 22 2c 22 48 6f 73 74 6e 61 6d 65 |.conf","Hostname|
|00000340| 50 61 74 68 22 3a 22 2f 76 61 72 2f 6c 69 62 2f |Path":"/var/lib/|
|00000350| 64 6f 63 6b 65 72 2f 63 6f 6e 74 61 69 6e 65 72 |docker/container|
|00000360| 73 2f 38 64 64 31 64 37 64 33 65 31 65 31 64 36 |s/8dd1d7d3e1e1d6|
|00000370| 62 64 63 63 36 63 32 66 61 66 33 38 64 64 35 31 |bdcc6c2faf38dd51|
|00000380| 34 31 37 32 62 62 66 33 62 35 31 37 65 33 30 37 |4172bbf3b517e307|
|00000390| 36 66 61 37 65 30 39 31 39 64 62 30 30 36 36 31 |6fa7e0919db00661|
|000003a0| 38 32 2f 68 6f 73 74 6e 61 6d 65 22 2c 22 48 6f |82/hostname","Ho|
|000003b0| 73 74 73 50 61 74 68 22 3a 22 2f 76 61 72 2f 6c |stsPath":"/var/l|
|000003c0| 69 62 2f 64 6f 63 6b 65 72 2f 63 6f 6e 74 61 69 |ib/docker/contai|
|000003d0| 6e 65 72 73 2f 38 64 64 31 64 37 64 33 65 31 65 |ners/8dd1d7d3e1e|
|000003e0| 31 64 36 62 64 63 63 36 63 32 66 61 66 33 38 64 |1d6bdcc6c2faf38d|
|000003f0| 64 35 31 34 31 37 32 62 62 66 33 62 35 31 37 65 |d514172bbf3b517e|
+--------+-------------------------------------------------+----------------+
2017-11-27 22:09:19.634 DEBUG 24827 --- [rjava-netty-1-4] c.g.d.netty.NettyDockerCmdExecFactory$1  : [id: 0xedfbfa61, L:null - R:/var/run/docker.sock] READ: DefaultHttpResponse(decodeResult: success, version: HTTP/1.1)
HTTP/1.1 200 OK
Api-Version: 1.32
Content-Type: application/json
Date: Mon, 27 Nov 2017 21:09:16 GMT
Docker-Experimental: false
Ostype: linux
Server: Docker/17.09.0-ce (linux)
Transfer-Encoding: chunked
2017-11-27 22:09:19.634 DEBUG 24827 --- [rjava-netty-1-4] c.g.d.netty.NettyDockerCmdExecFactory$1  : [id: 0xedfbfa61, L:null - R:/var/run/docker.sock] READ: DefaultHttpContent(data: PooledSlicedByteBuf(ridx: 0, widx: 805, cap: 805/805, unwrapped: PooledUnsafeDirectByteBuf(ridx: 1024, widx: 1024, cap: 1024)), decoderResult: success), 805B
         +-------------------------------------------------+
         |  0  1  2  3  4  5  6  7  8  9  a  b  c  d  e  f |
+--------+-------------------------------------------------+----------------+
|00000000| 7b 22 49 64 22 3a 22 38 64 64 31 64 37 64 33 65 |{"Id":"8dd1d7d3e|
|00000010| 31 65 31 64 36 62 64 63 63 36 63 32 66 61 66 33 |1e1d6bdcc6c2faf3|
|00000020| 38 64 64 35 31 34 31 37 32 62 62 66 33 62 35 31 |8dd514172bbf3b51|
|00000030| 37 65 33 30 37 36 66 61 37 65 30 39 31 39 64 62 |7e3076fa7e0919db|
|00000040| 30 30 36 36 31 38 32 22 2c 22 43 72 65 61 74 65 |0066182","Create|
|00000050| 64 22 3a 22 32 30 31 37 2d 31 31 2d 32 37 54 32 |d":"2017-11-27T2|
|00000060| 31 3a 30 39 3a 31 35 2e 33 32 38 36 33 37 36 38 |1:09:15.32863768|
|00000070| 32 5a 22 2c 22 50 61 74 68 22 3a 22 64 6f 63 6b |2Z","Path":"dock|
|00000080| 65 72 2d 65 6e 74 72 79 70 6f 69 6e 74 2e 73 68 |er-entrypoint.sh|
|00000090| 22 2c 22 41 72 67 73 22 3a 5b 22 72 61 62 62 69 |","Args":["rabbi|
|000000a0| 74 6d 71 2d 73 65 72 76 65 72 22 5d 2c 22 53 74 |tmq-server"],"St|
|000000b0| 61 74 65 22 3a 7b 22 53 74 61 74 75 73 22 3a 22 |ate":{"Status":"|
|000000c0| 72 75 6e 6e 69 6e 67 22 2c 22 52 75 6e 6e 69 6e |running","Runnin|
|000000d0| 67 22 3a 74 72 75 65 2c 22 50 61 75 73 65 64 22 |g":true,"Paused"|
|000000e0| 3a 66 61 6c 73 65 2c 22 52 65 73 74 61 72 74 69 |:false,"Restarti|
|000000f0| 6e 67 22 3a 66 61 6c 73 65 2c 22 4f 4f 4d 4b 69 |ng":false,"OOMKi|
|00000100| 6c 6c 65 64 22 3a 66 61 6c 73 65 2c 22 44 65 61 |lled":false,"Dea|
|00000110| 64 22 3a 66 61 6c 73 65 2c 22 50 69 64 22 3a 31 |d":false,"Pid":1|
|00000120| 36 34 37 34 2c 22 45 78 69 74 43 6f 64 65 22 3a |6474,"ExitCode":|
|00000130| 30 2c 22 45 72 72 6f 72 22 3a 22 22 2c 22 53 74 |0,"Error":"","St|
|00000140| 61 72 74 65 64 41 74 22 3a 22 32 30 31 37 2d 31 |artedAt":"2017-1|
|00000150| 31 2d 32 37 54 32 31 3a 30 39 3a 31 36 2e 30 34 |1-27T21:09:16.04|
|00000160| 35 35 37 38 30 34 39 5a 22 2c 22 46 69 6e 69 73 |5578049Z","Finis|
|00000170| 68 65 64 41 74 22 3a 22 30 30 30 31 2d 30 31 2d |hedAt":"0001-01-|
|00000180| 30 31 54 30 30 3a 30 30 3a 30 30 5a 22 7d 2c 22 |01T00:00:00Z"},"|
|00000190| 49 6d 61 67 65 22 3a 22 73 68 61 32 35 36 3a 37 |Image":"sha256:7|
|000001a0| 39 61 30 30 38 62 32 35 39 36 32 65 31 61 31 34 |9a008b25962e1a14|
|000001b0| 33 65 30 32 62 33 37 31 38 37 66 38 35 35 63 62 |3e02b37187f855cb|
|000001c0| 32 32 34 65 32 32 30 33 62 39 34 63 63 39 66 38 |224e2203b94cc9f8|
|000001d0| 37 65 38 31 66 65 32 37 35 36 36 30 63 39 64 22 |7e81fe275660c9d"|
|000001e0| 2c 22 52 65 73 6f 6c 76 43 6f 6e 66 50 61 74 68 |,"ResolvConfPath|
|000001f0| 22 3a 22 2f 76 61 72 2f 6c 69 62 2f 64 6f 63 6b |":"/var/lib/dock|
|00000200| 65 72 2f 63 6f 6e 74 61 69 6e 65 72 73 2f 38 64 |er/containers/8d|
|00000210| 64 31 64 37 64 33 65 31 65 31 64 36 62 64 63 63 |d1d7d3e1e1d6bdcc|
|00000220| 36 63 32 66 61 66 33 38 64 64 35 31 34 31 37 32 |6c2faf38dd514172|
|00000230| 62 62 66 33 62 35 31 37 65 33 30 37 36 66 61 37 |bbf3b517e3076fa7|
|00000240| 65 30 39 31 39 64 62 30 30 36 36 31 38 32 2f 72 |e0919db0066182/r|
|00000250| 65 73 6f 6c 76 2e 63 6f 6e 66 22 2c 22 48 6f 73 |esolv.conf","Hos|
|00000260| 74 6e 61 6d 65 50 61 74 68 22 3a 22 2f 76 61 72 |tnamePath":"/var|
|00000270| 2f 6c 69 62 2f 64 6f 63 6b 65 72 2f 63 6f 6e 74 |/lib/docker/cont|
|00000280| 61 69 6e 65 72 73 2f 38 64 64 31 64 37 64 33 65 |ainers/8dd1d7d3e|
|00000290| 31 65 31 64 36 62 64 63 63 36 63 32 66 61 66 33 |1e1d6bdcc6c2faf3|
|000002a0| 38 64 64 35 31 34 31 37 32 62 62 66 33 62 35 31 |8dd514172bbf3b51|
|000002b0| 37 65 33 30 37 36 66 61 37 65 30 39 31 39 64 62 |7e3076fa7e0919db|
|000002c0| 30 30 36 36 31 38 32 2f 68 6f 73 74 6e 61 6d 65 |0066182/hostname|
|000002d0| 22 2c 22 48 6f 73 74 73 50 61 74 68 22 3a 22 2f |","HostsPath":"/|
|000002e0| 76 61 72 2f 6c 69 62 2f 64 6f 63 6b 65 72 2f 63 |var/lib/docker/c|
|000002f0| 6f 6e 74 61 69 6e 65 72 73 2f 38 64 64 31 64 37 |ontainers/8dd1d7|
|00000300| 64 33 65 31 65 31 64 36 62 64 63 63 36 63 32 66 |d3e1e1d6bdcc6c2f|
|00000310| 61 66 33 38 64 64 35 31 34 31 37 32 62 62 66 33 |af38dd514172bbf3|
|00000320| 62 35 31 37 65                                  |b517e           |
+--------+-------------------------------------------------+----------------+
2017-11-27 22:09:19.634 DEBUG 24827 --- [rjava-netty-1-4] xecFactory$UnixDomainSocketInitializer$3 : [id: 0xedfbfa61, L:null - R:/var/run/docker.sock] READ COMPLETE
2017-11-27 22:09:19.634 DEBUG 24827 --- [rjava-netty-1-4] c.g.d.netty.NettyDockerCmdExecFactory$1  : [id: 0xedfbfa61, L:null - R:/var/run/docker.sock] READ COMPLETE
2017-11-27 22:09:19.634 DEBUG 24827 --- [rjava-netty-1-4] xecFactory$UnixDomainSocketInitializer$3 : [id: 0xedfbfa61, L:null - R:/var/run/docker.sock] READ: 3920B
         +-------------------------------------------------+
         |  0  1  2  3  4  5  6  7  8  9  a  b  c  d  e  f |
+--------+-------------------------------------------------+----------------+
|00000000| 33 30 37 36 66 61 37 65 30 39 31 39 64 62 30 30 |3076fa7e0919db00|
|00000010| 36 36 31 38 32 2f 68 6f 73 74 73 22 2c 22 4c 6f |66182/hosts","Lo|
|00000020| 67 50 61 74 68 22 3a 22 2f 76 61 72 2f 6c 69 62 |gPath":"/var/lib|
|00000030| 2f 64 6f 63 6b 65 72 2f 63 6f 6e 74 61 69 6e 65 |/docker/containe|
|00000040| 72 73 2f 38 64 64 31 64 37 64 33 65 31 65 31 64 |rs/8dd1d7d3e1e1d|
|00000050| 36 62 64 63 63 36 63 32 66 61 66 33 38 64 64 35 |6bdcc6c2faf38dd5|
|00000060| 31 34 31 37 32 62 62 66 33 62 35 31 37 65 33 30 |14172bbf3b517e30|
|00000070| 37 36 66 61 37 65 30 39 31 39 64 62 30 30 36 36 |76fa7e0919db0066|
|00000080| 31 38 32 2f 38 64 64 31 64 37 64 33 65 31 65 31 |182/8dd1d7d3e1e1|
|00000090| 64 36 62 64 63 63 36 63 32 66 61 66 33 38 64 64 |d6bdcc6c2faf38dd|
|000000a0| 35 31 34 31 37 32 62 62 66 33 62 35 31 37 65 33 |514172bbf3b517e3|
|000000b0| 30 37 36 66 61 37 65 30 39 31 39 64 62 30 30 36 |076fa7e0919db006|
|000000c0| 36 31 38 32 2d 6a 73 6f 6e 2e 6c 6f 67 22 2c 22 |6182-json.log","|
|000000d0| 4e 61 6d 65 22 3a 22 2f 74 72 75 73 74 69 6e 67 |Name":"/trusting|
|000000e0| 5f 6e 6f 65 74 68 65 72 22 2c 22 52 65 73 74 61 |_noether","Resta|
|000000f0| 72 74 43 6f 75 6e 74 22 3a 30 2c 22 44 72 69 76 |rtCount":0,"Driv|
|00000100| 65 72 22 3a 22 61 75 66 73 22 2c 22 50 6c 61 74 |er":"aufs","Plat|
|00000110| 66 6f 72 6d 22 3a 22 6c 69 6e 75 78 22 2c 22 4d |form":"linux","M|
|00000120| 6f 75 6e 74 4c 61 62 65 6c 22 3a 22 22 2c 22 50 |ountLabel":"","P|
|00000130| 72 6f 63 65 73 73 4c 61 62 65 6c 22 3a 22 22 2c |rocessLabel":"",|
|00000140| 22 41 70 70 41 72 6d 6f 72 50 72 6f 66 69 6c 65 |"AppArmorProfile|
|00000150| 22 3a 22 22 2c 22 45 78 65 63 49 44 73 22 3a 6e |":"","ExecIDs":n|
|00000160| 75 6c 6c 2c 22 48 6f 73 74 43 6f 6e 66 69 67 22 |ull,"HostConfig"|
|00000170| 3a 7b 22 42 69 6e 64 73 22 3a 5b 5d 2c 22 43 6f |:{"Binds":[],"Co|
|00000180| 6e 74 61 69 6e 65 72 49 44 46 69 6c 65 22 3a 22 |ntainerIDFile":"|
|00000190| 22 2c 22 4c 6f 67 43 6f 6e 66 69 67 22 3a 7b 22 |","LogConfig":{"|
|000001a0| 54 79 70 65 22 3a 22 6a 73 6f 6e 2d 66 69 6c 65 |Type":"json-file|
|000001b0| 22 2c 22 43 6f 6e 66 69 67 22 3a 7b 7d 7d 2c 22 |","Config":{}},"|
|000001c0| 4e 65 74 77 6f 72 6b 4d 6f 64 65 22 3a 22 64 65 |NetworkMode":"de|
|000001d0| 66 61 75 6c 74 22 2c 22 50 6f 72 74 42 69 6e 64 |fault","PortBind|
|000001e0| 69 6e 67 73 22 3a 7b 7d 2c 22 52 65 73 74 61 72 |ings":{},"Restar|
|000001f0| 74 50 6f 6c 69 63 79 22 3a 7b 22 4e 61 6d 65 22 |tPolicy":{"Name"|
|00000200| 3a 22 22 2c 22 4d 61 78 69 6d 75 6d 52 65 74 72 |:"","MaximumRetr|
|00000210| 79 43 6f 75 6e 74 22 3a 30 7d 2c 22 41 75 74 6f |yCount":0},"Auto|
|00000220| 52 65 6d 6f 76 65 22 3a 66 61 6c 73 65 2c 22 56 |Remove":false,"V|
|00000230| 6f 6c 75 6d 65 44 72 69 76 65 72 22 3a 22 22 2c |olumeDriver":"",|
|00000240| 22 56 6f 6c 75 6d 65 73 46 72 6f 6d 22 3a 5b 5d |"VolumesFrom":[]|
|00000250| 2c 22 43 61 70 41 64 64 22 3a 6e 75 6c 6c 2c 22 |,"CapAdd":null,"|
|00000260| 43 61 70 44 72 6f 70 22 3a 6e 75 6c 6c 2c 22 44 |CapDrop":null,"D|
|00000270| 6e 73 22 3a 6e 75 6c 6c 2c 22 44 6e 73 4f 70 74 |ns":null,"DnsOpt|
|00000280| 69 6f 6e 73 22 3a 6e 75 6c 6c 2c 22 44 6e 73 53 |ions":null,"DnsS|
|00000290| 65 61 72 63 68 22 3a 6e 75 6c 6c 2c 22 45 78 74 |earch":null,"Ext|
|000002a0| 72 61 48 6f 73 74 73 22 3a 5b 5d 2c 22 47 72 6f |raHosts":[],"Gro|
|000002b0| 75 70 41 64 64 22 3a 6e 75 6c 6c 2c 22 49 70 63 |upAdd":null,"Ipc|
|000002c0| 4d 6f 64 65 22 3a 22 73 68 61 72 65 61 62 6c 65 |Mode":"shareable|
|000002d0| 22 2c 22 43 67 72 6f 75 70 22 3a 22 22 2c 22 4c |","Cgroup":"","L|
|000002e0| 69 6e 6b 73 22 3a 6e 75 6c 6c 2c 22 4f 6f 6d 53 |inks":null,"OomS|
|000002f0| 63 6f 72 65 41 64 6a 22 3a 30 2c 22 50 69 64 4d |coreAdj":0,"PidM|
|00000300| 6f 64 65 22 3a 22 22 2c 22 50 72 69 76 69 6c 65 |ode":"","Privile|
|00000310| 67 65 64 22 3a 66 61 6c 73 65 2c 22 50 75 62 6c |ged":false,"Publ|
|00000320| 69 73 68 41 6c 6c 50 6f 72 74 73 22 3a 74 72 75 |ishAllPorts":tru|
|00000330| 65 2c 22 52 65 61 64 6f 6e 6c 79 52 6f 6f 74 66 |e,"ReadonlyRootf|
|00000340| 73 22 3a 66 61 6c 73 65 2c 22 53 65 63 75 72 69 |s":false,"Securi|
|00000350| 74 79 4f 70 74 22 3a 6e 75 6c 6c 2c 22 55 54 53 |tyOpt":null,"UTS|
|00000360| 4d 6f 64 65 22 3a 22 22 2c 22 55 73 65 72 6e 73 |Mode":"","Userns|
|00000370| 4d 6f 64 65 22 3a 22 22 2c 22 53 68 6d 53 69 7a |Mode":"","ShmSiz|
|00000380| 65 22 3a 36 37 31 30 38 38 36 34 2c 22 52 75 6e |e":67108864,"Run|
|00000390| 74 69 6d 65 22 3a 22 72 75 6e 63 22 2c 22 43 6f |time":"runc","Co|
|000003a0| 6e 73 6f 6c 65 53 69 7a 65 22 3a 5b 30 2c 30 5d |nsoleSize":[0,0]|
|000003b0| 2c 22 49 73 6f 6c 61 74 69 6f 6e 22 3a 22 22 2c |,"Isolation":"",|
|000003c0| 22 43 70 75 53 68 61 72 65 73 22 3a 30 2c 22 4d |"CpuShares":0,"M|
|000003d0| 65 6d 6f 72 79 22 3a 30 2c 22 4e 61 6e 6f 43 70 |emory":0,"NanoCp|
|000003e0| 75 73 22 3a 30 2c 22 43 67 72 6f 75 70 50 61 72 |us":0,"CgroupPar|
|000003f0| 65 6e 74 22 3a 22 22 2c 22 42 6c 6b 69 6f 57 65 |ent":"","BlkioWe|
|00000400| 69 67 68 74 22 3a 30 2c 22 42 6c 6b 69 6f 57 65 |ight":0,"BlkioWe|
|00000410| 69 67 68 74 44 65 76 69 63 65 22 3a 6e 75 6c 6c |ightDevice":null|
|00000420| 2c 22 42 6c 6b 69 6f 44 65 76 69 63 65 52 65 61 |,"BlkioDeviceRea|
|00000430| 64 42 70 73 22 3a 6e 75 6c 6c 2c 22 42 6c 6b 69 |dBps":null,"Blki|
|00000440| 6f 44 65 76 69 63 65 57 72 69 74 65 42 70 73 22 |oDeviceWriteBps"|
|00000450| 3a 6e 75 6c 6c 2c 22 42 6c 6b 69 6f 44 65 76 69 |:null,"BlkioDevi|
|00000460| 63 65 52 65 61 64 49 4f 70 73 22 3a 6e 75 6c 6c |ceReadIOps":null|
|00000470| 2c 22 42 6c 6b 69 6f 44 65 76 69 63 65 57 72 69 |,"BlkioDeviceWri|
|00000480| 74 65 49 4f 70 73 22 3a 6e 75 6c 6c 2c 22 43 70 |teIOps":null,"Cp|
|00000490| 75 50 65 72 69 6f 64 22 3a 30 2c 22 43 70 75 51 |uPeriod":0,"CpuQ|
|000004a0| 75 6f 74 61 22 3a 30 2c 22 43 70 75 52 65 61 6c |uota":0,"CpuReal|
|000004b0| 74 69 6d 65 50 65 72 69 6f 64 22 3a 30 2c 22 43 |timePeriod":0,"C|
|000004c0| 70 75 52 65 61 6c 74 69 6d 65 52 75 6e 74 69 6d |puRealtimeRuntim|
|000004d0| 65 22 3a 30 2c 22 43 70 75 73 65 74 43 70 75 73 |e":0,"CpusetCpus|
|000004e0| 22 3a 22 22 2c 22 43 70 75 73 65 74 4d 65 6d 73 |":"","CpusetMems|
|000004f0| 22 3a 22 22 2c 22 44 65 76 69 63 65 73 22 3a 6e |":"","Devices":n|
|00000500| 75 6c 6c 2c 22 44 65 76 69 63 65 43 67 72 6f 75 |ull,"DeviceCgrou|
|00000510| 70 52 75 6c 65 73 22 3a 6e 75 6c 6c 2c 22 44 69 |pRules":null,"Di|
|00000520| 73 6b 51 75 6f 74 61 22 3a 30 2c 22 4b 65 72 6e |skQuota":0,"Kern|
|00000530| 65 6c 4d 65 6d 6f 72 79 22 3a 30 2c 22 4d 65 6d |elMemory":0,"Mem|
|00000540| 6f 72 79 52 65 73 65 72 76 61 74 69 6f 6e 22 3a |oryReservation":|
|00000550| 30 2c 22 4d 65 6d 6f 72 79 53 77 61 70 22 3a 30 |0,"MemorySwap":0|
|00000560| 2c 22 4d 65 6d 6f 72 79 53 77 61 70 70 69 6e 65 |,"MemorySwappine|
|00000570| 73 73 22 3a 6e 75 6c 6c 2c 22 4f 6f 6d 4b 69 6c |ss":null,"OomKil|
|00000580| 6c 44 69 73 61 62 6c 65 22 3a 66 61 6c 73 65 2c |lDisable":false,|
|00000590| 22 50 69 64 73 4c 69 6d 69 74 22 3a 30 2c 22 55 |"PidsLimit":0,"U|
|000005a0| 6c 69 6d 69 74 73 22 3a 6e 75 6c 6c 2c 22 43 70 |limits":null,"Cp|
|000005b0| 75 43 6f 75 6e 74 22 3a 30 2c 22 43 70 75 50 65 |uCount":0,"CpuPe|
|000005c0| 72 63 65 6e 74 22 3a 30 2c 22 49 4f 4d 61 78 69 |rcent":0,"IOMaxi|
|000005d0| 6d 75 6d 49 4f 70 73 22 3a 30 2c 22 49 4f 4d 61 |mumIOps":0,"IOMa|
|000005e0| 78 69 6d 75 6d 42 61 6e 64 77 69 64 74 68 22 3a |ximumBandwidth":|
|000005f0| 30 7d 2c 22 47 72 61 70 68 44 72 69 76 65 72 22 |0},"GraphDriver"|
|00000600| 3a 7b 22 44 61 74 61 22 3a 6e 75 6c 6c 2c 22 4e |:{"Data":null,"N|
|00000610| 61 6d 65 22 3a 22 61 75 66 73 22 7d 2c 22 4d 6f |ame":"aufs"},"Mo|
|00000620| 75 6e 74 73 22 3a 5b 7b 22 54 79 70 65 22 3a 22 |unts":[{"Type":"|
|00000630| 76 6f 6c 75 6d 65 22 2c 22 4e 61 6d 65 22 3a 22 |volume","Name":"|
|00000640| 63 61 61 30 64 33 34 38 36 34 62 62 64 35 34 35 |caa0d34864bbd545|
|00000650| 30 32 36 62 38 36 65 35 32 34 34 30 66 65 66 37 |026b86e52440fef7|
|00000660| 36 34 35 32 37 31 62 33 30 61 37 39 34 30 62 39 |645271b30a7940b9|
|00000670| 38 32 31 62 63 63 66 64 63 36 31 66 64 63 32 39 |821bccfdc61fdc29|
|00000680| 22 2c 22 53 6f 75 72 63 65 22 3a 22 2f 76 61 72 |","Source":"/var|
|00000690| 2f 6c 69 62 2f 64 6f 63 6b 65 72 2f 76 6f 6c 75 |/lib/docker/volu|
|000006a0| 6d 65 73 2f 63 61 61 30 64 33 34 38 36 34 62 62 |mes/caa0d34864bb|
|000006b0| 64 35 34 35 30 32 36 62 38 36 65 35 32 34 34 30 |d545026b86e52440|
|000006c0| 66 65 66 37 36 34 35 32 37 31 62 33 30 61 37 39 |fef7645271b30a79|
|000006d0| 34 30 62 39 38 32 31 62 63 63 66 64 63 36 31 66 |40b9821bccfdc61f|
|000006e0| 64 63 32 39 2f 5f 64 61 74 61 22 2c 22 44 65 73 |dc29/_data","Des|
|000006f0| 74 69 6e 61 74 69 6f 6e 22 3a 22 2f 76 61 72 2f |tination":"/var/|
|00000700| 6c 69 62 2f 72 61 62 62 69 74 6d 71 22 2c 22 44 |lib/rabbitmq","D|
|00000710| 72 69 76 65 72 22 3a 22 6c 6f 63 61 6c 22 2c 22 |river":"local","|
|00000720| 4d 6f 64 65 22 3a 22 22 2c 22 52 57 22 3a 74 72 |Mode":"","RW":tr|
|00000730| 75 65 2c 22 50 72 6f 70 61 67 61 74 69 6f 6e 22 |ue,"Propagation"|
|00000740| 3a 22 22 7d 5d 2c 22 43 6f 6e 66 69 67 22 3a 7b |:""}],"Config":{|
|00000750| 22 48 6f 73 74 6e 61 6d 65 22 3a 22 38 64 64 31 |"Hostname":"8dd1|
|00000760| 64 37 64 33 65 31 65 31 22 2c 22 44 6f 6d 61 69 |d7d3e1e1","Domai|
|00000770| 6e 6e 61 6d 65 22 3a 22 22 2c 22 55 73 65 72 22 |nname":"","User"|
|00000780| 3a 22 22 2c 22 41 74 74 61 63 68 53 74 64 69 6e |:"","AttachStdin|
|00000790| 22 3a 66 61 6c 73 65 2c 22 41 74 74 61 63 68 53 |":false,"AttachS|
|000007a0| 74 64 6f 75 74 22 3a 66 61 6c 73 65 2c 22 41 74 |tdout":false,"At|
|000007b0| 74 61 63 68 53 74 64 65 72 72 22 3a 66 61 6c 73 |tachStderr":fals|
|000007c0| 65 2c 22 45 78 70 6f 73 65 64 50 6f 72 74 73 22 |e,"ExposedPorts"|
|000007d0| 3a 7b 22 32 35 36 37 32 2f 74 63 70 22 3a 7b 7d |:{"25672/tcp":{}|
|000007e0| 2c 22 34 33 36 39 2f 74 63 70 22 3a 7b 7d 2c 22 |,"4369/tcp":{},"|
|000007f0| 35 36 37 31 2f 74 63 70 22 3a 7b 7d 2c 22 35 36 |5671/tcp":{},"56|
|00000800| 37 32 2f 74 63 70 22 3a 7b 7d 7d 2c 22 54 74 79 |72/tcp":{}},"Tty|
|00000810| 22 3a 66 61 6c 73 65 2c 22 4f 70 65 6e 53 74 64 |":false,"OpenStd|
|00000820| 69 6e 22 3a 66 61 6c 73 65 2c 22 53 74 64 69 6e |in":false,"Stdin|
|00000830| 4f 6e 63 65 22 3a 66 61 6c 73 65 2c 22 45 6e 76 |Once":false,"Env|
|00000840| 22 3a 5b 22 52 41 42 42 49 54 4d 51 5f 55 53 45 |":["RABBITMQ_USE|
|00000850| 52 3d 67 75 65 73 74 22 2c 22 52 41 42 42 49 54 |R=guest","RABBIT|
|00000860| 4d 51 5f 50 41 53 53 57 4f 52 44 3d 67 75 65 73 |MQ_PASSWORD=gues|
|00000870| 74 22 2c 22 6e 6f 5f 70 72 6f 78 79 3d 2a 2e 6c |t","no_proxy=*.l|
|00000880| 6f 63 61 6c 2c 20 31 36 39 2e 32 35 34 2f 31 36 |ocal, 169.254/16|
|00000890| 22 2c 22 50 41 54 48 3d 2f 75 73 72 2f 6c 69 62 |","PATH=/usr/lib|
|000008a0| 2f 72 61 62 62 69 74 6d 71 2f 62 69 6e 3a 2f 75 |/rabbitmq/bin:/u|
|000008b0| 73 72 2f 6c 6f 63 61 6c 2f 73 62 69 6e 3a 2f 75 |sr/local/sbin:/u|
|000008c0| 73 72 2f 6c 6f 63 61 6c 2f 62 69 6e 3a 2f 75 73 |sr/local/bin:/us|
|000008d0| 72 2f 73 62 69 6e 3a 2f 75 73 72 2f 62 69 6e 3a |r/sbin:/usr/bin:|
|000008e0| 2f 73 62 69 6e 3a 2f 62 69 6e 22 2c 22 47 4f 53 |/sbin:/bin","GOS|
|000008f0| 55 5f 56 45 52 53 49 4f 4e 3d 31 2e 31 30 22 2c |U_VERSION=1.10",|
|00000900| 22 52 41 42 42 49 54 4d 51 5f 4c 4f 47 53 3d 2d |"RABBITMQ_LOGS=-|
|00000910| 22 2c 22 52 41 42 42 49 54 4d 51 5f 53 41 53 4c |","RABBITMQ_SASL|
|00000920| 5f 4c 4f 47 53 3d 2d 22 2c 22 52 41 42 42 49 54 |_LOGS=-","RABBIT|
|00000930| 4d 51 5f 47 50 47 5f 4b 45 59 3d 30 41 39 41 46 |MQ_GPG_KEY=0A9AF|
|00000940| 32 31 31 35 46 34 36 38 37 42 44 32 39 38 30 33 |2115F4687BD29803|
|00000950| 41 32 30 36 42 37 33 41 33 36 45 36 30 32 36 44 |A206B73A36E6026D|
|00000960| 46 43 41 22 2c 22 52 41 42 42 49 54 4d 51 5f 56 |FCA","RABBITMQ_V|
|00000970| 45 52 53 49 4f 4e 3d 33 2e 36 2e 31 34 22 2c 22 |ERSION=3.6.14","|
|00000980| 52 41 42 42 49 54 4d 51 5f 47 49 54 48 55 42 5f |RABBITMQ_GITHUB_|
|00000990| 54 41 47 3d 72 61 62 62 69 74 6d 71 5f 76 33 5f |TAG=rabbitmq_v3_|
|000009a0| 36 5f 31 34 22 2c 22 52 41 42 42 49 54 4d 51 5f |6_14","RABBITMQ_|
|000009b0| 44 45 42 49 41 4e 5f 56 45 52 53 49 4f 4e 3d 33 |DEBIAN_VERSION=3|
|000009c0| 2e 36 2e 31 34 2d 31 22 2c 22 48 4f 4d 45 3d 2f |.6.14-1","HOME=/|
|000009d0| 76 61 72 2f 6c 69 62 2f 72 61 62 62 69 74 6d 71 |var/lib/rabbitmq|
|000009e0| 22 5d 2c 22 43 6d 64 22 3a 5b 22 72 61 62 62 69 |"],"Cmd":["rabbi|
|000009f0| 74 6d 71 2d 73 65 72 76 65 72 22 5d 2c 22 41 72 |tmq-server"],"Ar|
|00000a00| 67 73 45 73 63 61 70 65 64 22 3a 74 72 75 65 2c |gsEscaped":true,|
|00000a10| 22 49 6d 61 67 65 22 3a 22 72 61 62 62 69 74 6d |"Image":"rabbitm|
|00000a20| 71 3a 33 2e 36 2e 31 34 22 2c 22 56 6f 6c 75 6d |q:3.6.14","Volum|
|00000a30| 65 73 22 3a 7b 22 2f 76 61 72 2f 6c 69 62 2f 72 |es":{"/var/lib/r|
|00000a40| 61 62 62 69 74 6d 71 22 3a 7b 7d 7d 2c 22 57 6f |abbitmq":{}},"Wo|
|00000a50| 72 6b 69 6e 67 44 69 72 22 3a 22 22 2c 22 45 6e |rkingDir":"","En|
|00000a60| 74 72 79 70 6f 69 6e 74 22 3a 5b 22 64 6f 63 6b |trypoint":["dock|
|00000a70| 65 72 2d 65 6e 74 72 79 70 6f 69 6e 74 2e 73 68 |er-entrypoint.sh|
|00000a80| 22 5d 2c 22 4f 6e 42 75 69 6c 64 22 3a 6e 75 6c |"],"OnBuild":nul|
|00000a90| 6c 2c 22 4c 61 62 65 6c 73 22 3a 7b 22 6f 72 67 |l,"Labels":{"org|
|00000aa0| 2e 74 65 73 74 63 6f 6e 74 61 69 6e 65 72 73 22 |.testcontainers"|
|00000ab0| 3a 22 74 72 75 65 22 7d 7d 2c 22 4e 65 74 77 6f |:"true"}},"Netwo|
|00000ac0| 72 6b 53 65 74 74 69 6e 67 73 22 3a 7b 22 42 72 |rkSettings":{"Br|
|00000ad0| 69 64 67 65 22 3a 22 22 2c 22 53 61 6e 64 62 6f |idge":"","Sandbo|
|00000ae0| 78 49 44 22 3a 22 32 31 32 33 36 38 30 61 37 38 |xID":"2123680a78|
|00000af0| 36 31 32 37 30 39 66 39 64 32 32 32 39 66 39 62 |612709f9d2229f9b|
|00000b00| 34 30 39 66 33 62 30 35 62 61 63 65 65 39 61 65 |409f3b05bacee9ae|
|00000b10| 34 35 32 39 38 31 66 30 64 64 33 36 32 30 65 61 |452981f0dd3620ea|
|00000b20| 61 33 33 64 64 61 22 2c 22 48 61 69 72 70 69 6e |a33dda","Hairpin|
|00000b30| 4d 6f 64 65 22 3a 66 61 6c 73 65 2c 22 4c 69 6e |Mode":false,"Lin|
|00000b40| 6b 4c 6f 63 61 6c 49 50 76 36 41 64 64 72 65 73 |kLocalIPv6Addres|
|00000b50| 73 22 3a 22 22 2c 22 4c 69 6e 6b 4c 6f 63 61 6c |s":"","LinkLocal|
|00000b60| 49 50 76 36 50 72 65 66 69 78 4c 65 6e 22 3a 30 |IPv6PrefixLen":0|
|00000b70| 2c 22 50 6f 72 74 73 22 3a 7b 22 32 35 36 37 32 |,"Ports":{"25672|
|00000b80| 2f 74 63 70 22 3a 5b 7b 22 48 6f 73 74 49 70 22 |/tcp":[{"HostIp"|
|00000b90| 3a 22 30 2e 30 2e 30 2e 30 22 2c 22 48 6f 73 74 |:"0.0.0.0","Host|
|00000ba0| 50 6f 72 74 22 3a 22 33 32 39 37 30 22 7d 5d 2c |Port":"32970"}],|
|00000bb0| 22 34 33 36 39 2f 74 63 70 22 3a 5b 7b 22 48 6f |"4369/tcp":[{"Ho|
|00000bc0| 73 74 49 70 22 3a 22 30 2e 30 2e 30 2e 30 22 2c |stIp":"0.0.0.0",|
|00000bd0| 22 48 6f 73 74 50 6f 72 74 22 3a 22 33 32 39 37 |"HostPort":"3297|
|00000be0| 33 22 7d 5d 2c 22 35 36 37 31 2f 74 63 70 22 3a |3"}],"5671/tcp":|
|00000bf0| 5b 7b 22 48 6f 73 74 49 70 22 3a 22 30 2e 30 2e |[{"HostIp":"0.0.|
|00000c00| 30 2e 30 22 2c 22 48 6f 73 74 50 6f 72 74 22 3a |0.0","HostPort":|
|00000c10| 22 33 32 39 37 32 22 7d 5d 2c 22 35 36 37 32 2f |"32972"}],"5672/|
|00000c20| 74 63 70 22 3a 5b 7b 22 48 6f 73 74 49 70 22 3a |tcp":[{"HostIp":|
|00000c30| 22 30 2e 30 2e 30 2e 30 22 2c 22 48 6f 73 74 50 |"0.0.0.0","HostP|
|00000c40| 6f 72 74 22 3a 22 33 32 39 37 31 22 7d 5d 7d 2c |ort":"32971"}]},|
|00000c50| 22 53 61 6e 64 62 6f 78 4b 65 79 22 3a 22 2f 76 |"SandboxKey":"/v|
|00000c60| 61 72 2f 72 75 6e 2f 64 6f 63 6b 65 72 2f 6e 65 |ar/run/docker/ne|
|00000c70| 74 6e 73 2f 32 31 32 33 36 38 30 61 37 38 36 31 |tns/2123680a7861|
|00000c80| 22 2c 22 53 65 63 6f 6e 64 61 72 79 49 50 41 64 |","SecondaryIPAd|
|00000c90| 64 72 65 73 73 65 73 22 3a 6e 75 6c 6c 2c 22 53 |dresses":null,"S|
|00000ca0| 65 63 6f 6e 64 61 72 79 49 50 76 36 41 64 64 72 |econdaryIPv6Addr|
|00000cb0| 65 73 73 65 73 22 3a 6e 75 6c 6c 2c 22 45 6e 64 |esses":null,"End|
|00000cc0| 70 6f 69 6e 74 49 44 22 3a 22 34 32 66 65 34 36 |pointID":"42fe46|
|00000cd0| 39 36 33 34 37 32 30 64 39 62 31 63 34 39 61 31 |9634720d9b1c49a1|
|00000ce0| 61 62 35 30 38 32 37 39 62 65 65 63 34 30 64 32 |ab508279beec40d2|
|00000cf0| 35 38 31 61 33 30 37 39 35 63 34 38 33 32 32 38 |581a30795c483228|
|00000d00| 33 35 35 36 35 32 32 34 66 64 22 2c 22 47 61 74 |35565224fd","Gat|
|00000d10| 65 77 61 79 22 3a 22 31 37 32 2e 31 37 2e 30 2e |eway":"172.17.0.|
|00000d20| 31 22 2c 22 47 6c 6f 62 61 6c 49 50 76 36 41 64 |1","GlobalIPv6Ad|
|00000d30| 64 72 65 73 73 22 3a 22 22 2c 22 47 6c 6f 62 61 |dress":"","Globa|
|00000d40| 6c 49 50 76 36 50 72 65 66 69 78 4c 65 6e 22 3a |lIPv6PrefixLen":|
|00000d50| 30 2c 22 49 50 41 64 64 72 65 73 73 22 3a 22 31 |0,"IPAddress":"1|
|00000d60| 37 32 2e 31 37 2e 30 2e 34 22 2c 22 49 50 50 72 |72.17.0.4","IPPr|
|00000d70| 65 66 69 78 4c 65 6e 22 3a 31 36 2c 22 49 50 76 |efixLen":16,"IPv|
|00000d80| 36 47 61 74 65 77 61 79 22 3a 22 22 2c 22 4d 61 |6Gateway":"","Ma|
|00000d90| 63 41 64 64 72 65 73 73 22 3a 22 30 32 3a 34 32 |cAddress":"02:42|
|00000da0| 3a 61 63 3a 31 31 3a 30 30 3a 30 34 22 2c 22 4e |:ac:11:00:04","N|
|00000db0| 65 74 77 6f 72 6b 73 22 3a 7b 22 62 72 69 64 67 |etworks":{"bridg|
|00000dc0| 65 22 3a 7b 22 49 50 41 4d 43 6f 6e 66 69 67 22 |e":{"IPAMConfig"|
|00000dd0| 3a 6e 75 6c 6c 2c 22 4c 69 6e 6b 73 22 3a 6e 75 |:null,"Links":nu|
|00000de0| 6c 6c 2c 22 41 6c 69 61 73 65 73 22 3a 6e 75 6c |ll,"Aliases":nul|
|00000df0| 6c 2c 22 4e 65 74 77 6f 72 6b 49 44 22 3a 22 39 |l,"NetworkID":"9|
|00000e00| 66 65 38 62 39 32 64 61 66 63 30 35 34 34 36 33 |fe8b92dafc054463|
|00000e10| 33 37 39 64 39 34 35 38 61 64 65 37 37 64 35 31 |379d9458ade77d51|
|00000e20| 61 34 61 62 39 30 61 64 31 33 65 35 34 61 65 32 |a4ab90ad13e54ae2|
|00000e30| 31 61 31 38 64 36 35 66 66 32 63 30 37 63 61 22 |1a18d65ff2c07ca"|
|00000e40| 2c 22 45 6e 64 70 6f 69 6e 74 49 44 22 3a 22 34 |,"EndpointID":"4|
|00000e50| 32 66 65 34 36 39 36 33 34 37 32 30 64 39 62 31 |2fe469634720d9b1|
|00000e60| 63 34 39 61 31 61 62 35 30 38 32 37 39 62 65 65 |c49a1ab508279bee|
|00000e70| 63 34 30 64 32 35 38 31 61 33 30 37 39 35 63 34 |c40d2581a30795c4|
|00000e80| 38 33 32 32 38 33 35 35 36 35 32 32 34 66 64 22 |8322835565224fd"|
|00000e90| 2c 22 47 61 74 65 77 61 79 22 3a 22 31 37 32 2e |,"Gateway":"172.|
|00000ea0| 31 37 2e 30 2e 31 22 2c 22 49 50 41 64 64 72 65 |17.0.1","IPAddre|
|00000eb0| 73 73 22 3a 22 31 37 32 2e 31 37 2e 30 2e 34 22 |ss":"172.17.0.4"|
|00000ec0| 2c 22 49 50 50 72 65 66 69 78 4c 65 6e 22 3a 31 |,"IPPrefixLen":1|
|00000ed0| 36 2c 22 49 50 76 36 47 61 74 65 77 61 79 22 3a |6,"IPv6Gateway":|
|00000ee0| 22 22 2c 22 47 6c 6f 62 61 6c 49 50 76 36 41 64 |"","GlobalIPv6Ad|
|00000ef0| 64 72 65 73 73 22 3a 22 22 2c 22 47 6c 6f 62 61 |dress":"","Globa|
|00000f00| 6c 49 50 76 36 50 72 65 66 69 78 4c 65 6e 22 3a |lIPv6PrefixLen":|
|00000f10| 30 2c 22 4d 61 63 41 64 64 72 65 73 73 22 3a 22 |0,"MacAddress":"|
|00000f20| 30 32 3a 34 32 3a 61 63 3a 31 31 3a 30 30 3a 30 |02:42:ac:11:00:0|
|00000f30| 34 22 2c 22 44 72 69 76 65 72 4f 70 74 73 22 3a |4","DriverOpts":|
|00000f40| 6e 75 6c 6c 7d 7d 7d 7d 0a 0d 0a 30 0d 0a 0d 0a |null}}}}...0....|
+--------+-------------------------------------------------+----------------+
2017-11-27 22:09:19.635 DEBUG 24827 --- [rjava-netty-1-4] c.g.d.netty.NettyDockerCmdExecFactory$1  : [id: 0xedfbfa61, L:null - R:/var/run/docker.sock] READ: DefaultHttpContent(data: PooledSlicedByteBuf(ridx: 0, widx: 3913, cap: 3913/3913, unwrapped: PooledUnsafeDirectByteBuf(ridx: 3915, widx: 3920, cap: 16384)), decoderResult: success), 3913B
         +-------------------------------------------------+
         |  0  1  2  3  4  5  6  7  8  9  a  b  c  d  e  f |
+--------+-------------------------------------------------+----------------+
|00000000| 33 30 37 36 66 61 37 65 30 39 31 39 64 62 30 30 |3076fa7e0919db00|
|00000010| 36 36 31 38 32 2f 68 6f 73 74 73 22 2c 22 4c 6f |66182/hosts","Lo|
|00000020| 67 50 61 74 68 22 3a 22 2f 76 61 72 2f 6c 69 62 |gPath":"/var/lib|
|00000030| 2f 64 6f 63 6b 65 72 2f 63 6f 6e 74 61 69 6e 65 |/docker/containe|
|00000040| 72 73 2f 38 64 64 31 64 37 64 33 65 31 65 31 64 |rs/8dd1d7d3e1e1d|
|00000050| 36 62 64 63 63 36 63 32 66 61 66 33 38 64 64 35 |6bdcc6c2faf38dd5|
|00000060| 31 34 31 37 32 62 62 66 33 62 35 31 37 65 33 30 |14172bbf3b517e30|
|00000070| 37 36 66 61 37 65 30 39 31 39 64 62 30 30 36 36 |76fa7e0919db0066|
|00000080| 31 38 32 2f 38 64 64 31 64 37 64 33 65 31 65 31 |182/8dd1d7d3e1e1|
|00000090| 64 36 62 64 63 63 36 63 32 66 61 66 33 38 64 64 |d6bdcc6c2faf38dd|
|000000a0| 35 31 34 31 37 32 62 62 66 33 62 35 31 37 65 33 |514172bbf3b517e3|
|000000b0| 30 37 36 66 61 37 65 30 39 31 39 64 62 30 30 36 |076fa7e0919db006|
|000000c0| 36 31 38 32 2d 6a 73 6f 6e 2e 6c 6f 67 22 2c 22 |6182-json.log","|
|000000d0| 4e 61 6d 65 22 3a 22 2f 74 72 75 73 74 69 6e 67 |Name":"/trusting|
|000000e0| 5f 6e 6f 65 74 68 65 72 22 2c 22 52 65 73 74 61 |_noether","Resta|
|000000f0| 72 74 43 6f 75 6e 74 22 3a 30 2c 22 44 72 69 76 |rtCount":0,"Driv|
|00000100| 65 72 22 3a 22 61 75 66 73 22 2c 22 50 6c 61 74 |er":"aufs","Plat|
|00000110| 66 6f 72 6d 22 3a 22 6c 69 6e 75 78 22 2c 22 4d |form":"linux","M|
|00000120| 6f 75 6e 74 4c 61 62 65 6c 22 3a 22 22 2c 22 50 |ountLabel":"","P|
|00000130| 72 6f 63 65 73 73 4c 61 62 65 6c 22 3a 22 22 2c |rocessLabel":"",|
|00000140| 22 41 70 70 41 72 6d 6f 72 50 72 6f 66 69 6c 65 |"AppArmorProfile|
|00000150| 22 3a 22 22 2c 22 45 78 65 63 49 44 73 22 3a 6e |":"","ExecIDs":n|
|00000160| 75 6c 6c 2c 22 48 6f 73 74 43 6f 6e 66 69 67 22 |ull,"HostConfig"|
|00000170| 3a 7b 22 42 69 6e 64 73 22 3a 5b 5d 2c 22 43 6f |:{"Binds":[],"Co|
|00000180| 6e 74 61 69 6e 65 72 49 44 46 69 6c 65 22 3a 22 |ntainerIDFile":"|
|00000190| 22 2c 22 4c 6f 67 43 6f 6e 66 69 67 22 3a 7b 22 |","LogConfig":{"|
|000001a0| 54 79 70 65 22 3a 22 6a 73 6f 6e 2d 66 69 6c 65 |Type":"json-file|
|000001b0| 22 2c 22 43 6f 6e 66 69 67 22 3a 7b 7d 7d 2c 22 |","Config":{}},"|
|000001c0| 4e 65 74 77 6f 72 6b 4d 6f 64 65 22 3a 22 64 65 |NetworkMode":"de|
|000001d0| 66 61 75 6c 74 22 2c 22 50 6f 72 74 42 69 6e 64 |fault","PortBind|
|000001e0| 69 6e 67 73 22 3a 7b 7d 2c 22 52 65 73 74 61 72 |ings":{},"Restar|
|000001f0| 74 50 6f 6c 69 63 79 22 3a 7b 22 4e 61 6d 65 22 |tPolicy":{"Name"|
|00000200| 3a 22 22 2c 22 4d 61 78 69 6d 75 6d 52 65 74 72 |:"","MaximumRetr|
|00000210| 79 43 6f 75 6e 74 22 3a 30 7d 2c 22 41 75 74 6f |yCount":0},"Auto|
|00000220| 52 65 6d 6f 76 65 22 3a 66 61 6c 73 65 2c 22 56 |Remove":false,"V|
|00000230| 6f 6c 75 6d 65 44 72 69 76 65 72 22 3a 22 22 2c |olumeDriver":"",|
|00000240| 22 56 6f 6c 75 6d 65 73 46 72 6f 6d 22 3a 5b 5d |"VolumesFrom":[]|
|00000250| 2c 22 43 61 70 41 64 64 22 3a 6e 75 6c 6c 2c 22 |,"CapAdd":null,"|
|00000260| 43 61 70 44 72 6f 70 22 3a 6e 75 6c 6c 2c 22 44 |CapDrop":null,"D|
|00000270| 6e 73 22 3a 6e 75 6c 6c 2c 22 44 6e 73 4f 70 74 |ns":null,"DnsOpt|
|00000280| 69 6f 6e 73 22 3a 6e 75 6c 6c 2c 22 44 6e 73 53 |ions":null,"DnsS|
|00000290| 65 61 72 63 68 22 3a 6e 75 6c 6c 2c 22 45 78 74 |earch":null,"Ext|
|000002a0| 72 61 48 6f 73 74 73 22 3a 5b 5d 2c 22 47 72 6f |raHosts":[],"Gro|
|000002b0| 75 70 41 64 64 22 3a 6e 75 6c 6c 2c 22 49 70 63 |upAdd":null,"Ipc|
|000002c0| 4d 6f 64 65 22 3a 22 73 68 61 72 65 61 62 6c 65 |Mode":"shareable|
|000002d0| 22 2c 22 43 67 72 6f 75 70 22 3a 22 22 2c 22 4c |","Cgroup":"","L|
|000002e0| 69 6e 6b 73 22 3a 6e 75 6c 6c 2c 22 4f 6f 6d 53 |inks":null,"OomS|
|000002f0| 63 6f 72 65 41 64 6a 22 3a 30 2c 22 50 69 64 4d |coreAdj":0,"PidM|
|00000300| 6f 64 65 22 3a 22 22 2c 22 50 72 69 76 69 6c 65 |ode":"","Privile|
|00000310| 67 65 64 22 3a 66 61 6c 73 65 2c 22 50 75 62 6c |ged":false,"Publ|
|00000320| 69 73 68 41 6c 6c 50 6f 72 74 73 22 3a 74 72 75 |ishAllPorts":tru|
|00000330| 65 2c 22 52 65 61 64 6f 6e 6c 79 52 6f 6f 74 66 |e,"ReadonlyRootf|
|00000340| 73 22 3a 66 61 6c 73 65 2c 22 53 65 63 75 72 69 |s":false,"Securi|
|00000350| 74 79 4f 70 74 22 3a 6e 75 6c 6c 2c 22 55 54 53 |tyOpt":null,"UTS|
|00000360| 4d 6f 64 65 22 3a 22 22 2c 22 55 73 65 72 6e 73 |Mode":"","Userns|
|00000370| 4d 6f 64 65 22 3a 22 22 2c 22 53 68 6d 53 69 7a |Mode":"","ShmSiz|
|00000380| 65 22 3a 36 37 31 30 38 38 36 34 2c 22 52 75 6e |e":67108864,"Run|
|00000390| 74 69 6d 65 22 3a 22 72 75 6e 63 22 2c 22 43 6f |time":"runc","Co|
|000003a0| 6e 73 6f 6c 65 53 69 7a 65 22 3a 5b 30 2c 30 5d |nsoleSize":[0,0]|
|000003b0| 2c 22 49 73 6f 6c 61 74 69 6f 6e 22 3a 22 22 2c |,"Isolation":"",|
|000003c0| 22 43 70 75 53 68 61 72 65 73 22 3a 30 2c 22 4d |"CpuShares":0,"M|
|000003d0| 65 6d 6f 72 79 22 3a 30 2c 22 4e 61 6e 6f 43 70 |emory":0,"NanoCp|
|000003e0| 75 73 22 3a 30 2c 22 43 67 72 6f 75 70 50 61 72 |us":0,"CgroupPar|
|000003f0| 65 6e 74 22 3a 22 22 2c 22 42 6c 6b 69 6f 57 65 |ent":"","BlkioWe|
|00000400| 69 67 68 74 22 3a 30 2c 22 42 6c 6b 69 6f 57 65 |ight":0,"BlkioWe|
|00000410| 69 67 68 74 44 65 76 69 63 65 22 3a 6e 75 6c 6c |ightDevice":null|
|00000420| 2c 22 42 6c 6b 69 6f 44 65 76 69 63 65 52 65 61 |,"BlkioDeviceRea|
|00000430| 64 42 70 73 22 3a 6e 75 6c 6c 2c 22 42 6c 6b 69 |dBps":null,"Blki|
|00000440| 6f 44 65 76 69 63 65 57 72 69 74 65 42 70 73 22 |oDeviceWriteBps"|
|00000450| 3a 6e 75 6c 6c 2c 22 42 6c 6b 69 6f 44 65 76 69 |:null,"BlkioDevi|
|00000460| 63 65 52 65 61 64 49 4f 70 73 22 3a 6e 75 6c 6c |ceReadIOps":null|
|00000470| 2c 22 42 6c 6b 69 6f 44 65 76 69 63 65 57 72 69 |,"BlkioDeviceWri|
|00000480| 74 65 49 4f 70 73 22 3a 6e 75 6c 6c 2c 22 43 70 |teIOps":null,"Cp|
|00000490| 75 50 65 72 69 6f 64 22 3a 30 2c 22 43 70 75 51 |uPeriod":0,"CpuQ|
|000004a0| 75 6f 74 61 22 3a 30 2c 22 43 70 75 52 65 61 6c |uota":0,"CpuReal|
|000004b0| 74 69 6d 65 50 65 72 69 6f 64 22 3a 30 2c 22 43 |timePeriod":0,"C|
|000004c0| 70 75 52 65 61 6c 74 69 6d 65 52 75 6e 74 69 6d |puRealtimeRuntim|
|000004d0| 65 22 3a 30 2c 22 43 70 75 73 65 74 43 70 75 73 |e":0,"CpusetCpus|
|000004e0| 22 3a 22 22 2c 22 43 70 75 73 65 74 4d 65 6d 73 |":"","CpusetMems|
|000004f0| 22 3a 22 22 2c 22 44 65 76 69 63 65 73 22 3a 6e |":"","Devices":n|
|00000500| 75 6c 6c 2c 22 44 65 76 69 63 65 43 67 72 6f 75 |ull,"DeviceCgrou|
|00000510| 70 52 75 6c 65 73 22 3a 6e 75 6c 6c 2c 22 44 69 |pRules":null,"Di|
|00000520| 73 6b 51 75 6f 74 61 22 3a 30 2c 22 4b 65 72 6e |skQuota":0,"Kern|
|00000530| 65 6c 4d 65 6d 6f 72 79 22 3a 30 2c 22 4d 65 6d |elMemory":0,"Mem|
|00000540| 6f 72 79 52 65 73 65 72 76 61 74 69 6f 6e 22 3a |oryReservation":|
|00000550| 30 2c 22 4d 65 6d 6f 72 79 53 77 61 70 22 3a 30 |0,"MemorySwap":0|
|00000560| 2c 22 4d 65 6d 6f 72 79 53 77 61 70 70 69 6e 65 |,"MemorySwappine|
|00000570| 73 73 22 3a 6e 75 6c 6c 2c 22 4f 6f 6d 4b 69 6c |ss":null,"OomKil|
|00000580| 6c 44 69 73 61 62 6c 65 22 3a 66 61 6c 73 65 2c |lDisable":false,|
|00000590| 22 50 69 64 73 4c 69 6d 69 74 22 3a 30 2c 22 55 |"PidsLimit":0,"U|
|000005a0| 6c 69 6d 69 74 73 22 3a 6e 75 6c 6c 2c 22 43 70 |limits":null,"Cp|
|000005b0| 75 43 6f 75 6e 74 22 3a 30 2c 22 43 70 75 50 65 |uCount":0,"CpuPe|
|000005c0| 72 63 65 6e 74 22 3a 30 2c 22 49 4f 4d 61 78 69 |rcent":0,"IOMaxi|
|000005d0| 6d 75 6d 49 4f 70 73 22 3a 30 2c 22 49 4f 4d 61 |mumIOps":0,"IOMa|
|000005e0| 78 69 6d 75 6d 42 61 6e 64 77 69 64 74 68 22 3a |ximumBandwidth":|
|000005f0| 30 7d 2c 22 47 72 61 70 68 44 72 69 76 65 72 22 |0},"GraphDriver"|
|00000600| 3a 7b 22 44 61 74 61 22 3a 6e 75 6c 6c 2c 22 4e |:{"Data":null,"N|
|00000610| 61 6d 65 22 3a 22 61 75 66 73 22 7d 2c 22 4d 6f |ame":"aufs"},"Mo|
|00000620| 75 6e 74 73 22 3a 5b 7b 22 54 79 70 65 22 3a 22 |unts":[{"Type":"|
|00000630| 76 6f 6c 75 6d 65 22 2c 22 4e 61 6d 65 22 3a 22 |volume","Name":"|
|00000640| 63 61 61 30 64 33 34 38 36 34 62 62 64 35 34 35 |caa0d34864bbd545|
|00000650| 30 32 36 62 38 36 65 35 32 34 34 30 66 65 66 37 |026b86e52440fef7|
|00000660| 36 34 35 32 37 31 62 33 30 61 37 39 34 30 62 39 |645271b30a7940b9|
|00000670| 38 32 31 62 63 63 66 64 63 36 31 66 64 63 32 39 |821bccfdc61fdc29|
|00000680| 22 2c 22 53 6f 75 72 63 65 22 3a 22 2f 76 61 72 |","Source":"/var|
|00000690| 2f 6c 69 62 2f 64 6f 63 6b 65 72 2f 76 6f 6c 75 |/lib/docker/volu|
|000006a0| 6d 65 73 2f 63 61 61 30 64 33 34 38 36 34 62 62 |mes/caa0d34864bb|
|000006b0| 64 35 34 35 30 32 36 62 38 36 65 35 32 34 34 30 |d545026b86e52440|
|000006c0| 66 65 66 37 36 34 35 32 37 31 62 33 30 61 37 39 |fef7645271b30a79|
|000006d0| 34 30 62 39 38 32 31 62 63 63 66 64 63 36 31 66 |40b9821bccfdc61f|
|000006e0| 64 63 32 39 2f 5f 64 61 74 61 22 2c 22 44 65 73 |dc29/_data","Des|
|000006f0| 74 69 6e 61 74 69 6f 6e 22 3a 22 2f 76 61 72 2f |tination":"/var/|
|00000700| 6c 69 62 2f 72 61 62 62 69 74 6d 71 22 2c 22 44 |lib/rabbitmq","D|
|00000710| 72 69 76 65 72 22 3a 22 6c 6f 63 61 6c 22 2c 22 |river":"local","|
|00000720| 4d 6f 64 65 22 3a 22 22 2c 22 52 57 22 3a 74 72 |Mode":"","RW":tr|
|00000730| 75 65 2c 22 50 72 6f 70 61 67 61 74 69 6f 6e 22 |ue,"Propagation"|
|00000740| 3a 22 22 7d 5d 2c 22 43 6f 6e 66 69 67 22 3a 7b |:""}],"Config":{|
|00000750| 22 48 6f 73 74 6e 61 6d 65 22 3a 22 38 64 64 31 |"Hostname":"8dd1|
|00000760| 64 37 64 33 65 31 65 31 22 2c 22 44 6f 6d 61 69 |d7d3e1e1","Domai|
|00000770| 6e 6e 61 6d 65 22 3a 22 22 2c 22 55 73 65 72 22 |nname":"","User"|
|00000780| 3a 22 22 2c 22 41 74 74 61 63 68 53 74 64 69 6e |:"","AttachStdin|
|00000790| 22 3a 66 61 6c 73 65 2c 22 41 74 74 61 63 68 53 |":false,"AttachS|
|000007a0| 74 64 6f 75 74 22 3a 66 61 6c 73 65 2c 22 41 74 |tdout":false,"At|
|000007b0| 74 61 63 68 53 74 64 65 72 72 22 3a 66 61 6c 73 |tachStderr":fals|
|000007c0| 65 2c 22 45 78 70 6f 73 65 64 50 6f 72 74 73 22 |e,"ExposedPorts"|
|000007d0| 3a 7b 22 32 35 36 37 32 2f 74 63 70 22 3a 7b 7d |:{"25672/tcp":{}|
|000007e0| 2c 22 34 33 36 39 2f 74 63 70 22 3a 7b 7d 2c 22 |,"4369/tcp":{},"|
|000007f0| 35 36 37 31 2f 74 63 70 22 3a 7b 7d 2c 22 35 36 |5671/tcp":{},"56|
|00000800| 37 32 2f 74 63 70 22 3a 7b 7d 7d 2c 22 54 74 79 |72/tcp":{}},"Tty|
|00000810| 22 3a 66 61 6c 73 65 2c 22 4f 70 65 6e 53 74 64 |":false,"OpenStd|
|00000820| 69 6e 22 3a 66 61 6c 73 65 2c 22 53 74 64 69 6e |in":false,"Stdin|
|00000830| 4f 6e 63 65 22 3a 66 61 6c 73 65 2c 22 45 6e 76 |Once":false,"Env|
|00000840| 22 3a 5b 22 52 41 42 42 49 54 4d 51 5f 55 53 45 |":["RABBITMQ_USE|
|00000850| 52 3d 67 75 65 73 74 22 2c 22 52 41 42 42 49 54 |R=guest","RABBIT|
|00000860| 4d 51 5f 50 41 53 53 57 4f 52 44 3d 67 75 65 73 |MQ_PASSWORD=gues|
|00000870| 74 22 2c 22 6e 6f 5f 70 72 6f 78 79 3d 2a 2e 6c |t","no_proxy=*.l|
|00000880| 6f 63 61 6c 2c 20 31 36 39 2e 32 35 34 2f 31 36 |ocal, 169.254/16|
|00000890| 22 2c 22 50 41 54 48 3d 2f 75 73 72 2f 6c 69 62 |","PATH=/usr/lib|
|000008a0| 2f 72 61 62 62 69 74 6d 71 2f 62 69 6e 3a 2f 75 |/rabbitmq/bin:/u|
|000008b0| 73 72 2f 6c 6f 63 61 6c 2f 73 62 69 6e 3a 2f 75 |sr/local/sbin:/u|
|000008c0| 73 72 2f 6c 6f 63 61 6c 2f 62 69 6e 3a 2f 75 73 |sr/local/bin:/us|
|000008d0| 72 2f 73 62 69 6e 3a 2f 75 73 72 2f 62 69 6e 3a |r/sbin:/usr/bin:|
|000008e0| 2f 73 62 69 6e 3a 2f 62 69 6e 22 2c 22 47 4f 53 |/sbin:/bin","GOS|
|000008f0| 55 5f 56 45 52 53 49 4f 4e 3d 31 2e 31 30 22 2c |U_VERSION=1.10",|
|00000900| 22 52 41 42 42 49 54 4d 51 5f 4c 4f 47 53 3d 2d |"RABBITMQ_LOGS=-|
|00000910| 22 2c 22 52 41 42 42 49 54 4d 51 5f 53 41 53 4c |","RABBITMQ_SASL|
|00000920| 5f 4c 4f 47 53 3d 2d 22 2c 22 52 41 42 42 49 54 |_LOGS=-","RABBIT|
|00000930| 4d 51 5f 47 50 47 5f 4b 45 59 3d 30 41 39 41 46 |MQ_GPG_KEY=0A9AF|
|00000940| 32 31 31 35 46 34 36 38 37 42 44 32 39 38 30 33 |2115F4687BD29803|
|00000950| 41 32 30 36 42 37 33 41 33 36 45 36 30 32 36 44 |A206B73A36E6026D|
|00000960| 46 43 41 22 2c 22 52 41 42 42 49 54 4d 51 5f 56 |FCA","RABBITMQ_V|
|00000970| 45 52 53 49 4f 4e 3d 33 2e 36 2e 31 34 22 2c 22 |ERSION=3.6.14","|
|00000980| 52 41 42 42 49 54 4d 51 5f 47 49 54 48 55 42 5f |RABBITMQ_GITHUB_|
|00000990| 54 41 47 3d 72 61 62 62 69 74 6d 71 5f 76 33 5f |TAG=rabbitmq_v3_|
|000009a0| 36 5f 31 34 22 2c 22 52 41 42 42 49 54 4d 51 5f |6_14","RABBITMQ_|
|000009b0| 44 45 42 49 41 4e 5f 56 45 52 53 49 4f 4e 3d 33 |DEBIAN_VERSION=3|
|000009c0| 2e 36 2e 31 34 2d 31 22 2c 22 48 4f 4d 45 3d 2f |.6.14-1","HOME=/|
|000009d0| 76 61 72 2f 6c 69 62 2f 72 61 62 62 69 74 6d 71 |var/lib/rabbitmq|
|000009e0| 22 5d 2c 22 43 6d 64 22 3a 5b 22 72 61 62 62 69 |"],"Cmd":["rabbi|
|000009f0| 74 6d 71 2d 73 65 72 76 65 72 22 5d 2c 22 41 72 |tmq-server"],"Ar|
|00000a00| 67 73 45 73 63 61 70 65 64 22 3a 74 72 75 65 2c |gsEscaped":true,|
|00000a10| 22 49 6d 61 67 65 22 3a 22 72 61 62 62 69 74 6d |"Image":"rabbitm|
|00000a20| 71 3a 33 2e 36 2e 31 34 22 2c 22 56 6f 6c 75 6d |q:3.6.14","Volum|
|00000a30| 65 73 22 3a 7b 22 2f 76 61 72 2f 6c 69 62 2f 72 |es":{"/var/lib/r|
|00000a40| 61 62 62 69 74 6d 71 22 3a 7b 7d 7d 2c 22 57 6f |abbitmq":{}},"Wo|
|00000a50| 72 6b 69 6e 67 44 69 72 22 3a 22 22 2c 22 45 6e |rkingDir":"","En|
|00000a60| 74 72 79 70 6f 69 6e 74 22 3a 5b 22 64 6f 63 6b |trypoint":["dock|
|00000a70| 65 72 2d 65 6e 74 72 79 70 6f 69 6e 74 2e 73 68 |er-entrypoint.sh|
|00000a80| 22 5d 2c 22 4f 6e 42 75 69 6c 64 22 3a 6e 75 6c |"],"OnBuild":nul|
|00000a90| 6c 2c 22 4c 61 62 65 6c 73 22 3a 7b 22 6f 72 67 |l,"Labels":{"org|
|00000aa0| 2e 74 65 73 74 63 6f 6e 74 61 69 6e 65 72 73 22 |.testcontainers"|
|00000ab0| 3a 22 74 72 75 65 22 7d 7d 2c 22 4e 65 74 77 6f |:"true"}},"Netwo|
|00000ac0| 72 6b 53 65 74 74 69 6e 67 73 22 3a 7b 22 42 72 |rkSettings":{"Br|
|00000ad0| 69 64 67 65 22 3a 22 22 2c 22 53 61 6e 64 62 6f |idge":"","Sandbo|
|00000ae0| 78 49 44 22 3a 22 32 31 32 33 36 38 30 61 37 38 |xID":"2123680a78|
|00000af0| 36 31 32 37 30 39 66 39 64 32 32 32 39 66 39 62 |612709f9d2229f9b|
|00000b00| 34 30 39 66 33 62 30 35 62 61 63 65 65 39 61 65 |409f3b05bacee9ae|
|00000b10| 34 35 32 39 38 31 66 30 64 64 33 36 32 30 65 61 |452981f0dd3620ea|
|00000b20| 61 33 33 64 64 61 22 2c 22 48 61 69 72 70 69 6e |a33dda","Hairpin|
|00000b30| 4d 6f 64 65 22 3a 66 61 6c 73 65 2c 22 4c 69 6e |Mode":false,"Lin|
|00000b40| 6b 4c 6f 63 61 6c 49 50 76 36 41 64 64 72 65 73 |kLocalIPv6Addres|
|00000b50| 73 22 3a 22 22 2c 22 4c 69 6e 6b 4c 6f 63 61 6c |s":"","LinkLocal|
|00000b60| 49 50 76 36 50 72 65 66 69 78 4c 65 6e 22 3a 30 |IPv6PrefixLen":0|
|00000b70| 2c 22 50 6f 72 74 73 22 3a 7b 22 32 35 36 37 32 |,"Ports":{"25672|
|00000b80| 2f 74 63 70 22 3a 5b 7b 22 48 6f 73 74 49 70 22 |/tcp":[{"HostIp"|
|00000b90| 3a 22 30 2e 30 2e 30 2e 30 22 2c 22 48 6f 73 74 |:"0.0.0.0","Host|
|00000ba0| 50 6f 72 74 22 3a 22 33 32 39 37 30 22 7d 5d 2c |Port":"32970"}],|
|00000bb0| 22 34 33 36 39 2f 74 63 70 22 3a 5b 7b 22 48 6f |"4369/tcp":[{"Ho|
|00000bc0| 73 74 49 70 22 3a 22 30 2e 30 2e 30 2e 30 22 2c |stIp":"0.0.0.0",|
|00000bd0| 22 48 6f 73 74 50 6f 72 74 22 3a 22 33 32 39 37 |"HostPort":"3297|
|00000be0| 33 22 7d 5d 2c 22 35 36 37 31 2f 74 63 70 22 3a |3"}],"5671/tcp":|
|00000bf0| 5b 7b 22 48 6f 73 74 49 70 22 3a 22 30 2e 30 2e |[{"HostIp":"0.0.|
|00000c00| 30 2e 30 22 2c 22 48 6f 73 74 50 6f 72 74 22 3a |0.0","HostPort":|
|00000c10| 22 33 32 39 37 32 22 7d 5d 2c 22 35 36 37 32 2f |"32972"}],"5672/|
|00000c20| 74 63 70 22 3a 5b 7b 22 48 6f 73 74 49 70 22 3a |tcp":[{"HostIp":|
|00000c30| 22 30 2e 30 2e 30 2e 30 22 2c 22 48 6f 73 74 50 |"0.0.0.0","HostP|
|00000c40| 6f 72 74 22 3a 22 33 32 39 37 31 22 7d 5d 7d 2c |ort":"32971"}]},|
|00000c50| 22 53 61 6e 64 62 6f 78 4b 65 79 22 3a 22 2f 76 |"SandboxKey":"/v|
|00000c60| 61 72 2f 72 75 6e 2f 64 6f 63 6b 65 72 2f 6e 65 |ar/run/docker/ne|
|00000c70| 74 6e 73 2f 32 31 32 33 36 38 30 61 37 38 36 31 |tns/2123680a7861|
|00000c80| 22 2c 22 53 65 63 6f 6e 64 61 72 79 49 50 41 64 |","SecondaryIPAd|
|00000c90| 64 72 65 73 73 65 73 22 3a 6e 75 6c 6c 2c 22 53 |dresses":null,"S|
|00000ca0| 65 63 6f 6e 64 61 72 79 49 50 76 36 41 64 64 72 |econdaryIPv6Addr|
|00000cb0| 65 73 73 65 73 22 3a 6e 75 6c 6c 2c 22 45 6e 64 |esses":null,"End|
|00000cc0| 70 6f 69 6e 74 49 44 22 3a 22 34 32 66 65 34 36 |pointID":"42fe46|
|00000cd0| 39 36 33 34 37 32 30 64 39 62 31 63 34 39 61 31 |9634720d9b1c49a1|
|00000ce0| 61 62 35 30 38 32 37 39 62 65 65 63 34 30 64 32 |ab508279beec40d2|
|00000cf0| 35 38 31 61 33 30 37 39 35 63 34 38 33 32 32 38 |581a30795c483228|
|00000d00| 33 35 35 36 35 32 32 34 66 64 22 2c 22 47 61 74 |35565224fd","Gat|
|00000d10| 65 77 61 79 22 3a 22 31 37 32 2e 31 37 2e 30 2e |eway":"172.17.0.|
|00000d20| 31 22 2c 22 47 6c 6f 62 61 6c 49 50 76 36 41 64 |1","GlobalIPv6Ad|
|00000d30| 64 72 65 73 73 22 3a 22 22 2c 22 47 6c 6f 62 61 |dress":"","Globa|
|00000d40| 6c 49 50 76 36 50 72 65 66 69 78 4c 65 6e 22 3a |lIPv6PrefixLen":|
|00000d50| 30 2c 22 49 50 41 64 64 72 65 73 73 22 3a 22 31 |0,"IPAddress":"1|
|00000d60| 37 32 2e 31 37 2e 30 2e 34 22 2c 22 49 50 50 72 |72.17.0.4","IPPr|
|00000d70| 65 66 69 78 4c 65 6e 22 3a 31 36 2c 22 49 50 76 |efixLen":16,"IPv|
|00000d80| 36 47 61 74 65 77 61 79 22 3a 22 22 2c 22 4d 61 |6Gateway":"","Ma|
|00000d90| 63 41 64 64 72 65 73 73 22 3a 22 30 32 3a 34 32 |cAddress":"02:42|
|00000da0| 3a 61 63 3a 31 31 3a 30 30 3a 30 34 22 2c 22 4e |:ac:11:00:04","N|
|00000db0| 65 74 77 6f 72 6b 73 22 3a 7b 22 62 72 69 64 67 |etworks":{"bridg|
|00000dc0| 65 22 3a 7b 22 49 50 41 4d 43 6f 6e 66 69 67 22 |e":{"IPAMConfig"|
|00000dd0| 3a 6e 75 6c 6c 2c 22 4c 69 6e 6b 73 22 3a 6e 75 |:null,"Links":nu|
|00000de0| 6c 6c 2c 22 41 6c 69 61 73 65 73 22 3a 6e 75 6c |ll,"Aliases":nul|
|00000df0| 6c 2c 22 4e 65 74 77 6f 72 6b 49 44 22 3a 22 39 |l,"NetworkID":"9|
|00000e00| 66 65 38 62 39 32 64 61 66 63 30 35 34 34 36 33 |fe8b92dafc054463|
|00000e10| 33 37 39 64 39 34 35 38 61 64 65 37 37 64 35 31 |379d9458ade77d51|
|00000e20| 61 34 61 62 39 30 61 64 31 33 65 35 34 61 65 32 |a4ab90ad13e54ae2|
|00000e30| 31 61 31 38 64 36 35 66 66 32 63 30 37 63 61 22 |1a18d65ff2c07ca"|
|00000e40| 2c 22 45 6e 64 70 6f 69 6e 74 49 44 22 3a 22 34 |,"EndpointID":"4|
|00000e50| 32 66 65 34 36 39 36 33 34 37 32 30 64 39 62 31 |2fe469634720d9b1|
|00000e60| 63 34 39 61 31 61 62 35 30 38 32 37 39 62 65 65 |c49a1ab508279bee|
|00000e70| 63 34 30 64 32 35 38 31 61 33 30 37 39 35 63 34 |c40d2581a30795c4|
|00000e80| 38 33 32 32 38 33 35 35 36 35 32 32 34 66 64 22 |8322835565224fd"|
|00000e90| 2c 22 47 61 74 65 77 61 79 22 3a 22 31 37 32 2e |,"Gateway":"172.|
|00000ea0| 31 37 2e 30 2e 31 22 2c 22 49 50 41 64 64 72 65 |17.0.1","IPAddre|
|00000eb0| 73 73 22 3a 22 31 37 32 2e 31 37 2e 30 2e 34 22 |ss":"172.17.0.4"|
|00000ec0| 2c 22 49 50 50 72 65 66 69 78 4c 65 6e 22 3a 31 |,"IPPrefixLen":1|
|00000ed0| 36 2c 22 49 50 76 36 47 61 74 65 77 61 79 22 3a |6,"IPv6Gateway":|
|00000ee0| 22 22 2c 22 47 6c 6f 62 61 6c 49 50 76 36 41 64 |"","GlobalIPv6Ad|
|00000ef0| 64 72 65 73 73 22 3a 22 22 2c 22 47 6c 6f 62 61 |dress":"","Globa|
|00000f00| 6c 49 50 76 36 50 72 65 66 69 78 4c 65 6e 22 3a |lIPv6PrefixLen":|
|00000f10| 30 2c 22 4d 61 63 41 64 64 72 65 73 73 22 3a 22 |0,"MacAddress":"|
|00000f20| 30 32 3a 34 32 3a 61 63 3a 31 31 3a 30 30 3a 30 |02:42:ac:11:00:0|
|00000f30| 34 22 2c 22 44 72 69 76 65 72 4f 70 74 73 22 3a |4","DriverOpts":|
|00000f40| 6e 75 6c 6c 7d 7d 7d 7d 0a                      |null}}}}.       |
+--------+-------------------------------------------------+----------------+
2017-11-27 22:09:19.636 DEBUG 24827 --- [rjava-netty-1-4] c.g.d.netty.NettyDockerCmdExecFactory$1  : [id: 0xedfbfa61, L:null - R:/var/run/docker.sock] READ, EmptyLastHttpContent, 0B
2017-11-27 22:09:19.637 DEBUG 24827 --- [rjava-netty-1-4] c.g.d.netty.NettyDockerCmdExecFactory$1  : [id: 0xedfbfa61, L:null - R:/var/run/docker.sock] CLOSE
2017-11-27 22:09:19.637 DEBUG 24827 --- [rjava-netty-1-4] xecFactory$UnixDomainSocketInitializer$3 : [id: 0xedfbfa61, L:null - R:/var/run/docker.sock] CLOSE
2017-11-27 22:09:19.637 DEBUG 24827 --- [rjava-netty-1-4] xecFactory$UnixDomainSocketInitializer$3 : [id: 0xedfbfa61, L:null ! R:/var/run/docker.sock] READ COMPLETE
2017-11-27 22:09:19.637 DEBUG 24827 --- [rjava-netty-1-4] c.g.d.netty.NettyDockerCmdExecFactory$1  : [id: 0xedfbfa61, L:null ! R:/var/run/docker.sock] READ COMPLETE
2017-11-27 22:09:19.637 DEBUG 24827 --- [pool-1-thread-1] c.g.d.core.command.AbstrDockerCmd        : Cmd: 8dd1d7d3e1e1d6bdcc6c2faf38dd514172bbf3b517e3076fa7e0919db0066182,<null>,true,true,<null>,<null>,{/bin/bash,-c,</dev/tcp/localhost/4369 && echo TESTCONTAINERS_SUCCESS},com.github.dockerjava.netty.exec.ExecCreateCmdExec@7b377ab2
2017-11-27 22:09:19.638 DEBUG 24827 --- [rjava-netty-1-4] xecFactory$UnixDomainSocketInitializer$3 : [id: 0xedfbfa61, L:null ! R:/var/run/docker.sock] INACTIVE
2017-11-27 22:09:19.638 DEBUG 24827 --- [rjava-netty-1-4] c.g.d.netty.NettyDockerCmdExecFactory$1  : [id: 0xedfbfa61, L:null ! R:/var/run/docker.sock] INACTIVE
2017-11-27 22:09:19.638 DEBUG 24827 --- [rjava-netty-1-4] xecFactory$UnixDomainSocketInitializer$3 : [id: 0xedfbfa61, L:null ! R:/var/run/docker.sock] UNREGISTERED
2017-11-27 22:09:19.638 DEBUG 24827 --- [rjava-netty-1-4] c.g.d.netty.NettyDockerCmdExecFactory$1  : [id: 0xedfbfa61, L:null ! R:/var/run/docker.sock] UNREGISTERED
2017-11-27 22:09:19.639 DEBUG 24827 --- [rjava-netty-1-5] xecFactory$UnixDomainSocketInitializer$3 : [id: 0xb97fc536] REGISTERED
2017-11-27 22:09:19.639 DEBUG 24827 --- [rjava-netty-1-5] xecFactory$UnixDomainSocketInitializer$3 : [id: 0xb97fc536] CONNECT: /var/run/docker.sock
2017-11-27 22:09:19.639 DEBUG 24827 --- [rjava-netty-1-5] xecFactory$UnixDomainSocketInitializer$3 : [id: 0xb97fc536, L:null - R:/var/run/docker.sock] ACTIVE
2017-11-27 22:09:19.641 DEBUG 24827 --- [rjava-netty-1-5] c.g.d.netty.NettyDockerCmdExecFactory$1  : [id: 0xb97fc536, L:null - R:/var/run/docker.sock] WRITE: DefaultFullHttpRequest(decodeResult: success, version: HTTP/1.1, content: UnpooledByteBufAllocator$InstrumentedUnpooledUnsafeHeapByteBuf(ridx: 0, widx: 205, cap: 256))
POST /containers/8dd1d7d3e1e1d6bdcc6c2faf38dd514172bbf3b517e3076fa7e0919db0066182/exec HTTP/1.1
content-type: application/json
content-length: 205
host:
connection: keep-alive
accept-encoding: gzip
accept: application/json, 205B
         +-------------------------------------------------+
         |  0  1  2  3  4  5  6  7  8  9  a  b  c  d  e  f |
+--------+-------------------------------------------------+----------------+
|00000000| 7b 22 63 6f 6e 74 61 69 6e 65 72 49 64 22 3a 22 |{"containerId":"|
|00000010| 38 64 64 31 64 37 64 33 65 31 65 31 64 36 62 64 |8dd1d7d3e1e1d6bd|
|00000020| 63 63 36 63 32 66 61 66 33 38 64 64 35 31 34 31 |cc6c2faf38dd5141|
|00000030| 37 32 62 62 66 33 62 35 31 37 65 33 30 37 36 66 |72bbf3b517e3076f|
|00000040| 61 37 65 30 39 31 39 64 62 30 30 36 36 31 38 32 |a7e0919db0066182|
|00000050| 22 2c 22 41 74 74 61 63 68 53 74 64 6f 75 74 22 |","AttachStdout"|
|00000060| 3a 74 72 75 65 2c 22 41 74 74 61 63 68 53 74 64 |:true,"AttachStd|
|00000070| 65 72 72 22 3a 74 72 75 65 2c 22 43 6d 64 22 3a |err":true,"Cmd":|
|00000080| 5b 22 2f 62 69 6e 2f 62 61 73 68 22 2c 22 2d 63 |["/bin/bash","-c|
|00000090| 22 2c 22 3c 2f 64 65 76 2f 74 63 70 2f 6c 6f 63 |","</dev/tcp/loc|
|000000a0| 61 6c 68 6f 73 74 2f 34 33 36 39 20 26 26 20 65 |alhost/4369 && e|
|000000b0| 63 68 6f 20 54 45 53 54 43 4f 4e 54 41 49 4e 45 |cho TESTCONTAINE|
|000000c0| 52 53 5f 53 55 43 43 45 53 53 22 5d 7d          |RS_SUCCESS"]}   |
+--------+-------------------------------------------------+----------------+
2017-11-27 22:09:19.641 DEBUG 24827 --- [rjava-netty-1-5] xecFactory$UnixDomainSocketInitializer$3 : [id: 0xb97fc536, L:null - R:/var/run/docker.sock] WRITE: 233B
         +-------------------------------------------------+
         |  0  1  2  3  4  5  6  7  8  9  a  b  c  d  e  f |
+--------+-------------------------------------------------+----------------+
|00000000| 50 4f 53 54 20 2f 63 6f 6e 74 61 69 6e 65 72 73 |POST /containers|
|00000010| 2f 38 64 64 31 64 37 64 33 65 31 65 31 64 36 62 |/8dd1d7d3e1e1d6b|
|00000020| 64 63 63 36 63 32 66 61 66 33 38 64 64 35 31 34 |dcc6c2faf38dd514|
|00000030| 31 37 32 62 62 66 33 62 35 31 37 65 33 30 37 36 |172bbf3b517e3076|
|00000040| 66 61 37 65 30 39 31 39 64 62 30 30 36 36 31 38 |fa7e0919db006618|
|00000050| 32 2f 65 78 65 63 20 48 54 54 50 2f 31 2e 31 0d |2/exec HTTP/1.1.|
|00000060| 0a 63 6f 6e 74 65 6e 74 2d 74 79 70 65 3a 20 61 |.content-type: a|
|00000070| 70 70 6c 69 63 61 74 69 6f 6e 2f 6a 73 6f 6e 0d |pplication/json.|
|00000080| 0a 63 6f 6e 74 65 6e 74 2d 6c 65 6e 67 74 68 3a |.content-length:|
|00000090| 20 32 30 35 0d 0a 68 6f 73 74 3a 20 0d 0a 63 6f | 205..host: ..co|
|000000a0| 6e 6e 65 63 74 69 6f 6e 3a 20 6b 65 65 70 2d 61 |nnection: keep-a|
|000000b0| 6c 69 76 65 0d 0a 61 63 63 65 70 74 2d 65 6e 63 |live..accept-enc|
|000000c0| 6f 64 69 6e 67 3a 20 67 7a 69 70 0d 0a 61 63 63 |oding: gzip..acc|
|000000d0| 65 70 74 3a 20 61 70 70 6c 69 63 61 74 69 6f 6e |ept: application|
|000000e0| 2f 6a 73 6f 6e 0d 0a 0d 0a                      |/json....       |
+--------+-------------------------------------------------+----------------+
2017-11-27 22:09:19.641 DEBUG 24827 --- [rjava-netty-1-5] xecFactory$UnixDomainSocketInitializer$3 : [id: 0xb97fc536, L:null - R:/var/run/docker.sock] WRITE: 205B
         +-------------------------------------------------+
         |  0  1  2  3  4  5  6  7  8  9  a  b  c  d  e  f |
+--------+-------------------------------------------------+----------------+
|00000000| 7b 22 63 6f 6e 74 61 69 6e 65 72 49 64 22 3a 22 |{"containerId":"|
|00000010| 38 64 64 31 64 37 64 33 65 31 65 31 64 36 62 64 |8dd1d7d3e1e1d6bd|
|00000020| 63 63 36 63 32 66 61 66 33 38 64 64 35 31 34 31 |cc6c2faf38dd5141|
|00000030| 37 32 62 62 66 33 62 35 31 37 65 33 30 37 36 66 |72bbf3b517e3076f|
|00000040| 61 37 65 30 39 31 39 64 62 30 30 36 36 31 38 32 |a7e0919db0066182|
|00000050| 22 2c 22 41 74 74 61 63 68 53 74 64 6f 75 74 22 |","AttachStdout"|
|00000060| 3a 74 72 75 65 2c 22 41 74 74 61 63 68 53 74 64 |:true,"AttachStd|
|00000070| 65 72 72 22 3a 74 72 75 65 2c 22 43 6d 64 22 3a |err":true,"Cmd":|
|00000080| 5b 22 2f 62 69 6e 2f 62 61 73 68 22 2c 22 2d 63 |["/bin/bash","-c|
|00000090| 22 2c 22 3c 2f 64 65 76 2f 74 63 70 2f 6c 6f 63 |","</dev/tcp/loc|
|000000a0| 61 6c 68 6f 73 74 2f 34 33 36 39 20 26 26 20 65 |alhost/4369 && e|
|000000b0| 63 68 6f 20 54 45 53 54 43 4f 4e 54 41 49 4e 45 |cho TESTCONTAINE|
|000000c0| 52 53 5f 53 55 43 43 45 53 53 22 5d 7d          |RS_SUCCESS"]}   |
+--------+-------------------------------------------------+----------------+
2017-11-27 22:09:19.641 DEBUG 24827 --- [rjava-netty-1-5] c.g.d.netty.NettyDockerCmdExecFactory$1  : [id: 0xb97fc536, L:null - R:/var/run/docker.sock] FLUSH
2017-11-27 22:09:19.641 DEBUG 24827 --- [rjava-netty-1-5] xecFactory$UnixDomainSocketInitializer$3 : [id: 0xb97fc536, L:null - R:/var/run/docker.sock] FLUSH
2017-11-27 22:09:19.645 DEBUG 24827 --- [rjava-netty-1-5] xecFactory$UnixDomainSocketInitializer$3 : [id: 0xb97fc536, L:null - R:/var/run/docker.sock] READ: 284B
         +-------------------------------------------------+
         |  0  1  2  3  4  5  6  7  8  9  a  b  c  d  e  f |
+--------+-------------------------------------------------+----------------+
|00000000| 48 54 54 50 2f 31 2e 31 20 32 30 31 20 43 72 65 |HTTP/1.1 201 Cre|
|00000010| 61 74 65 64 0d 0a 41 70 69 2d 56 65 72 73 69 6f |ated..Api-Versio|
|00000020| 6e 3a 20 31 2e 33 32 0d 0a 43 6f 6e 74 65 6e 74 |n: 1.32..Content|
|00000030| 2d 4c 65 6e 67 74 68 3a 20 37 34 0d 0a 43 6f 6e |-Length: 74..Con|
|00000040| 74 65 6e 74 2d 54 79 70 65 3a 20 61 70 70 6c 69 |tent-Type: appli|
|00000050| 63 61 74 69 6f 6e 2f 6a 73 6f 6e 0d 0a 44 61 74 |cation/json..Dat|
|00000060| 65 3a 20 4d 6f 6e 2c 20 32 37 20 4e 6f 76 20 32 |e: Mon, 27 Nov 2|
|00000070| 30 31 37 20 32 31 3a 30 39 3a 31 36 20 47 4d 54 |017 21:09:16 GMT|
|00000080| 0d 0a 44 6f 63 6b 65 72 2d 45 78 70 65 72 69 6d |..Docker-Experim|
|00000090| 65 6e 74 61 6c 3a 20 66 61 6c 73 65 0d 0a 4f 73 |ental: false..Os|
|000000a0| 74 79 70 65 3a 20 6c 69 6e 75 78 0d 0a 53 65 72 |type: linux..Ser|
|000000b0| 76 65 72 3a 20 44 6f 63 6b 65 72 2f 31 37 2e 30 |ver: Docker/17.0|
|000000c0| 39 2e 30 2d 63 65 20 28 6c 69 6e 75 78 29 0d 0a |9.0-ce (linux)..|
|000000d0| 0d 0a 7b 22 49 64 22 3a 22 34 36 65 64 30 38 30 |..{"Id":"46ed080|
|000000e0| 65 62 39 38 39 38 39 31 66 63 32 34 30 34 32 61 |eb989891fc24042a|
|000000f0| 62 30 38 30 37 36 32 30 34 31 36 32 37 38 61 33 |b0807620416278a3|
|00000100| 33 31 65 65 30 35 61 38 62 34 63 61 65 32 62 37 |31ee05a8b4cae2b7|
|00000110| 34 34 66 32 37 66 61 34 38 22 7d 0a             |44f27fa48"}.    |
+--------+-------------------------------------------------+----------------+
2017-11-27 22:09:19.645 DEBUG 24827 --- [rjava-netty-1-5] c.g.d.netty.NettyDockerCmdExecFactory$1  : [id: 0xb97fc536, L:null - R:/var/run/docker.sock] READ: DefaultHttpResponse(decodeResult: success, version: HTTP/1.1)
HTTP/1.1 201 Created
Api-Version: 1.32
Content-Length: 74
Content-Type: application/json
Date: Mon, 27 Nov 2017 21:09:16 GMT
Docker-Experimental: false
Ostype: linux
Server: Docker/17.09.0-ce (linux)
2017-11-27 22:09:19.646 DEBUG 24827 --- [rjava-netty-1-5] c.g.d.netty.NettyDockerCmdExecFactory$1  : [id: 0xb97fc536, L:null - R:/var/run/docker.sock] READ: DefaultLastHttpContent(data: PooledSlicedByteBuf(ridx: 0, widx: 74, cap: 74/74, unwrapped: PooledUnsafeDirectByteBuf(ridx: 284, widx: 284, cap: 1024)), decoderResult: success), 74B
         +-------------------------------------------------+
         |  0  1  2  3  4  5  6  7  8  9  a  b  c  d  e  f |
+--------+-------------------------------------------------+----------------+
|00000000| 7b 22 49 64 22 3a 22 34 36 65 64 30 38 30 65 62 |{"Id":"46ed080eb|
|00000010| 39 38 39 38 39 31 66 63 32 34 30 34 32 61 62 30 |989891fc24042ab0|
|00000020| 38 30 37 36 32 30 34 31 36 32 37 38 61 33 33 31 |807620416278a331|
|00000030| 65 65 30 35 61 38 62 34 63 61 65 32 62 37 34 34 |ee05a8b4cae2b744|
|00000040| 66 32 37 66 61 34 38 22 7d 0a                   |f27fa48"}.      |
+--------+-------------------------------------------------+----------------+
2017-11-27 22:09:19.646 DEBUG 24827 --- [rjava-netty-1-5] c.g.d.netty.NettyDockerCmdExecFactory$1  : [id: 0xb97fc536, L:null - R:/var/run/docker.sock] CLOSE
2017-11-27 22:09:19.646 DEBUG 24827 --- [rjava-netty-1-5] xecFactory$UnixDomainSocketInitializer$3 : [id: 0xb97fc536, L:null - R:/var/run/docker.sock] CLOSE
2017-11-27 22:09:19.646 DEBUG 24827 --- [rjava-netty-1-5] xecFactory$UnixDomainSocketInitializer$3 : [id: 0xb97fc536, L:null ! R:/var/run/docker.sock] READ COMPLETE
2017-11-27 22:09:19.646 DEBUG 24827 --- [rjava-netty-1-5] c.g.d.netty.NettyDockerCmdExecFactory$1  : [id: 0xb97fc536, L:null ! R:/var/run/docker.sock] READ COMPLETE
2017-11-27 22:09:19.646 DEBUG 24827 --- [rjava-netty-1-5] xecFactory$UnixDomainSocketInitializer$3 : [id: 0xb97fc536, L:null ! R:/var/run/docker.sock] INACTIVE
2017-11-27 22:09:19.646 DEBUG 24827 --- [rjava-netty-1-5] c.g.d.netty.NettyDockerCmdExecFactory$1  : [id: 0xb97fc536, L:null ! R:/var/run/docker.sock] INACTIVE
2017-11-27 22:09:19.646 DEBUG 24827 --- [rjava-netty-1-5] xecFactory$UnixDomainSocketInitializer$3 : [id: 0xb97fc536, L:null ! R:/var/run/docker.sock] UNREGISTERED
2017-11-27 22:09:19.646 DEBUG 24827 --- [rjava-netty-1-5] c.g.d.netty.NettyDockerCmdExecFactory$1  : [id: 0xb97fc536, L:null ! R:/var/run/docker.sock] UNREGISTERED
2017-11-27 22:09:19.647 DEBUG 24827 --- [rjava-netty-1-6] xecFactory$UnixDomainSocketInitializer$3 : [id: 0x5199f534] REGISTERED
2017-11-27 22:09:19.647 DEBUG 24827 --- [rjava-netty-1-6] xecFactory$UnixDomainSocketInitializer$3 : [id: 0x5199f534] CONNECT: /var/run/docker.sock
2017-11-27 22:09:19.647 DEBUG 24827 --- [rjava-netty-1-6] xecFactory$UnixDomainSocketInitializer$3 : [id: 0x5199f534, L:null - R:/var/run/docker.sock] ACTIVE
2017-11-27 22:09:19.648 DEBUG 24827 --- [rjava-netty-1-6] c.g.d.netty.NettyDockerCmdExecFactory$1  : [id: 0x5199f534, L:null - R:/var/run/docker.sock] WRITE: DefaultFullHttpRequest(decodeResult: success, version: HTTP/1.1, content: UnpooledByteBufAllocator$InstrumentedUnpooledUnsafeHeapByteBuf(ridx: 0, widx: 2, cap: 64))
POST /exec/46ed080eb989891fc24042ab0807620416278a331ee05a8b4cae2b744f27fa48/start HTTP/1.1
content-type: application/json
content-length: 2
host:
accept-encoding: gzip
accept: application/json
upgrade: tcp
connection: upgrade, 2B
         +-------------------------------------------------+
         |  0  1  2  3  4  5  6  7  8  9  a  b  c  d  e  f |
+--------+-------------------------------------------------+----------------+
|00000000| 7b 7d                                           |{}              |
+--------+-------------------------------------------------+----------------+
2017-11-27 22:09:19.648 DEBUG 24827 --- [rjava-netty-1-6] xecFactory$UnixDomainSocketInitializer$3 : [id: 0x5199f534, L:null - R:/var/run/docker.sock] WRITE: 239B
         +-------------------------------------------------+
         |  0  1  2  3  4  5  6  7  8  9  a  b  c  d  e  f |
+--------+-------------------------------------------------+----------------+
|00000000| 50 4f 53 54 20 2f 65 78 65 63 2f 34 36 65 64 30 |POST /exec/46ed0|
|00000010| 38 30 65 62 39 38 39 38 39 31 66 63 32 34 30 34 |80eb989891fc2404|
|00000020| 32 61 62 30 38 30 37 36 32 30 34 31 36 32 37 38 |2ab0807620416278|
|00000030| 61 33 33 31 65 65 30 35 61 38 62 34 63 61 65 32 |a331ee05a8b4cae2|
|00000040| 62 37 34 34 66 32 37 66 61 34 38 2f 73 74 61 72 |b744f27fa48/star|
|00000050| 74 20 48 54 54 50 2f 31 2e 31 0d 0a 63 6f 6e 74 |t HTTP/1.1..cont|
|00000060| 65 6e 74 2d 74 79 70 65 3a 20 61 70 70 6c 69 63 |ent-type: applic|
|00000070| 61 74 69 6f 6e 2f 6a 73 6f 6e 0d 0a 63 6f 6e 74 |ation/json..cont|
|00000080| 65 6e 74 2d 6c 65 6e 67 74 68 3a 20 32 0d 0a 68 |ent-length: 2..h|
|00000090| 6f 73 74 3a 20 0d 0a 61 63 63 65 70 74 2d 65 6e |ost: ..accept-en|
|000000a0| 63 6f 64 69 6e 67 3a 20 67 7a 69 70 0d 0a 61 63 |coding: gzip..ac|
|000000b0| 63 65 70 74 3a 20 61 70 70 6c 69 63 61 74 69 6f |cept: applicatio|
|000000c0| 6e 2f 6a 73 6f 6e 0d 0a 75 70 67 72 61 64 65 3a |n/json..upgrade:|
|000000d0| 20 74 63 70 0d 0a 63 6f 6e 6e 65 63 74 69 6f 6e | tcp..connection|
|000000e0| 3a 20 75 70 67 72 61 64 65 0d 0a 0d 0a 7b 7d    |: upgrade....{} |
+--------+-------------------------------------------------+----------------+
2017-11-27 22:09:19.648 DEBUG 24827 --- [rjava-netty-1-6] c.g.d.netty.NettyDockerCmdExecFactory$1  : [id: 0x5199f534, L:null - R:/var/run/docker.sock] FLUSH
2017-11-27 22:09:19.648 DEBUG 24827 --- [rjava-netty-1-6] xecFactory$UnixDomainSocketInitializer$3 : [id: 0x5199f534, L:null - R:/var/run/docker.sock] FLUSH
2017-11-27 22:09:19.652 DEBUG 24827 --- [rjava-netty-1-6] xecFactory$UnixDomainSocketInitializer$3 : [id: 0x5199f534, L:null - R:/var/run/docker.sock] READ: 254B
         +-------------------------------------------------+
         |  0  1  2  3  4  5  6  7  8  9  a  b  c  d  e  f |
+--------+-------------------------------------------------+----------------+
|00000000| 48 54 54 50 2f 31 2e 31 20 31 30 31 20 53 77 69 |HTTP/1.1 101 Swi|
|00000010| 74 63 68 69 6e 67 20 50 72 6f 74 6f 63 6f 6c 73 |tching Protocols|
|00000020| 0d 0a 41 70 69 2d 56 65 72 73 69 6f 6e 3a 20 31 |..Api-Version: 1|
|00000030| 2e 33 32 0d 0a 43 6f 6e 6e 65 63 74 69 6f 6e 3a |.32..Connection:|
|00000040| 20 55 70 67 72 61 64 65 0d 0a 43 6f 6e 74 65 6e | Upgrade..Conten|
|00000050| 74 2d 54 79 70 65 3a 20 61 70 70 6c 69 63 61 74 |t-Type: applicat|
|00000060| 69 6f 6e 2f 76 6e 64 2e 64 6f 63 6b 65 72 2e 72 |ion/vnd.docker.r|
|00000070| 61 77 2d 73 74 72 65 61 6d 0d 0a 44 6f 63 6b 65 |aw-stream..Docke|
|00000080| 72 2d 45 78 70 65 72 69 6d 65 6e 74 61 6c 3a 20 |r-Experimental: |
|00000090| 66 61 6c 73 65 0d 0a 4f 73 74 79 70 65 3a 20 6c |false..Ostype: l|
|000000a0| 69 6e 75 78 0d 0a 53 65 72 76 65 72 3a 20 44 6f |inux..Server: Do|
|000000b0| 63 6b 65 72 2f 31 37 2e 30 39 2e 30 2d 63 65 20 |cker/17.09.0-ce |
|000000c0| 28 6c 69 6e 75 78 29 0d 0a 55 70 67 72 61 64 65 |(linux)..Upgrade|
|000000d0| 3a 20 74 63 70 0d 0a 44 61 74 65 3a 20 4d 6f 6e |: tcp..Date: Mon|
|000000e0| 2c 20 32 37 20 4e 6f 76 20 32 30 31 37 20 32 31 |, 27 Nov 2017 21|
|000000f0| 3a 30 39 3a 31 39 20 47 4d 54 0d 0a 0d 0a       |:09:19 GMT....  |
+--------+-------------------------------------------------+----------------+
2017-11-27 22:09:19.653 DEBUG 24827 --- [rjava-netty-1-6] c.g.d.netty.NettyDockerCmdExecFactory$1  : [id: 0x5199f534, L:null - R:/var/run/docker.sock] READ: DefaultHttpResponse(decodeResult: success, version: HTTP/1.1)
HTTP/1.1 101 Switching Protocols
Api-Version: 1.32
Connection: Upgrade
Content-Type: application/vnd.docker.raw-stream
Docker-Experimental: false
Ostype: linux
Server: Docker/17.09.0-ce (linux)
Upgrade: tcp
Date: Mon, 27 Nov 2017 21:09:19 GMT
2017-11-27 22:09:19.653 DEBUG 24827 --- [rjava-netty-1-6] c.g.d.netty.NettyDockerCmdExecFactory$1  : [id: 0x5199f534, L:null - R:/var/run/docker.sock] READ, EmptyLastHttpContent, 0B
2017-11-27 22:09:19.653 DEBUG 24827 --- [rjava-netty-1-6] xecFactory$UnixDomainSocketInitializer$3 : [id: 0x5199f534, L:null - R:/var/run/docker.sock] READ COMPLETE
2017-11-27 22:09:19.653 DEBUG 24827 --- [rjava-netty-1-6] c.g.d.netty.NettyDockerCmdExecFactory$1  : [id: 0x5199f534, L:null - R:/var/run/docker.sock] READ COMPLETE
2017-11-27 22:09:19.768 DEBUG 24827 --- [rjava-netty-1-6] xecFactory$UnixDomainSocketInitializer$3 : [id: 0x5199f534, L:null - R:/var/run/docker.sock] READ: 128B
         +-------------------------------------------------+
         |  0  1  2  3  4  5  6  7  8  9  a  b  c  d  e  f |
+--------+-------------------------------------------------+----------------+
|00000000| 02 00 00 00 00 00 00 78 2f 62 69 6e 2f 62 61 73 |.......x/bin/bas|
|00000010| 68 3a 20 63 6f 6e 6e 65 63 74 3a 20 43 61 6e 6e |h: connect: Cann|
|00000020| 6f 74 20 61 73 73 69 67 6e 20 72 65 71 75 65 73 |ot assign reques|
|00000030| 74 65 64 20 61 64 64 72 65 73 73 0a 2f 62 69 6e |ted address./bin|
|00000040| 2f 62 61 73 68 3a 20 2f 64 65 76 2f 74 63 70 2f |/bash: /dev/tcp/|
|00000050| 6c 6f 63 61 6c 68 6f 73 74 2f 34 33 36 39 3a 20 |localhost/4369: |
|00000060| 43 61 6e 6e 6f 74 20 61 73 73 69 67 6e 20 72 65 |Cannot assign re|
|00000070| 71 75 65 73 74 65 64 20 61 64 64 72 65 73 73 0a |quested address.|
+--------+-------------------------------------------------+----------------+
2017-11-27 22:09:19.769 DEBUG 24827 --- [rjava-netty-1-6] c.g.d.netty.NettyDockerCmdExecFactory$1  : [id: 0x5199f534, L:null - R:/var/run/docker.sock] READ: 128B
         +-------------------------------------------------+
         |  0  1  2  3  4  5  6  7  8  9  a  b  c  d  e  f |
+--------+-------------------------------------------------+----------------+
|00000000| 02 00 00 00 00 00 00 78 2f 62 69 6e 2f 62 61 73 |.......x/bin/bas|
|00000010| 68 3a 20 63 6f 6e 6e 65 63 74 3a 20 43 61 6e 6e |h: connect: Cann|
|00000020| 6f 74 20 61 73 73 69 67 6e 20 72 65 71 75 65 73 |ot assign reques|
|00000030| 74 65 64 20 61 64 64 72 65 73 73 0a 2f 62 69 6e |ted address./bin|
|00000040| 2f 62 61 73 68 3a 20 2f 64 65 76 2f 74 63 70 2f |/bash: /dev/tcp/|
|00000050| 6c 6f 63 61 6c 68 6f 73 74 2f 34 33 36 39 3a 20 |localhost/4369: |
|00000060| 43 61 6e 6e 6f 74 20 61 73 73 69 67 6e 20 72 65 |Cannot assign re|
|00000070| 71 75 65 73 74 65 64 20 61 64 64 72 65 73 73 0a |quested address.|
+--------+-------------------------------------------------+----------------+
2017-11-27 22:09:19.769 DEBUG 24827 --- [rjava-netty-1-6] xecFactory$UnixDomainSocketInitializer$3 : [id: 0x5199f534, L:null - R:/var/run/docker.sock] READ COMPLETE
2017-11-27 22:09:19.769 DEBUG 24827 --- [rjava-netty-1-6] c.g.d.netty.NettyDockerCmdExecFactory$1  : [id: 0x5199f534, L:null - R:/var/run/docker.sock] READ COMPLETE
2017-11-27 22:09:19.769 DEBUG 24827 --- [rjava-netty-1-6] xecFactory$UnixDomainSocketInitializer$3 : [id: 0x5199f534, L:null - R:/var/run/docker.sock] READ COMPLETE
2017-11-27 22:09:19.769 DEBUG 24827 --- [rjava-netty-1-6] c.g.d.netty.NettyDockerCmdExecFactory$1  : [id: 0x5199f534, L:null - R:/var/run/docker.sock] READ COMPLETE
2017-11-27 22:09:19.770 DEBUG 24827 --- [rjava-netty-1-6] c.g.d.netty.NettyDockerCmdExecFactory$1  : [id: 0x5199f534, L:null ! R:/var/run/docker.sock] CLOSE
2017-11-27 22:09:19.770 DEBUG 24827 --- [rjava-netty-1-6] xecFactory$UnixDomainSocketInitializer$3 : [id: 0x5199f534, L:null ! R:/var/run/docker.sock] CLOSE
2017-11-27 22:09:19.770 DEBUG 24827 --- [rjava-netty-1-6] xecFactory$UnixDomainSocketInitializer$3 : [id: 0x5199f534, L:null ! R:/var/run/docker.sock] INACTIVE
2017-11-27 22:09:19.770 DEBUG 24827 --- [rjava-netty-1-6] c.g.d.netty.NettyDockerCmdExecFactory$1  : [id: 0x5199f534, L:null ! R:/var/run/docker.sock] INACTIVE
2017-11-27 22:09:19.770 DEBUG 24827 --- [rjava-netty-1-6] xecFactory$UnixDomainSocketInitializer$3 : [id: 0x5199f534, L:null ! R:/var/run/docker.sock] UNREGISTERED
2017-11-27 22:09:19.770 DEBUG 24827 --- [rjava-netty-1-6] c.g.d.netty.NettyDockerCmdExecFactory$1  : [id: 0x5199f534, L:null ! R:/var/run/docker.sock] UNREGISTERED
2017-11-27 22:09:20.773 DEBUG 24827 --- [pool-1-thread-1] c.g.d.core.command.AbstrDockerCmd        : Cmd: 8dd1d7d3e1e1d6bdcc6c2faf38dd514172bbf3b517e3076fa7e0919db0066182,false,com.github.dockerjava.netty.exec.InspectContainerCmdExec@7032ba7f
2017-11-27 22:09:20.774 DEBUG 24827 --- [pool-1-thread-1] c.g.d.n.exec.InspectContainerCmdExec     : GET: com.github.dockerjava.netty.WebTarget@985707a9
2017-11-27 22:09:20.775 DEBUG 24827 --- [rjava-netty-1-7] xecFactory$UnixDomainSocketInitializer$3 : [id: 0xd5f91b6f] REGISTERED
2017-11-27 22:09:20.776 DEBUG 24827 --- [rjava-netty-1-7] xecFactory$UnixDomainSocketInitializer$3 : [id: 0xd5f91b6f] CONNECT: /var/run/docker.sock
2017-11-27 22:09:20.776 DEBUG 24827 --- [rjava-netty-1-7] xecFactory$UnixDomainSocketInitializer$3 : [id: 0xd5f91b6f, L:null - R:/var/run/docker.sock] ACTIVE
2017-11-27 22:09:20.777 DEBUG 24827 --- [rjava-netty-1-7] c.g.d.netty.NettyDockerCmdExecFactory$1  : [id: 0xd5f91b6f, L:null - R:/var/run/docker.sock] WRITE, DefaultFullHttpRequest(decodeResult: success, version: HTTP/1.1, content: UnpooledByteBufAllocator$InstrumentedUnpooledUnsafeHeapByteBuf(ridx: 0, widx: 0, cap: 0))
GET /containers/8dd1d7d3e1e1d6bdcc6c2faf38dd514172bbf3b517e3076fa7e0919db0066182/json HTTP/1.1
host:
connection: keep-alive
accept-encoding: gzip
accept: application/json, 0B
2017-11-27 22:09:20.777 DEBUG 24827 --- [rjava-netty-1-7] xecFactory$UnixDomainSocketInitializer$3 : [id: 0xd5f91b6f, L:null - R:/var/run/docker.sock] WRITE: 179B
         +-------------------------------------------------+
         |  0  1  2  3  4  5  6  7  8  9  a  b  c  d  e  f |
+--------+-------------------------------------------------+----------------+
|00000000| 47 45 54 20 2f 63 6f 6e 74 61 69 6e 65 72 73 2f |GET /containers/|
|00000010| 38 64 64 31 64 37 64 33 65 31 65 31 64 36 62 64 |8dd1d7d3e1e1d6bd|
|00000020| 63 63 36 63 32 66 61 66 33 38 64 64 35 31 34 31 |cc6c2faf38dd5141|
|00000030| 37 32 62 62 66 33 62 35 31 37 65 33 30 37 36 66 |72bbf3b517e3076f|
|00000040| 61 37 65 30 39 31 39 64 62 30 30 36 36 31 38 32 |a7e0919db0066182|
|00000050| 2f 6a 73 6f 6e 20 48 54 54 50 2f 31 2e 31 0d 0a |/json HTTP/1.1..|
|00000060| 68 6f 73 74 3a 20 0d 0a 63 6f 6e 6e 65 63 74 69 |host: ..connecti|
|00000070| 6f 6e 3a 20 6b 65 65 70 2d 61 6c 69 76 65 0d 0a |on: keep-alive..|
|00000080| 61 63 63 65 70 74 2d 65 6e 63 6f 64 69 6e 67 3a |accept-encoding:|
|00000090| 20 67 7a 69 70 0d 0a 61 63 63 65 70 74 3a 20 61 | gzip..accept: a|
|000000a0| 70 70 6c 69 63 61 74 69 6f 6e 2f 6a 73 6f 6e 0d |pplication/json.|
|000000b0| 0a 0d 0a                                        |...             |
+--------+-------------------------------------------------+----------------+
2017-11-27 22:09:20.777 DEBUG 24827 --- [rjava-netty-1-7] c.g.d.netty.NettyDockerCmdExecFactory$1  : [id: 0xd5f91b6f, L:null - R:/var/run/docker.sock] FLUSH
2017-11-27 22:09:20.777 DEBUG 24827 --- [rjava-netty-1-7] xecFactory$UnixDomainSocketInitializer$3 : [id: 0xd5f91b6f, L:null - R:/var/run/docker.sock] FLUSH
2017-11-27 22:09:20.781 DEBUG 24827 --- [rjava-netty-1-7] xecFactory$UnixDomainSocketInitializer$3 : [id: 0xd5f91b6f, L:null - R:/var/run/docker.sock] READ: 1024B
         +-------------------------------------------------+
         |  0  1  2  3  4  5  6  7  8  9  a  b  c  d  e  f |
+--------+-------------------------------------------------+----------------+
|00000000| 48 54 54 50 2f 31 2e 31 20 32 30 30 20 4f 4b 0d |HTTP/1.1 200 OK.|
|00000010| 0a 41 70 69 2d 56 65 72 73 69 6f 6e 3a 20 31 2e |.Api-Version: 1.|
|00000020| 33 32 0d 0a 43 6f 6e 74 65 6e 74 2d 54 79 70 65 |32..Content-Type|
|00000030| 3a 20 61 70 70 6c 69 63 61 74 69 6f 6e 2f 6a 73 |: application/js|
|00000040| 6f 6e 0d 0a 44 61 74 65 3a 20 4d 6f 6e 2c 20 32 |on..Date: Mon, 2|
|00000050| 37 20 4e 6f 76 20 32 30 31 37 20 32 31 3a 30 39 |7 Nov 2017 21:09|
|00000060| 3a 31 37 20 47 4d 54 0d 0a 44 6f 63 6b 65 72 2d |:17 GMT..Docker-|
|00000070| 45 78 70 65 72 69 6d 65 6e 74 61 6c 3a 20 66 61 |Experimental: fa|
|00000080| 6c 73 65 0d 0a 4f 73 74 79 70 65 3a 20 6c 69 6e |lse..Ostype: lin|
|00000090| 75 78 0d 0a 53 65 72 76 65 72 3a 20 44 6f 63 6b |ux..Server: Dock|
|000000a0| 65 72 2f 31 37 2e 30 39 2e 30 2d 63 65 20 28 6c |er/17.09.0-ce (l|
|000000b0| 69 6e 75 78 29 0d 0a 54 72 61 6e 73 66 65 72 2d |inux)..Transfer-|
|000000c0| 45 6e 63 6f 64 69 6e 67 3a 20 63 68 75 6e 6b 65 |Encoding: chunke|
|000000d0| 64 0d 0a 0d 0a 31 32 36 65 0d 0a 7b 22 49 64 22 |d....126e..{"Id"|
|000000e0| 3a 22 38 64 64 31 64 37 64 33 65 31 65 31 64 36 |:"8dd1d7d3e1e1d6|
|000000f0| 62 64 63 63 36 63 32 66 61 66 33 38 64 64 35 31 |bdcc6c2faf38dd51|
|00000100| 34 31 37 32 62 62 66 33 62 35 31 37 65 33 30 37 |4172bbf3b517e307|
|00000110| 36 66 61 37 65 30 39 31 39 64 62 30 30 36 36 31 |6fa7e0919db00661|
|00000120| 38 32 22 2c 22 43 72 65 61 74 65 64 22 3a 22 32 |82","Created":"2|
|00000130| 30 31 37 2d 31 31 2d 32 37 54 32 31 3a 30 39 3a |017-11-27T21:09:|
|00000140| 31 35 2e 33 32 38 36 33 37 36 38 32 5a 22 2c 22 |15.328637682Z","|
|00000150| 50 61 74 68 22 3a 22 64 6f 63 6b 65 72 2d 65 6e |Path":"docker-en|
|00000160| 74 72 79 70 6f 69 6e 74 2e 73 68 22 2c 22 41 72 |trypoint.sh","Ar|
|00000170| 67 73 22 3a 5b 22 72 61 62 62 69 74 6d 71 2d 73 |gs":["rabbitmq-s|
|00000180| 65 72 76 65 72 22 5d 2c 22 53 74 61 74 65 22 3a |erver"],"State":|
|00000190| 7b 22 53 74 61 74 75 73 22 3a 22 72 75 6e 6e 69 |{"Status":"runni|
|000001a0| 6e 67 22 2c 22 52 75 6e 6e 69 6e 67 22 3a 74 72 |ng","Running":tr|
|000001b0| 75 65 2c 22 50 61 75 73 65 64 22 3a 66 61 6c 73 |ue,"Paused":fals|
|000001c0| 65 2c 22 52 65 73 74 61 72 74 69 6e 67 22 3a 66 |e,"Restarting":f|
|000001d0| 61 6c 73 65 2c 22 4f 4f 4d 4b 69 6c 6c 65 64 22 |alse,"OOMKilled"|
|000001e0| 3a 66 61 6c 73 65 2c 22 44 65 61 64 22 3a 66 61 |:false,"Dead":fa|
|000001f0| 6c 73 65 2c 22 50 69 64 22 3a 31 36 34 37 34 2c |lse,"Pid":16474,|
|00000200| 22 45 78 69 74 43 6f 64 65 22 3a 30 2c 22 45 72 |"ExitCode":0,"Er|
|00000210| 72 6f 72 22 3a 22 22 2c 22 53 74 61 72 74 65 64 |ror":"","Started|
|00000220| 41 74 22 3a 22 32 30 31 37 2d 31 31 2d 32 37 54 |At":"2017-11-27T|
|00000230| 32 31 3a 30 39 3a 31 36 2e 30 34 35 35 37 38 30 |21:09:16.0455780|
|00000240| 34 39 5a 22 2c 22 46 69 6e 69 73 68 65 64 41 74 |49Z","FinishedAt|
|00000250| 22 3a 22 30 30 30 31 2d 30 31 2d 30 31 54 30 30 |":"0001-01-01T00|
|00000260| 3a 30 30 3a 30 30 5a 22 7d 2c 22 49 6d 61 67 65 |:00:00Z"},"Image|
|00000270| 22 3a 22 73 68 61 32 35 36 3a 37 39 61 30 30 38 |":"sha256:79a008|
|00000280| 62 32 35 39 36 32 65 31 61 31 34 33 65 30 32 62 |b25962e1a143e02b|
|00000290| 33 37 31 38 37 66 38 35 35 63 62 32 32 34 65 32 |37187f855cb224e2|
|000002a0| 32 30 33 62 39 34 63 63 39 66 38 37 65 38 31 66 |203b94cc9f87e81f|
|000002b0| 65 32 37 35 36 36 30 63 39 64 22 2c 22 52 65 73 |e275660c9d","Res|
|000002c0| 6f 6c 76 43 6f 6e 66 50 61 74 68 22 3a 22 2f 76 |olvConfPath":"/v|
|000002d0| 61 72 2f 6c 69 62 2f 64 6f 63 6b 65 72 2f 63 6f |ar/lib/docker/co|
|000002e0| 6e 74 61 69 6e 65 72 73 2f 38 64 64 31 64 37 64 |ntainers/8dd1d7d|
|000002f0| 33 65 31 65 31 64 36 62 64 63 63 36 63 32 66 61 |3e1e1d6bdcc6c2fa|
|00000300| 66 33 38 64 64 35 31 34 31 37 32 62 62 66 33 62 |f38dd514172bbf3b|
|00000310| 35 31 37 65 33 30 37 36 66 61 37 65 30 39 31 39 |517e3076fa7e0919|
|00000320| 64 62 30 30 36 36 31 38 32 2f 72 65 73 6f 6c 76 |db0066182/resolv|
|00000330| 2e 63 6f 6e 66 22 2c 22 48 6f 73 74 6e 61 6d 65 |.conf","Hostname|
|00000340| 50 61 74 68 22 3a 22 2f 76 61 72 2f 6c 69 62 2f |Path":"/var/lib/|
|00000350| 64 6f 63 6b 65 72 2f 63 6f 6e 74 61 69 6e 65 72 |docker/container|
|00000360| 73 2f 38 64 64 31 64 37 64 33 65 31 65 31 64 36 |s/8dd1d7d3e1e1d6|
|00000370| 62 64 63 63 36 63 32 66 61 66 33 38 64 64 35 31 |bdcc6c2faf38dd51|
|00000380| 34 31 37 32 62 62 66 33 62 35 31 37 65 33 30 37 |4172bbf3b517e307|
|00000390| 36 66 61 37 65 30 39 31 39 64 62 30 30 36 36 31 |6fa7e0919db00661|
|000003a0| 38 32 2f 68 6f 73 74 6e 61 6d 65 22 2c 22 48 6f |82/hostname","Ho|
|000003b0| 73 74 73 50 61 74 68 22 3a 22 2f 76 61 72 2f 6c |stsPath":"/var/l|
|000003c0| 69 62 2f 64 6f 63 6b 65 72 2f 63 6f 6e 74 61 69 |ib/docker/contai|
|000003d0| 6e 65 72 73 2f 38 64 64 31 64 37 64 33 65 31 65 |ners/8dd1d7d3e1e|
|000003e0| 31 64 36 62 64 63 63 36 63 32 66 61 66 33 38 64 |1d6bdcc6c2faf38d|
|000003f0| 64 35 31 34 31 37 32 62 62 66 33 62 35 31 37 65 |d514172bbf3b517e|
+--------+-------------------------------------------------+----------------+
2017-11-27 22:09:20.781 DEBUG 24827 --- [rjava-netty-1-7] c.g.d.netty.NettyDockerCmdExecFactory$1  : [id: 0xd5f91b6f, L:null - R:/var/run/docker.sock] READ: DefaultHttpResponse(decodeResult: success, version: HTTP/1.1)
HTTP/1.1 200 OK
Api-Version: 1.32
Content-Type: application/json
Date: Mon, 27 Nov 2017 21:09:17 GMT
Docker-Experimental: false
Ostype: linux
Server: Docker/17.09.0-ce (linux)
Transfer-Encoding: chunked
2017-11-27 22:09:20.781 DEBUG 24827 --- [rjava-netty-1-7] c.g.d.netty.NettyDockerCmdExecFactory$1  : [id: 0xd5f91b6f, L:null - R:/var/run/docker.sock] READ: DefaultHttpContent(data: PooledSlicedByteBuf(ridx: 0, widx: 805, cap: 805/805, unwrapped: PooledUnsafeDirectByteBuf(ridx: 1024, widx: 1024, cap: 1024)), decoderResult: success), 805B
         +-------------------------------------------------+
         |  0  1  2  3  4  5  6  7  8  9  a  b  c  d  e  f |
+--------+-------------------------------------------------+----------------+
|00000000| 7b 22 49 64 22 3a 22 38 64 64 31 64 37 64 33 65 |{"Id":"8dd1d7d3e|
|00000010| 31 65 31 64 36 62 64 63 63 36 63 32 66 61 66 33 |1e1d6bdcc6c2faf3|
|00000020| 38 64 64 35 31 34 31 37 32 62 62 66 33 62 35 31 |8dd514172bbf3b51|
|00000030| 37 65 33 30 37 36 66 61 37 65 30 39 31 39 64 62 |7e3076fa7e0919db|
|00000040| 30 30 36 36 31 38 32 22 2c 22 43 72 65 61 74 65 |0066182","Create|
|00000050| 64 22 3a 22 32 30 31 37 2d 31 31 2d 32 37 54 32 |d":"2017-11-27T2|
|00000060| 31 3a 30 39 3a 31 35 2e 33 32 38 36 33 37 36 38 |1:09:15.32863768|
|00000070| 32 5a 22 2c 22 50 61 74 68 22 3a 22 64 6f 63 6b |2Z","Path":"dock|
|00000080| 65 72 2d 65 6e 74 72 79 70 6f 69 6e 74 2e 73 68 |er-entrypoint.sh|
|00000090| 22 2c 22 41 72 67 73 22 3a 5b 22 72 61 62 62 69 |","Args":["rabbi|
|000000a0| 74 6d 71 2d 73 65 72 76 65 72 22 5d 2c 22 53 74 |tmq-server"],"St|
|000000b0| 61 74 65 22 3a 7b 22 53 74 61 74 75 73 22 3a 22 |ate":{"Status":"|
|000000c0| 72 75 6e 6e 69 6e 67 22 2c 22 52 75 6e 6e 69 6e |running","Runnin|
|000000d0| 67 22 3a 74 72 75 65 2c 22 50 61 75 73 65 64 22 |g":true,"Paused"|
|000000e0| 3a 66 61 6c 73 65 2c 22 52 65 73 74 61 72 74 69 |:false,"Restarti|
|000000f0| 6e 67 22 3a 66 61 6c 73 65 2c 22 4f 4f 4d 4b 69 |ng":false,"OOMKi|
|00000100| 6c 6c 65 64 22 3a 66 61 6c 73 65 2c 22 44 65 61 |lled":false,"Dea|
|00000110| 64 22 3a 66 61 6c 73 65 2c 22 50 69 64 22 3a 31 |d":false,"Pid":1|
|00000120| 36 34 37 34 2c 22 45 78 69 74 43 6f 64 65 22 3a |6474,"ExitCode":|
|00000130| 30 2c 22 45 72 72 6f 72 22 3a 22 22 2c 22 53 74 |0,"Error":"","St|
|00000140| 61 72 74 65 64 41 74 22 3a 22 32 30 31 37 2d 31 |artedAt":"2017-1|
|00000150| 31 2d 32 37 54 32 31 3a 30 39 3a 31 36 2e 30 34 |1-27T21:09:16.04|
|00000160| 35 35 37 38 30 34 39 5a 22 2c 22 46 69 6e 69 73 |5578049Z","Finis|
|00000170| 68 65 64 41 74 22 3a 22 30 30 30 31 2d 30 31 2d |hedAt":"0001-01-|
|00000180| 30 31 54 30 30 3a 30 30 3a 30 30 5a 22 7d 2c 22 |01T00:00:00Z"},"|
|00000190| 49 6d 61 67 65 22 3a 22 73 68 61 32 35 36 3a 37 |Image":"sha256:7|
|000001a0| 39 61 30 30 38 62 32 35 39 36 32 65 31 61 31 34 |9a008b25962e1a14|
|000001b0| 33 65 30 32 62 33 37 31 38 37 66 38 35 35 63 62 |3e02b37187f855cb|
|000001c0| 32 32 34 65 32 32 30 33 62 39 34 63 63 39 66 38 |224e2203b94cc9f8|
|000001d0| 37 65 38 31 66 65 32 37 35 36 36 30 63 39 64 22 |7e81fe275660c9d"|
|000001e0| 2c 22 52 65 73 6f 6c 76 43 6f 6e 66 50 61 74 68 |,"ResolvConfPath|
|000001f0| 22 3a 22 2f 76 61 72 2f 6c 69 62 2f 64 6f 63 6b |":"/var/lib/dock|
|00000200| 65 72 2f 63 6f 6e 74 61 69 6e 65 72 73 2f 38 64 |er/containers/8d|
|00000210| 64 31 64 37 64 33 65 31 65 31 64 36 62 64 63 63 |d1d7d3e1e1d6bdcc|
|00000220| 36 63 32 66 61 66 33 38 64 64 35 31 34 31 37 32 |6c2faf38dd514172|
|00000230| 62 62 66 33 62 35 31 37 65 33 30 37 36 66 61 37 |bbf3b517e3076fa7|
|00000240| 65 30 39 31 39 64 62 30 30 36 36 31 38 32 2f 72 |e0919db0066182/r|
|00000250| 65 73 6f 6c 76 2e 63 6f 6e 66 22 2c 22 48 6f 73 |esolv.conf","Hos|
|00000260| 74 6e 61 6d 65 50 61 74 68 22 3a 22 2f 76 61 72 |tnamePath":"/var|
|00000270| 2f 6c 69 62 2f 64 6f 63 6b 65 72 2f 63 6f 6e 74 |/lib/docker/cont|
|00000280| 61 69 6e 65 72 73 2f 38 64 64 31 64 37 64 33 65 |ainers/8dd1d7d3e|
|00000290| 31 65 31 64 36 62 64 63 63 36 63 32 66 61 66 33 |1e1d6bdcc6c2faf3|
|000002a0| 38 64 64 35 31 34 31 37 32 62 62 66 33 62 35 31 |8dd514172bbf3b51|
|000002b0| 37 65 33 30 37 36 66 61 37 65 30 39 31 39 64 62 |7e3076fa7e0919db|
|000002c0| 30 30 36 36 31 38 32 2f 68 6f 73 74 6e 61 6d 65 |0066182/hostname|
|000002d0| 22 2c 22 48 6f 73 74 73 50 61 74 68 22 3a 22 2f |","HostsPath":"/|
|000002e0| 76 61 72 2f 6c 69 62 2f 64 6f 63 6b 65 72 2f 63 |var/lib/docker/c|
|000002f0| 6f 6e 74 61 69 6e 65 72 73 2f 38 64 64 31 64 37 |ontainers/8dd1d7|
|00000300| 64 33 65 31 65 31 64 36 62 64 63 63 36 63 32 66 |d3e1e1d6bdcc6c2f|
|00000310| 61 66 33 38 64 64 35 31 34 31 37 32 62 62 66 33 |af38dd514172bbf3|
|00000320| 62 35 31 37 65                                  |b517e           |
+--------+-------------------------------------------------+----------------+
2017-11-27 22:09:20.781 DEBUG 24827 --- [rjava-netty-1-7] xecFactory$UnixDomainSocketInitializer$3 : [id: 0xd5f91b6f, L:null - R:/var/run/docker.sock] READ COMPLETE
2017-11-27 22:09:20.781 DEBUG 24827 --- [rjava-netty-1-7] c.g.d.netty.NettyDockerCmdExecFactory$1  : [id: 0xd5f91b6f, L:null - R:/var/run/docker.sock] READ COMPLETE
2017-11-27 22:09:20.781 DEBUG 24827 --- [rjava-netty-1-7] xecFactory$UnixDomainSocketInitializer$3 : [id: 0xd5f91b6f, L:null - R:/var/run/docker.sock] READ: 3920B
         +-------------------------------------------------+
         |  0  1  2  3  4  5  6  7  8  9  a  b  c  d  e  f |
+--------+-------------------------------------------------+----------------+
|00000000| 33 30 37 36 66 61 37 65 30 39 31 39 64 62 30 30 |3076fa7e0919db00|
|00000010| 36 36 31 38 32 2f 68 6f 73 74 73 22 2c 22 4c 6f |66182/hosts","Lo|
|00000020| 67 50 61 74 68 22 3a 22 2f 76 61 72 2f 6c 69 62 |gPath":"/var/lib|
|00000030| 2f 64 6f 63 6b 65 72 2f 63 6f 6e 74 61 69 6e 65 |/docker/containe|
|00000040| 72 73 2f 38 64 64 31 64 37 64 33 65 31 65 31 64 |rs/8dd1d7d3e1e1d|
|00000050| 36 62 64 63 63 36 63 32 66 61 66 33 38 64 64 35 |6bdcc6c2faf38dd5|
|00000060| 31 34 31 37 32 62 62 66 33 62 35 31 37 65 33 30 |14172bbf3b517e30|
|00000070| 37 36 66 61 37 65 30 39 31 39 64 62 30 30 36 36 |76fa7e0919db0066|
|00000080| 31 38 32 2f 38 64 64 31 64 37 64 33 65 31 65 31 |182/8dd1d7d3e1e1|
|00000090| 64 36 62 64 63 63 36 63 32 66 61 66 33 38 64 64 |d6bdcc6c2faf38dd|
|000000a0| 35 31 34 31 37 32 62 62 66 33 62 35 31 37 65 33 |514172bbf3b517e3|
|000000b0| 30 37 36 66 61 37 65 30 39 31 39 64 62 30 30 36 |076fa7e0919db006|
|000000c0| 36 31 38 32 2d 6a 73 6f 6e 2e 6c 6f 67 22 2c 22 |6182-json.log","|
|000000d0| 4e 61 6d 65 22 3a 22 2f 74 72 75 73 74 69 6e 67 |Name":"/trusting|
|000000e0| 5f 6e 6f 65 74 68 65 72 22 2c 22 52 65 73 74 61 |_noether","Resta|
|000000f0| 72 74 43 6f 75 6e 74 22 3a 30 2c 22 44 72 69 76 |rtCount":0,"Driv|
|00000100| 65 72 22 3a 22 61 75 66 73 22 2c 22 50 6c 61 74 |er":"aufs","Plat|
|00000110| 66 6f 72 6d 22 3a 22 6c 69 6e 75 78 22 2c 22 4d |form":"linux","M|
|00000120| 6f 75 6e 74 4c 61 62 65 6c 22 3a 22 22 2c 22 50 |ountLabel":"","P|
|00000130| 72 6f 63 65 73 73 4c 61 62 65 6c 22 3a 22 22 2c |rocessLabel":"",|
|00000140| 22 41 70 70 41 72 6d 6f 72 50 72 6f 66 69 6c 65 |"AppArmorProfile|
|00000150| 22 3a 22 22 2c 22 45 78 65 63 49 44 73 22 3a 6e |":"","ExecIDs":n|
|00000160| 75 6c 6c 2c 22 48 6f 73 74 43 6f 6e 66 69 67 22 |ull,"HostConfig"|
|00000170| 3a 7b 22 42 69 6e 64 73 22 3a 5b 5d 2c 22 43 6f |:{"Binds":[],"Co|
|00000180| 6e 74 61 69 6e 65 72 49 44 46 69 6c 65 22 3a 22 |ntainerIDFile":"|
|00000190| 22 2c 22 4c 6f 67 43 6f 6e 66 69 67 22 3a 7b 22 |","LogConfig":{"|
|000001a0| 54 79 70 65 22 3a 22 6a 73 6f 6e 2d 66 69 6c 65 |Type":"json-file|
|000001b0| 22 2c 22 43 6f 6e 66 69 67 22 3a 7b 7d 7d 2c 22 |","Config":{}},"|
|000001c0| 4e 65 74 77 6f 72 6b 4d 6f 64 65 22 3a 22 64 65 |NetworkMode":"de|
|000001d0| 66 61 75 6c 74 22 2c 22 50 6f 72 74 42 69 6e 64 |fault","PortBind|
|000001e0| 69 6e 67 73 22 3a 7b 7d 2c 22 52 65 73 74 61 72 |ings":{},"Restar|
|000001f0| 74 50 6f 6c 69 63 79 22 3a 7b 22 4e 61 6d 65 22 |tPolicy":{"Name"|
|00000200| 3a 22 22 2c 22 4d 61 78 69 6d 75 6d 52 65 74 72 |:"","MaximumRetr|
|00000210| 79 43 6f 75 6e 74 22 3a 30 7d 2c 22 41 75 74 6f |yCount":0},"Auto|
|00000220| 52 65 6d 6f 76 65 22 3a 66 61 6c 73 65 2c 22 56 |Remove":false,"V|
|00000230| 6f 6c 75 6d 65 44 72 69 76 65 72 22 3a 22 22 2c |olumeDriver":"",|
|00000240| 22 56 6f 6c 75 6d 65 73 46 72 6f 6d 22 3a 5b 5d |"VolumesFrom":[]|
|00000250| 2c 22 43 61 70 41 64 64 22 3a 6e 75 6c 6c 2c 22 |,"CapAdd":null,"|
|00000260| 43 61 70 44 72 6f 70 22 3a 6e 75 6c 6c 2c 22 44 |CapDrop":null,"D|
|00000270| 6e 73 22 3a 6e 75 6c 6c 2c 22 44 6e 73 4f 70 74 |ns":null,"DnsOpt|
|00000280| 69 6f 6e 73 22 3a 6e 75 6c 6c 2c 22 44 6e 73 53 |ions":null,"DnsS|
|00000290| 65 61 72 63 68 22 3a 6e 75 6c 6c 2c 22 45 78 74 |earch":null,"Ext|
|000002a0| 72 61 48 6f 73 74 73 22 3a 5b 5d 2c 22 47 72 6f |raHosts":[],"Gro|
|000002b0| 75 70 41 64 64 22 3a 6e 75 6c 6c 2c 22 49 70 63 |upAdd":null,"Ipc|
|000002c0| 4d 6f 64 65 22 3a 22 73 68 61 72 65 61 62 6c 65 |Mode":"shareable|
|000002d0| 22 2c 22 43 67 72 6f 75 70 22 3a 22 22 2c 22 4c |","Cgroup":"","L|
|000002e0| 69 6e 6b 73 22 3a 6e 75 6c 6c 2c 22 4f 6f 6d 53 |inks":null,"OomS|
|000002f0| 63 6f 72 65 41 64 6a 22 3a 30 2c 22 50 69 64 4d |coreAdj":0,"PidM|
|00000300| 6f 64 65 22 3a 22 22 2c 22 50 72 69 76 69 6c 65 |ode":"","Privile|
|00000310| 67 65 64 22 3a 66 61 6c 73 65 2c 22 50 75 62 6c |ged":false,"Publ|
|00000320| 69 73 68 41 6c 6c 50 6f 72 74 73 22 3a 74 72 75 |ishAllPorts":tru|
|00000330| 65 2c 22 52 65 61 64 6f 6e 6c 79 52 6f 6f 74 66 |e,"ReadonlyRootf|
|00000340| 73 22 3a 66 61 6c 73 65 2c 22 53 65 63 75 72 69 |s":false,"Securi|
|00000350| 74 79 4f 70 74 22 3a 6e 75 6c 6c 2c 22 55 54 53 |tyOpt":null,"UTS|
|00000360| 4d 6f 64 65 22 3a 22 22 2c 22 55 73 65 72 6e 73 |Mode":"","Userns|
|00000370| 4d 6f 64 65 22 3a 22 22 2c 22 53 68 6d 53 69 7a |Mode":"","ShmSiz|
|00000380| 65 22 3a 36 37 31 30 38 38 36 34 2c 22 52 75 6e |e":67108864,"Run|
|00000390| 74 69 6d 65 22 3a 22 72 75 6e 63 22 2c 22 43 6f |time":"runc","Co|
|000003a0| 6e 73 6f 6c 65 53 69 7a 65 22 3a 5b 30 2c 30 5d |nsoleSize":[0,0]|
|000003b0| 2c 22 49 73 6f 6c 61 74 69 6f 6e 22 3a 22 22 2c |,"Isolation":"",|
|000003c0| 22 43 70 75 53 68 61 72 65 73 22 3a 30 2c 22 4d |"CpuShares":0,"M|
|000003d0| 65 6d 6f 72 79 22 3a 30 2c 22 4e 61 6e 6f 43 70 |emory":0,"NanoCp|
|000003e0| 75 73 22 3a 30 2c 22 43 67 72 6f 75 70 50 61 72 |us":0,"CgroupPar|
|000003f0| 65 6e 74 22 3a 22 22 2c 22 42 6c 6b 69 6f 57 65 |ent":"","BlkioWe|
|00000400| 69 67 68 74 22 3a 30 2c 22 42 6c 6b 69 6f 57 65 |ight":0,"BlkioWe|
|00000410| 69 67 68 74 44 65 76 69 63 65 22 3a 6e 75 6c 6c |ightDevice":null|
|00000420| 2c 22 42 6c 6b 69 6f 44 65 76 69 63 65 52 65 61 |,"BlkioDeviceRea|
|00000430| 64 42 70 73 22 3a 6e 75 6c 6c 2c 22 42 6c 6b 69 |dBps":null,"Blki|
|00000440| 6f 44 65 76 69 63 65 57 72 69 74 65 42 70 73 22 |oDeviceWriteBps"|
|00000450| 3a 6e 75 6c 6c 2c 22 42 6c 6b 69 6f 44 65 76 69 |:null,"BlkioDevi|
|00000460| 63 65 52 65 61 64 49 4f 70 73 22 3a 6e 75 6c 6c |ceReadIOps":null|
|00000470| 2c 22 42 6c 6b 69 6f 44 65 76 69 63 65 57 72 69 |,"BlkioDeviceWri|
|00000480| 74 65 49 4f 70 73 22 3a 6e 75 6c 6c 2c 22 43 70 |teIOps":null,"Cp|
|00000490| 75 50 65 72 69 6f 64 22 3a 30 2c 22 43 70 75 51 |uPeriod":0,"CpuQ|
|000004a0| 75 6f 74 61 22 3a 30 2c 22 43 70 75 52 65 61 6c |uota":0,"CpuReal|
|000004b0| 74 69 6d 65 50 65 72 69 6f 64 22 3a 30 2c 22 43 |timePeriod":0,"C|
|000004c0| 70 75 52 65 61 6c 74 69 6d 65 52 75 6e 74 69 6d |puRealtimeRuntim|
|000004d0| 65 22 3a 30 2c 22 43 70 75 73 65 74 43 70 75 73 |e":0,"CpusetCpus|
|000004e0| 22 3a 22 22 2c 22 43 70 75 73 65 74 4d 65 6d 73 |":"","CpusetMems|
|000004f0| 22 3a 22 22 2c 22 44 65 76 69 63 65 73 22 3a 6e |":"","Devices":n|
|00000500| 75 6c 6c 2c 22 44 65 76 69 63 65 43 67 72 6f 75 |ull,"DeviceCgrou|
|00000510| 70 52 75 6c 65 73 22 3a 6e 75 6c 6c 2c 22 44 69 |pRules":null,"Di|
|00000520| 73 6b 51 75 6f 74 61 22 3a 30 2c 22 4b 65 72 6e |skQuota":0,"Kern|
|00000530| 65 6c 4d 65 6d 6f 72 79 22 3a 30 2c 22 4d 65 6d |elMemory":0,"Mem|
|00000540| 6f 72 79 52 65 73 65 72 76 61 74 69 6f 6e 22 3a |oryReservation":|
|00000550| 30 2c 22 4d 65 6d 6f 72 79 53 77 61 70 22 3a 30 |0,"MemorySwap":0|
|00000560| 2c 22 4d 65 6d 6f 72 79 53 77 61 70 70 69 6e 65 |,"MemorySwappine|
|00000570| 73 73 22 3a 6e 75 6c 6c 2c 22 4f 6f 6d 4b 69 6c |ss":null,"OomKil|
|00000580| 6c 44 69 73 61 62 6c 65 22 3a 66 61 6c 73 65 2c |lDisable":false,|
|00000590| 22 50 69 64 73 4c 69 6d 69 74 22 3a 30 2c 22 55 |"PidsLimit":0,"U|
|000005a0| 6c 69 6d 69 74 73 22 3a 6e 75 6c 6c 2c 22 43 70 |limits":null,"Cp|
|000005b0| 75 43 6f 75 6e 74 22 3a 30 2c 22 43 70 75 50 65 |uCount":0,"CpuPe|
|000005c0| 72 63 65 6e 74 22 3a 30 2c 22 49 4f 4d 61 78 69 |rcent":0,"IOMaxi|
|000005d0| 6d 75 6d 49 4f 70 73 22 3a 30 2c 22 49 4f 4d 61 |mumIOps":0,"IOMa|
|000005e0| 78 69 6d 75 6d 42 61 6e 64 77 69 64 74 68 22 3a |ximumBandwidth":|
|000005f0| 30 7d 2c 22 47 72 61 70 68 44 72 69 76 65 72 22 |0},"GraphDriver"|
|00000600| 3a 7b 22 44 61 74 61 22 3a 6e 75 6c 6c 2c 22 4e |:{"Data":null,"N|
|00000610| 61 6d 65 22 3a 22 61 75 66 73 22 7d 2c 22 4d 6f |ame":"aufs"},"Mo|
|00000620| 75 6e 74 73 22 3a 5b 7b 22 54 79 70 65 22 3a 22 |unts":[{"Type":"|
|00000630| 76 6f 6c 75 6d 65 22 2c 22 4e 61 6d 65 22 3a 22 |volume","Name":"|
|00000640| 63 61 61 30 64 33 34 38 36 34 62 62 64 35 34 35 |caa0d34864bbd545|
|00000650| 30 32 36 62 38 36 65 35 32 34 34 30 66 65 66 37 |026b86e52440fef7|
|00000660| 36 34 35 32 37 31 62 33 30 61 37 39 34 30 62 39 |645271b30a7940b9|
|00000670| 38 32 31 62 63 63 66 64 63 36 31 66 64 63 32 39 |821bccfdc61fdc29|
|00000680| 22 2c 22 53 6f 75 72 63 65 22 3a 22 2f 76 61 72 |","Source":"/var|
|00000690| 2f 6c 69 62 2f 64 6f 63 6b 65 72 2f 76 6f 6c 75 |/lib/docker/volu|
|000006a0| 6d 65 73 2f 63 61 61 30 64 33 34 38 36 34 62 62 |mes/caa0d34864bb|
|000006b0| 64 35 34 35 30 32 36 62 38 36 65 35 32 34 34 30 |d545026b86e52440|
|000006c0| 66 65 66 37 36 34 35 32 37 31 62 33 30 61 37 39 |fef7645271b30a79|
|000006d0| 34 30 62 39 38 32 31 62 63 63 66 64 63 36 31 66 |40b9821bccfdc61f|
|000006e0| 64 63 32 39 2f 5f 64 61 74 61 22 2c 22 44 65 73 |dc29/_data","Des|
|000006f0| 74 69 6e 61 74 69 6f 6e 22 3a 22 2f 76 61 72 2f |tination":"/var/|
|00000700| 6c 69 62 2f 72 61 62 62 69 74 6d 71 22 2c 22 44 |lib/rabbitmq","D|
|00000710| 72 69 76 65 72 22 3a 22 6c 6f 63 61 6c 22 2c 22 |river":"local","|
|00000720| 4d 6f 64 65 22 3a 22 22 2c 22 52 57 22 3a 74 72 |Mode":"","RW":tr|
|00000730| 75 65 2c 22 50 72 6f 70 61 67 61 74 69 6f 6e 22 |ue,"Propagation"|
|00000740| 3a 22 22 7d 5d 2c 22 43 6f 6e 66 69 67 22 3a 7b |:""}],"Config":{|
|00000750| 22 48 6f 73 74 6e 61 6d 65 22 3a 22 38 64 64 31 |"Hostname":"8dd1|
|00000760| 64 37 64 33 65 31 65 31 22 2c 22 44 6f 6d 61 69 |d7d3e1e1","Domai|
|00000770| 6e 6e 61 6d 65 22 3a 22 22 2c 22 55 73 65 72 22 |nname":"","User"|
|00000780| 3a 22 22 2c 22 41 74 74 61 63 68 53 74 64 69 6e |:"","AttachStdin|
|00000790| 22 3a 66 61 6c 73 65 2c 22 41 74 74 61 63 68 53 |":false,"AttachS|
|000007a0| 74 64 6f 75 74 22 3a 66 61 6c 73 65 2c 22 41 74 |tdout":false,"At|
|000007b0| 74 61 63 68 53 74 64 65 72 72 22 3a 66 61 6c 73 |tachStderr":fals|
|000007c0| 65 2c 22 45 78 70 6f 73 65 64 50 6f 72 74 73 22 |e,"ExposedPorts"|
|000007d0| 3a 7b 22 32 35 36 37 32 2f 74 63 70 22 3a 7b 7d |:{"25672/tcp":{}|
|000007e0| 2c 22 34 33 36 39 2f 74 63 70 22 3a 7b 7d 2c 22 |,"4369/tcp":{},"|
|000007f0| 35 36 37 31 2f 74 63 70 22 3a 7b 7d 2c 22 35 36 |5671/tcp":{},"56|
|00000800| 37 32 2f 74 63 70 22 3a 7b 7d 7d 2c 22 54 74 79 |72/tcp":{}},"Tty|
|00000810| 22 3a 66 61 6c 73 65 2c 22 4f 70 65 6e 53 74 64 |":false,"OpenStd|
|00000820| 69 6e 22 3a 66 61 6c 73 65 2c 22 53 74 64 69 6e |in":false,"Stdin|
|00000830| 4f 6e 63 65 22 3a 66 61 6c 73 65 2c 22 45 6e 76 |Once":false,"Env|
|00000840| 22 3a 5b 22 52 41 42 42 49 54 4d 51 5f 55 53 45 |":["RABBITMQ_USE|
|00000850| 52 3d 67 75 65 73 74 22 2c 22 52 41 42 42 49 54 |R=guest","RABBIT|
|00000860| 4d 51 5f 50 41 53 53 57 4f 52 44 3d 67 75 65 73 |MQ_PASSWORD=gues|
|00000870| 74 22 2c 22 6e 6f 5f 70 72 6f 78 79 3d 2a 2e 6c |t","no_proxy=*.l|
|00000880| 6f 63 61 6c 2c 20 31 36 39 2e 32 35 34 2f 31 36 |ocal, 169.254/16|
|00000890| 22 2c 22 50 41 54 48 3d 2f 75 73 72 2f 6c 69 62 |","PATH=/usr/lib|
|000008a0| 2f 72 61 62 62 69 74 6d 71 2f 62 69 6e 3a 2f 75 |/rabbitmq/bin:/u|
|000008b0| 73 72 2f 6c 6f 63 61 6c 2f 73 62 69 6e 3a 2f 75 |sr/local/sbin:/u|
|000008c0| 73 72 2f 6c 6f 63 61 6c 2f 62 69 6e 3a 2f 75 73 |sr/local/bin:/us|
|000008d0| 72 2f 73 62 69 6e 3a 2f 75 73 72 2f 62 69 6e 3a |r/sbin:/usr/bin:|
|000008e0| 2f 73 62 69 6e 3a 2f 62 69 6e 22 2c 22 47 4f 53 |/sbin:/bin","GOS|
|000008f0| 55 5f 56 45 52 53 49 4f 4e 3d 31 2e 31 30 22 2c |U_VERSION=1.10",|
|00000900| 22 52 41 42 42 49 54 4d 51 5f 4c 4f 47 53 3d 2d |"RABBITMQ_LOGS=-|
|00000910| 22 2c 22 52 41 42 42 49 54 4d 51 5f 53 41 53 4c |","RABBITMQ_SASL|
|00000920| 5f 4c 4f 47 53 3d 2d 22 2c 22 52 41 42 42 49 54 |_LOGS=-","RABBIT|
|00000930| 4d 51 5f 47 50 47 5f 4b 45 59 3d 30 41 39 41 46 |MQ_GPG_KEY=0A9AF|
|00000940| 32 31 31 35 46 34 36 38 37 42 44 32 39 38 30 33 |2115F4687BD29803|
|00000950| 41 32 30 36 42 37 33 41 33 36 45 36 30 32 36 44 |A206B73A36E6026D|
|00000960| 46 43 41 22 2c 22 52 41 42 42 49 54 4d 51 5f 56 |FCA","RABBITMQ_V|
|00000970| 45 52 53 49 4f 4e 3d 33 2e 36 2e 31 34 22 2c 22 |ERSION=3.6.14","|
|00000980| 52 41 42 42 49 54 4d 51 5f 47 49 54 48 55 42 5f |RABBITMQ_GITHUB_|
|00000990| 54 41 47 3d 72 61 62 62 69 74 6d 71 5f 76 33 5f |TAG=rabbitmq_v3_|
|000009a0| 36 5f 31 34 22 2c 22 52 41 42 42 49 54 4d 51 5f |6_14","RABBITMQ_|
|000009b0| 44 45 42 49 41 4e 5f 56 45 52 53 49 4f 4e 3d 33 |DEBIAN_VERSION=3|
|000009c0| 2e 36 2e 31 34 2d 31 22 2c 22 48 4f 4d 45 3d 2f |.6.14-1","HOME=/|
|000009d0| 76 61 72 2f 6c 69 62 2f 72 61 62 62 69 74 6d 71 |var/lib/rabbitmq|
|000009e0| 22 5d 2c 22 43 6d 64 22 3a 5b 22 72 61 62 62 69 |"],"Cmd":["rabbi|
|000009f0| 74 6d 71 2d 73 65 72 76 65 72 22 5d 2c 22 41 72 |tmq-server"],"Ar|
|00000a00| 67 73 45 73 63 61 70 65 64 22 3a 74 72 75 65 2c |gsEscaped":true,|
|00000a10| 22 49 6d 61 67 65 22 3a 22 72 61 62 62 69 74 6d |"Image":"rabbitm|
|00000a20| 71 3a 33 2e 36 2e 31 34 22 2c 22 56 6f 6c 75 6d |q:3.6.14","Volum|
|00000a30| 65 73 22 3a 7b 22 2f 76 61 72 2f 6c 69 62 2f 72 |es":{"/var/lib/r|
|00000a40| 61 62 62 69 74 6d 71 22 3a 7b 7d 7d 2c 22 57 6f |abbitmq":{}},"Wo|
|00000a50| 72 6b 69 6e 67 44 69 72 22 3a 22 22 2c 22 45 6e |rkingDir":"","En|
|00000a60| 74 72 79 70 6f 69 6e 74 22 3a 5b 22 64 6f 63 6b |trypoint":["dock|
|00000a70| 65 72 2d 65 6e 74 72 79 70 6f 69 6e 74 2e 73 68 |er-entrypoint.sh|
|00000a80| 22 5d 2c 22 4f 6e 42 75 69 6c 64 22 3a 6e 75 6c |"],"OnBuild":nul|
|00000a90| 6c 2c 22 4c 61 62 65 6c 73 22 3a 7b 22 6f 72 67 |l,"Labels":{"org|
|00000aa0| 2e 74 65 73 74 63 6f 6e 74 61 69 6e 65 72 73 22 |.testcontainers"|
|00000ab0| 3a 22 74 72 75 65 22 7d 7d 2c 22 4e 65 74 77 6f |:"true"}},"Netwo|
|00000ac0| 72 6b 53 65 74 74 69 6e 67 73 22 3a 7b 22 42 72 |rkSettings":{"Br|
|00000ad0| 69 64 67 65 22 3a 22 22 2c 22 53 61 6e 64 62 6f |idge":"","Sandbo|
|00000ae0| 78 49 44 22 3a 22 32 31 32 33 36 38 30 61 37 38 |xID":"2123680a78|
|00000af0| 36 31 32 37 30 39 66 39 64 32 32 32 39 66 39 62 |612709f9d2229f9b|
|00000b00| 34 30 39 66 33 62 30 35 62 61 63 65 65 39 61 65 |409f3b05bacee9ae|
|00000b10| 34 35 32 39 38 31 66 30 64 64 33 36 32 30 65 61 |452981f0dd3620ea|
|00000b20| 61 33 33 64 64 61 22 2c 22 48 61 69 72 70 69 6e |a33dda","Hairpin|
|00000b30| 4d 6f 64 65 22 3a 66 61 6c 73 65 2c 22 4c 69 6e |Mode":false,"Lin|
|00000b40| 6b 4c 6f 63 61 6c 49 50 76 36 41 64 64 72 65 73 |kLocalIPv6Addres|
|00000b50| 73 22 3a 22 22 2c 22 4c 69 6e 6b 4c 6f 63 61 6c |s":"","LinkLocal|
|00000b60| 49 50 76 36 50 72 65 66 69 78 4c 65 6e 22 3a 30 |IPv6PrefixLen":0|
|00000b70| 2c 22 50 6f 72 74 73 22 3a 7b 22 32 35 36 37 32 |,"Ports":{"25672|
|00000b80| 2f 74 63 70 22 3a 5b 7b 22 48 6f 73 74 49 70 22 |/tcp":[{"HostIp"|
|00000b90| 3a 22 30 2e 30 2e 30 2e 30 22 2c 22 48 6f 73 74 |:"0.0.0.0","Host|
|00000ba0| 50 6f 72 74 22 3a 22 33 32 39 37 30 22 7d 5d 2c |Port":"32970"}],|
|00000bb0| 22 34 33 36 39 2f 74 63 70 22 3a 5b 7b 22 48 6f |"4369/tcp":[{"Ho|
|00000bc0| 73 74 49 70 22 3a 22 30 2e 30 2e 30 2e 30 22 2c |stIp":"0.0.0.0",|
|00000bd0| 22 48 6f 73 74 50 6f 72 74 22 3a 22 33 32 39 37 |"HostPort":"3297|
|00000be0| 33 22 7d 5d 2c 22 35 36 37 31 2f 74 63 70 22 3a |3"}],"5671/tcp":|
|00000bf0| 5b 7b 22 48 6f 73 74 49 70 22 3a 22 30 2e 30 2e |[{"HostIp":"0.0.|
|00000c00| 30 2e 30 22 2c 22 48 6f 73 74 50 6f 72 74 22 3a |0.0","HostPort":|
|00000c10| 22 33 32 39 37 32 22 7d 5d 2c 22 35 36 37 32 2f |"32972"}],"5672/|
|00000c20| 74 63 70 22 3a 5b 7b 22 48 6f 73 74 49 70 22 3a |tcp":[{"HostIp":|
|00000c30| 22 30 2e 30 2e 30 2e 30 22 2c 22 48 6f 73 74 50 |"0.0.0.0","HostP|
|00000c40| 6f 72 74 22 3a 22 33 32 39 37 31 22 7d 5d 7d 2c |ort":"32971"}]},|
|00000c50| 22 53 61 6e 64 62 6f 78 4b 65 79 22 3a 22 2f 76 |"SandboxKey":"/v|
|00000c60| 61 72 2f 72 75 6e 2f 64 6f 63 6b 65 72 2f 6e 65 |ar/run/docker/ne|
|00000c70| 74 6e 73 2f 32 31 32 33 36 38 30 61 37 38 36 31 |tns/2123680a7861|
|00000c80| 22 2c 22 53 65 63 6f 6e 64 61 72 79 49 50 41 64 |","SecondaryIPAd|
|00000c90| 64 72 65 73 73 65 73 22 3a 6e 75 6c 6c 2c 22 53 |dresses":null,"S|
|00000ca0| 65 63 6f 6e 64 61 72 79 49 50 76 36 41 64 64 72 |econdaryIPv6Addr|
|00000cb0| 65 73 73 65 73 22 3a 6e 75 6c 6c 2c 22 45 6e 64 |esses":null,"End|
|00000cc0| 70 6f 69 6e 74 49 44 22 3a 22 34 32 66 65 34 36 |pointID":"42fe46|
|00000cd0| 39 36 33 34 37 32 30 64 39 62 31 63 34 39 61 31 |9634720d9b1c49a1|
|00000ce0| 61 62 35 30 38 32 37 39 62 65 65 63 34 30 64 32 |ab508279beec40d2|
|00000cf0| 35 38 31 61 33 30 37 39 35 63 34 38 33 32 32 38 |581a30795c483228|
|00000d00| 33 35 35 36 35 32 32 34 66 64 22 2c 22 47 61 74 |35565224fd","Gat|
|00000d10| 65 77 61 79 22 3a 22 31 37 32 2e 31 37 2e 30 2e |eway":"172.17.0.|
|00000d20| 31 22 2c 22 47 6c 6f 62 61 6c 49 50 76 36 41 64 |1","GlobalIPv6Ad|
|00000d30| 64 72 65 73 73 22 3a 22 22 2c 22 47 6c 6f 62 61 |dress":"","Globa|
|00000d40| 6c 49 50 76 36 50 72 65 66 69 78 4c 65 6e 22 3a |lIPv6PrefixLen":|
|00000d50| 30 2c 22 49 50 41 64 64 72 65 73 73 22 3a 22 31 |0,"IPAddress":"1|
|00000d60| 37 32 2e 31 37 2e 30 2e 34 22 2c 22 49 50 50 72 |72.17.0.4","IPPr|
|00000d70| 65 66 69 78 4c 65 6e 22 3a 31 36 2c 22 49 50 76 |efixLen":16,"IPv|
|00000d80| 36 47 61 74 65 77 61 79 22 3a 22 22 2c 22 4d 61 |6Gateway":"","Ma|
|00000d90| 63 41 64 64 72 65 73 73 22 3a 22 30 32 3a 34 32 |cAddress":"02:42|
|00000da0| 3a 61 63 3a 31 31 3a 30 30 3a 30 34 22 2c 22 4e |:ac:11:00:04","N|
|00000db0| 65 74 77 6f 72 6b 73 22 3a 7b 22 62 72 69 64 67 |etworks":{"bridg|
|00000dc0| 65 22 3a 7b 22 49 50 41 4d 43 6f 6e 66 69 67 22 |e":{"IPAMConfig"|
|00000dd0| 3a 6e 75 6c 6c 2c 22 4c 69 6e 6b 73 22 3a 6e 75 |:null,"Links":nu|
|00000de0| 6c 6c 2c 22 41 6c 69 61 73 65 73 22 3a 6e 75 6c |ll,"Aliases":nul|
|00000df0| 6c 2c 22 4e 65 74 77 6f 72 6b 49 44 22 3a 22 39 |l,"NetworkID":"9|
|00000e00| 66 65 38 62 39 32 64 61 66 63 30 35 34 34 36 33 |fe8b92dafc054463|
|00000e10| 33 37 39 64 39 34 35 38 61 64 65 37 37 64 35 31 |379d9458ade77d51|
|00000e20| 61 34 61 62 39 30 61 64 31 33 65 35 34 61 65 32 |a4ab90ad13e54ae2|
|00000e30| 31 61 31 38 64 36 35 66 66 32 63 30 37 63 61 22 |1a18d65ff2c07ca"|
|00000e40| 2c 22 45 6e 64 70 6f 69 6e 74 49 44 22 3a 22 34 |,"EndpointID":"4|
|00000e50| 32 66 65 34 36 39 36 33 34 37 32 30 64 39 62 31 |2fe469634720d9b1|
|00000e60| 63 34 39 61 31 61 62 35 30 38 32 37 39 62 65 65 |c49a1ab508279bee|
|00000e70| 63 34 30 64 32 35 38 31 61 33 30 37 39 35 63 34 |c40d2581a30795c4|
|00000e80| 38 33 32 32 38 33 35 35 36 35 32 32 34 66 64 22 |8322835565224fd"|
|00000e90| 2c 22 47 61 74 65 77 61 79 22 3a 22 31 37 32 2e |,"Gateway":"172.|
|00000ea0| 31 37 2e 30 2e 31 22 2c 22 49 50 41 64 64 72 65 |17.0.1","IPAddre|
|00000eb0| 73 73 22 3a 22 31 37 32 2e 31 37 2e 30 2e 34 22 |ss":"172.17.0.4"|
|00000ec0| 2c 22 49 50 50 72 65 66 69 78 4c 65 6e 22 3a 31 |,"IPPrefixLen":1|
|00000ed0| 36 2c 22 49 50 76 36 47 61 74 65 77 61 79 22 3a |6,"IPv6Gateway":|
|00000ee0| 22 22 2c 22 47 6c 6f 62 61 6c 49 50 76 36 41 64 |"","GlobalIPv6Ad|
|00000ef0| 64 72 65 73 73 22 3a 22 22 2c 22 47 6c 6f 62 61 |dress":"","Globa|
|00000f00| 6c 49 50 76 36 50 72 65 66 69 78 4c 65 6e 22 3a |lIPv6PrefixLen":|
|00000f10| 30 2c 22 4d 61 63 41 64 64 72 65 73 73 22 3a 22 |0,"MacAddress":"|
|00000f20| 30 32 3a 34 32 3a 61 63 3a 31 31 3a 30 30 3a 30 |02:42:ac:11:00:0|
|00000f30| 34 22 2c 22 44 72 69 76 65 72 4f 70 74 73 22 3a |4","DriverOpts":|
|00000f40| 6e 75 6c 6c 7d 7d 7d 7d 0a 0d 0a 30 0d 0a 0d 0a |null}}}}...0....|
+--------+-------------------------------------------------+----------------+
2017-11-27 22:09:20.782 DEBUG 24827 --- [rjava-netty-1-7] c.g.d.netty.NettyDockerCmdExecFactory$1  : [id: 0xd5f91b6f, L:null - R:/var/run/docker.sock] READ: DefaultHttpContent(data: PooledSlicedByteBuf(ridx: 0, widx: 3913, cap: 3913/3913, unwrapped: PooledUnsafeDirectByteBuf(ridx: 3915, widx: 3920, cap: 16384)), decoderResult: success), 3913B
         +-------------------------------------------------+
         |  0  1  2  3  4  5  6  7  8  9  a  b  c  d  e  f |
+--------+-------------------------------------------------+----------------+
|00000000| 33 30 37 36 66 61 37 65 30 39 31 39 64 62 30 30 |3076fa7e0919db00|
|00000010| 36 36 31 38 32 2f 68 6f 73 74 73 22 2c 22 4c 6f |66182/hosts","Lo|
|00000020| 67 50 61 74 68 22 3a 22 2f 76 61 72 2f 6c 69 62 |gPath":"/var/lib|
|00000030| 2f 64 6f 63 6b 65 72 2f 63 6f 6e 74 61 69 6e 65 |/docker/containe|
|00000040| 72 73 2f 38 64 64 31 64 37 64 33 65 31 65 31 64 |rs/8dd1d7d3e1e1d|
|00000050| 36 62 64 63 63 36 63 32 66 61 66 33 38 64 64 35 |6bdcc6c2faf38dd5|
|00000060| 31 34 31 37 32 62 62 66 33 62 35 31 37 65 33 30 |14172bbf3b517e30|
|00000070| 37 36 66 61 37 65 30 39 31 39 64 62 30 30 36 36 |76fa7e0919db0066|
|00000080| 31 38 32 2f 38 64 64 31 64 37 64 33 65 31 65 31 |182/8dd1d7d3e1e1|
|00000090| 64 36 62 64 63 63 36 63 32 66 61 66 33 38 64 64 |d6bdcc6c2faf38dd|
|000000a0| 35 31 34 31 37 32 62 62 66 33 62 35 31 37 65 33 |514172bbf3b517e3|
|000000b0| 30 37 36 66 61 37 65 30 39 31 39 64 62 30 30 36 |076fa7e0919db006|
|000000c0| 36 31 38 32 2d 6a 73 6f 6e 2e 6c 6f 67 22 2c 22 |6182-json.log","|
|000000d0| 4e 61 6d 65 22 3a 22 2f 74 72 75 73 74 69 6e 67 |Name":"/trusting|
|000000e0| 5f 6e 6f 65 74 68 65 72 22 2c 22 52 65 73 74 61 |_noether","Resta|
|000000f0| 72 74 43 6f 75 6e 74 22 3a 30 2c 22 44 72 69 76 |rtCount":0,"Driv|
|00000100| 65 72 22 3a 22 61 75 66 73 22 2c 22 50 6c 61 74 |er":"aufs","Plat|
|00000110| 66 6f 72 6d 22 3a 22 6c 69 6e 75 78 22 2c 22 4d |form":"linux","M|
|00000120| 6f 75 6e 74 4c 61 62 65 6c 22 3a 22 22 2c 22 50 |ountLabel":"","P|
|00000130| 72 6f 63 65 73 73 4c 61 62 65 6c 22 3a 22 22 2c |rocessLabel":"",|
|00000140| 22 41 70 70 41 72 6d 6f 72 50 72 6f 66 69 6c 65 |"AppArmorProfile|
|00000150| 22 3a 22 22 2c 22 45 78 65 63 49 44 73 22 3a 6e |":"","ExecIDs":n|
|00000160| 75 6c 6c 2c 22 48 6f 73 74 43 6f 6e 66 69 67 22 |ull,"HostConfig"|
|00000170| 3a 7b 22 42 69 6e 64 73 22 3a 5b 5d 2c 22 43 6f |:{"Binds":[],"Co|
|00000180| 6e 74 61 69 6e 65 72 49 44 46 69 6c 65 22 3a 22 |ntainerIDFile":"|
|00000190| 22 2c 22 4c 6f 67 43 6f 6e 66 69 67 22 3a 7b 22 |","LogConfig":{"|
|000001a0| 54 79 70 65 22 3a 22 6a 73 6f 6e 2d 66 69 6c 65 |Type":"json-file|
|000001b0| 22 2c 22 43 6f 6e 66 69 67 22 3a 7b 7d 7d 2c 22 |","Config":{}},"|
|000001c0| 4e 65 74 77 6f 72 6b 4d 6f 64 65 22 3a 22 64 65 |NetworkMode":"de|
|000001d0| 66 61 75 6c 74 22 2c 22 50 6f 72 74 42 69 6e 64 |fault","PortBind|
|000001e0| 69 6e 67 73 22 3a 7b 7d 2c 22 52 65 73 74 61 72 |ings":{},"Restar|
|000001f0| 74 50 6f 6c 69 63 79 22 3a 7b 22 4e 61 6d 65 22 |tPolicy":{"Name"|
|00000200| 3a 22 22 2c 22 4d 61 78 69 6d 75 6d 52 65 74 72 |:"","MaximumRetr|
|00000210| 79 43 6f 75 6e 74 22 3a 30 7d 2c 22 41 75 74 6f |yCount":0},"Auto|
|00000220| 52 65 6d 6f 76 65 22 3a 66 61 6c 73 65 2c 22 56 |Remove":false,"V|
|00000230| 6f 6c 75 6d 65 44 72 69 76 65 72 22 3a 22 22 2c |olumeDriver":"",|
|00000240| 22 56 6f 6c 75 6d 65 73 46 72 6f 6d 22 3a 5b 5d |"VolumesFrom":[]|
|00000250| 2c 22 43 61 70 41 64 64 22 3a 6e 75 6c 6c 2c 22 |,"CapAdd":null,"|
|00000260| 43 61 70 44 72 6f 70 22 3a 6e 75 6c 6c 2c 22 44 |CapDrop":null,"D|
|00000270| 6e 73 22 3a 6e 75 6c 6c 2c 22 44 6e 73 4f 70 74 |ns":null,"DnsOpt|
|00000280| 69 6f 6e 73 22 3a 6e 75 6c 6c 2c 22 44 6e 73 53 |ions":null,"DnsS|
|00000290| 65 61 72 63 68 22 3a 6e 75 6c 6c 2c 22 45 78 74 |earch":null,"Ext|
|000002a0| 72 61 48 6f 73 74 73 22 3a 5b 5d 2c 22 47 72 6f |raHosts":[],"Gro|
|000002b0| 75 70 41 64 64 22 3a 6e 75 6c 6c 2c 22 49 70 63 |upAdd":null,"Ipc|
|000002c0| 4d 6f 64 65 22 3a 22 73 68 61 72 65 61 62 6c 65 |Mode":"shareable|
|000002d0| 22 2c 22 43 67 72 6f 75 70 22 3a 22 22 2c 22 4c |","Cgroup":"","L|
|000002e0| 69 6e 6b 73 22 3a 6e 75 6c 6c 2c 22 4f 6f 6d 53 |inks":null,"OomS|
|000002f0| 63 6f 72 65 41 64 6a 22 3a 30 2c 22 50 69 64 4d |coreAdj":0,"PidM|
|00000300| 6f 64 65 22 3a 22 22 2c 22 50 72 69 76 69 6c 65 |ode":"","Privile|
|00000310| 67 65 64 22 3a 66 61 6c 73 65 2c 22 50 75 62 6c |ged":false,"Publ|
|00000320| 69 73 68 41 6c 6c 50 6f 72 74 73 22 3a 74 72 75 |ishAllPorts":tru|
|00000330| 65 2c 22 52 65 61 64 6f 6e 6c 79 52 6f 6f 74 66 |e,"ReadonlyRootf|
|00000340| 73 22 3a 66 61 6c 73 65 2c 22 53 65 63 75 72 69 |s":false,"Securi|
|00000350| 74 79 4f 70 74 22 3a 6e 75 6c 6c 2c 22 55 54 53 |tyOpt":null,"UTS|
|00000360| 4d 6f 64 65 22 3a 22 22 2c 22 55 73 65 72 6e 73 |Mode":"","Userns|
|00000370| 4d 6f 64 65 22 3a 22 22 2c 22 53 68 6d 53 69 7a |Mode":"","ShmSiz|
|00000380| 65 22 3a 36 37 31 30 38 38 36 34 2c 22 52 75 6e |e":67108864,"Run|
|00000390| 74 69 6d 65 22 3a 22 72 75 6e 63 22 2c 22 43 6f |time":"runc","Co|
|000003a0| 6e 73 6f 6c 65 53 69 7a 65 22 3a 5b 30 2c 30 5d |nsoleSize":[0,0]|
|000003b0| 2c 22 49 73 6f 6c 61 74 69 6f 6e 22 3a 22 22 2c |,"Isolation":"",|
|000003c0| 22 43 70 75 53 68 61 72 65 73 22 3a 30 2c 22 4d |"CpuShares":0,"M|
|000003d0| 65 6d 6f 72 79 22 3a 30 2c 22 4e 61 6e 6f 43 70 |emory":0,"NanoCp|
|000003e0| 75 73 22 3a 30 2c 22 43 67 72 6f 75 70 50 61 72 |us":0,"CgroupPar|
|000003f0| 65 6e 74 22 3a 22 22 2c 22 42 6c 6b 69 6f 57 65 |ent":"","BlkioWe|
|00000400| 69 67 68 74 22 3a 30 2c 22 42 6c 6b 69 6f 57 65 |ight":0,"BlkioWe|
|00000410| 69 67 68 74 44 65 76 69 63 65 22 3a 6e 75 6c 6c |ightDevice":null|
|00000420| 2c 22 42 6c 6b 69 6f 44 65 76 69 63 65 52 65 61 |,"BlkioDeviceRea|
|00000430| 64 42 70 73 22 3a 6e 75 6c 6c 2c 22 42 6c 6b 69 |dBps":null,"Blki|
|00000440| 6f 44 65 76 69 63 65 57 72 69 74 65 42 70 73 22 |oDeviceWriteBps"|
|00000450| 3a 6e 75 6c 6c 2c 22 42 6c 6b 69 6f 44 65 76 69 |:null,"BlkioDevi|
|00000460| 63 65 52 65 61 64 49 4f 70 73 22 3a 6e 75 6c 6c |ceReadIOps":null|
|00000470| 2c 22 42 6c 6b 69 6f 44 65 76 69 63 65 57 72 69 |,"BlkioDeviceWri|
|00000480| 74 65 49 4f 70 73 22 3a 6e 75 6c 6c 2c 22 43 70 |teIOps":null,"Cp|
|00000490| 75 50 65 72 69 6f 64 22 3a 30 2c 22 43 70 75 51 |uPeriod":0,"CpuQ|
|000004a0| 75 6f 74 61 22 3a 30 2c 22 43 70 75 52 65 61 6c |uota":0,"CpuReal|
|000004b0| 74 69 6d 65 50 65 72 69 6f 64 22 3a 30 2c 22 43 |timePeriod":0,"C|
|000004c0| 70 75 52 65 61 6c 74 69 6d 65 52 75 6e 74 69 6d |puRealtimeRuntim|
|000004d0| 65 22 3a 30 2c 22 43 70 75 73 65 74 43 70 75 73 |e":0,"CpusetCpus|
|000004e0| 22 3a 22 22 2c 22 43 70 75 73 65 74 4d 65 6d 73 |":"","CpusetMems|
|000004f0| 22 3a 22 22 2c 22 44 65 76 69 63 65 73 22 3a 6e |":"","Devices":n|
|00000500| 75 6c 6c 2c 22 44 65 76 69 63 65 43 67 72 6f 75 |ull,"DeviceCgrou|
|00000510| 70 52 75 6c 65 73 22 3a 6e 75 6c 6c 2c 22 44 69 |pRules":null,"Di|
|00000520| 73 6b 51 75 6f 74 61 22 3a 30 2c 22 4b 65 72 6e |skQuota":0,"Kern|
|00000530| 65 6c 4d 65 6d 6f 72 79 22 3a 30 2c 22 4d 65 6d |elMemory":0,"Mem|
|00000540| 6f 72 79 52 65 73 65 72 76 61 74 69 6f 6e 22 3a |oryReservation":|
|00000550| 30 2c 22 4d 65 6d 6f 72 79 53 77 61 70 22 3a 30 |0,"MemorySwap":0|
|00000560| 2c 22 4d 65 6d 6f 72 79 53 77 61 70 70 69 6e 65 |,"MemorySwappine|
|00000570| 73 73 22 3a 6e 75 6c 6c 2c 22 4f 6f 6d 4b 69 6c |ss":null,"OomKil|
|00000580| 6c 44 69 73 61 62 6c 65 22 3a 66 61 6c 73 65 2c |lDisable":false,|
|00000590| 22 50 69 64 73 4c 69 6d 69 74 22 3a 30 2c 22 55 |"PidsLimit":0,"U|
|000005a0| 6c 69 6d 69 74 73 22 3a 6e 75 6c 6c 2c 22 43 70 |limits":null,"Cp|
|000005b0| 75 43 6f 75 6e 74 22 3a 30 2c 22 43 70 75 50 65 |uCount":0,"CpuPe|
|000005c0| 72 63 65 6e 74 22 3a 30 2c 22 49 4f 4d 61 78 69 |rcent":0,"IOMaxi|
|000005d0| 6d 75 6d 49 4f 70 73 22 3a 30 2c 22 49 4f 4d 61 |mumIOps":0,"IOMa|
|000005e0| 78 69 6d 75 6d 42 61 6e 64 77 69 64 74 68 22 3a |ximumBandwidth":|
|000005f0| 30 7d 2c 22 47 72 61 70 68 44 72 69 76 65 72 22 |0},"GraphDriver"|
|00000600| 3a 7b 22 44 61 74 61 22 3a 6e 75 6c 6c 2c 22 4e |:{"Data":null,"N|
|00000610| 61 6d 65 22 3a 22 61 75 66 73 22 7d 2c 22 4d 6f |ame":"aufs"},"Mo|
|00000620| 75 6e 74 73 22 3a 5b 7b 22 54 79 70 65 22 3a 22 |unts":[{"Type":"|
|00000630| 76 6f 6c 75 6d 65 22 2c 22 4e 61 6d 65 22 3a 22 |volume","Name":"|
|00000640| 63 61 61 30 64 33 34 38 36 34 62 62 64 35 34 35 |caa0d34864bbd545|
|00000650| 30 32 36 62 38 36 65 35 32 34 34 30 66 65 66 37 |026b86e52440fef7|
|00000660| 36 34 35 32 37 31 62 33 30 61 37 39 34 30 62 39 |645271b30a7940b9|
|00000670| 38 32 31 62 63 63 66 64 63 36 31 66 64 63 32 39 |821bccfdc61fdc29|
|00000680| 22 2c 22 53 6f 75 72 63 65 22 3a 22 2f 76 61 72 |","Source":"/var|
|00000690| 2f 6c 69 62 2f 64 6f 63 6b 65 72 2f 76 6f 6c 75 |/lib/docker/volu|
|000006a0| 6d 65 73 2f 63 61 61 30 64 33 34 38 36 34 62 62 |mes/caa0d34864bb|
|000006b0| 64 35 34 35 30 32 36 62 38 36 65 35 32 34 34 30 |d545026b86e52440|
|000006c0| 66 65 66 37 36 34 35 32 37 31 62 33 30 61 37 39 |fef7645271b30a79|
|000006d0| 34 30 62 39 38 32 31 62 63 63 66 64 63 36 31 66 |40b9821bccfdc61f|
|000006e0| 64 63 32 39 2f 5f 64 61 74 61 22 2c 22 44 65 73 |dc29/_data","Des|
|000006f0| 74 69 6e 61 74 69 6f 6e 22 3a 22 2f 76 61 72 2f |tination":"/var/|
|00000700| 6c 69 62 2f 72 61 62 62 69 74 6d 71 22 2c 22 44 |lib/rabbitmq","D|
|00000710| 72 69 76 65 72 22 3a 22 6c 6f 63 61 6c 22 2c 22 |river":"local","|
|00000720| 4d 6f 64 65 22 3a 22 22 2c 22 52 57 22 3a 74 72 |Mode":"","RW":tr|
|00000730| 75 65 2c 22 50 72 6f 70 61 67 61 74 69 6f 6e 22 |ue,"Propagation"|
|00000740| 3a 22 22 7d 5d 2c 22 43 6f 6e 66 69 67 22 3a 7b |:""}],"Config":{|
|00000750| 22 48 6f 73 74 6e 61 6d 65 22 3a 22 38 64 64 31 |"Hostname":"8dd1|
|00000760| 64 37 64 33 65 31 65 31 22 2c 22 44 6f 6d 61 69 |d7d3e1e1","Domai|
|00000770| 6e 6e 61 6d 65 22 3a 22 22 2c 22 55 73 65 72 22 |nname":"","User"|
|00000780| 3a 22 22 2c 22 41 74 74 61 63 68 53 74 64 69 6e |:"","AttachStdin|
|00000790| 22 3a 66 61 6c 73 65 2c 22 41 74 74 61 63 68 53 |":false,"AttachS|
|000007a0| 74 64 6f 75 74 22 3a 66 61 6c 73 65 2c 22 41 74 |tdout":false,"At|
|000007b0| 74 61 63 68 53 74 64 65 72 72 22 3a 66 61 6c 73 |tachStderr":fals|
|000007c0| 65 2c 22 45 78 70 6f 73 65 64 50 6f 72 74 73 22 |e,"ExposedPorts"|
|000007d0| 3a 7b 22 32 35 36 37 32 2f 74 63 70 22 3a 7b 7d |:{"25672/tcp":{}|
|000007e0| 2c 22 34 33 36 39 2f 74 63 70 22 3a 7b 7d 2c 22 |,"4369/tcp":{},"|
|000007f0| 35 36 37 31 2f 74 63 70 22 3a 7b 7d 2c 22 35 36 |5671/tcp":{},"56|
|00000800| 37 32 2f 74 63 70 22 3a 7b 7d 7d 2c 22 54 74 79 |72/tcp":{}},"Tty|
|00000810| 22 3a 66 61 6c 73 65 2c 22 4f 70 65 6e 53 74 64 |":false,"OpenStd|
|00000820| 69 6e 22 3a 66 61 6c 73 65 2c 22 53 74 64 69 6e |in":false,"Stdin|
|00000830| 4f 6e 63 65 22 3a 66 61 6c 73 65 2c 22 45 6e 76 |Once":false,"Env|
|00000840| 22 3a 5b 22 52 41 42 42 49 54 4d 51 5f 55 53 45 |":["RABBITMQ_USE|
|00000850| 52 3d 67 75 65 73 74 22 2c 22 52 41 42 42 49 54 |R=guest","RABBIT|
|00000860| 4d 51 5f 50 41 53 53 57 4f 52 44 3d 67 75 65 73 |MQ_PASSWORD=gues|
|00000870| 74 22 2c 22 6e 6f 5f 70 72 6f 78 79 3d 2a 2e 6c |t","no_proxy=*.l|
|00000880| 6f 63 61 6c 2c 20 31 36 39 2e 32 35 34 2f 31 36 |ocal, 169.254/16|
|00000890| 22 2c 22 50 41 54 48 3d 2f 75 73 72 2f 6c 69 62 |","PATH=/usr/lib|
|000008a0| 2f 72 61 62 62 69 74 6d 71 2f 62 69 6e 3a 2f 75 |/rabbitmq/bin:/u|
|000008b0| 73 72 2f 6c 6f 63 61 6c 2f 73 62 69 6e 3a 2f 75 |sr/local/sbin:/u|
|000008c0| 73 72 2f 6c 6f 63 61 6c 2f 62 69 6e 3a 2f 75 73 |sr/local/bin:/us|
|000008d0| 72 2f 73 62 69 6e 3a 2f 75 73 72 2f 62 69 6e 3a |r/sbin:/usr/bin:|
|000008e0| 2f 73 62 69 6e 3a 2f 62 69 6e 22 2c 22 47 4f 53 |/sbin:/bin","GOS|
|000008f0| 55 5f 56 45 52 53 49 4f 4e 3d 31 2e 31 30 22 2c |U_VERSION=1.10",|
|00000900| 22 52 41 42 42 49 54 4d 51 5f 4c 4f 47 53 3d 2d |"RABBITMQ_LOGS=-|
|00000910| 22 2c 22 52 41 42 42 49 54 4d 51 5f 53 41 53 4c |","RABBITMQ_SASL|
|00000920| 5f 4c 4f 47 53 3d 2d 22 2c 22 52 41 42 42 49 54 |_LOGS=-","RABBIT|
|00000930| 4d 51 5f 47 50 47 5f 4b 45 59 3d 30 41 39 41 46 |MQ_GPG_KEY=0A9AF|
|00000940| 32 31 31 35 46 34 36 38 37 42 44 32 39 38 30 33 |2115F4687BD29803|
|00000950| 41 32 30 36 42 37 33 41 33 36 45 36 30 32 36 44 |A206B73A36E6026D|
|00000960| 46 43 41 22 2c 22 52 41 42 42 49 54 4d 51 5f 56 |FCA","RABBITMQ_V|
|00000970| 45 52 53 49 4f 4e 3d 33 2e 36 2e 31 34 22 2c 22 |ERSION=3.6.14","|
|00000980| 52 41 42 42 49 54 4d 51 5f 47 49 54 48 55 42 5f |RABBITMQ_GITHUB_|
|00000990| 54 41 47 3d 72 61 62 62 69 74 6d 71 5f 76 33 5f |TAG=rabbitmq_v3_|
|000009a0| 36 5f 31 34 22 2c 22 52 41 42 42 49 54 4d 51 5f |6_14","RABBITMQ_|
|000009b0| 44 45 42 49 41 4e 5f 56 45 52 53 49 4f 4e 3d 33 |DEBIAN_VERSION=3|
|000009c0| 2e 36 2e 31 34 2d 31 22 2c 22 48 4f 4d 45 3d 2f |.6.14-1","HOME=/|
|000009d0| 76 61 72 2f 6c 69 62 2f 72 61 62 62 69 74 6d 71 |var/lib/rabbitmq|
|000009e0| 22 5d 2c 22 43 6d 64 22 3a 5b 22 72 61 62 62 69 |"],"Cmd":["rabbi|
|000009f0| 74 6d 71 2d 73 65 72 76 65 72 22 5d 2c 22 41 72 |tmq-server"],"Ar|
|00000a00| 67 73 45 73 63 61 70 65 64 22 3a 74 72 75 65 2c |gsEscaped":true,|
|00000a10| 22 49 6d 61 67 65 22 3a 22 72 61 62 62 69 74 6d |"Image":"rabbitm|
|00000a20| 71 3a 33 2e 36 2e 31 34 22 2c 22 56 6f 6c 75 6d |q:3.6.14","Volum|
|00000a30| 65 73 22 3a 7b 22 2f 76 61 72 2f 6c 69 62 2f 72 |es":{"/var/lib/r|
|00000a40| 61 62 62 69 74 6d 71 22 3a 7b 7d 7d 2c 22 57 6f |abbitmq":{}},"Wo|
|00000a50| 72 6b 69 6e 67 44 69 72 22 3a 22 22 2c 22 45 6e |rkingDir":"","En|
|00000a60| 74 72 79 70 6f 69 6e 74 22 3a 5b 22 64 6f 63 6b |trypoint":["dock|
|00000a70| 65 72 2d 65 6e 74 72 79 70 6f 69 6e 74 2e 73 68 |er-entrypoint.sh|
|00000a80| 22 5d 2c 22 4f 6e 42 75 69 6c 64 22 3a 6e 75 6c |"],"OnBuild":nul|
|00000a90| 6c 2c 22 4c 61 62 65 6c 73 22 3a 7b 22 6f 72 67 |l,"Labels":{"org|
|00000aa0| 2e 74 65 73 74 63 6f 6e 74 61 69 6e 65 72 73 22 |.testcontainers"|
|00000ab0| 3a 22 74 72 75 65 22 7d 7d 2c 22 4e 65 74 77 6f |:"true"}},"Netwo|
|00000ac0| 72 6b 53 65 74 74 69 6e 67 73 22 3a 7b 22 42 72 |rkSettings":{"Br|
|00000ad0| 69 64 67 65 22 3a 22 22 2c 22 53 61 6e 64 62 6f |idge":"","Sandbo|
|00000ae0| 78 49 44 22 3a 22 32 31 32 33 36 38 30 61 37 38 |xID":"2123680a78|
|00000af0| 36 31 32 37 30 39 66 39 64 32 32 32 39 66 39 62 |612709f9d2229f9b|
|00000b00| 34 30 39 66 33 62 30 35 62 61 63 65 65 39 61 65 |409f3b05bacee9ae|
|00000b10| 34 35 32 39 38 31 66 30 64 64 33 36 32 30 65 61 |452981f0dd3620ea|
|00000b20| 61 33 33 64 64 61 22 2c 22 48 61 69 72 70 69 6e |a33dda","Hairpin|
|00000b30| 4d 6f 64 65 22 3a 66 61 6c 73 65 2c 22 4c 69 6e |Mode":false,"Lin|
|00000b40| 6b 4c 6f 63 61 6c 49 50 76 36 41 64 64 72 65 73 |kLocalIPv6Addres|
|00000b50| 73 22 3a 22 22 2c 22 4c 69 6e 6b 4c 6f 63 61 6c |s":"","LinkLocal|
|00000b60| 49 50 76 36 50 72 65 66 69 78 4c 65 6e 22 3a 30 |IPv6PrefixLen":0|
|00000b70| 2c 22 50 6f 72 74 73 22 3a 7b 22 32 35 36 37 32 |,"Ports":{"25672|
|00000b80| 2f 74 63 70 22 3a 5b 7b 22 48 6f 73 74 49 70 22 |/tcp":[{"HostIp"|
|00000b90| 3a 22 30 2e 30 2e 30 2e 30 22 2c 22 48 6f 73 74 |:"0.0.0.0","Host|
|00000ba0| 50 6f 72 74 22 3a 22 33 32 39 37 30 22 7d 5d 2c |Port":"32970"}],|
|00000bb0| 22 34 33 36 39 2f 74 63 70 22 3a 5b 7b 22 48 6f |"4369/tcp":[{"Ho|
|00000bc0| 73 74 49 70 22 3a 22 30 2e 30 2e 30 2e 30 22 2c |stIp":"0.0.0.0",|
|00000bd0| 22 48 6f 73 74 50 6f 72 74 22 3a 22 33 32 39 37 |"HostPort":"3297|
|00000be0| 33 22 7d 5d 2c 22 35 36 37 31 2f 74 63 70 22 3a |3"}],"5671/tcp":|
|00000bf0| 5b 7b 22 48 6f 73 74 49 70 22 3a 22 30 2e 30 2e |[{"HostIp":"0.0.|
|00000c00| 30 2e 30 22 2c 22 48 6f 73 74 50 6f 72 74 22 3a |0.0","HostPort":|
|00000c10| 22 33 32 39 37 32 22 7d 5d 2c 22 35 36 37 32 2f |"32972"}],"5672/|
|00000c20| 74 63 70 22 3a 5b 7b 22 48 6f 73 74 49 70 22 3a |tcp":[{"HostIp":|
|00000c30| 22 30 2e 30 2e 30 2e 30 22 2c 22 48 6f 73 74 50 |"0.0.0.0","HostP|
|00000c40| 6f 72 74 22 3a 22 33 32 39 37 31 22 7d 5d 7d 2c |ort":"32971"}]},|
|00000c50| 22 53 61 6e 64 62 6f 78 4b 65 79 22 3a 22 2f 76 |"SandboxKey":"/v|
|00000c60| 61 72 2f 72 75 6e 2f 64 6f 63 6b 65 72 2f 6e 65 |ar/run/docker/ne|
|00000c70| 74 6e 73 2f 32 31 32 33 36 38 30 61 37 38 36 31 |tns/2123680a7861|
|00000c80| 22 2c 22 53 65 63 6f 6e 64 61 72 79 49 50 41 64 |","SecondaryIPAd|
|00000c90| 64 72 65 73 73 65 73 22 3a 6e 75 6c 6c 2c 22 53 |dresses":null,"S|
|00000ca0| 65 63 6f 6e 64 61 72 79 49 50 76 36 41 64 64 72 |econdaryIPv6Addr|
|00000cb0| 65 73 73 65 73 22 3a 6e 75 6c 6c 2c 22 45 6e 64 |esses":null,"End|
|00000cc0| 70 6f 69 6e 74 49 44 22 3a 22 34 32 66 65 34 36 |pointID":"42fe46|
|00000cd0| 39 36 33 34 37 32 30 64 39 62 31 63 34 39 61 31 |9634720d9b1c49a1|
|00000ce0| 61 62 35 30 38 32 37 39 62 65 65 63 34 30 64 32 |ab508279beec40d2|
|00000cf0| 35 38 31 61 33 30 37 39 35 63 34 38 33 32 32 38 |581a30795c483228|
|00000d00| 33 35 35 36 35 32 32 34 66 64 22 2c 22 47 61 74 |35565224fd","Gat|
|00000d10| 65 77 61 79 22 3a 22 31 37 32 2e 31 37 2e 30 2e |eway":"172.17.0.|
|00000d20| 31 22 2c 22 47 6c 6f 62 61 6c 49 50 76 36 41 64 |1","GlobalIPv6Ad|
|00000d30| 64 72 65 73 73 22 3a 22 22 2c 22 47 6c 6f 62 61 |dress":"","Globa|
|00000d40| 6c 49 50 76 36 50 72 65 66 69 78 4c 65 6e 22 3a |lIPv6PrefixLen":|
|00000d50| 30 2c 22 49 50 41 64 64 72 65 73 73 22 3a 22 31 |0,"IPAddress":"1|
|00000d60| 37 32 2e 31 37 2e 30 2e 34 22 2c 22 49 50 50 72 |72.17.0.4","IPPr|
|00000d70| 65 66 69 78 4c 65 6e 22 3a 31 36 2c 22 49 50 76 |efixLen":16,"IPv|
|00000d80| 36 47 61 74 65 77 61 79 22 3a 22 22 2c 22 4d 61 |6Gateway":"","Ma|
|00000d90| 63 41 64 64 72 65 73 73 22 3a 22 30 32 3a 34 32 |cAddress":"02:42|
|00000da0| 3a 61 63 3a 31 31 3a 30 30 3a 30 34 22 2c 22 4e |:ac:11:00:04","N|
|00000db0| 65 74 77 6f 72 6b 73 22 3a 7b 22 62 72 69 64 67 |etworks":{"bridg|
|00000dc0| 65 22 3a 7b 22 49 50 41 4d 43 6f 6e 66 69 67 22 |e":{"IPAMConfig"|
|00000dd0| 3a 6e 75 6c 6c 2c 22 4c 69 6e 6b 73 22 3a 6e 75 |:null,"Links":nu|
|00000de0| 6c 6c 2c 22 41 6c 69 61 73 65 73 22 3a 6e 75 6c |ll,"Aliases":nul|
|00000df0| 6c 2c 22 4e 65 74 77 6f 72 6b 49 44 22 3a 22 39 |l,"NetworkID":"9|
|00000e00| 66 65 38 62 39 32 64 61 66 63 30 35 34 34 36 33 |fe8b92dafc054463|
|00000e10| 33 37 39 64 39 34 35 38 61 64 65 37 37 64 35 31 |379d9458ade77d51|
|00000e20| 61 34 61 62 39 30 61 64 31 33 65 35 34 61 65 32 |a4ab90ad13e54ae2|
|00000e30| 31 61 31 38 64 36 35 66 66 32 63 30 37 63 61 22 |1a18d65ff2c07ca"|
|00000e40| 2c 22 45 6e 64 70 6f 69 6e 74 49 44 22 3a 22 34 |,"EndpointID":"4|
|00000e50| 32 66 65 34 36 39 36 33 34 37 32 30 64 39 62 31 |2fe469634720d9b1|
|00000e60| 63 34 39 61 31 61 62 35 30 38 32 37 39 62 65 65 |c49a1ab508279bee|
|00000e70| 63 34 30 64 32 35 38 31 61 33 30 37 39 35 63 34 |c40d2581a30795c4|
|00000e80| 38 33 32 32 38 33 35 35 36 35 32 32 34 66 64 22 |8322835565224fd"|
|00000e90| 2c 22 47 61 74 65 77 61 79 22 3a 22 31 37 32 2e |,"Gateway":"172.|
|00000ea0| 31 37 2e 30 2e 31 22 2c 22 49 50 41 64 64 72 65 |17.0.1","IPAddre|
|00000eb0| 73 73 22 3a 22 31 37 32 2e 31 37 2e 30 2e 34 22 |ss":"172.17.0.4"|
|00000ec0| 2c 22 49 50 50 72 65 66 69 78 4c 65 6e 22 3a 31 |,"IPPrefixLen":1|
|00000ed0| 36 2c 22 49 50 76 36 47 61 74 65 77 61 79 22 3a |6,"IPv6Gateway":|
|00000ee0| 22 22 2c 22 47 6c 6f 62 61 6c 49 50 76 36 41 64 |"","GlobalIPv6Ad|
|00000ef0| 64 72 65 73 73 22 3a 22 22 2c 22 47 6c 6f 62 61 |dress":"","Globa|
|00000f00| 6c 49 50 76 36 50 72 65 66 69 78 4c 65 6e 22 3a |lIPv6PrefixLen":|
|00000f10| 30 2c 22 4d 61 63 41 64 64 72 65 73 73 22 3a 22 |0,"MacAddress":"|
|00000f20| 30 32 3a 34 32 3a 61 63 3a 31 31 3a 30 30 3a 30 |02:42:ac:11:00:0|
|00000f30| 34 22 2c 22 44 72 69 76 65 72 4f 70 74 73 22 3a |4","DriverOpts":|
|00000f40| 6e 75 6c 6c 7d 7d 7d 7d 0a                      |null}}}}.       |
+--------+-------------------------------------------------+----------------+
2017-11-27 22:09:20.783 DEBUG 24827 --- [rjava-netty-1-7] c.g.d.netty.NettyDockerCmdExecFactory$1  : [id: 0xd5f91b6f, L:null - R:/var/run/docker.sock] READ, EmptyLastHttpContent, 0B
2017-11-27 22:09:20.783 DEBUG 24827 --- [rjava-netty-1-7] c.g.d.netty.NettyDockerCmdExecFactory$1  : [id: 0xd5f91b6f, L:null - R:/var/run/docker.sock] CLOSE
2017-11-27 22:09:20.783 DEBUG 24827 --- [rjava-netty-1-7] xecFactory$UnixDomainSocketInitializer$3 : [id: 0xd5f91b6f, L:null - R:/var/run/docker.sock] CLOSE
2017-11-27 22:09:20.783 DEBUG 24827 --- [rjava-netty-1-7] xecFactory$UnixDomainSocketInitializer$3 : [id: 0xd5f91b6f, L:null ! R:/var/run/docker.sock] READ COMPLETE
2017-11-27 22:09:20.783 DEBUG 24827 --- [rjava-netty-1-7] c.g.d.netty.NettyDockerCmdExecFactory$1  : [id: 0xd5f91b6f, L:null ! R:/var/run/docker.sock] READ COMPLETE
2017-11-27 22:09:20.783 DEBUG 24827 --- [rjava-netty-1-7] xecFactory$UnixDomainSocketInitializer$3 : [id: 0xd5f91b6f, L:null ! R:/var/run/docker.sock] INACTIVE
2017-11-27 22:09:20.783 DEBUG 24827 --- [rjava-netty-1-7] c.g.d.netty.NettyDockerCmdExecFactory$1  : [id: 0xd5f91b6f, L:null ! R:/var/run/docker.sock] INACTIVE
2017-11-27 22:09:20.783 DEBUG 24827 --- [pool-1-thread-1] c.g.d.core.command.AbstrDockerCmd        : Cmd: 8dd1d7d3e1e1d6bdcc6c2faf38dd514172bbf3b517e3076fa7e0919db0066182,<null>,true,true,<null>,<null>,{/bin/sh,-c,nc -vz -w 1 localhost 4369 && echo TESTCONTAINERS_SUCCESS},com.github.dockerjava.netty.exec.ExecCreateCmdExec@20eb72f2
2017-11-27 22:09:20.783 DEBUG 24827 --- [rjava-netty-1-7] xecFactory$UnixDomainSocketInitializer$3 : [id: 0xd5f91b6f, L:null ! R:/var/run/docker.sock] UNREGISTERED
2017-11-27 22:09:20.783 DEBUG 24827 --- [rjava-netty-1-7] c.g.d.netty.NettyDockerCmdExecFactory$1  : [id: 0xd5f91b6f, L:null ! R:/var/run/docker.sock] UNREGISTERED
2017-11-27 22:09:20.783 DEBUG 24827 --- [rjava-netty-1-8] xecFactory$UnixDomainSocketInitializer$3 : [id: 0x4331a78c] REGISTERED
2017-11-27 22:09:20.784 DEBUG 24827 --- [rjava-netty-1-8] xecFactory$UnixDomainSocketInitializer$3 : [id: 0x4331a78c] CONNECT: /var/run/docker.sock
2017-11-27 22:09:20.784 DEBUG 24827 --- [rjava-netty-1-8] xecFactory$UnixDomainSocketInitializer$3 : [id: 0x4331a78c, L:null - R:/var/run/docker.sock] ACTIVE
2017-11-27 22:09:20.785 DEBUG 24827 --- [rjava-netty-1-8] c.g.d.netty.NettyDockerCmdExecFactory$1  : [id: 0x4331a78c, L:null - R:/var/run/docker.sock] WRITE: DefaultFullHttpRequest(decodeResult: success, version: HTTP/1.1, content: UnpooledByteBufAllocator$InstrumentedUnpooledUnsafeHeapByteBuf(ridx: 0, widx: 205, cap: 256))
POST /containers/8dd1d7d3e1e1d6bdcc6c2faf38dd514172bbf3b517e3076fa7e0919db0066182/exec HTTP/1.1
content-type: application/json
content-length: 205
host:
connection: keep-alive
accept-encoding: gzip
accept: application/json, 205B
         +-------------------------------------------------+
         |  0  1  2  3  4  5  6  7  8  9  a  b  c  d  e  f |
+--------+-------------------------------------------------+----------------+
|00000000| 7b 22 63 6f 6e 74 61 69 6e 65 72 49 64 22 3a 22 |{"containerId":"|
|00000010| 38 64 64 31 64 37 64 33 65 31 65 31 64 36 62 64 |8dd1d7d3e1e1d6bd|
|00000020| 63 63 36 63 32 66 61 66 33 38 64 64 35 31 34 31 |cc6c2faf38dd5141|
|00000030| 37 32 62 62 66 33 62 35 31 37 65 33 30 37 36 66 |72bbf3b517e3076f|
|00000040| 61 37 65 30 39 31 39 64 62 30 30 36 36 31 38 32 |a7e0919db0066182|
|00000050| 22 2c 22 41 74 74 61 63 68 53 74 64 6f 75 74 22 |","AttachStdout"|
|00000060| 3a 74 72 75 65 2c 22 41 74 74 61 63 68 53 74 64 |:true,"AttachStd|
|00000070| 65 72 72 22 3a 74 72 75 65 2c 22 43 6d 64 22 3a |err":true,"Cmd":|
|00000080| 5b 22 2f 62 69 6e 2f 73 68 22 2c 22 2d 63 22 2c |["/bin/sh","-c",|
|00000090| 22 6e 63 20 2d 76 7a 20 2d 77 20 31 20 6c 6f 63 |"nc -vz -w 1 loc|
|000000a0| 61 6c 68 6f 73 74 20 34 33 36 39 20 26 26 20 65 |alhost 4369 && e|
|000000b0| 63 68 6f 20 54 45 53 54 43 4f 4e 54 41 49 4e 45 |cho TESTCONTAINE|
|000000c0| 52 53 5f 53 55 43 43 45 53 53 22 5d 7d          |RS_SUCCESS"]}   |
+--------+-------------------------------------------------+----------------+
2017-11-27 22:09:20.785 DEBUG 24827 --- [rjava-netty-1-8] xecFactory$UnixDomainSocketInitializer$3 : [id: 0x4331a78c, L:null - R:/var/run/docker.sock] WRITE: 233B
         +-------------------------------------------------+
         |  0  1  2  3  4  5  6  7  8  9  a  b  c  d  e  f |
+--------+-------------------------------------------------+----------------+
|00000000| 50 4f 53 54 20 2f 63 6f 6e 74 61 69 6e 65 72 73 |POST /containers|
|00000010| 2f 38 64 64 31 64 37 64 33 65 31 65 31 64 36 62 |/8dd1d7d3e1e1d6b|
|00000020| 64 63 63 36 63 32 66 61 66 33 38 64 64 35 31 34 |dcc6c2faf38dd514|
|00000030| 31 37 32 62 62 66 33 62 35 31 37 65 33 30 37 36 |172bbf3b517e3076|
|00000040| 66 61 37 65 30 39 31 39 64 62 30 30 36 36 31 38 |fa7e0919db006618|
|00000050| 32 2f 65 78 65 63 20 48 54 54 50 2f 31 2e 31 0d |2/exec HTTP/1.1.|
|00000060| 0a 63 6f 6e 74 65 6e 74 2d 74 79 70 65 3a 20 61 |.content-type: a|
|00000070| 70 70 6c 69 63 61 74 69 6f 6e 2f 6a 73 6f 6e 0d |pplication/json.|
|00000080| 0a 63 6f 6e 74 65 6e 74 2d 6c 65 6e 67 74 68 3a |.content-length:|
|00000090| 20 32 30 35 0d 0a 68 6f 73 74 3a 20 0d 0a 63 6f | 205..host: ..co|
|000000a0| 6e 6e 65 63 74 69 6f 6e 3a 20 6b 65 65 70 2d 61 |nnection: keep-a|
|000000b0| 6c 69 76 65 0d 0a 61 63 63 65 70 74 2d 65 6e 63 |live..accept-enc|
|000000c0| 6f 64 69 6e 67 3a 20 67 7a 69 70 0d 0a 61 63 63 |oding: gzip..acc|
|000000d0| 65 70 74 3a 20 61 70 70 6c 69 63 61 74 69 6f 6e |ept: application|
|000000e0| 2f 6a 73 6f 6e 0d 0a 0d 0a                      |/json....       |
+--------+-------------------------------------------------+----------------+
2017-11-27 22:09:20.785 DEBUG 24827 --- [rjava-netty-1-8] xecFactory$UnixDomainSocketInitializer$3 : [id: 0x4331a78c, L:null - R:/var/run/docker.sock] WRITE: 205B
         +-------------------------------------------------+
         |  0  1  2  3  4  5  6  7  8  9  a  b  c  d  e  f |
+--------+-------------------------------------------------+----------------+
|00000000| 7b 22 63 6f 6e 74 61 69 6e 65 72 49 64 22 3a 22 |{"containerId":"|
|00000010| 38 64 64 31 64 37 64 33 65 31 65 31 64 36 62 64 |8dd1d7d3e1e1d6bd|
|00000020| 63 63 36 63 32 66 61 66 33 38 64 64 35 31 34 31 |cc6c2faf38dd5141|
|00000030| 37 32 62 62 66 33 62 35 31 37 65 33 30 37 36 66 |72bbf3b517e3076f|
|00000040| 61 37 65 30 39 31 39 64 62 30 30 36 36 31 38 32 |a7e0919db0066182|
|00000050| 22 2c 22 41 74 74 61 63 68 53 74 64 6f 75 74 22 |","AttachStdout"|
|00000060| 3a 74 72 75 65 2c 22 41 74 74 61 63 68 53 74 64 |:true,"AttachStd|
|00000070| 65 72 72 22 3a 74 72 75 65 2c 22 43 6d 64 22 3a |err":true,"Cmd":|
|00000080| 5b 22 2f 62 69 6e 2f 73 68 22 2c 22 2d 63 22 2c |["/bin/sh","-c",|
|00000090| 22 6e 63 20 2d 76 7a 20 2d 77 20 31 20 6c 6f 63 |"nc -vz -w 1 loc|
|000000a0| 61 6c 68 6f 73 74 20 34 33 36 39 20 26 26 20 65 |alhost 4369 && e|
|000000b0| 63 68 6f 20 54 45 53 54 43 4f 4e 54 41 49 4e 45 |cho TESTCONTAINE|
|000000c0| 52 53 5f 53 55 43 43 45 53 53 22 5d 7d          |RS_SUCCESS"]}   |
+--------+-------------------------------------------------+----------------+
2017-11-27 22:09:20.785 DEBUG 24827 --- [rjava-netty-1-8] c.g.d.netty.NettyDockerCmdExecFactory$1  : [id: 0x4331a78c, L:null - R:/var/run/docker.sock] FLUSH
2017-11-27 22:09:20.785 DEBUG 24827 --- [rjava-netty-1-8] xecFactory$UnixDomainSocketInitializer$3 : [id: 0x4331a78c, L:null - R:/var/run/docker.sock] FLUSH
2017-11-27 22:09:20.788 DEBUG 24827 --- [rjava-netty-1-8] xecFactory$UnixDomainSocketInitializer$3 : [id: 0x4331a78c, L:null - R:/var/run/docker.sock] READ: 284B
         +-------------------------------------------------+
         |  0  1  2  3  4  5  6  7  8  9  a  b  c  d  e  f |
+--------+-------------------------------------------------+----------------+
|00000000| 48 54 54 50 2f 31 2e 31 20 32 30 31 20 43 72 65 |HTTP/1.1 201 Cre|
|00000010| 61 74 65 64 0d 0a 41 70 69 2d 56 65 72 73 69 6f |ated..Api-Versio|
|00000020| 6e 3a 20 31 2e 33 32 0d 0a 43 6f 6e 74 65 6e 74 |n: 1.32..Content|
|00000030| 2d 4c 65 6e 67 74 68 3a 20 37 34 0d 0a 43 6f 6e |-Length: 74..Con|
|00000040| 74 65 6e 74 2d 54 79 70 65 3a 20 61 70 70 6c 69 |tent-Type: appli|
|00000050| 63 61 74 69 6f 6e 2f 6a 73 6f 6e 0d 0a 44 61 74 |cation/json..Dat|
|00000060| 65 3a 20 4d 6f 6e 2c 20 32 37 20 4e 6f 76 20 32 |e: Mon, 27 Nov 2|
|00000070| 30 31 37 20 32 31 3a 30 39 3a 31 37 20 47 4d 54 |017 21:09:17 GMT|
|00000080| 0d 0a 44 6f 63 6b 65 72 2d 45 78 70 65 72 69 6d |..Docker-Experim|
|00000090| 65 6e 74 61 6c 3a 20 66 61 6c 73 65 0d 0a 4f 73 |ental: false..Os|
|000000a0| 74 79 70 65 3a 20 6c 69 6e 75 78 0d 0a 53 65 72 |type: linux..Ser|
|000000b0| 76 65 72 3a 20 44 6f 63 6b 65 72 2f 31 37 2e 30 |ver: Docker/17.0|
|000000c0| 39 2e 30 2d 63 65 20 28 6c 69 6e 75 78 29 0d 0a |9.0-ce (linux)..|
|000000d0| 0d 0a 7b 22 49 64 22 3a 22 65 63 34 36 35 35 39 |..{"Id":"ec46559|
|000000e0| 61 31 39 66 30 34 35 31 66 37 64 65 30 38 36 63 |a19f0451f7de086c|
|000000f0| 35 30 37 65 61 62 35 65 36 66 63 62 65 64 35 39 |507eab5e6fcbed59|
|00000100| 32 32 35 31 66 31 65 36 63 33 33 32 35 32 62 35 |2251f1e6c33252b5|
|00000110| 64 30 37 36 61 66 66 36 34 22 7d 0a             |d076aff64"}.    |
+--------+-------------------------------------------------+----------------+
2017-11-27 22:09:20.788 DEBUG 24827 --- [rjava-netty-1-8] c.g.d.netty.NettyDockerCmdExecFactory$1  : [id: 0x4331a78c, L:null - R:/var/run/docker.sock] READ: DefaultHttpResponse(decodeResult: success, version: HTTP/1.1)
HTTP/1.1 201 Created
Api-Version: 1.32
Content-Length: 74
Content-Type: application/json
Date: Mon, 27 Nov 2017 21:09:17 GMT
Docker-Experimental: false
Ostype: linux
Server: Docker/17.09.0-ce (linux)
2017-11-27 22:09:20.788 DEBUG 24827 --- [rjava-netty-1-8] c.g.d.netty.NettyDockerCmdExecFactory$1  : [id: 0x4331a78c, L:null - R:/var/run/docker.sock] READ: DefaultLastHttpContent(data: PooledSlicedByteBuf(ridx: 0, widx: 74, cap: 74/74, unwrapped: PooledUnsafeDirectByteBuf(ridx: 284, widx: 284, cap: 1024)), decoderResult: success), 74B
         +-------------------------------------------------+
         |  0  1  2  3  4  5  6  7  8  9  a  b  c  d  e  f |
+--------+-------------------------------------------------+----------------+
|00000000| 7b 22 49 64 22 3a 22 65 63 34 36 35 35 39 61 31 |{"Id":"ec46559a1|
|00000010| 39 66 30 34 35 31 66 37 64 65 30 38 36 63 35 30 |9f0451f7de086c50|
|00000020| 37 65 61 62 35 65 36 66 63 62 65 64 35 39 32 32 |7eab5e6fcbed5922|
|00000030| 35 31 66 31 65 36 63 33 33 32 35 32 62 35 64 30 |51f1e6c33252b5d0|
|00000040| 37 36 61 66 66 36 34 22 7d 0a                   |76aff64"}.      |
+--------+-------------------------------------------------+----------------+
2017-11-27 22:09:20.788 DEBUG 24827 --- [rjava-netty-1-8] c.g.d.netty.NettyDockerCmdExecFactory$1  : [id: 0x4331a78c, L:null - R:/var/run/docker.sock] CLOSE
2017-11-27 22:09:20.788 DEBUG 24827 --- [rjava-netty-1-8] xecFactory$UnixDomainSocketInitializer$3 : [id: 0x4331a78c, L:null - R:/var/run/docker.sock] CLOSE
2017-11-27 22:09:20.789 DEBUG 24827 --- [rjava-netty-1-8] xecFactory$UnixDomainSocketInitializer$3 : [id: 0x4331a78c, L:null ! R:/var/run/docker.sock] READ COMPLETE
2017-11-27 22:09:20.789 DEBUG 24827 --- [rjava-netty-1-8] c.g.d.netty.NettyDockerCmdExecFactory$1  : [id: 0x4331a78c, L:null ! R:/var/run/docker.sock] READ COMPLETE
2017-11-27 22:09:20.789 DEBUG 24827 --- [rjava-netty-1-8] xecFactory$UnixDomainSocketInitializer$3 : [id: 0x4331a78c, L:null ! R:/var/run/docker.sock] INACTIVE
2017-11-27 22:09:20.789 DEBUG 24827 --- [rjava-netty-1-8] c.g.d.netty.NettyDockerCmdExecFactory$1  : [id: 0x4331a78c, L:null ! R:/var/run/docker.sock] INACTIVE
2017-11-27 22:09:20.789 DEBUG 24827 --- [rjava-netty-1-8] xecFactory$UnixDomainSocketInitializer$3 : [id: 0x4331a78c, L:null ! R:/var/run/docker.sock] UNREGISTERED
2017-11-27 22:09:20.789 DEBUG 24827 --- [rjava-netty-1-8] c.g.d.netty.NettyDockerCmdExecFactory$1  : [id: 0x4331a78c, L:null ! R:/var/run/docker.sock] UNREGISTERED
2017-11-27 22:09:20.789 DEBUG 24827 --- [rjava-netty-1-9] xecFactory$UnixDomainSocketInitializer$3 : [id: 0xa0306ee2] REGISTERED
2017-11-27 22:09:20.789 DEBUG 24827 --- [rjava-netty-1-9] xecFactory$UnixDomainSocketInitializer$3 : [id: 0xa0306ee2] CONNECT: /var/run/docker.sock
2017-11-27 22:09:20.789 DEBUG 24827 --- [rjava-netty-1-9] xecFactory$UnixDomainSocketInitializer$3 : [id: 0xa0306ee2, L:null - R:/var/run/docker.sock] ACTIVE
2017-11-27 22:09:20.790 DEBUG 24827 --- [rjava-netty-1-9] c.g.d.netty.NettyDockerCmdExecFactory$1  : [id: 0xa0306ee2, L:null - R:/var/run/docker.sock] WRITE: DefaultFullHttpRequest(decodeResult: success, version: HTTP/1.1, content: UnpooledByteBufAllocator$InstrumentedUnpooledUnsafeHeapByteBuf(ridx: 0, widx: 2, cap: 64))
POST /exec/ec46559a19f0451f7de086c507eab5e6fcbed592251f1e6c33252b5d076aff64/start HTTP/1.1
content-type: application/json
content-length: 2
host:
accept-encoding: gzip
accept: application/json
upgrade: tcp
connection: upgrade, 2B
         +-------------------------------------------------+
         |  0  1  2  3  4  5  6  7  8  9  a  b  c  d  e  f |
+--------+-------------------------------------------------+----------------+
|00000000| 7b 7d                                           |{}              |
+--------+-------------------------------------------------+----------------+
2017-11-27 22:09:20.790 DEBUG 24827 --- [rjava-netty-1-9] xecFactory$UnixDomainSocketInitializer$3 : [id: 0xa0306ee2, L:null - R:/var/run/docker.sock] WRITE: 239B
         +-------------------------------------------------+
         |  0  1  2  3  4  5  6  7  8  9  a  b  c  d  e  f |
+--------+-------------------------------------------------+----------------+
|00000000| 50 4f 53 54 20 2f 65 78 65 63 2f 65 63 34 36 35 |POST /exec/ec465|
|00000010| 35 39 61 31 39 66 30 34 35 31 66 37 64 65 30 38 |59a19f0451f7de08|
|00000020| 36 63 35 30 37 65 61 62 35 65 36 66 63 62 65 64 |6c507eab5e6fcbed|
|00000030| 35 39 32 32 35 31 66 31 65 36 63 33 33 32 35 32 |592251f1e6c33252|
|00000040| 62 35 64 30 37 36 61 66 66 36 34 2f 73 74 61 72 |b5d076aff64/star|
|00000050| 74 20 48 54 54 50 2f 31 2e 31 0d 0a 63 6f 6e 74 |t HTTP/1.1..cont|
|00000060| 65 6e 74 2d 74 79 70 65 3a 20 61 70 70 6c 69 63 |ent-type: applic|
|00000070| 61 74 69 6f 6e 2f 6a 73 6f 6e 0d 0a 63 6f 6e 74 |ation/json..cont|
|00000080| 65 6e 74 2d 6c 65 6e 67 74 68 3a 20 32 0d 0a 68 |ent-length: 2..h|
|00000090| 6f 73 74 3a 20 0d 0a 61 63 63 65 70 74 2d 65 6e |ost: ..accept-en|
|000000a0| 63 6f 64 69 6e 67 3a 20 67 7a 69 70 0d 0a 61 63 |coding: gzip..ac|
|000000b0| 63 65 70 74 3a 20 61 70 70 6c 69 63 61 74 69 6f |cept: applicatio|
|000000c0| 6e 2f 6a 73 6f 6e 0d 0a 75 70 67 72 61 64 65 3a |n/json..upgrade:|
|000000d0| 20 74 63 70 0d 0a 63 6f 6e 6e 65 63 74 69 6f 6e | tcp..connection|
|000000e0| 3a 20 75 70 67 72 61 64 65 0d 0a 0d 0a 7b 7d    |: upgrade....{} |
+--------+-------------------------------------------------+----------------+
2017-11-27 22:09:20.790 DEBUG 24827 --- [rjava-netty-1-9] c.g.d.netty.NettyDockerCmdExecFactory$1  : [id: 0xa0306ee2, L:null - R:/var/run/docker.sock] FLUSH
2017-11-27 22:09:20.791 DEBUG 24827 --- [rjava-netty-1-9] xecFactory$UnixDomainSocketInitializer$3 : [id: 0xa0306ee2, L:null - R:/var/run/docker.sock] FLUSH
2017-11-27 22:09:20.794 DEBUG 24827 --- [rjava-netty-1-9] xecFactory$UnixDomainSocketInitializer$3 : [id: 0xa0306ee2, L:null - R:/var/run/docker.sock] READ: 254B
         +-------------------------------------------------+
         |  0  1  2  3  4  5  6  7  8  9  a  b  c  d  e  f |
+--------+-------------------------------------------------+----------------+
|00000000| 48 54 54 50 2f 31 2e 31 20 31 30 31 20 53 77 69 |HTTP/1.1 101 Swi|
|00000010| 74 63 68 69 6e 67 20 50 72 6f 74 6f 63 6f 6c 73 |tching Protocols|
|00000020| 0d 0a 41 70 69 2d 56 65 72 73 69 6f 6e 3a 20 31 |..Api-Version: 1|
|00000030| 2e 33 32 0d 0a 43 6f 6e 6e 65 63 74 69 6f 6e 3a |.32..Connection:|
|00000040| 20 55 70 67 72 61 64 65 0d 0a 43 6f 6e 74 65 6e | Upgrade..Conten|
|00000050| 74 2d 54 79 70 65 3a 20 61 70 70 6c 69 63 61 74 |t-Type: applicat|
|00000060| 69 6f 6e 2f 76 6e 64 2e 64 6f 63 6b 65 72 2e 72 |ion/vnd.docker.r|
|00000070| 61 77 2d 73 74 72 65 61 6d 0d 0a 44 6f 63 6b 65 |aw-stream..Docke|
|00000080| 72 2d 45 78 70 65 72 69 6d 65 6e 74 61 6c 3a 20 |r-Experimental: |
|00000090| 66 61 6c 73 65 0d 0a 4f 73 74 79 70 65 3a 20 6c |false..Ostype: l|
|000000a0| 69 6e 75 78 0d 0a 53 65 72 76 65 72 3a 20 44 6f |inux..Server: Do|
|000000b0| 63 6b 65 72 2f 31 37 2e 30 39 2e 30 2d 63 65 20 |cker/17.09.0-ce |
|000000c0| 28 6c 69 6e 75 78 29 0d 0a 55 70 67 72 61 64 65 |(linux)..Upgrade|
|000000d0| 3a 20 74 63 70 0d 0a 44 61 74 65 3a 20 4d 6f 6e |: tcp..Date: Mon|
|000000e0| 2c 20 32 37 20 4e 6f 76 20 32 30 31 37 20 32 31 |, 27 Nov 2017 21|
|000000f0| 3a 30 39 3a 32 30 20 47 4d 54 0d 0a 0d 0a       |:09:20 GMT....  |
+--------+-------------------------------------------------+----------------+
2017-11-27 22:09:20.794 DEBUG 24827 --- [rjava-netty-1-9] c.g.d.netty.NettyDockerCmdExecFactory$1  : [id: 0xa0306ee2, L:null - R:/var/run/docker.sock] READ: DefaultHttpResponse(decodeResult: success, version: HTTP/1.1)
HTTP/1.1 101 Switching Protocols
Api-Version: 1.32
Connection: Upgrade
Content-Type: application/vnd.docker.raw-stream
Docker-Experimental: false
Ostype: linux
Server: Docker/17.09.0-ce (linux)
Upgrade: tcp
Date: Mon, 27 Nov 2017 21:09:20 GMT
2017-11-27 22:09:20.794 DEBUG 24827 --- [rjava-netty-1-9] c.g.d.netty.NettyDockerCmdExecFactory$1  : [id: 0xa0306ee2, L:null - R:/var/run/docker.sock] READ, EmptyLastHttpContent, 0B
2017-11-27 22:09:20.794 DEBUG 24827 --- [rjava-netty-1-9] xecFactory$UnixDomainSocketInitializer$3 : [id: 0xa0306ee2, L:null - R:/var/run/docker.sock] READ COMPLETE
2017-11-27 22:09:20.794 DEBUG 24827 --- [rjava-netty-1-9] c.g.d.netty.NettyDockerCmdExecFactory$1  : [id: 0xa0306ee2, L:null - R:/var/run/docker.sock] READ COMPLETE
2017-11-27 22:09:20.858 DEBUG 24827 --- [rjava-netty-1-9] xecFactory$UnixDomainSocketInitializer$3 : [id: 0xa0306ee2, L:null - R:/var/run/docker.sock] READ: 34B
         +-------------------------------------------------+
         |  0  1  2  3  4  5  6  7  8  9  a  b  c  d  e  f |
+--------+-------------------------------------------------+----------------+
|00000000| 02 00 00 00 00 00 00 1a 2f 62 69 6e 2f 73 68 3a |......../bin/sh:|
|00000010| 20 31 3a 20 6e 63 3a 20 6e 6f 74 20 66 6f 75 6e | 1: nc: not foun|
|00000020| 64 0a                                           |d.              |
+--------+-------------------------------------------------+----------------+
2017-11-27 22:09:20.858 DEBUG 24827 --- [rjava-netty-1-9] c.g.d.netty.NettyDockerCmdExecFactory$1  : [id: 0xa0306ee2, L:null - R:/var/run/docker.sock] READ: 34B
         +-------------------------------------------------+
         |  0  1  2  3  4  5  6  7  8  9  a  b  c  d  e  f |
+--------+-------------------------------------------------+----------------+
|00000000| 02 00 00 00 00 00 00 1a 2f 62 69 6e 2f 73 68 3a |......../bin/sh:|
|00000010| 20 31 3a 20 6e 63 3a 20 6e 6f 74 20 66 6f 75 6e | 1: nc: not foun|
|00000020| 64 0a                                           |d.              |
+--------+-------------------------------------------------+----------------+
2017-11-27 22:09:20.858 DEBUG 24827 --- [rjava-netty-1-9] xecFactory$UnixDomainSocketInitializer$3 : [id: 0xa0306ee2, L:null - R:/var/run/docker.sock] READ COMPLETE
2017-11-27 22:09:20.858 DEBUG 24827 --- [rjava-netty-1-9] c.g.d.netty.NettyDockerCmdExecFactory$1  : [id: 0xa0306ee2, L:null - R:/var/run/docker.sock] READ COMPLETE
2017-11-27 22:09:20.859 DEBUG 24827 --- [rjava-netty-1-9] xecFactory$UnixDomainSocketInitializer$3 : [id: 0xa0306ee2, L:null - R:/var/run/docker.sock] READ COMPLETE
2017-11-27 22:09:20.859 DEBUG 24827 --- [rjava-netty-1-9] c.g.d.netty.NettyDockerCmdExecFactory$1  : [id: 0xa0306ee2, L:null - R:/var/run/docker.sock] READ COMPLETE
2017-11-27 22:09:20.860 DEBUG 24827 --- [rjava-netty-1-9] c.g.d.netty.NettyDockerCmdExecFactory$1  : [id: 0xa0306ee2, L:null ! R:/var/run/docker.sock] CLOSE
2017-11-27 22:09:20.860 DEBUG 24827 --- [rjava-netty-1-9] xecFactory$UnixDomainSocketInitializer$3 : [id: 0xa0306ee2, L:null ! R:/var/run/docker.sock] CLOSE
2017-11-27 22:09:20.860 DEBUG 24827 --- [rjava-netty-1-9] xecFactory$UnixDomainSocketInitializer$3 : [id: 0xa0306ee2, L:null ! R:/var/run/docker.sock] INACTIVE
2017-11-27 22:09:20.860 DEBUG 24827 --- [rjava-netty-1-9] c.g.d.netty.NettyDockerCmdExecFactory$1  : [id: 0xa0306ee2, L:null ! R:/var/run/docker.sock] INACTIVE
2017-11-27 22:09:20.860 DEBUG 24827 --- [rjava-netty-1-9] xecFactory$UnixDomainSocketInitializer$3 : [id: 0xa0306ee2, L:null ! R:/var/run/docker.sock] UNREGISTERED
2017-11-27 22:09:20.860 DEBUG 24827 --- [rjava-netty-1-9] c.g.d.netty.NettyDockerCmdExecFactory$1  : [id: 0xa0306ee2, L:null ! R:/var/run/docker.sock] UNREGISTERED
2017-11-27 22:09:20.860 DEBUG 24827 --- [pool-1-thread-1] c.g.d.core.command.AbstrDockerCmd        : Cmd: 8dd1d7d3e1e1d6bdcc6c2faf38dd514172bbf3b517e3076fa7e0919db0066182,false,com.github.dockerjava.netty.exec.InspectContainerCmdExec@65492e
2017-11-27 22:09:20.860 DEBUG 24827 --- [pool-1-thread-1] c.g.d.n.exec.InspectContainerCmdExec     : GET: com.github.dockerjava.netty.WebTarget@985707a9
2017-11-27 22:09:20.861 DEBUG 24827 --- [java-netty-1-10] xecFactory$UnixDomainSocketInitializer$3 : [id: 0x48cdb8ad] REGISTERED
2017-11-27 22:09:20.861 DEBUG 24827 --- [java-netty-1-10] xecFactory$UnixDomainSocketInitializer$3 : [id: 0x48cdb8ad] CONNECT: /var/run/docker.sock
2017-11-27 22:09:20.861 DEBUG 24827 --- [java-netty-1-10] xecFactory$UnixDomainSocketInitializer$3 : [id: 0x48cdb8ad, L:null - R:/var/run/docker.sock] ACTIVE
2017-11-27 22:09:20.861 DEBUG 24827 --- [java-netty-1-10] c.g.d.netty.NettyDockerCmdExecFactory$1  : [id: 0x48cdb8ad, L:null - R:/var/run/docker.sock] WRITE, DefaultFullHttpRequest(decodeResult: success, version: HTTP/1.1, content: UnpooledByteBufAllocator$InstrumentedUnpooledUnsafeHeapByteBuf(ridx: 0, widx: 0, cap: 0))
GET /containers/8dd1d7d3e1e1d6bdcc6c2faf38dd514172bbf3b517e3076fa7e0919db0066182/json HTTP/1.1
host:
connection: keep-alive
accept-encoding: gzip
accept: application/json, 0B
2017-11-27 22:09:20.861 DEBUG 24827 --- [java-netty-1-10] xecFactory$UnixDomainSocketInitializer$3 : [id: 0x48cdb8ad, L:null - R:/var/run/docker.sock] WRITE: 179B
         +-------------------------------------------------+
         |  0  1  2  3  4  5  6  7  8  9  a  b  c  d  e  f |
+--------+-------------------------------------------------+----------------+
|00000000| 47 45 54 20 2f 63 6f 6e 74 61 69 6e 65 72 73 2f |GET /containers/|
|00000010| 38 64 64 31 64 37 64 33 65 31 65 31 64 36 62 64 |8dd1d7d3e1e1d6bd|
|00000020| 63 63 36 63 32 66 61 66 33 38 64 64 35 31 34 31 |cc6c2faf38dd5141|
|00000030| 37 32 62 62 66 33 62 35 31 37 65 33 30 37 36 66 |72bbf3b517e3076f|
|00000040| 61 37 65 30 39 31 39 64 62 30 30 36 36 31 38 32 |a7e0919db0066182|
|00000050| 2f 6a 73 6f 6e 20 48 54 54 50 2f 31 2e 31 0d 0a |/json HTTP/1.1..|
|00000060| 68 6f 73 74 3a 20 0d 0a 63 6f 6e 6e 65 63 74 69 |host: ..connecti|
|00000070| 6f 6e 3a 20 6b 65 65 70 2d 61 6c 69 76 65 0d 0a |on: keep-alive..|
|00000080| 61 63 63 65 70 74 2d 65 6e 63 6f 64 69 6e 67 3a |accept-encoding:|
|00000090| 20 67 7a 69 70 0d 0a 61 63 63 65 70 74 3a 20 61 | gzip..accept: a|
|000000a0| 70 70 6c 69 63 61 74 69 6f 6e 2f 6a 73 6f 6e 0d |pplication/json.|
|000000b0| 0a 0d 0a                                        |...             |
+--------+-------------------------------------------------+----------------+
2017-11-27 22:09:20.861 DEBUG 24827 --- [java-netty-1-10] c.g.d.netty.NettyDockerCmdExecFactory$1  : [id: 0x48cdb8ad, L:null - R:/var/run/docker.sock] FLUSH
2017-11-27 22:09:20.861 DEBUG 24827 --- [java-netty-1-10] xecFactory$UnixDomainSocketInitializer$3 : [id: 0x48cdb8ad, L:null - R:/var/run/docker.sock] FLUSH
2017-11-27 22:09:20.864 DEBUG 24827 --- [java-netty-1-10] xecFactory$UnixDomainSocketInitializer$3 : [id: 0x48cdb8ad, L:null - R:/var/run/docker.sock] READ: 1024B
         +-------------------------------------------------+
         |  0  1  2  3  4  5  6  7  8  9  a  b  c  d  e  f |
+--------+-------------------------------------------------+----------------+
|00000000| 48 54 54 50 2f 31 2e 31 20 32 30 30 20 4f 4b 0d |HTTP/1.1 200 OK.|
|00000010| 0a 41 70 69 2d 56 65 72 73 69 6f 6e 3a 20 31 2e |.Api-Version: 1.|
|00000020| 33 32 0d 0a 43 6f 6e 74 65 6e 74 2d 54 79 70 65 |32..Content-Type|
|00000030| 3a 20 61 70 70 6c 69 63 61 74 69 6f 6e 2f 6a 73 |: application/js|
|00000040| 6f 6e 0d 0a 44 61 74 65 3a 20 4d 6f 6e 2c 20 32 |on..Date: Mon, 2|
|00000050| 37 20 4e 6f 76 20 32 30 31 37 20 32 31 3a 30 39 |7 Nov 2017 21:09|
|00000060| 3a 31 37 20 47 4d 54 0d 0a 44 6f 63 6b 65 72 2d |:17 GMT..Docker-|
|00000070| 45 78 70 65 72 69 6d 65 6e 74 61 6c 3a 20 66 61 |Experimental: fa|
|00000080| 6c 73 65 0d 0a 4f 73 74 79 70 65 3a 20 6c 69 6e |lse..Ostype: lin|
|00000090| 75 78 0d 0a 53 65 72 76 65 72 3a 20 44 6f 63 6b |ux..Server: Dock|
|000000a0| 65 72 2f 31 37 2e 30 39 2e 30 2d 63 65 20 28 6c |er/17.09.0-ce (l|
|000000b0| 69 6e 75 78 29 0d 0a 54 72 61 6e 73 66 65 72 2d |inux)..Transfer-|
|000000c0| 45 6e 63 6f 64 69 6e 67 3a 20 63 68 75 6e 6b 65 |Encoding: chunke|
|000000d0| 64 0d 0a 0d 0a 31 32 36 65 0d 0a 7b 22 49 64 22 |d....126e..{"Id"|
|000000e0| 3a 22 38 64 64 31 64 37 64 33 65 31 65 31 64 36 |:"8dd1d7d3e1e1d6|
|000000f0| 62 64 63 63 36 63 32 66 61 66 33 38 64 64 35 31 |bdcc6c2faf38dd51|
|00000100| 34 31 37 32 62 62 66 33 62 35 31 37 65 33 30 37 |4172bbf3b517e307|
|00000110| 36 66 61 37 65 30 39 31 39 64 62 30 30 36 36 31 |6fa7e0919db00661|
|00000120| 38 32 22 2c 22 43 72 65 61 74 65 64 22 3a 22 32 |82","Created":"2|
|00000130| 30 31 37 2d 31 31 2d 32 37 54 32 31 3a 30 39 3a |017-11-27T21:09:|
|00000140| 31 35 2e 33 32 38 36 33 37 36 38 32 5a 22 2c 22 |15.328637682Z","|
|00000150| 50 61 74 68 22 3a 22 64 6f 63 6b 65 72 2d 65 6e |Path":"docker-en|
|00000160| 74 72 79 70 6f 69 6e 74 2e 73 68 22 2c 22 41 72 |trypoint.sh","Ar|
|00000170| 67 73 22 3a 5b 22 72 61 62 62 69 74 6d 71 2d 73 |gs":["rabbitmq-s|
|00000180| 65 72 76 65 72 22 5d 2c 22 53 74 61 74 65 22 3a |erver"],"State":|
|00000190| 7b 22 53 74 61 74 75 73 22 3a 22 72 75 6e 6e 69 |{"Status":"runni|
|000001a0| 6e 67 22 2c 22 52 75 6e 6e 69 6e 67 22 3a 74 72 |ng","Running":tr|
|000001b0| 75 65 2c 22 50 61 75 73 65 64 22 3a 66 61 6c 73 |ue,"Paused":fals|
|000001c0| 65 2c 22 52 65 73 74 61 72 74 69 6e 67 22 3a 66 |e,"Restarting":f|
|000001d0| 61 6c 73 65 2c 22 4f 4f 4d 4b 69 6c 6c 65 64 22 |alse,"OOMKilled"|
|000001e0| 3a 66 61 6c 73 65 2c 22 44 65 61 64 22 3a 66 61 |:false,"Dead":fa|
|000001f0| 6c 73 65 2c 22 50 69 64 22 3a 31 36 34 37 34 2c |lse,"Pid":16474,|
|00000200| 22 45 78 69 74 43 6f 64 65 22 3a 30 2c 22 45 72 |"ExitCode":0,"Er|
|00000210| 72 6f 72 22 3a 22 22 2c 22 53 74 61 72 74 65 64 |ror":"","Started|
|00000220| 41 74 22 3a 22 32 30 31 37 2d 31 31 2d 32 37 54 |At":"2017-11-27T|
|00000230| 32 31 3a 30 39 3a 31 36 2e 30 34 35 35 37 38 30 |21:09:16.0455780|
|00000240| 34 39 5a 22 2c 22 46 69 6e 69 73 68 65 64 41 74 |49Z","FinishedAt|
|00000250| 22 3a 22 30 30 30 31 2d 30 31 2d 30 31 54 30 30 |":"0001-01-01T00|
|00000260| 3a 30 30 3a 30 30 5a 22 7d 2c 22 49 6d 61 67 65 |:00:00Z"},"Image|
|00000270| 22 3a 22 73 68 61 32 35 36 3a 37 39 61 30 30 38 |":"sha256:79a008|
|00000280| 62 32 35 39 36 32 65 31 61 31 34 33 65 30 32 62 |b25962e1a143e02b|
|00000290| 33 37 31 38 37 66 38 35 35 63 62 32 32 34 65 32 |37187f855cb224e2|
|000002a0| 32 30 33 62 39 34 63 63 39 66 38 37 65 38 31 66 |203b94cc9f87e81f|
|000002b0| 65 32 37 35 36 36 30 63 39 64 22 2c 22 52 65 73 |e275660c9d","Res|
|000002c0| 6f 6c 76 43 6f 6e 66 50 61 74 68 22 3a 22 2f 76 |olvConfPath":"/v|
|000002d0| 61 72 2f 6c 69 62 2f 64 6f 63 6b 65 72 2f 63 6f |ar/lib/docker/co|
|000002e0| 6e 74 61 69 6e 65 72 73 2f 38 64 64 31 64 37 64 |ntainers/8dd1d7d|
|000002f0| 33 65 31 65 31 64 36 62 64 63 63 36 63 32 66 61 |3e1e1d6bdcc6c2fa|
|00000300| 66 33 38 64 64 35 31 34 31 37 32 62 62 66 33 62 |f38dd514172bbf3b|
|00000310| 35 31 37 65 33 30 37 36 66 61 37 65 30 39 31 39 |517e3076fa7e0919|
|00000320| 64 62 30 30 36 36 31 38 32 2f 72 65 73 6f 6c 76 |db0066182/resolv|
|00000330| 2e 63 6f 6e 66 22 2c 22 48 6f 73 74 6e 61 6d 65 |.conf","Hostname|
|00000340| 50 61 74 68 22 3a 22 2f 76 61 72 2f 6c 69 62 2f |Path":"/var/lib/|
|00000350| 64 6f 63 6b 65 72 2f 63 6f 6e 74 61 69 6e 65 72 |docker/container|
|00000360| 73 2f 38 64 64 31 64 37 64 33 65 31 65 31 64 36 |s/8dd1d7d3e1e1d6|
|00000370| 62 64 63 63 36 63 32 66 61 66 33 38 64 64 35 31 |bdcc6c2faf38dd51|
|00000380| 34 31 37 32 62 62 66 33 62 35 31 37 65 33 30 37 |4172bbf3b517e307|
|00000390| 36 66 61 37 65 30 39 31 39 64 62 30 30 36 36 31 |6fa7e0919db00661|
|000003a0| 38 32 2f 68 6f 73 74 6e 61 6d 65 22 2c 22 48 6f |82/hostname","Ho|
|000003b0| 73 74 73 50 61 74 68 22 3a 22 2f 76 61 72 2f 6c |stsPath":"/var/l|
|000003c0| 69 62 2f 64 6f 63 6b 65 72 2f 63 6f 6e 74 61 69 |ib/docker/contai|
|000003d0| 6e 65 72 73 2f 38 64 64 31 64 37 64 33 65 31 65 |ners/8dd1d7d3e1e|
|000003e0| 31 64 36 62 64 63 63 36 63 32 66 61 66 33 38 64 |1d6bdcc6c2faf38d|
|000003f0| 64 35 31 34 31 37 32 62 62 66 33 62 35 31 37 65 |d514172bbf3b517e|
+--------+-------------------------------------------------+----------------+
2017-11-27 22:09:20.864 DEBUG 24827 --- [java-netty-1-10] c.g.d.netty.NettyDockerCmdExecFactory$1  : [id: 0x48cdb8ad, L:null - R:/var/run/docker.sock] READ: DefaultHttpResponse(decodeResult: success, version: HTTP/1.1)
HTTP/1.1 200 OK
Api-Version: 1.32
Content-Type: application/json
Date: Mon, 27 Nov 2017 21:09:17 GMT
Docker-Experimental: false
Ostype: linux
Server: Docker/17.09.0-ce (linux)
Transfer-Encoding: chunked
2017-11-27 22:09:20.864 DEBUG 24827 --- [java-netty-1-10] c.g.d.netty.NettyDockerCmdExecFactory$1  : [id: 0x48cdb8ad, L:null - R:/var/run/docker.sock] READ: DefaultHttpContent(data: PooledSlicedByteBuf(ridx: 0, widx: 805, cap: 805/805, unwrapped: PooledUnsafeDirectByteBuf(ridx: 1024, widx: 1024, cap: 1024)), decoderResult: success), 805B
         +-------------------------------------------------+
         |  0  1  2  3  4  5  6  7  8  9  a  b  c  d  e  f |
+--------+-------------------------------------------------+----------------+
|00000000| 7b 22 49 64 22 3a 22 38 64 64 31 64 37 64 33 65 |{"Id":"8dd1d7d3e|
|00000010| 31 65 31 64 36 62 64 63 63 36 63 32 66 61 66 33 |1e1d6bdcc6c2faf3|
|00000020| 38 64 64 35 31 34 31 37 32 62 62 66 33 62 35 31 |8dd514172bbf3b51|
|00000030| 37 65 33 30 37 36 66 61 37 65 30 39 31 39 64 62 |7e3076fa7e0919db|
|00000040| 30 30 36 36 31 38 32 22 2c 22 43 72 65 61 74 65 |0066182","Create|
|00000050| 64 22 3a 22 32 30 31 37 2d 31 31 2d 32 37 54 32 |d":"2017-11-27T2|
|00000060| 31 3a 30 39 3a 31 35 2e 33 32 38 36 33 37 36 38 |1:09:15.32863768|
|00000070| 32 5a 22 2c 22 50 61 74 68 22 3a 22 64 6f 63 6b |2Z","Path":"dock|
|00000080| 65 72 2d 65 6e 74 72 79 70 6f 69 6e 74 2e 73 68 |er-entrypoint.sh|
|00000090| 22 2c 22 41 72 67 73 22 3a 5b 22 72 61 62 62 69 |","Args":["rabbi|
|000000a0| 74 6d 71 2d 73 65 72 76 65 72 22 5d 2c 22 53 74 |tmq-server"],"St|
|000000b0| 61 74 65 22 3a 7b 22 53 74 61 74 75 73 22 3a 22 |ate":{"Status":"|
|000000c0| 72 75 6e 6e 69 6e 67 22 2c 22 52 75 6e 6e 69 6e |running","Runnin|
|000000d0| 67 22 3a 74 72 75 65 2c 22 50 61 75 73 65 64 22 |g":true,"Paused"|
|000000e0| 3a 66 61 6c 73 65 2c 22 52 65 73 74 61 72 74 69 |:false,"Restarti|
|000000f0| 6e 67 22 3a 66 61 6c 73 65 2c 22 4f 4f 4d 4b 69 |ng":false,"OOMKi|
|00000100| 6c 6c 65 64 22 3a 66 61 6c 73 65 2c 22 44 65 61 |lled":false,"Dea|
|00000110| 64 22 3a 66 61 6c 73 65 2c 22 50 69 64 22 3a 31 |d":false,"Pid":1|
|00000120| 36 34 37 34 2c 22 45 78 69 74 43 6f 64 65 22 3a |6474,"ExitCode":|
|00000130| 30 2c 22 45 72 72 6f 72 22 3a 22 22 2c 22 53 74 |0,"Error":"","St|
|00000140| 61 72 74 65 64 41 74 22 3a 22 32 30 31 37 2d 31 |artedAt":"2017-1|
|00000150| 31 2d 32 37 54 32 31 3a 30 39 3a 31 36 2e 30 34 |1-27T21:09:16.04|
|00000160| 35 35 37 38 30 34 39 5a 22 2c 22 46 69 6e 69 73 |5578049Z","Finis|
|00000170| 68 65 64 41 74 22 3a 22 30 30 30 31 2d 30 31 2d |hedAt":"0001-01-|
|00000180| 30 31 54 30 30 3a 30 30 3a 30 30 5a 22 7d 2c 22 |01T00:00:00Z"},"|
|00000190| 49 6d 61 67 65 22 3a 22 73 68 61 32 35 36 3a 37 |Image":"sha256:7|
|000001a0| 39 61 30 30 38 62 32 35 39 36 32 65 31 61 31 34 |9a008b25962e1a14|
|000001b0| 33 65 30 32 62 33 37 31 38 37 66 38 35 35 63 62 |3e02b37187f855cb|
|000001c0| 32 32 34 65 32 32 30 33 62 39 34 63 63 39 66 38 |224e2203b94cc9f8|
|000001d0| 37 65 38 31 66 65 32 37 35 36 36 30 63 39 64 22 |7e81fe275660c9d"|
|000001e0| 2c 22 52 65 73 6f 6c 76 43 6f 6e 66 50 61 74 68 |,"ResolvConfPath|
|000001f0| 22 3a 22 2f 76 61 72 2f 6c 69 62 2f 64 6f 63 6b |":"/var/lib/dock|
|00000200| 65 72 2f 63 6f 6e 74 61 69 6e 65 72 73 2f 38 64 |er/containers/8d|
|00000210| 64 31 64 37 64 33 65 31 65 31 64 36 62 64 63 63 |d1d7d3e1e1d6bdcc|
|00000220| 36 63 32 66 61 66 33 38 64 64 35 31 34 31 37 32 |6c2faf38dd514172|
|00000230| 62 62 66 33 62 35 31 37 65 33 30 37 36 66 61 37 |bbf3b517e3076fa7|
|00000240| 65 30 39 31 39 64 62 30 30 36 36 31 38 32 2f 72 |e0919db0066182/r|
|00000250| 65 73 6f 6c 76 2e 63 6f 6e 66 22 2c 22 48 6f 73 |esolv.conf","Hos|
|00000260| 74 6e 61 6d 65 50 61 74 68 22 3a 22 2f 76 61 72 |tnamePath":"/var|
|00000270| 2f 6c 69 62 2f 64 6f 63 6b 65 72 2f 63 6f 6e 74 |/lib/docker/cont|
|00000280| 61 69 6e 65 72 73 2f 38 64 64 31 64 37 64 33 65 |ainers/8dd1d7d3e|
|00000290| 31 65 31 64 36 62 64 63 63 36 63 32 66 61 66 33 |1e1d6bdcc6c2faf3|
|000002a0| 38 64 64 35 31 34 31 37 32 62 62 66 33 62 35 31 |8dd514172bbf3b51|
|000002b0| 37 65 33 30 37 36 66 61 37 65 30 39 31 39 64 62 |7e3076fa7e0919db|
|000002c0| 30 30 36 36 31 38 32 2f 68 6f 73 74 6e 61 6d 65 |0066182/hostname|
|000002d0| 22 2c 22 48 6f 73 74 73 50 61 74 68 22 3a 22 2f |","HostsPath":"/|
|000002e0| 76 61 72 2f 6c 69 62 2f 64 6f 63 6b 65 72 2f 63 |var/lib/docker/c|
|000002f0| 6f 6e 74 61 69 6e 65 72 73 2f 38 64 64 31 64 37 |ontainers/8dd1d7|
|00000300| 64 33 65 31 65 31 64 36 62 64 63 63 36 63 32 66 |d3e1e1d6bdcc6c2f|
|00000310| 61 66 33 38 64 64 35 31 34 31 37 32 62 62 66 33 |af38dd514172bbf3|
|00000320| 62 35 31 37 65                                  |b517e           |
+--------+-------------------------------------------------+----------------+
2017-11-27 22:09:20.864 DEBUG 24827 --- [java-netty-1-10] xecFactory$UnixDomainSocketInitializer$3 : [id: 0x48cdb8ad, L:null - R:/var/run/docker.sock] READ COMPLETE
2017-11-27 22:09:20.864 DEBUG 24827 --- [java-netty-1-10] c.g.d.netty.NettyDockerCmdExecFactory$1  : [id: 0x48cdb8ad, L:null - R:/var/run/docker.sock] READ COMPLETE
2017-11-27 22:09:20.865 DEBUG 24827 --- [java-netty-1-10] xecFactory$UnixDomainSocketInitializer$3 : [id: 0x48cdb8ad, L:null - R:/var/run/docker.sock] READ: 3920B
         +-------------------------------------------------+
         |  0  1  2  3  4  5  6  7  8  9  a  b  c  d  e  f |
+--------+-------------------------------------------------+----------------+
|00000000| 33 30 37 36 66 61 37 65 30 39 31 39 64 62 30 30 |3076fa7e0919db00|
|00000010| 36 36 31 38 32 2f 68 6f 73 74 73 22 2c 22 4c 6f |66182/hosts","Lo|
|00000020| 67 50 61 74 68 22 3a 22 2f 76 61 72 2f 6c 69 62 |gPath":"/var/lib|
|00000030| 2f 64 6f 63 6b 65 72 2f 63 6f 6e 74 61 69 6e 65 |/docker/containe|
|00000040| 72 73 2f 38 64 64 31 64 37 64 33 65 31 65 31 64 |rs/8dd1d7d3e1e1d|
|00000050| 36 62 64 63 63 36 63 32 66 61 66 33 38 64 64 35 |6bdcc6c2faf38dd5|
|00000060| 31 34 31 37 32 62 62 66 33 62 35 31 37 65 33 30 |14172bbf3b517e30|
|00000070| 37 36 66 61 37 65 30 39 31 39 64 62 30 30 36 36 |76fa7e0919db0066|
|00000080| 31 38 32 2f 38 64 64 31 64 37 64 33 65 31 65 31 |182/8dd1d7d3e1e1|
|00000090| 64 36 62 64 63 63 36 63 32 66 61 66 33 38 64 64 |d6bdcc6c2faf38dd|
|000000a0| 35 31 34 31 37 32 62 62 66 33 62 35 31 37 65 33 |514172bbf3b517e3|
|000000b0| 30 37 36 66 61 37 65 30 39 31 39 64 62 30 30 36 |076fa7e0919db006|
|000000c0| 36 31 38 32 2d 6a 73 6f 6e 2e 6c 6f 67 22 2c 22 |6182-json.log","|
|000000d0| 4e 61 6d 65 22 3a 22 2f 74 72 75 73 74 69 6e 67 |Name":"/trusting|
|000000e0| 5f 6e 6f 65 74 68 65 72 22 2c 22 52 65 73 74 61 |_noether","Resta|
|000000f0| 72 74 43 6f 75 6e 74 22 3a 30 2c 22 44 72 69 76 |rtCount":0,"Driv|
|00000100| 65 72 22 3a 22 61 75 66 73 22 2c 22 50 6c 61 74 |er":"aufs","Plat|
|00000110| 66 6f 72 6d 22 3a 22 6c 69 6e 75 78 22 2c 22 4d |form":"linux","M|
|00000120| 6f 75 6e 74 4c 61 62 65 6c 22 3a 22 22 2c 22 50 |ountLabel":"","P|
|00000130| 72 6f 63 65 73 73 4c 61 62 65 6c 22 3a 22 22 2c |rocessLabel":"",|
|00000140| 22 41 70 70 41 72 6d 6f 72 50 72 6f 66 69 6c 65 |"AppArmorProfile|
|00000150| 22 3a 22 22 2c 22 45 78 65 63 49 44 73 22 3a 6e |":"","ExecIDs":n|
|00000160| 75 6c 6c 2c 22 48 6f 73 74 43 6f 6e 66 69 67 22 |ull,"HostConfig"|
|00000170| 3a 7b 22 42 69 6e 64 73 22 3a 5b 5d 2c 22 43 6f |:{"Binds":[],"Co|
|00000180| 6e 74 61 69 6e 65 72 49 44 46 69 6c 65 22 3a 22 |ntainerIDFile":"|
|00000190| 22 2c 22 4c 6f 67 43 6f 6e 66 69 67 22 3a 7b 22 |","LogConfig":{"|
|000001a0| 54 79 70 65 22 3a 22 6a 73 6f 6e 2d 66 69 6c 65 |Type":"json-file|
|000001b0| 22 2c 22 43 6f 6e 66 69 67 22 3a 7b 7d 7d 2c 22 |","Config":{}},"|
|000001c0| 4e 65 74 77 6f 72 6b 4d 6f 64 65 22 3a 22 64 65 |NetworkMode":"de|
|000001d0| 66 61 75 6c 74 22 2c 22 50 6f 72 74 42 69 6e 64 |fault","PortBind|
|000001e0| 69 6e 67 73 22 3a 7b 7d 2c 22 52 65 73 74 61 72 |ings":{},"Restar|
|000001f0| 74 50 6f 6c 69 63 79 22 3a 7b 22 4e 61 6d 65 22 |tPolicy":{"Name"|
|00000200| 3a 22 22 2c 22 4d 61 78 69 6d 75 6d 52 65 74 72 |:"","MaximumRetr|
|00000210| 79 43 6f 75 6e 74 22 3a 30 7d 2c 22 41 75 74 6f |yCount":0},"Auto|
|00000220| 52 65 6d 6f 76 65 22 3a 66 61 6c 73 65 2c 22 56 |Remove":false,"V|
|00000230| 6f 6c 75 6d 65 44 72 69 76 65 72 22 3a 22 22 2c |olumeDriver":"",|
|00000240| 22 56 6f 6c 75 6d 65 73 46 72 6f 6d 22 3a 5b 5d |"VolumesFrom":[]|
|00000250| 2c 22 43 61 70 41 64 64 22 3a 6e 75 6c 6c 2c 22 |,"CapAdd":null,"|
|00000260| 43 61 70 44 72 6f 70 22 3a 6e 75 6c 6c 2c 22 44 |CapDrop":null,"D|
|00000270| 6e 73 22 3a 6e 75 6c 6c 2c 22 44 6e 73 4f 70 74 |ns":null,"DnsOpt|
|00000280| 69 6f 6e 73 22 3a 6e 75 6c 6c 2c 22 44 6e 73 53 |ions":null,"DnsS|
|00000290| 65 61 72 63 68 22 3a 6e 75 6c 6c 2c 22 45 78 74 |earch":null,"Ext|
|000002a0| 72 61 48 6f 73 74 73 22 3a 5b 5d 2c 22 47 72 6f |raHosts":[],"Gro|
|000002b0| 75 70 41 64 64 22 3a 6e 75 6c 6c 2c 22 49 70 63 |upAdd":null,"Ipc|
|000002c0| 4d 6f 64 65 22 3a 22 73 68 61 72 65 61 62 6c 65 |Mode":"shareable|
|000002d0| 22 2c 22 43 67 72 6f 75 70 22 3a 22 22 2c 22 4c |","Cgroup":"","L|
|000002e0| 69 6e 6b 73 22 3a 6e 75 6c 6c 2c 22 4f 6f 6d 53 |inks":null,"OomS|
|000002f0| 63 6f 72 65 41 64 6a 22 3a 30 2c 22 50 69 64 4d |coreAdj":0,"PidM|
|00000300| 6f 64 65 22 3a 22 22 2c 22 50 72 69 76 69 6c 65 |ode":"","Privile|
|00000310| 67 65 64 22 3a 66 61 6c 73 65 2c 22 50 75 62 6c |ged":false,"Publ|
|00000320| 69 73 68 41 6c 6c 50 6f 72 74 73 22 3a 74 72 75 |ishAllPorts":tru|
|00000330| 65 2c 22 52 65 61 64 6f 6e 6c 79 52 6f 6f 74 66 |e,"ReadonlyRootf|
|00000340| 73 22 3a 66 61 6c 73 65 2c 22 53 65 63 75 72 69 |s":false,"Securi|
|00000350| 74 79 4f 70 74 22 3a 6e 75 6c 6c 2c 22 55 54 53 |tyOpt":null,"UTS|
|00000360| 4d 6f 64 65 22 3a 22 22 2c 22 55 73 65 72 6e 73 |Mode":"","Userns|
|00000370| 4d 6f 64 65 22 3a 22 22 2c 22 53 68 6d 53 69 7a |Mode":"","ShmSiz|
|00000380| 65 22 3a 36 37 31 30 38 38 36 34 2c 22 52 75 6e |e":67108864,"Run|
|00000390| 74 69 6d 65 22 3a 22 72 75 6e 63 22 2c 22 43 6f |time":"runc","Co|
|000003a0| 6e 73 6f 6c 65 53 69 7a 65 22 3a 5b 30 2c 30 5d |nsoleSize":[0,0]|
|000003b0| 2c 22 49 73 6f 6c 61 74 69 6f 6e 22 3a 22 22 2c |,"Isolation":"",|
|000003c0| 22 43 70 75 53 68 61 72 65 73 22 3a 30 2c 22 4d |"CpuShares":0,"M|
|000003d0| 65 6d 6f 72 79 22 3a 30 2c 22 4e 61 6e 6f 43 70 |emory":0,"NanoCp|
|000003e0| 75 73 22 3a 30 2c 22 43 67 72 6f 75 70 50 61 72 |us":0,"CgroupPar|
|000003f0| 65 6e 74 22 3a 22 22 2c 22 42 6c 6b 69 6f 57 65 |ent":"","BlkioWe|
|00000400| 69 67 68 74 22 3a 30 2c 22 42 6c 6b 69 6f 57 65 |ight":0,"BlkioWe|
|00000410| 69 67 68 74 44 65 76 69 63 65 22 3a 6e 75 6c 6c |ightDevice":null|
|00000420| 2c 22 42 6c 6b 69 6f 44 65 76 69 63 65 52 65 61 |,"BlkioDeviceRea|
|00000430| 64 42 70 73 22 3a 6e 75 6c 6c 2c 22 42 6c 6b 69 |dBps":null,"Blki|
|00000440| 6f 44 65 76 69 63 65 57 72 69 74 65 42 70 73 22 |oDeviceWriteBps"|
|00000450| 3a 6e 75 6c 6c 2c 22 42 6c 6b 69 6f 44 65 76 69 |:null,"BlkioDevi|
|00000460| 63 65 52 65 61 64 49 4f 70 73 22 3a 6e 75 6c 6c |ceReadIOps":null|
|00000470| 2c 22 42 6c 6b 69 6f 44 65 76 69 63 65 57 72 69 |,"BlkioDeviceWri|
|00000480| 74 65 49 4f 70 73 22 3a 6e 75 6c 6c 2c 22 43 70 |teIOps":null,"Cp|
|00000490| 75 50 65 72 69 6f 64 22 3a 30 2c 22 43 70 75 51 |uPeriod":0,"CpuQ|
|000004a0| 75 6f 74 61 22 3a 30 2c 22 43 70 75 52 65 61 6c |uota":0,"CpuReal|
|000004b0| 74 69 6d 65 50 65 72 69 6f 64 22 3a 30 2c 22 43 |timePeriod":0,"C|
|000004c0| 70 75 52 65 61 6c 74 69 6d 65 52 75 6e 74 69 6d |puRealtimeRuntim|
|000004d0| 65 22 3a 30 2c 22 43 70 75 73 65 74 43 70 75 73 |e":0,"CpusetCpus|
|000004e0| 22 3a 22 22 2c 22 43 70 75 73 65 74 4d 65 6d 73 |":"","CpusetMems|
|000004f0| 22 3a 22 22 2c 22 44 65 76 69 63 65 73 22 3a 6e |":"","Devices":n|
|00000500| 75 6c 6c 2c 22 44 65 76 69 63 65 43 67 72 6f 75 |ull,"DeviceCgrou|
|00000510| 70 52 75 6c 65 73 22 3a 6e 75 6c 6c 2c 22 44 69 |pRules":null,"Di|
|00000520| 73 6b 51 75 6f 74 61 22 3a 30 2c 22 4b 65 72 6e |skQuota":0,"Kern|
|00000530| 65 6c 4d 65 6d 6f 72 79 22 3a 30 2c 22 4d 65 6d |elMemory":0,"Mem|
|00000540| 6f 72 79 52 65 73 65 72 76 61 74 69 6f 6e 22 3a |oryReservation":|
|00000550| 30 2c 22 4d 65 6d 6f 72 79 53 77 61 70 22 3a 30 |0,"MemorySwap":0|
|00000560| 2c 22 4d 65 6d 6f 72 79 53 77 61 70 70 69 6e 65 |,"MemorySwappine|
|00000570| 73 73 22 3a 6e 75 6c 6c 2c 22 4f 6f 6d 4b 69 6c |ss":null,"OomKil|
|00000580| 6c 44 69 73 61 62 6c 65 22 3a 66 61 6c 73 65 2c |lDisable":false,|
|00000590| 22 50 69 64 73 4c 69 6d 69 74 22 3a 30 2c 22 55 |"PidsLimit":0,"U|
|000005a0| 6c 69 6d 69 74 73 22 3a 6e 75 6c 6c 2c 22 43 70 |limits":null,"Cp|
|000005b0| 75 43 6f 75 6e 74 22 3a 30 2c 22 43 70 75 50 65 |uCount":0,"CpuPe|
|000005c0| 72 63 65 6e 74 22 3a 30 2c 22 49 4f 4d 61 78 69 |rcent":0,"IOMaxi|
|000005d0| 6d 75 6d 49 4f 70 73 22 3a 30 2c 22 49 4f 4d 61 |mumIOps":0,"IOMa|
|000005e0| 78 69 6d 75 6d 42 61 6e 64 77 69 64 74 68 22 3a |ximumBandwidth":|
|000005f0| 30 7d 2c 22 47 72 61 70 68 44 72 69 76 65 72 22 |0},"GraphDriver"|
|00000600| 3a 7b 22 44 61 74 61 22 3a 6e 75 6c 6c 2c 22 4e |:{"Data":null,"N|
|00000610| 61 6d 65 22 3a 22 61 75 66 73 22 7d 2c 22 4d 6f |ame":"aufs"},"Mo|
|00000620| 75 6e 74 73 22 3a 5b 7b 22 54 79 70 65 22 3a 22 |unts":[{"Type":"|
|00000630| 76 6f 6c 75 6d 65 22 2c 22 4e 61 6d 65 22 3a 22 |volume","Name":"|
|00000640| 63 61 61 30 64 33 34 38 36 34 62 62 64 35 34 35 |caa0d34864bbd545|
|00000650| 30 32 36 62 38 36 65 35 32 34 34 30 66 65 66 37 |026b86e52440fef7|
|00000660| 36 34 35 32 37 31 62 33 30 61 37 39 34 30 62 39 |645271b30a7940b9|
|00000670| 38 32 31 62 63 63 66 64 63 36 31 66 64 63 32 39 |821bccfdc61fdc29|
|00000680| 22 2c 22 53 6f 75 72 63 65 22 3a 22 2f 76 61 72 |","Source":"/var|
|00000690| 2f 6c 69 62 2f 64 6f 63 6b 65 72 2f 76 6f 6c 75 |/lib/docker/volu|
|000006a0| 6d 65 73 2f 63 61 61 30 64 33 34 38 36 34 62 62 |mes/caa0d34864bb|
|000006b0| 64 35 34 35 30 32 36 62 38 36 65 35 32 34 34 30 |d545026b86e52440|
|000006c0| 66 65 66 37 36 34 35 32 37 31 62 33 30 61 37 39 |fef7645271b30a79|
|000006d0| 34 30 62 39 38 32 31 62 63 63 66 64 63 36 31 66 |40b9821bccfdc61f|
|000006e0| 64 63 32 39 2f 5f 64 61 74 61 22 2c 22 44 65 73 |dc29/_data","Des|
|000006f0| 74 69 6e 61 74 69 6f 6e 22 3a 22 2f 76 61 72 2f |tination":"/var/|
|00000700| 6c 69 62 2f 72 61 62 62 69 74 6d 71 22 2c 22 44 |lib/rabbitmq","D|
|00000710| 72 69 76 65 72 22 3a 22 6c 6f 63 61 6c 22 2c 22 |river":"local","|
|00000720| 4d 6f 64 65 22 3a 22 22 2c 22 52 57 22 3a 74 72 |Mode":"","RW":tr|
|00000730| 75 65 2c 22 50 72 6f 70 61 67 61 74 69 6f 6e 22 |ue,"Propagation"|
|00000740| 3a 22 22 7d 5d 2c 22 43 6f 6e 66 69 67 22 3a 7b |:""}],"Config":{|
|00000750| 22 48 6f 73 74 6e 61 6d 65 22 3a 22 38 64 64 31 |"Hostname":"8dd1|
|00000760| 64 37 64 33 65 31 65 31 22 2c 22 44 6f 6d 61 69 |d7d3e1e1","Domai|
|00000770| 6e 6e 61 6d 65 22 3a 22 22 2c 22 55 73 65 72 22 |nname":"","User"|
|00000780| 3a 22 22 2c 22 41 74 74 61 63 68 53 74 64 69 6e |:"","AttachStdin|
|00000790| 22 3a 66 61 6c 73 65 2c 22 41 74 74 61 63 68 53 |":false,"AttachS|
|000007a0| 74 64 6f 75 74 22 3a 66 61 6c 73 65 2c 22 41 74 |tdout":false,"At|
|000007b0| 74 61 63 68 53 74 64 65 72 72 22 3a 66 61 6c 73 |tachStderr":fals|
|000007c0| 65 2c 22 45 78 70 6f 73 65 64 50 6f 72 74 73 22 |e,"ExposedPorts"|
|000007d0| 3a 7b 22 32 35 36 37 32 2f 74 63 70 22 3a 7b 7d |:{"25672/tcp":{}|
|000007e0| 2c 22 34 33 36 39 2f 74 63 70 22 3a 7b 7d 2c 22 |,"4369/tcp":{},"|
|000007f0| 35 36 37 31 2f 74 63 70 22 3a 7b 7d 2c 22 35 36 |5671/tcp":{},"56|
|00000800| 37 32 2f 74 63 70 22 3a 7b 7d 7d 2c 22 54 74 79 |72/tcp":{}},"Tty|
|00000810| 22 3a 66 61 6c 73 65 2c 22 4f 70 65 6e 53 74 64 |":false,"OpenStd|
|00000820| 69 6e 22 3a 66 61 6c 73 65 2c 22 53 74 64 69 6e |in":false,"Stdin|
|00000830| 4f 6e 63 65 22 3a 66 61 6c 73 65 2c 22 45 6e 76 |Once":false,"Env|
|00000840| 22 3a 5b 22 52 41 42 42 49 54 4d 51 5f 55 53 45 |":["RABBITMQ_USE|
|00000850| 52 3d 67 75 65 73 74 22 2c 22 52 41 42 42 49 54 |R=guest","RABBIT|
|00000860| 4d 51 5f 50 41 53 53 57 4f 52 44 3d 67 75 65 73 |MQ_PASSWORD=gues|
|00000870| 74 22 2c 22 6e 6f 5f 70 72 6f 78 79 3d 2a 2e 6c |t","no_proxy=*.l|
|00000880| 6f 63 61 6c 2c 20 31 36 39 2e 32 35 34 2f 31 36 |ocal, 169.254/16|
|00000890| 22 2c 22 50 41 54 48 3d 2f 75 73 72 2f 6c 69 62 |","PATH=/usr/lib|
|000008a0| 2f 72 61 62 62 69 74 6d 71 2f 62 69 6e 3a 2f 75 |/rabbitmq/bin:/u|
|000008b0| 73 72 2f 6c 6f 63 61 6c 2f 73 62 69 6e 3a 2f 75 |sr/local/sbin:/u|
|000008c0| 73 72 2f 6c 6f 63 61 6c 2f 62 69 6e 3a 2f 75 73 |sr/local/bin:/us|
|000008d0| 72 2f 73 62 69 6e 3a 2f 75 73 72 2f 62 69 6e 3a |r/sbin:/usr/bin:|
|000008e0| 2f 73 62 69 6e 3a 2f 62 69 6e 22 2c 22 47 4f 53 |/sbin:/bin","GOS|
|000008f0| 55 5f 56 45 52 53 49 4f 4e 3d 31 2e 31 30 22 2c |U_VERSION=1.10",|
|00000900| 22 52 41 42 42 49 54 4d 51 5f 4c 4f 47 53 3d 2d |"RABBITMQ_LOGS=-|
|00000910| 22 2c 22 52 41 42 42 49 54 4d 51 5f 53 41 53 4c |","RABBITMQ_SASL|
|00000920| 5f 4c 4f 47 53 3d 2d 22 2c 22 52 41 42 42 49 54 |_LOGS=-","RABBIT|
|00000930| 4d 51 5f 47 50 47 5f 4b 45 59 3d 30 41 39 41 46 |MQ_GPG_KEY=0A9AF|
|00000940| 32 31 31 35 46 34 36 38 37 42 44 32 39 38 30 33 |2115F4687BD29803|
|00000950| 41 32 30 36 42 37 33 41 33 36 45 36 30 32 36 44 |A206B73A36E6026D|
|00000960| 46 43 41 22 2c 22 52 41 42 42 49 54 4d 51 5f 56 |FCA","RABBITMQ_V|
|00000970| 45 52 53 49 4f 4e 3d 33 2e 36 2e 31 34 22 2c 22 |ERSION=3.6.14","|
|00000980| 52 41 42 42 49 54 4d 51 5f 47 49 54 48 55 42 5f |RABBITMQ_GITHUB_|
|00000990| 54 41 47 3d 72 61 62 62 69 74 6d 71 5f 76 33 5f |TAG=rabbitmq_v3_|
|000009a0| 36 5f 31 34 22 2c 22 52 41 42 42 49 54 4d 51 5f |6_14","RABBITMQ_|
|000009b0| 44 45 42 49 41 4e 5f 56 45 52 53 49 4f 4e 3d 33 |DEBIAN_VERSION=3|
|000009c0| 2e 36 2e 31 34 2d 31 22 2c 22 48 4f 4d 45 3d 2f |.6.14-1","HOME=/|
|000009d0| 76 61 72 2f 6c 69 62 2f 72 61 62 62 69 74 6d 71 |var/lib/rabbitmq|
|000009e0| 22 5d 2c 22 43 6d 64 22 3a 5b 22 72 61 62 62 69 |"],"Cmd":["rabbi|
|000009f0| 74 6d 71 2d 73 65 72 76 65 72 22 5d 2c 22 41 72 |tmq-server"],"Ar|
|00000a00| 67 73 45 73 63 61 70 65 64 22 3a 74 72 75 65 2c |gsEscaped":true,|
|00000a10| 22 49 6d 61 67 65 22 3a 22 72 61 62 62 69 74 6d |"Image":"rabbitm|
|00000a20| 71 3a 33 2e 36 2e 31 34 22 2c 22 56 6f 6c 75 6d |q:3.6.14","Volum|
|00000a30| 65 73 22 3a 7b 22 2f 76 61 72 2f 6c 69 62 2f 72 |es":{"/var/lib/r|
|00000a40| 61 62 62 69 74 6d 71 22 3a 7b 7d 7d 2c 22 57 6f |abbitmq":{}},"Wo|
|00000a50| 72 6b 69 6e 67 44 69 72 22 3a 22 22 2c 22 45 6e |rkingDir":"","En|
|00000a60| 74 72 79 70 6f 69 6e 74 22 3a 5b 22 64 6f 63 6b |trypoint":["dock|
|00000a70| 65 72 2d 65 6e 74 72 79 70 6f 69 6e 74 2e 73 68 |er-entrypoint.sh|
|00000a80| 22 5d 2c 22 4f 6e 42 75 69 6c 64 22 3a 6e 75 6c |"],"OnBuild":nul|
|00000a90| 6c 2c 22 4c 61 62 65 6c 73 22 3a 7b 22 6f 72 67 |l,"Labels":{"org|
|00000aa0| 2e 74 65 73 74 63 6f 6e 74 61 69 6e 65 72 73 22 |.testcontainers"|
|00000ab0| 3a 22 74 72 75 65 22 7d 7d 2c 22 4e 65 74 77 6f |:"true"}},"Netwo|
|00000ac0| 72 6b 53 65 74 74 69 6e 67 73 22 3a 7b 22 42 72 |rkSettings":{"Br|
|00000ad0| 69 64 67 65 22 3a 22 22 2c 22 53 61 6e 64 62 6f |idge":"","Sandbo|
|00000ae0| 78 49 44 22 3a 22 32 31 32 33 36 38 30 61 37 38 |xID":"2123680a78|
|00000af0| 36 31 32 37 30 39 66 39 64 32 32 32 39 66 39 62 |612709f9d2229f9b|
|00000b00| 34 30 39 66 33 62 30 35 62 61 63 65 65 39 61 65 |409f3b05bacee9ae|
|00000b10| 34 35 32 39 38 31 66 30 64 64 33 36 32 30 65 61 |452981f0dd3620ea|
|00000b20| 61 33 33 64 64 61 22 2c 22 48 61 69 72 70 69 6e |a33dda","Hairpin|
|00000b30| 4d 6f 64 65 22 3a 66 61 6c 73 65 2c 22 4c 69 6e |Mode":false,"Lin|
|00000b40| 6b 4c 6f 63 61 6c 49 50 76 36 41 64 64 72 65 73 |kLocalIPv6Addres|
|00000b50| 73 22 3a 22 22 2c 22 4c 69 6e 6b 4c 6f 63 61 6c |s":"","LinkLocal|
|00000b60| 49 50 76 36 50 72 65 66 69 78 4c 65 6e 22 3a 30 |IPv6PrefixLen":0|
|00000b70| 2c 22 50 6f 72 74 73 22 3a 7b 22 32 35 36 37 32 |,"Ports":{"25672|
|00000b80| 2f 74 63 70 22 3a 5b 7b 22 48 6f 73 74 49 70 22 |/tcp":[{"HostIp"|
|00000b90| 3a 22 30 2e 30 2e 30 2e 30 22 2c 22 48 6f 73 74 |:"0.0.0.0","Host|
|00000ba0| 50 6f 72 74 22 3a 22 33 32 39 37 30 22 7d 5d 2c |Port":"32970"}],|
|00000bb0| 22 34 33 36 39 2f 74 63 70 22 3a 5b 7b 22 48 6f |"4369/tcp":[{"Ho|
|00000bc0| 73 74 49 70 22 3a 22 30 2e 30 2e 30 2e 30 22 2c |stIp":"0.0.0.0",|
|00000bd0| 22 48 6f 73 74 50 6f 72 74 22 3a 22 33 32 39 37 |"HostPort":"3297|
|00000be0| 33 22 7d 5d 2c 22 35 36 37 31 2f 74 63 70 22 3a |3"}],"5671/tcp":|
|00000bf0| 5b 7b 22 48 6f 73 74 49 70 22 3a 22 30 2e 30 2e |[{"HostIp":"0.0.|
|00000c00| 30 2e 30 22 2c 22 48 6f 73 74 50 6f 72 74 22 3a |0.0","HostPort":|
|00000c10| 22 33 32 39 37 32 22 7d 5d 2c 22 35 36 37 32 2f |"32972"}],"5672/|
|00000c20| 74 63 70 22 3a 5b 7b 22 48 6f 73 74 49 70 22 3a |tcp":[{"HostIp":|
|00000c30| 22 30 2e 30 2e 30 2e 30 22 2c 22 48 6f 73 74 50 |"0.0.0.0","HostP|
|00000c40| 6f 72 74 22 3a 22 33 32 39 37 31 22 7d 5d 7d 2c |ort":"32971"}]},|
|00000c50| 22 53 61 6e 64 62 6f 78 4b 65 79 22 3a 22 2f 76 |"SandboxKey":"/v|
|00000c60| 61 72 2f 72 75 6e 2f 64 6f 63 6b 65 72 2f 6e 65 |ar/run/docker/ne|
|00000c70| 74 6e 73 2f 32 31 32 33 36 38 30 61 37 38 36 31 |tns/2123680a7861|
|00000c80| 22 2c 22 53 65 63 6f 6e 64 61 72 79 49 50 41 64 |","SecondaryIPAd|
|00000c90| 64 72 65 73 73 65 73 22 3a 6e 75 6c 6c 2c 22 53 |dresses":null,"S|
|00000ca0| 65 63 6f 6e 64 61 72 79 49 50 76 36 41 64 64 72 |econdaryIPv6Addr|
|00000cb0| 65 73 73 65 73 22 3a 6e 75 6c 6c 2c 22 45 6e 64 |esses":null,"End|
|00000cc0| 70 6f 69 6e 74 49 44 22 3a 22 34 32 66 65 34 36 |pointID":"42fe46|
|00000cd0| 39 36 33 34 37 32 30 64 39 62 31 63 34 39 61 31 |9634720d9b1c49a1|
|00000ce0| 61 62 35 30 38 32 37 39 62 65 65 63 34 30 64 32 |ab508279beec40d2|
|00000cf0| 35 38 31 61 33 30 37 39 35 63 34 38 33 32 32 38 |581a30795c483228|
|00000d00| 33 35 35 36 35 32 32 34 66 64 22 2c 22 47 61 74 |35565224fd","Gat|
|00000d10| 65 77 61 79 22 3a 22 31 37 32 2e 31 37 2e 30 2e |eway":"172.17.0.|
|00000d20| 31 22 2c 22 47 6c 6f 62 61 6c 49 50 76 36 41 64 |1","GlobalIPv6Ad|
|00000d30| 64 72 65 73 73 22 3a 22 22 2c 22 47 6c 6f 62 61 |dress":"","Globa|
|00000d40| 6c 49 50 76 36 50 72 65 66 69 78 4c 65 6e 22 3a |lIPv6PrefixLen":|
|00000d50| 30 2c 22 49 50 41 64 64 72 65 73 73 22 3a 22 31 |0,"IPAddress":"1|
|00000d60| 37 32 2e 31 37 2e 30 2e 34 22 2c 22 49 50 50 72 |72.17.0.4","IPPr|
|00000d70| 65 66 69 78 4c 65 6e 22 3a 31 36 2c 22 49 50 76 |efixLen":16,"IPv|
|00000d80| 36 47 61 74 65 77 61 79 22 3a 22 22 2c 22 4d 61 |6Gateway":"","Ma|
|00000d90| 63 41 64 64 72 65 73 73 22 3a 22 30 32 3a 34 32 |cAddress":"02:42|
|00000da0| 3a 61 63 3a 31 31 3a 30 30 3a 30 34 22 2c 22 4e |:ac:11:00:04","N|
|00000db0| 65 74 77 6f 72 6b 73 22 3a 7b 22 62 72 69 64 67 |etworks":{"bridg|
|00000dc0| 65 22 3a 7b 22 49 50 41 4d 43 6f 6e 66 69 67 22 |e":{"IPAMConfig"|
|00000dd0| 3a 6e 75 6c 6c 2c 22 4c 69 6e 6b 73 22 3a 6e 75 |:null,"Links":nu|
|00000de0| 6c 6c 2c 22 41 6c 69 61 73 65 73 22 3a 6e 75 6c |ll,"Aliases":nul|
|00000df0| 6c 2c 22 4e 65 74 77 6f 72 6b 49 44 22 3a 22 39 |l,"NetworkID":"9|
|00000e00| 66 65 38 62 39 32 64 61 66 63 30 35 34 34 36 33 |fe8b92dafc054463|
|00000e10| 33 37 39 64 39 34 35 38 61 64 65 37 37 64 35 31 |379d9458ade77d51|
|00000e20| 61 34 61 62 39 30 61 64 31 33 65 35 34 61 65 32 |a4ab90ad13e54ae2|
|00000e30| 31 61 31 38 64 36 35 66 66 32 63 30 37 63 61 22 |1a18d65ff2c07ca"|
|00000e40| 2c 22 45 6e 64 70 6f 69 6e 74 49 44 22 3a 22 34 |,"EndpointID":"4|
|00000e50| 32 66 65 34 36 39 36 33 34 37 32 30 64 39 62 31 |2fe469634720d9b1|
|00000e60| 63 34 39 61 31 61 62 35 30 38 32 37 39 62 65 65 |c49a1ab508279bee|
|00000e70| 63 34 30 64 32 35 38 31 61 33 30 37 39 35 63 34 |c40d2581a30795c4|
|00000e80| 38 33 32 32 38 33 35 35 36 35 32 32 34 66 64 22 |8322835565224fd"|
|00000e90| 2c 22 47 61 74 65 77 61 79 22 3a 22 31 37 32 2e |,"Gateway":"172.|
|00000ea0| 31 37 2e 30 2e 31 22 2c 22 49 50 41 64 64 72 65 |17.0.1","IPAddre|
|00000eb0| 73 73 22 3a 22 31 37 32 2e 31 37 2e 30 2e 34 22 |ss":"172.17.0.4"|
|00000ec0| 2c 22 49 50 50 72 65 66 69 78 4c 65 6e 22 3a 31 |,"IPPrefixLen":1|
|00000ed0| 36 2c 22 49 50 76 36 47 61 74 65 77 61 79 22 3a |6,"IPv6Gateway":|
|00000ee0| 22 22 2c 22 47 6c 6f 62 61 6c 49 50 76 36 41 64 |"","GlobalIPv6Ad|
|00000ef0| 64 72 65 73 73 22 3a 22 22 2c 22 47 6c 6f 62 61 |dress":"","Globa|
|00000f00| 6c 49 50 76 36 50 72 65 66 69 78 4c 65 6e 22 3a |lIPv6PrefixLen":|
|00000f10| 30 2c 22 4d 61 63 41 64 64 72 65 73 73 22 3a 22 |0,"MacAddress":"|
|00000f20| 30 32 3a 34 32 3a 61 63 3a 31 31 3a 30 30 3a 30 |02:42:ac:11:00:0|
|00000f30| 34 22 2c 22 44 72 69 76 65 72 4f 70 74 73 22 3a |4","DriverOpts":|
|00000f40| 6e 75 6c 6c 7d 7d 7d 7d 0a 0d 0a 30 0d 0a 0d 0a |null}}}}...0....|
+--------+-------------------------------------------------+----------------+
2017-11-27 22:09:20.865 DEBUG 24827 --- [java-netty-1-10] c.g.d.netty.NettyDockerCmdExecFactory$1  : [id: 0x48cdb8ad, L:null - R:/var/run/docker.sock] READ: DefaultHttpContent(data: PooledSlicedByteBuf(ridx: 0, widx: 3913, cap: 3913/3913, unwrapped: PooledUnsafeDirectByteBuf(ridx: 3915, widx: 3920, cap: 16384)), decoderResult: success), 3913B
         +-------------------------------------------------+
         |  0  1  2  3  4  5  6  7  8  9  a  b  c  d  e  f |
+--------+-------------------------------------------------+----------------+
|00000000| 33 30 37 36 66 61 37 65 30 39 31 39 64 62 30 30 |3076fa7e0919db00|
|00000010| 36 36 31 38 32 2f 68 6f 73 74 73 22 2c 22 4c 6f |66182/hosts","Lo|
|00000020| 67 50 61 74 68 22 3a 22 2f 76 61 72 2f 6c 69 62 |gPath":"/var/lib|
|00000030| 2f 64 6f 63 6b 65 72 2f 63 6f 6e 74 61 69 6e 65 |/docker/containe|
|00000040| 72 73 2f 38 64 64 31 64 37 64 33 65 31 65 31 64 |rs/8dd1d7d3e1e1d|
|00000050| 36 62 64 63 63 36 63 32 66 61 66 33 38 64 64 35 |6bdcc6c2faf38dd5|
|00000060| 31 34 31 37 32 62 62 66 33 62 35 31 37 65 33 30 |14172bbf3b517e30|
|00000070| 37 36 66 61 37 65 30 39 31 39 64 62 30 30 36 36 |76fa7e0919db0066|
|00000080| 31 38 32 2f 38 64 64 31 64 37 64 33 65 31 65 31 |182/8dd1d7d3e1e1|
|00000090| 64 36 62 64 63 63 36 63 32 66 61 66 33 38 64 64 |d6bdcc6c2faf38dd|
|000000a0| 35 31 34 31 37 32 62 62 66 33 62 35 31 37 65 33 |514172bbf3b517e3|
|000000b0| 30 37 36 66 61 37 65 30 39 31 39 64 62 30 30 36 |076fa7e0919db006|
|000000c0| 36 31 38 32 2d 6a 73 6f 6e 2e 6c 6f 67 22 2c 22 |6182-json.log","|
|000000d0| 4e 61 6d 65 22 3a 22 2f 74 72 75 73 74 69 6e 67 |Name":"/trusting|
|000000e0| 5f 6e 6f 65 74 68 65 72 22 2c 22 52 65 73 74 61 |_noether","Resta|
|000000f0| 72 74 43 6f 75 6e 74 22 3a 30 2c 22 44 72 69 76 |rtCount":0,"Driv|
|00000100| 65 72 22 3a 22 61 75 66 73 22 2c 22 50 6c 61 74 |er":"aufs","Plat|
|00000110| 66 6f 72 6d 22 3a 22 6c 69 6e 75 78 22 2c 22 4d |form":"linux","M|
|00000120| 6f 75 6e 74 4c 61 62 65 6c 22 3a 22 22 2c 22 50 |ountLabel":"","P|
|00000130| 72 6f 63 65 73 73 4c 61 62 65 6c 22 3a 22 22 2c |rocessLabel":"",|
|00000140| 22 41 70 70 41 72 6d 6f 72 50 72 6f 66 69 6c 65 |"AppArmorProfile|
|00000150| 22 3a 22 22 2c 22 45 78 65 63 49 44 73 22 3a 6e |":"","ExecIDs":n|
|00000160| 75 6c 6c 2c 22 48 6f 73 74 43 6f 6e 66 69 67 22 |ull,"HostConfig"|
|00000170| 3a 7b 22 42 69 6e 64 73 22 3a 5b 5d 2c 22 43 6f |:{"Binds":[],"Co|
|00000180| 6e 74 61 69 6e 65 72 49 44 46 69 6c 65 22 3a 22 |ntainerIDFile":"|
|00000190| 22 2c 22 4c 6f 67 43 6f 6e 66 69 67 22 3a 7b 22 |","LogConfig":{"|
|000001a0| 54 79 70 65 22 3a 22 6a 73 6f 6e 2d 66 69 6c 65 |Type":"json-file|
|000001b0| 22 2c 22 43 6f 6e 66 69 67 22 3a 7b 7d 7d 2c 22 |","Config":{}},"|
|000001c0| 4e 65 74 77 6f 72 6b 4d 6f 64 65 22 3a 22 64 65 |NetworkMode":"de|
|000001d0| 66 61 75 6c 74 22 2c 22 50 6f 72 74 42 69 6e 64 |fault","PortBind|
|000001e0| 69 6e 67 73 22 3a 7b 7d 2c 22 52 65 73 74 61 72 |ings":{},"Restar|
|000001f0| 74 50 6f 6c 69 63 79 22 3a 7b 22 4e 61 6d 65 22 |tPolicy":{"Name"|
|00000200| 3a 22 22 2c 22 4d 61 78 69 6d 75 6d 52 65 74 72 |:"","MaximumRetr|
|00000210| 79 43 6f 75 6e 74 22 3a 30 7d 2c 22 41 75 74 6f |yCount":0},"Auto|
|00000220| 52 65 6d 6f 76 65 22 3a 66 61 6c 73 65 2c 22 56 |Remove":false,"V|
|00000230| 6f 6c 75 6d 65 44 72 69 76 65 72 22 3a 22 22 2c |olumeDriver":"",|
|00000240| 22 56 6f 6c 75 6d 65 73 46 72 6f 6d 22 3a 5b 5d |"VolumesFrom":[]|
|00000250| 2c 22 43 61 70 41 64 64 22 3a 6e 75 6c 6c 2c 22 |,"CapAdd":null,"|
|00000260| 43 61 70 44 72 6f 70 22 3a 6e 75 6c 6c 2c 22 44 |CapDrop":null,"D|
|00000270| 6e 73 22 3a 6e 75 6c 6c 2c 22 44 6e 73 4f 70 74 |ns":null,"DnsOpt|
|00000280| 69 6f 6e 73 22 3a 6e 75 6c 6c 2c 22 44 6e 73 53 |ions":null,"DnsS|
|00000290| 65 61 72 63 68 22 3a 6e 75 6c 6c 2c 22 45 78 74 |earch":null,"Ext|
|000002a0| 72 61 48 6f 73 74 73 22 3a 5b 5d 2c 22 47 72 6f |raHosts":[],"Gro|
|000002b0| 75 70 41 64 64 22 3a 6e 75 6c 6c 2c 22 49 70 63 |upAdd":null,"Ipc|
|000002c0| 4d 6f 64 65 22 3a 22 73 68 61 72 65 61 62 6c 65 |Mode":"shareable|
|000002d0| 22 2c 22 43 67 72 6f 75 70 22 3a 22 22 2c 22 4c |","Cgroup":"","L|
|000002e0| 69 6e 6b 73 22 3a 6e 75 6c 6c 2c 22 4f 6f 6d 53 |inks":null,"OomS|
|000002f0| 63 6f 72 65 41 64 6a 22 3a 30 2c 22 50 69 64 4d |coreAdj":0,"PidM|
|00000300| 6f 64 65 22 3a 22 22 2c 22 50 72 69 76 69 6c 65 |ode":"","Privile|
|00000310| 67 65 64 22 3a 66 61 6c 73 65 2c 22 50 75 62 6c |ged":false,"Publ|
|00000320| 69 73 68 41 6c 6c 50 6f 72 74 73 22 3a 74 72 75 |ishAllPorts":tru|
|00000330| 65 2c 22 52 65 61 64 6f 6e 6c 79 52 6f 6f 74 66 |e,"ReadonlyRootf|
|00000340| 73 22 3a 66 61 6c 73 65 2c 22 53 65 63 75 72 69 |s":false,"Securi|
|00000350| 74 79 4f 70 74 22 3a 6e 75 6c 6c 2c 22 55 54 53 |tyOpt":null,"UTS|
|00000360| 4d 6f 64 65 22 3a 22 22 2c 22 55 73 65 72 6e 73 |Mode":"","Userns|
|00000370| 4d 6f 64 65 22 3a 22 22 2c 22 53 68 6d 53 69 7a |Mode":"","ShmSiz|
|00000380| 65 22 3a 36 37 31 30 38 38 36 34 2c 22 52 75 6e |e":67108864,"Run|
|00000390| 74 69 6d 65 22 3a 22 72 75 6e 63 22 2c 22 43 6f |time":"runc","Co|
|000003a0| 6e 73 6f 6c 65 53 69 7a 65 22 3a 5b 30 2c 30 5d |nsoleSize":[0,0]|
|000003b0| 2c 22 49 73 6f 6c 61 74 69 6f 6e 22 3a 22 22 2c |,"Isolation":"",|
|000003c0| 22 43 70 75 53 68 61 72 65 73 22 3a 30 2c 22 4d |"CpuShares":0,"M|
|000003d0| 65 6d 6f 72 79 22 3a 30 2c 22 4e 61 6e 6f 43 70 |emory":0,"NanoCp|
|000003e0| 75 73 22 3a 30 2c 22 43 67 72 6f 75 70 50 61 72 |us":0,"CgroupPar|
|000003f0| 65 6e 74 22 3a 22 22 2c 22 42 6c 6b 69 6f 57 65 |ent":"","BlkioWe|
|00000400| 69 67 68 74 22 3a 30 2c 22 42 6c 6b 69 6f 57 65 |ight":0,"BlkioWe|
|00000410| 69 67 68 74 44 65 76 69 63 65 22 3a 6e 75 6c 6c |ightDevice":null|
|00000420| 2c 22 42 6c 6b 69 6f 44 65 76 69 63 65 52 65 61 |,"BlkioDeviceRea|
|00000430| 64 42 70 73 22 3a 6e 75 6c 6c 2c 22 42 6c 6b 69 |dBps":null,"Blki|
|00000440| 6f 44 65 76 69 63 65 57 72 69 74 65 42 70 73 22 |oDeviceWriteBps"|
|00000450| 3a 6e 75 6c 6c 2c 22 42 6c 6b 69 6f 44 65 76 69 |:null,"BlkioDevi|
|00000460| 63 65 52 65 61 64 49 4f 70 73 22 3a 6e 75 6c 6c |ceReadIOps":null|
|00000470| 2c 22 42 6c 6b 69 6f 44 65 76 69 63 65 57 72 69 |,"BlkioDeviceWri|
|00000480| 74 65 49 4f 70 73 22 3a 6e 75 6c 6c 2c 22 43 70 |teIOps":null,"Cp|
|00000490| 75 50 65 72 69 6f 64 22 3a 30 2c 22 43 70 75 51 |uPeriod":0,"CpuQ|
|000004a0| 75 6f 74 61 22 3a 30 2c 22 43 70 75 52 65 61 6c |uota":0,"CpuReal|
|000004b0| 74 69 6d 65 50 65 72 69 6f 64 22 3a 30 2c 22 43 |timePeriod":0,"C|
|000004c0| 70 75 52 65 61 6c 74 69 6d 65 52 75 6e 74 69 6d |puRealtimeRuntim|
|000004d0| 65 22 3a 30 2c 22 43 70 75 73 65 74 43 70 75 73 |e":0,"CpusetCpus|
|000004e0| 22 3a 22 22 2c 22 43 70 75 73 65 74 4d 65 6d 73 |":"","CpusetMems|
|000004f0| 22 3a 22 22 2c 22 44 65 76 69 63 65 73 22 3a 6e |":"","Devices":n|
|00000500| 75 6c 6c 2c 22 44 65 76 69 63 65 43 67 72 6f 75 |ull,"DeviceCgrou|
|00000510| 70 52 75 6c 65 73 22 3a 6e 75 6c 6c 2c 22 44 69 |pRules":null,"Di|
|00000520| 73 6b 51 75 6f 74 61 22 3a 30 2c 22 4b 65 72 6e |skQuota":0,"Kern|
|00000530| 65 6c 4d 65 6d 6f 72 79 22 3a 30 2c 22 4d 65 6d |elMemory":0,"Mem|
|00000540| 6f 72 79 52 65 73 65 72 76 61 74 69 6f 6e 22 3a |oryReservation":|
|00000550| 30 2c 22 4d 65 6d 6f 72 79 53 77 61 70 22 3a 30 |0,"MemorySwap":0|
|00000560| 2c 22 4d 65 6d 6f 72 79 53 77 61 70 70 69 6e 65 |,"MemorySwappine|
|00000570| 73 73 22 3a 6e 75 6c 6c 2c 22 4f 6f 6d 4b 69 6c |ss":null,"OomKil|
|00000580| 6c 44 69 73 61 62 6c 65 22 3a 66 61 6c 73 65 2c |lDisable":false,|
|00000590| 22 50 69 64 73 4c 69 6d 69 74 22 3a 30 2c 22 55 |"PidsLimit":0,"U|
|000005a0| 6c 69 6d 69 74 73 22 3a 6e 75 6c 6c 2c 22 43 70 |limits":null,"Cp|
|000005b0| 75 43 6f 75 6e 74 22 3a 30 2c 22 43 70 75 50 65 |uCount":0,"CpuPe|
|000005c0| 72 63 65 6e 74 22 3a 30 2c 22 49 4f 4d 61 78 69 |rcent":0,"IOMaxi|
|000005d0| 6d 75 6d 49 4f 70 73 22 3a 30 2c 22 49 4f 4d 61 |mumIOps":0,"IOMa|
|000005e0| 78 69 6d 75 6d 42 61 6e 64 77 69 64 74 68 22 3a |ximumBandwidth":|
|000005f0| 30 7d 2c 22 47 72 61 70 68 44 72 69 76 65 72 22 |0},"GraphDriver"|
|00000600| 3a 7b 22 44 61 74 61 22 3a 6e 75 6c 6c 2c 22 4e |:{"Data":null,"N|
|00000610| 61 6d 65 22 3a 22 61 75 66 73 22 7d 2c 22 4d 6f |ame":"aufs"},"Mo|
|00000620| 75 6e 74 73 22 3a 5b 7b 22 54 79 70 65 22 3a 22 |unts":[{"Type":"|
|00000630| 76 6f 6c 75 6d 65 22 2c 22 4e 61 6d 65 22 3a 22 |volume","Name":"|
|00000640| 63 61 61 30 64 33 34 38 36 34 62 62 64 35 34 35 |caa0d34864bbd545|
|00000650| 30 32 36 62 38 36 65 35 32 34 34 30 66 65 66 37 |026b86e52440fef7|
|00000660| 36 34 35 32 37 31 62 33 30 61 37 39 34 30 62 39 |645271b30a7940b9|
|00000670| 38 32 31 62 63 63 66 64 63 36 31 66 64 63 32 39 |821bccfdc61fdc29|
|00000680| 22 2c 22 53 6f 75 72 63 65 22 3a 22 2f 76 61 72 |","Source":"/var|
|00000690| 2f 6c 69 62 2f 64 6f 63 6b 65 72 2f 76 6f 6c 75 |/lib/docker/volu|
|000006a0| 6d 65 73 2f 63 61 61 30 64 33 34 38 36 34 62 62 |mes/caa0d34864bb|
|000006b0| 64 35 34 35 30 32 36 62 38 36 65 35 32 34 34 30 |d545026b86e52440|
|000006c0| 66 65 66 37 36 34 35 32 37 31 62 33 30 61 37 39 |fef7645271b30a79|
|000006d0| 34 30 62 39 38 32 31 62 63 63 66 64 63 36 31 66 |40b9821bccfdc61f|
|000006e0| 64 63 32 39 2f 5f 64 61 74 61 22 2c 22 44 65 73 |dc29/_data","Des|
|000006f0| 74 69 6e 61 74 69 6f 6e 22 3a 22 2f 76 61 72 2f |tination":"/var/|
|00000700| 6c 69 62 2f 72 61 62 62 69 74 6d 71 22 2c 22 44 |lib/rabbitmq","D|
|00000710| 72 69 76 65 72 22 3a 22 6c 6f 63 61 6c 22 2c 22 |river":"local","|
|00000720| 4d 6f 64 65 22 3a 22 22 2c 22 52 57 22 3a 74 72 |Mode":"","RW":tr|
|00000730| 75 65 2c 22 50 72 6f 70 61 67 61 74 69 6f 6e 22 |ue,"Propagation"|
|00000740| 3a 22 22 7d 5d 2c 22 43 6f 6e 66 69 67 22 3a 7b |:""}],"Config":{|
|00000750| 22 48 6f 73 74 6e 61 6d 65 22 3a 22 38 64 64 31 |"Hostname":"8dd1|
|00000760| 64 37 64 33 65 31 65 31 22 2c 22 44 6f 6d 61 69 |d7d3e1e1","Domai|
|00000770| 6e 6e 61 6d 65 22 3a 22 22 2c 22 55 73 65 72 22 |nname":"","User"|
|00000780| 3a 22 22 2c 22 41 74 74 61 63 68 53 74 64 69 6e |:"","AttachStdin|
|00000790| 22 3a 66 61 6c 73 65 2c 22 41 74 74 61 63 68 53 |":false,"AttachS|
|000007a0| 74 64 6f 75 74 22 3a 66 61 6c 73 65 2c 22 41 74 |tdout":false,"At|
|000007b0| 74 61 63 68 53 74 64 65 72 72 22 3a 66 61 6c 73 |tachStderr":fals|
|000007c0| 65 2c 22 45 78 70 6f 73 65 64 50 6f 72 74 73 22 |e,"ExposedPorts"|
|000007d0| 3a 7b 22 32 35 36 37 32 2f 74 63 70 22 3a 7b 7d |:{"25672/tcp":{}|
|000007e0| 2c 22 34 33 36 39 2f 74 63 70 22 3a 7b 7d 2c 22 |,"4369/tcp":{},"|
|000007f0| 35 36 37 31 2f 74 63 70 22 3a 7b 7d 2c 22 35 36 |5671/tcp":{},"56|
|00000800| 37 32 2f 74 63 70 22 3a 7b 7d 7d 2c 22 54 74 79 |72/tcp":{}},"Tty|
|00000810| 22 3a 66 61 6c 73 65 2c 22 4f 70 65 6e 53 74 64 |":false,"OpenStd|
|00000820| 69 6e 22 3a 66 61 6c 73 65 2c 22 53 74 64 69 6e |in":false,"Stdin|
|00000830| 4f 6e 63 65 22 3a 66 61 6c 73 65 2c 22 45 6e 76 |Once":false,"Env|
|00000840| 22 3a 5b 22 52 41 42 42 49 54 4d 51 5f 55 53 45 |":["RABBITMQ_USE|
|00000850| 52 3d 67 75 65 73 74 22 2c 22 52 41 42 42 49 54 |R=guest","RABBIT|
|00000860| 4d 51 5f 50 41 53 53 57 4f 52 44 3d 67 75 65 73 |MQ_PASSWORD=gues|
|00000870| 74 22 2c 22 6e 6f 5f 70 72 6f 78 79 3d 2a 2e 6c |t","no_proxy=*.l|
|00000880| 6f 63 61 6c 2c 20 31 36 39 2e 32 35 34 2f 31 36 |ocal, 169.254/16|
|00000890| 22 2c 22 50 41 54 48 3d 2f 75 73 72 2f 6c 69 62 |","PATH=/usr/lib|
|000008a0| 2f 72 61 62 62 69 74 6d 71 2f 62 69 6e 3a 2f 75 |/rabbitmq/bin:/u|
|000008b0| 73 72 2f 6c 6f 63 61 6c 2f 73 62 69 6e 3a 2f 75 |sr/local/sbin:/u|
|000008c0| 73 72 2f 6c 6f 63 61 6c 2f 62 69 6e 3a 2f 75 73 |sr/local/bin:/us|
|000008d0| 72 2f 73 62 69 6e 3a 2f 75 73 72 2f 62 69 6e 3a |r/sbin:/usr/bin:|
|000008e0| 2f 73 62 69 6e 3a 2f 62 69 6e 22 2c 22 47 4f 53 |/sbin:/bin","GOS|
|000008f0| 55 5f 56 45 52 53 49 4f 4e 3d 31 2e 31 30 22 2c |U_VERSION=1.10",|
|00000900| 22 52 41 42 42 49 54 4d 51 5f 4c 4f 47 53 3d 2d |"RABBITMQ_LOGS=-|
|00000910| 22 2c 22 52 41 42 42 49 54 4d 51 5f 53 41 53 4c |","RABBITMQ_SASL|
|00000920| 5f 4c 4f 47 53 3d 2d 22 2c 22 52 41 42 42 49 54 |_LOGS=-","RABBIT|
|00000930| 4d 51 5f 47 50 47 5f 4b 45 59 3d 30 41 39 41 46 |MQ_GPG_KEY=0A9AF|
|00000940| 32 31 31 35 46 34 36 38 37 42 44 32 39 38 30 33 |2115F4687BD29803|
|00000950| 41 32 30 36 42 37 33 41 33 36 45 36 30 32 36 44 |A206B73A36E6026D|
|00000960| 46 43 41 22 2c 22 52 41 42 42 49 54 4d 51 5f 56 |FCA","RABBITMQ_V|
|00000970| 45 52 53 49 4f 4e 3d 33 2e 36 2e 31 34 22 2c 22 |ERSION=3.6.14","|
|00000980| 52 41 42 42 49 54 4d 51 5f 47 49 54 48 55 42 5f |RABBITMQ_GITHUB_|
|00000990| 54 41 47 3d 72 61 62 62 69 74 6d 71 5f 76 33 5f |TAG=rabbitmq_v3_|
|000009a0| 36 5f 31 34 22 2c 22 52 41 42 42 49 54 4d 51 5f |6_14","RABBITMQ_|
|000009b0| 44 45 42 49 41 4e 5f 56 45 52 53 49 4f 4e 3d 33 |DEBIAN_VERSION=3|
|000009c0| 2e 36 2e 31 34 2d 31 22 2c 22 48 4f 4d 45 3d 2f |.6.14-1","HOME=/|
|000009d0| 76 61 72 2f 6c 69 62 2f 72 61 62 62 69 74 6d 71 |var/lib/rabbitmq|
|000009e0| 22 5d 2c 22 43 6d 64 22 3a 5b 22 72 61 62 62 69 |"],"Cmd":["rabbi|
|000009f0| 74 6d 71 2d 73 65 72 76 65 72 22 5d 2c 22 41 72 |tmq-server"],"Ar|
|00000a00| 67 73 45 73 63 61 70 65 64 22 3a 74 72 75 65 2c |gsEscaped":true,|
|00000a10| 22 49 6d 61 67 65 22 3a 22 72 61 62 62 69 74 6d |"Image":"rabbitm|
|00000a20| 71 3a 33 2e 36 2e 31 34 22 2c 22 56 6f 6c 75 6d |q:3.6.14","Volum|
|00000a30| 65 73 22 3a 7b 22 2f 76 61 72 2f 6c 69 62 2f 72 |es":{"/var/lib/r|
|00000a40| 61 62 62 69 74 6d 71 22 3a 7b 7d 7d 2c 22 57 6f |abbitmq":{}},"Wo|
|00000a50| 72 6b 69 6e 67 44 69 72 22 3a 22 22 2c 22 45 6e |rkingDir":"","En|
|00000a60| 74 72 79 70 6f 69 6e 74 22 3a 5b 22 64 6f 63 6b |trypoint":["dock|
|00000a70| 65 72 2d 65 6e 74 72 79 70 6f 69 6e 74 2e 73 68 |er-entrypoint.sh|
|00000a80| 22 5d 2c 22 4f 6e 42 75 69 6c 64 22 3a 6e 75 6c |"],"OnBuild":nul|
|00000a90| 6c 2c 22 4c 61 62 65 6c 73 22 3a 7b 22 6f 72 67 |l,"Labels":{"org|
|00000aa0| 2e 74 65 73 74 63 6f 6e 74 61 69 6e 65 72 73 22 |.testcontainers"|
|00000ab0| 3a 22 74 72 75 65 22 7d 7d 2c 22 4e 65 74 77 6f |:"true"}},"Netwo|
|00000ac0| 72 6b 53 65 74 74 69 6e 67 73 22 3a 7b 22 42 72 |rkSettings":{"Br|
|00000ad0| 69 64 67 65 22 3a 22 22 2c 22 53 61 6e 64 62 6f |idge":"","Sandbo|
|00000ae0| 78 49 44 22 3a 22 32 31 32 33 36 38 30 61 37 38 |xID":"2123680a78|
|00000af0| 36 31 32 37 30 39 66 39 64 32 32 32 39 66 39 62 |612709f9d2229f9b|
|00000b00| 34 30 39 66 33 62 30 35 62 61 63 65 65 39 61 65 |409f3b05bacee9ae|
|00000b10| 34 35 32 39 38 31 66 30 64 64 33 36 32 30 65 61 |452981f0dd3620ea|
|00000b20| 61 33 33 64 64 61 22 2c 22 48 61 69 72 70 69 6e |a33dda","Hairpin|
|00000b30| 4d 6f 64 65 22 3a 66 61 6c 73 65 2c 22 4c 69 6e |Mode":false,"Lin|
|00000b40| 6b 4c 6f 63 61 6c 49 50 76 36 41 64 64 72 65 73 |kLocalIPv6Addres|
|00000b50| 73 22 3a 22 22 2c 22 4c 69 6e 6b 4c 6f 63 61 6c |s":"","LinkLocal|
|00000b60| 49 50 76 36 50 72 65 66 69 78 4c 65 6e 22 3a 30 |IPv6PrefixLen":0|
|00000b70| 2c 22 50 6f 72 74 73 22 3a 7b 22 32 35 36 37 32 |,"Ports":{"25672|
|00000b80| 2f 74 63 70 22 3a 5b 7b 22 48 6f 73 74 49 70 22 |/tcp":[{"HostIp"|
|00000b90| 3a 22 30 2e 30 2e 30 2e 30 22 2c 22 48 6f 73 74 |:"0.0.0.0","Host|
|00000ba0| 50 6f 72 74 22 3a 22 33 32 39 37 30 22 7d 5d 2c |Port":"32970"}],|
|00000bb0| 22 34 33 36 39 2f 74 63 70 22 3a 5b 7b 22 48 6f |"4369/tcp":[{"Ho|
|00000bc0| 73 74 49 70 22 3a 22 30 2e 30 2e 30 2e 30 22 2c |stIp":"0.0.0.0",|
|00000bd0| 22 48 6f 73 74 50 6f 72 74 22 3a 22 33 32 39 37 |"HostPort":"3297|
|00000be0| 33 22 7d 5d 2c 22 35 36 37 31 2f 74 63 70 22 3a |3"}],"5671/tcp":|
|00000bf0| 5b 7b 22 48 6f 73 74 49 70 22 3a 22 30 2e 30 2e |[{"HostIp":"0.0.|
|00000c00| 30 2e 30 22 2c 22 48 6f 73 74 50 6f 72 74 22 3a |0.0","HostPort":|
|00000c10| 22 33 32 39 37 32 22 7d 5d 2c 22 35 36 37 32 2f |"32972"}],"5672/|
|00000c20| 74 63 70 22 3a 5b 7b 22 48 6f 73 74 49 70 22 3a |tcp":[{"HostIp":|
|00000c30| 22 30 2e 30 2e 30 2e 30 22 2c 22 48 6f 73 74 50 |"0.0.0.0","HostP|
|00000c40| 6f 72 74 22 3a 22 33 32 39 37 31 22 7d 5d 7d 2c |ort":"32971"}]},|
|00000c50| 22 53 61 6e 64 62 6f 78 4b 65 79 22 3a 22 2f 76 |"SandboxKey":"/v|
|00000c60| 61 72 2f 72 75 6e 2f 64 6f 63 6b 65 72 2f 6e 65 |ar/run/docker/ne|
|00000c70| 74 6e 73 2f 32 31 32 33 36 38 30 61 37 38 36 31 |tns/2123680a7861|
|00000c80| 22 2c 22 53 65 63 6f 6e 64 61 72 79 49 50 41 64 |","SecondaryIPAd|
|00000c90| 64 72 65 73 73 65 73 22 3a 6e 75 6c 6c 2c 22 53 |dresses":null,"S|
|00000ca0| 65 63 6f 6e 64 61 72 79 49 50 76 36 41 64 64 72 |econdaryIPv6Addr|
|00000cb0| 65 73 73 65 73 22 3a 6e 75 6c 6c 2c 22 45 6e 64 |esses":null,"End|
|00000cc0| 70 6f 69 6e 74 49 44 22 3a 22 34 32 66 65 34 36 |pointID":"42fe46|
|00000cd0| 39 36 33 34 37 32 30 64 39 62 31 63 34 39 61 31 |9634720d9b1c49a1|
|00000ce0| 61 62 35 30 38 32 37 39 62 65 65 63 34 30 64 32 |ab508279beec40d2|
|00000cf0| 35 38 31 61 33 30 37 39 35 63 34 38 33 32 32 38 |581a30795c483228|
|00000d00| 33 35 35 36 35 32 32 34 66 64 22 2c 22 47 61 74 |35565224fd","Gat|
|00000d10| 65 77 61 79 22 3a 22 31 37 32 2e 31 37 2e 30 2e |eway":"172.17.0.|
|00000d20| 31 22 2c 22 47 6c 6f 62 61 6c 49 50 76 36 41 64 |1","GlobalIPv6Ad|
|00000d30| 64 72 65 73 73 22 3a 22 22 2c 22 47 6c 6f 62 61 |dress":"","Globa|
|00000d40| 6c 49 50 76 36 50 72 65 66 69 78 4c 65 6e 22 3a |lIPv6PrefixLen":|
|00000d50| 30 2c 22 49 50 41 64 64 72 65 73 73 22 3a 22 31 |0,"IPAddress":"1|
|00000d60| 37 32 2e 31 37 2e 30 2e 34 22 2c 22 49 50 50 72 |72.17.0.4","IPPr|
|00000d70| 65 66 69 78 4c 65 6e 22 3a 31 36 2c 22 49 50 76 |efixLen":16,"IPv|
|00000d80| 36 47 61 74 65 77 61 79 22 3a 22 22 2c 22 4d 61 |6Gateway":"","Ma|
|00000d90| 63 41 64 64 72 65 73 73 22 3a 22 30 32 3a 34 32 |cAddress":"02:42|
|00000da0| 3a 61 63 3a 31 31 3a 30 30 3a 30 34 22 2c 22 4e |:ac:11:00:04","N|
|00000db0| 65 74 77 6f 72 6b 73 22 3a 7b 22 62 72 69 64 67 |etworks":{"bridg|
|00000dc0| 65 22 3a 7b 22 49 50 41 4d 43 6f 6e 66 69 67 22 |e":{"IPAMConfig"|
|00000dd0| 3a 6e 75 6c 6c 2c 22 4c 69 6e 6b 73 22 3a 6e 75 |:null,"Links":nu|
|00000de0| 6c 6c 2c 22 41 6c 69 61 73 65 73 22 3a 6e 75 6c |ll,"Aliases":nul|
|00000df0| 6c 2c 22 4e 65 74 77 6f 72 6b 49 44 22 3a 22 39 |l,"NetworkID":"9|
|00000e00| 66 65 38 62 39 32 64 61 66 63 30 35 34 34 36 33 |fe8b92dafc054463|
|00000e10| 33 37 39 64 39 34 35 38 61 64 65 37 37 64 35 31 |379d9458ade77d51|
|00000e20| 61 34 61 62 39 30 61 64 31 33 65 35 34 61 65 32 |a4ab90ad13e54ae2|
|00000e30| 31 61 31 38 64 36 35 66 66 32 63 30 37 63 61 22 |1a18d65ff2c07ca"|
|00000e40| 2c 22 45 6e 64 70 6f 69 6e 74 49 44 22 3a 22 34 |,"EndpointID":"4|
|00000e50| 32 66 65 34 36 39 36 33 34 37 32 30 64 39 62 31 |2fe469634720d9b1|
|00000e60| 63 34 39 61 31 61 62 35 30 38 32 37 39 62 65 65 |c49a1ab508279bee|
|00000e70| 63 34 30 64 32 35 38 31 61 33 30 37 39 35 63 34 |c40d2581a30795c4|
|00000e80| 38 33 32 32 38 33 35 35 36 35 32 32 34 66 64 22 |8322835565224fd"|
|00000e90| 2c 22 47 61 74 65 77 61 79 22 3a 22 31 37 32 2e |,"Gateway":"172.|
|00000ea0| 31 37 2e 30 2e 31 22 2c 22 49 50 41 64 64 72 65 |17.0.1","IPAddre|
|00000eb0| 73 73 22 3a 22 31 37 32 2e 31 37 2e 30 2e 34 22 |ss":"172.17.0.4"|
|00000ec0| 2c 22 49 50 50 72 65 66 69 78 4c 65 6e 22 3a 31 |,"IPPrefixLen":1|
|00000ed0| 36 2c 22 49 50 76 36 47 61 74 65 77 61 79 22 3a |6,"IPv6Gateway":|
|00000ee0| 22 22 2c 22 47 6c 6f 62 61 6c 49 50 76 36 41 64 |"","GlobalIPv6Ad|
|00000ef0| 64 72 65 73 73 22 3a 22 22 2c 22 47 6c 6f 62 61 |dress":"","Globa|
|00000f00| 6c 49 50 76 36 50 72 65 66 69 78 4c 65 6e 22 3a |lIPv6PrefixLen":|
|00000f10| 30 2c 22 4d 61 63 41 64 64 72 65 73 73 22 3a 22 |0,"MacAddress":"|
|00000f20| 30 32 3a 34 32 3a 61 63 3a 31 31 3a 30 30 3a 30 |02:42:ac:11:00:0|
|00000f30| 34 22 2c 22 44 72 69 76 65 72 4f 70 74 73 22 3a |4","DriverOpts":|
|00000f40| 6e 75 6c 6c 7d 7d 7d 7d 0a                      |null}}}}.       |
+--------+-------------------------------------------------+----------------+
2017-11-27 22:09:20.867 DEBUG 24827 --- [java-netty-1-10] c.g.d.netty.NettyDockerCmdExecFactory$1  : [id: 0x48cdb8ad, L:null - R:/var/run/docker.sock] READ, EmptyLastHttpContent, 0B
2017-11-27 22:09:20.867 DEBUG 24827 --- [java-netty-1-10] c.g.d.netty.NettyDockerCmdExecFactory$1  : [id: 0x48cdb8ad, L:null - R:/var/run/docker.sock] CLOSE
2017-11-27 22:09:20.867 DEBUG 24827 --- [java-netty-1-10] xecFactory$UnixDomainSocketInitializer$3 : [id: 0x48cdb8ad, L:null - R:/var/run/docker.sock] CLOSE
2017-11-27 22:09:20.867 DEBUG 24827 --- [java-netty-1-10] xecFactory$UnixDomainSocketInitializer$3 : [id: 0x48cdb8ad, L:null ! R:/var/run/docker.sock] READ COMPLETE
2017-11-27 22:09:20.867 DEBUG 24827 --- [java-netty-1-10] c.g.d.netty.NettyDockerCmdExecFactory$1  : [id: 0x48cdb8ad, L:null ! R:/var/run/docker.sock] READ COMPLETE
2017-11-27 22:09:20.867 DEBUG 24827 --- [java-netty-1-10] xecFactory$UnixDomainSocketInitializer$3 : [id: 0x48cdb8ad, L:null ! R:/var/run/docker.sock] INACTIVE
2017-11-27 22:09:20.867 DEBUG 24827 --- [pool-1-thread-1] c.g.d.core.command.AbstrDockerCmd        : Cmd: 8dd1d7d3e1e1d6bdcc6c2faf38dd514172bbf3b517e3076fa7e0919db0066182,<null>,true,true,<null>,<null>,{/bin/bash,-c,</dev/tcp/localhost/4369 && echo TESTCONTAINERS_SUCCESS},com.github.dockerjava.netty.exec.ExecCreateCmdExec@40c7517a
2017-11-27 22:09:20.867 DEBUG 24827 --- [java-netty-1-10] c.g.d.netty.NettyDockerCmdExecFactory$1  : [id: 0x48cdb8ad, L:null ! R:/var/run/docker.sock] INACTIVE
2017-11-27 22:09:20.868 DEBUG 24827 --- [java-netty-1-10] xecFactory$UnixDomainSocketInitializer$3 : [id: 0x48cdb8ad, L:null ! R:/var/run/docker.sock] UNREGISTERED
2017-11-27 22:09:20.868 DEBUG 24827 --- [java-netty-1-10] c.g.d.netty.NettyDockerCmdExecFactory$1  : [id: 0x48cdb8ad, L:null ! R:/var/run/docker.sock] UNREGISTERED
2017-11-27 22:09:20.868 DEBUG 24827 --- [java-netty-1-11] xecFactory$UnixDomainSocketInitializer$3 : [id: 0x663821ab] REGISTERED
2017-11-27 22:09:20.868 DEBUG 24827 --- [java-netty-1-11] xecFactory$UnixDomainSocketInitializer$3 : [id: 0x663821ab] CONNECT: /var/run/docker.sock
2017-11-27 22:09:20.868 DEBUG 24827 --- [java-netty-1-11] xecFactory$UnixDomainSocketInitializer$3 : [id: 0x663821ab, L:null - R:/var/run/docker.sock] ACTIVE
2017-11-27 22:09:20.870 DEBUG 24827 --- [java-netty-1-11] c.g.d.netty.NettyDockerCmdExecFactory$1  : [id: 0x663821ab, L:null - R:/var/run/docker.sock] WRITE: DefaultFullHttpRequest(decodeResult: success, version: HTTP/1.1, content: UnpooledByteBufAllocator$InstrumentedUnpooledUnsafeHeapByteBuf(ridx: 0, widx: 205, cap: 256))
POST /containers/8dd1d7d3e1e1d6bdcc6c2faf38dd514172bbf3b517e3076fa7e0919db0066182/exec HTTP/1.1
content-type: application/json
content-length: 205
host:
connection: keep-alive
accept-encoding: gzip
accept: application/json, 205B
         +-------------------------------------------------+
         |  0  1  2  3  4  5  6  7  8  9  a  b  c  d  e  f |
+--------+-------------------------------------------------+----------------+
|00000000| 7b 22 63 6f 6e 74 61 69 6e 65 72 49 64 22 3a 22 |{"containerId":"|
|00000010| 38 64 64 31 64 37 64 33 65 31 65 31 64 36 62 64 |8dd1d7d3e1e1d6bd|
|00000020| 63 63 36 63 32 66 61 66 33 38 64 64 35 31 34 31 |cc6c2faf38dd5141|
|00000030| 37 32 62 62 66 33 62 35 31 37 65 33 30 37 36 66 |72bbf3b517e3076f|
|00000040| 61 37 65 30 39 31 39 64 62 30 30 36 36 31 38 32 |a7e0919db0066182|
|00000050| 22 2c 22 41 74 74 61 63 68 53 74 64 6f 75 74 22 |","AttachStdout"|
|00000060| 3a 74 72 75 65 2c 22 41 74 74 61 63 68 53 74 64 |:true,"AttachStd|
|00000070| 65 72 72 22 3a 74 72 75 65 2c 22 43 6d 64 22 3a |err":true,"Cmd":|
|00000080| 5b 22 2f 62 69 6e 2f 62 61 73 68 22 2c 22 2d 63 |["/bin/bash","-c|
|00000090| 22 2c 22 3c 2f 64 65 76 2f 74 63 70 2f 6c 6f 63 |","</dev/tcp/loc|
|000000a0| 61 6c 68 6f 73 74 2f 34 33 36 39 20 26 26 20 65 |alhost/4369 && e|
|000000b0| 63 68 6f 20 54 45 53 54 43 4f 4e 54 41 49 4e 45 |cho TESTCONTAINE|
|000000c0| 52 53 5f 53 55 43 43 45 53 53 22 5d 7d          |RS_SUCCESS"]}   |
+--------+-------------------------------------------------+----------------+
2017-11-27 22:09:20.870 DEBUG 24827 --- [java-netty-1-11] xecFactory$UnixDomainSocketInitializer$3 : [id: 0x663821ab, L:null - R:/var/run/docker.sock] WRITE: 233B
         +-------------------------------------------------+
         |  0  1  2  3  4  5  6  7  8  9  a  b  c  d  e  f |
+--------+-------------------------------------------------+----------------+
|00000000| 50 4f 53 54 20 2f 63 6f 6e 74 61 69 6e 65 72 73 |POST /containers|
|00000010| 2f 38 64 64 31 64 37 64 33 65 31 65 31 64 36 62 |/8dd1d7d3e1e1d6b|
|00000020| 64 63 63 36 63 32 66 61 66 33 38 64 64 35 31 34 |dcc6c2faf38dd514|
|00000030| 31 37 32 62 62 66 33 62 35 31 37 65 33 30 37 36 |172bbf3b517e3076|
|00000040| 66 61 37 65 30 39 31 39 64 62 30 30 36 36 31 38 |fa7e0919db006618|
|00000050| 32 2f 65 78 65 63 20 48 54 54 50 2f 31 2e 31 0d |2/exec HTTP/1.1.|
|00000060| 0a 63 6f 6e 74 65 6e 74 2d 74 79 70 65 3a 20 61 |.content-type: a|
|00000070| 70 70 6c 69 63 61 74 69 6f 6e 2f 6a 73 6f 6e 0d |pplication/json.|
|00000080| 0a 63 6f 6e 74 65 6e 74 2d 6c 65 6e 67 74 68 3a |.content-length:|
|00000090| 20 32 30 35 0d 0a 68 6f 73 74 3a 20 0d 0a 63 6f | 205..host: ..co|
|000000a0| 6e 6e 65 63 74 69 6f 6e 3a 20 6b 65 65 70 2d 61 |nnection: keep-a|
|000000b0| 6c 69 76 65 0d 0a 61 63 63 65 70 74 2d 65 6e 63 |live..accept-enc|
|000000c0| 6f 64 69 6e 67 3a 20 67 7a 69 70 0d 0a 61 63 63 |oding: gzip..acc|
|000000d0| 65 70 74 3a 20 61 70 70 6c 69 63 61 74 69 6f 6e |ept: application|
|000000e0| 2f 6a 73 6f 6e 0d 0a 0d 0a                      |/json....       |
+--------+-------------------------------------------------+----------------+
2017-11-27 22:09:20.871 DEBUG 24827 --- [java-netty-1-11] xecFactory$UnixDomainSocketInitializer$3 : [id: 0x663821ab, L:null - R:/var/run/docker.sock] WRITE: 205B
         +-------------------------------------------------+
         |  0  1  2  3  4  5  6  7  8  9  a  b  c  d  e  f |
+--------+-------------------------------------------------+----------------+
|00000000| 7b 22 63 6f 6e 74 61 69 6e 65 72 49 64 22 3a 22 |{"containerId":"|
|00000010| 38 64 64 31 64 37 64 33 65 31 65 31 64 36 62 64 |8dd1d7d3e1e1d6bd|
|00000020| 63 63 36 63 32 66 61 66 33 38 64 64 35 31 34 31 |cc6c2faf38dd5141|
|00000030| 37 32 62 62 66 33 62 35 31 37 65 33 30 37 36 66 |72bbf3b517e3076f|
|00000040| 61 37 65 30 39 31 39 64 62 30 30 36 36 31 38 32 |a7e0919db0066182|
|00000050| 22 2c 22 41 74 74 61 63 68 53 74 64 6f 75 74 22 |","AttachStdout"|
|00000060| 3a 74 72 75 65 2c 22 41 74 74 61 63 68 53 74 64 |:true,"AttachStd|
|00000070| 65 72 72 22 3a 74 72 75 65 2c 22 43 6d 64 22 3a |err":true,"Cmd":|
|00000080| 5b 22 2f 62 69 6e 2f 62 61 73 68 22 2c 22 2d 63 |["/bin/bash","-c|
|00000090| 22 2c 22 3c 2f 64 65 76 2f 74 63 70 2f 6c 6f 63 |","</dev/tcp/loc|
|000000a0| 61 6c 68 6f 73 74 2f 34 33 36 39 20 26 26 20 65 |alhost/4369 && e|
|000000b0| 63 68 6f 20 54 45 53 54 43 4f 4e 54 41 49 4e 45 |cho TESTCONTAINE|
|000000c0| 52 53 5f 53 55 43 43 45 53 53 22 5d 7d          |RS_SUCCESS"]}   |
+--------+-------------------------------------------------+----------------+
2017-11-27 22:09:20.871 DEBUG 24827 --- [java-netty-1-11] c.g.d.netty.NettyDockerCmdExecFactory$1  : [id: 0x663821ab, L:null - R:/var/run/docker.sock] FLUSH
2017-11-27 22:09:20.871 DEBUG 24827 --- [java-netty-1-11] xecFactory$UnixDomainSocketInitializer$3 : [id: 0x663821ab, L:null - R:/var/run/docker.sock] FLUSH
2017-11-27 22:09:20.873 DEBUG 24827 --- [java-netty-1-11] xecFactory$UnixDomainSocketInitializer$3 : [id: 0x663821ab, L:null - R:/var/run/docker.sock] READ: 284B
         +-------------------------------------------------+
         |  0  1  2  3  4  5  6  7  8  9  a  b  c  d  e  f |
+--------+-------------------------------------------------+----------------+
|00000000| 48 54 54 50 2f 31 2e 31 20 32 30 31 20 43 72 65 |HTTP/1.1 201 Cre|
|00000010| 61 74 65 64 0d 0a 41 70 69 2d 56 65 72 73 69 6f |ated..Api-Versio|
|00000020| 6e 3a 20 31 2e 33 32 0d 0a 43 6f 6e 74 65 6e 74 |n: 1.32..Content|
|00000030| 2d 4c 65 6e 67 74 68 3a 20 37 34 0d 0a 43 6f 6e |-Length: 74..Con|
|00000040| 74 65 6e 74 2d 54 79 70 65 3a 20 61 70 70 6c 69 |tent-Type: appli|
|00000050| 63 61 74 69 6f 6e 2f 6a 73 6f 6e 0d 0a 44 61 74 |cation/json..Dat|
|00000060| 65 3a 20 4d 6f 6e 2c 20 32 37 20 4e 6f 76 20 32 |e: Mon, 27 Nov 2|
|00000070| 30 31 37 20 32 31 3a 30 39 3a 31 37 20 47 4d 54 |017 21:09:17 GMT|
|00000080| 0d 0a 44 6f 63 6b 65 72 2d 45 78 70 65 72 69 6d |..Docker-Experim|
|00000090| 65 6e 74 61 6c 3a 20 66 61 6c 73 65 0d 0a 4f 73 |ental: false..Os|
|000000a0| 74 79 70 65 3a 20 6c 69 6e 75 78 0d 0a 53 65 72 |type: linux..Ser|
|000000b0| 76 65 72 3a 20 44 6f 63 6b 65 72 2f 31 37 2e 30 |ver: Docker/17.0|
|000000c0| 39 2e 30 2d 63 65 20 28 6c 69 6e 75 78 29 0d 0a |9.0-ce (linux)..|
|000000d0| 0d 0a 7b 22 49 64 22 3a 22 30 38 66 34 32 62 62 |..{"Id":"08f42bb|
|000000e0| 65 37 61 30 36 61 37 32 62 30 66 62 31 38 39 35 |e7a06a72b0fb1895|
|000000f0| 35 65 31 33 31 36 38 34 64 61 31 36 36 39 63 61 |5e131684da1669ca|
|00000100| 63 61 62 34 33 31 35 36 36 65 64 34 34 32 38 66 |cab431566ed4428f|
|00000110| 65 64 61 61 64 39 63 30 61 22 7d 0a             |edaad9c0a"}.    |
+--------+-------------------------------------------------+----------------+
2017-11-27 22:09:20.873 DEBUG 24827 --- [java-netty-1-11] c.g.d.netty.NettyDockerCmdExecFactory$1  : [id: 0x663821ab, L:null - R:/var/run/docker.sock] READ: DefaultHttpResponse(decodeResult: success, version: HTTP/1.1)
HTTP/1.1 201 Created
Api-Version: 1.32
Content-Length: 74
Content-Type: application/json
Date: Mon, 27 Nov 2017 21:09:17 GMT
Docker-Experimental: false
Ostype: linux
Server: Docker/17.09.0-ce (linux)
2017-11-27 22:09:20.874 DEBUG 24827 --- [java-netty-1-11] c.g.d.netty.NettyDockerCmdExecFactory$1  : [id: 0x663821ab, L:null - R:/var/run/docker.sock] READ: DefaultLastHttpContent(data: PooledSlicedByteBuf(ridx: 0, widx: 74, cap: 74/74, unwrapped: PooledUnsafeDirectByteBuf(ridx: 284, widx: 284, cap: 1024)), decoderResult: success), 74B
         +-------------------------------------------------+
         |  0  1  2  3  4  5  6  7  8  9  a  b  c  d  e  f |
+--------+-------------------------------------------------+----------------+
|00000000| 7b 22 49 64 22 3a 22 30 38 66 34 32 62 62 65 37 |{"Id":"08f42bbe7|
|00000010| 61 30 36 61 37 32 62 30 66 62 31 38 39 35 35 65 |a06a72b0fb18955e|
|00000020| 31 33 31 36 38 34 64 61 31 36 36 39 63 61 63 61 |131684da1669caca|
|00000030| 62 34 33 31 35 36 36 65 64 34 34 32 38 66 65 64 |b431566ed4428fed|
|00000040| 61 61 64 39 63 30 61 22 7d 0a                   |aad9c0a"}.      |
+--------+-------------------------------------------------+----------------+
2017-11-27 22:09:20.874 DEBUG 24827 --- [java-netty-1-11] c.g.d.netty.NettyDockerCmdExecFactory$1  : [id: 0x663821ab, L:null - R:/var/run/docker.sock] CLOSE
2017-11-27 22:09:20.874 DEBUG 24827 --- [java-netty-1-11] xecFactory$UnixDomainSocketInitializer$3 : [id: 0x663821ab, L:null - R:/var/run/docker.sock] CLOSE
2017-11-27 22:09:20.875 DEBUG 24827 --- [java-netty-1-11] xecFactory$UnixDomainSocketInitializer$3 : [id: 0x663821ab, L:null ! R:/var/run/docker.sock] READ COMPLETE
2017-11-27 22:09:20.875 DEBUG 24827 --- [java-netty-1-11] c.g.d.netty.NettyDockerCmdExecFactory$1  : [id: 0x663821ab, L:null ! R:/var/run/docker.sock] READ COMPLETE
2017-11-27 22:09:20.875 DEBUG 24827 --- [java-netty-1-11] xecFactory$UnixDomainSocketInitializer$3 : [id: 0x663821ab, L:null ! R:/var/run/docker.sock] INACTIVE
2017-11-27 22:09:20.875 DEBUG 24827 --- [java-netty-1-11] c.g.d.netty.NettyDockerCmdExecFactory$1  : [id: 0x663821ab, L:null ! R:/var/run/docker.sock] INACTIVE
2017-11-27 22:09:20.876 DEBUG 24827 --- [java-netty-1-11] xecFactory$UnixDomainSocketInitializer$3 : [id: 0x663821ab, L:null ! R:/var/run/docker.sock] UNREGISTERED
2017-11-27 22:09:20.876 DEBUG 24827 --- [java-netty-1-11] c.g.d.netty.NettyDockerCmdExecFactory$1  : [id: 0x663821ab, L:null ! R:/var/run/docker.sock] UNREGISTERED
2017-11-27 22:09:20.876 DEBUG 24827 --- [java-netty-1-12] xecFactory$UnixDomainSocketInitializer$3 : [id: 0xbee2833f] REGISTERED
2017-11-27 22:09:20.876 DEBUG 24827 --- [java-netty-1-12] xecFactory$UnixDomainSocketInitializer$3 : [id: 0xbee2833f] CONNECT: /var/run/docker.sock
2017-11-27 22:09:20.876 DEBUG 24827 --- [java-netty-1-12] xecFactory$UnixDomainSocketInitializer$3 : [id: 0xbee2833f, L:null - R:/var/run/docker.sock] ACTIVE
2017-11-27 22:09:20.878 DEBUG 24827 --- [java-netty-1-12] c.g.d.netty.NettyDockerCmdExecFactory$1  : [id: 0xbee2833f, L:null - R:/var/run/docker.sock] WRITE: DefaultFullHttpRequest(decodeResult: success, version: HTTP/1.1, content: UnpooledByteBufAllocator$InstrumentedUnpooledUnsafeHeapByteBuf(ridx: 0, widx: 2, cap: 64))
POST /exec/08f42bbe7a06a72b0fb18955e131684da1669cacab431566ed4428fedaad9c0a/start HTTP/1.1
content-type: application/json
content-length: 2
host:
accept-encoding: gzip
accept: application/json
upgrade: tcp
connection: upgrade, 2B
         +-------------------------------------------------+
         |  0  1  2  3  4  5  6  7  8  9  a  b  c  d  e  f |
+--------+-------------------------------------------------+----------------+
|00000000| 7b 7d                                           |{}              |
+--------+-------------------------------------------------+----------------+
2017-11-27 22:09:20.878 DEBUG 24827 --- [java-netty-1-12] xecFactory$UnixDomainSocketInitializer$3 : [id: 0xbee2833f, L:null - R:/var/run/docker.sock] WRITE: 239B
         +-------------------------------------------------+
         |  0  1  2  3  4  5  6  7  8  9  a  b  c  d  e  f |
+--------+-------------------------------------------------+----------------+
|00000000| 50 4f 53 54 20 2f 65 78 65 63 2f 30 38 66 34 32 |POST /exec/08f42|
|00000010| 62 62 65 37 61 30 36 61 37 32 62 30 66 62 31 38 |bbe7a06a72b0fb18|
|00000020| 39 35 35 65 31 33 31 36 38 34 64 61 31 36 36 39 |955e131684da1669|
|00000030| 63 61 63 61 62 34 33 31 35 36 36 65 64 34 34 32 |cacab431566ed442|
|00000040| 38 66 65 64 61 61 64 39 63 30 61 2f 73 74 61 72 |8fedaad9c0a/star|
|00000050| 74 20 48 54 54 50 2f 31 2e 31 0d 0a 63 6f 6e 74 |t HTTP/1.1..cont|
|00000060| 65 6e 74 2d 74 79 70 65 3a 20 61 70 70 6c 69 63 |ent-type: applic|
|00000070| 61 74 69 6f 6e 2f 6a 73 6f 6e 0d 0a 63 6f 6e 74 |ation/json..cont|
|00000080| 65 6e 74 2d 6c 65 6e 67 74 68 3a 20 32 0d 0a 68 |ent-length: 2..h|
|00000090| 6f 73 74 3a 20 0d 0a 61 63 63 65 70 74 2d 65 6e |ost: ..accept-en|
|000000a0| 63 6f 64 69 6e 67 3a 20 67 7a 69 70 0d 0a 61 63 |coding: gzip..ac|
|000000b0| 63 65 70 74 3a 20 61 70 70 6c 69 63 61 74 69 6f |cept: applicatio|
|000000c0| 6e 2f 6a 73 6f 6e 0d 0a 75 70 67 72 61 64 65 3a |n/json..upgrade:|
|000000d0| 20 74 63 70 0d 0a 63 6f 6e 6e 65 63 74 69 6f 6e | tcp..connection|
|000000e0| 3a 20 75 70 67 72 61 64 65 0d 0a 0d 0a 7b 7d    |: upgrade....{} |
+--------+-------------------------------------------------+----------------+
2017-11-27 22:09:20.879 DEBUG 24827 --- [java-netty-1-12] c.g.d.netty.NettyDockerCmdExecFactory$1  : [id: 0xbee2833f, L:null - R:/var/run/docker.sock] FLUSH
2017-11-27 22:09:20.879 DEBUG 24827 --- [java-netty-1-12] xecFactory$UnixDomainSocketInitializer$3 : [id: 0xbee2833f, L:null - R:/var/run/docker.sock] FLUSH
2017-11-27 22:09:20.884 DEBUG 24827 --- [java-netty-1-12] xecFactory$UnixDomainSocketInitializer$3 : [id: 0xbee2833f, L:null - R:/var/run/docker.sock] READ: 254B
         +-------------------------------------------------+
         |  0  1  2  3  4  5  6  7  8  9  a  b  c  d  e  f |
+--------+-------------------------------------------------+----------------+
|00000000| 48 54 54 50 2f 31 2e 31 20 31 30 31 20 53 77 69 |HTTP/1.1 101 Swi|
|00000010| 74 63 68 69 6e 67 20 50 72 6f 74 6f 63 6f 6c 73 |tching Protocols|
|00000020| 0d 0a 41 70 69 2d 56 65 72 73 69 6f 6e 3a 20 31 |..Api-Version: 1|
|00000030| 2e 33 32 0d 0a 43 6f 6e 6e 65 63 74 69 6f 6e 3a |.32..Connection:|
|00000040| 20 55 70 67 72 61 64 65 0d 0a 43 6f 6e 74 65 6e | Upgrade..Conten|
|00000050| 74 2d 54 79 70 65 3a 20 61 70 70 6c 69 63 61 74 |t-Type: applicat|
|00000060| 69 6f 6e 2f 76 6e 64 2e 64 6f 63 6b 65 72 2e 72 |ion/vnd.docker.r|
|00000070| 61 77 2d 73 74 72 65 61 6d 0d 0a 44 6f 63 6b 65 |aw-stream..Docke|
|00000080| 72 2d 45 78 70 65 72 69 6d 65 6e 74 61 6c 3a 20 |r-Experimental: |
|00000090| 66 61 6c 73 65 0d 0a 4f 73 74 79 70 65 3a 20 6c |false..Ostype: l|
|000000a0| 69 6e 75 78 0d 0a 53 65 72 76 65 72 3a 20 44 6f |inux..Server: Do|
|000000b0| 63 6b 65 72 2f 31 37 2e 30 39 2e 30 2d 63 65 20 |cker/17.09.0-ce |
|000000c0| 28 6c 69 6e 75 78 29 0d 0a 55 70 67 72 61 64 65 |(linux)..Upgrade|
|000000d0| 3a 20 74 63 70 0d 0a 44 61 74 65 3a 20 4d 6f 6e |: tcp..Date: Mon|
|000000e0| 2c 20 32 37 20 4e 6f 76 20 32 30 31 37 20 32 31 |, 27 Nov 2017 21|
|000000f0| 3a 30 39 3a 32 30 20 47 4d 54 0d 0a 0d 0a       |:09:20 GMT....  |
+--------+-------------------------------------------------+----------------+
2017-11-27 22:09:20.884 DEBUG 24827 --- [java-netty-1-12] c.g.d.netty.NettyDockerCmdExecFactory$1  : [id: 0xbee2833f, L:null - R:/var/run/docker.sock] READ: DefaultHttpResponse(decodeResult: success, version: HTTP/1.1)
HTTP/1.1 101 Switching Protocols
Api-Version: 1.32
Connection: Upgrade
Content-Type: application/vnd.docker.raw-stream
Docker-Experimental: false
Ostype: linux
Server: Docker/17.09.0-ce (linux)
Upgrade: tcp
Date: Mon, 27 Nov 2017 21:09:20 GMT
2017-11-27 22:09:20.884 DEBUG 24827 --- [java-netty-1-12] c.g.d.netty.NettyDockerCmdExecFactory$1  : [id: 0xbee2833f, L:null - R:/var/run/docker.sock] READ, EmptyLastHttpContent, 0B
2017-11-27 22:09:20.884 DEBUG 24827 --- [java-netty-1-12] xecFactory$UnixDomainSocketInitializer$3 : [id: 0xbee2833f, L:null - R:/var/run/docker.sock] READ COMPLETE
2017-11-27 22:09:20.884 DEBUG 24827 --- [java-netty-1-12] c.g.d.netty.NettyDockerCmdExecFactory$1  : [id: 0xbee2833f, L:null - R:/var/run/docker.sock] READ COMPLETE
2017-11-27 22:09:20.953 DEBUG 24827 --- [java-netty-1-12] xecFactory$UnixDomainSocketInitializer$3 : [id: 0xbee2833f, L:null - R:/var/run/docker.sock] READ: 31B
         +-------------------------------------------------+
         |  0  1  2  3  4  5  6  7  8  9  a  b  c  d  e  f |
+--------+-------------------------------------------------+----------------+
|00000000| 01 00 00 00 00 00 00 17 54 45 53 54 43 4f 4e 54 |........TESTCONT|
|00000010| 41 49 4e 45 52 53 5f 53 55 43 43 45 53 53 0a    |AINERS_SUCCESS. |
+--------+-------------------------------------------------+----------------+
2017-11-27 22:09:20.953 DEBUG 24827 --- [java-netty-1-12] c.g.d.netty.NettyDockerCmdExecFactory$1  : [id: 0xbee2833f, L:null - R:/var/run/docker.sock] READ: 31B
         +-------------------------------------------------+
         |  0  1  2  3  4  5  6  7  8  9  a  b  c  d  e  f |
+--------+-------------------------------------------------+----------------+
|00000000| 01 00 00 00 00 00 00 17 54 45 53 54 43 4f 4e 54 |........TESTCONT|
|00000010| 41 49 4e 45 52 53 5f 53 55 43 43 45 53 53 0a    |AINERS_SUCCESS. |
+--------+-------------------------------------------------+----------------+
2017-11-27 22:09:20.953 DEBUG 24827 --- [java-netty-1-12] xecFactory$UnixDomainSocketInitializer$3 : [id: 0xbee2833f, L:null - R:/var/run/docker.sock] READ COMPLETE
2017-11-27 22:09:20.953 DEBUG 24827 --- [java-netty-1-12] c.g.d.netty.NettyDockerCmdExecFactory$1  : [id: 0xbee2833f, L:null - R:/var/run/docker.sock] READ COMPLETE
2017-11-27 22:09:20.954 DEBUG 24827 --- [java-netty-1-12] xecFactory$UnixDomainSocketInitializer$3 : [id: 0xbee2833f, L:null - R:/var/run/docker.sock] READ COMPLETE
2017-11-27 22:09:20.954 DEBUG 24827 --- [java-netty-1-12] c.g.d.netty.NettyDockerCmdExecFactory$1  : [id: 0xbee2833f, L:null - R:/var/run/docker.sock] READ COMPLETE
2017-11-27 22:09:20.955 DEBUG 24827 --- [java-netty-1-12] c.g.d.netty.NettyDockerCmdExecFactory$1  : [id: 0xbee2833f, L:null ! R:/var/run/docker.sock] CLOSE
2017-11-27 22:09:20.955 DEBUG 24827 --- [java-netty-1-12] xecFactory$UnixDomainSocketInitializer$3 : [id: 0xbee2833f, L:null ! R:/var/run/docker.sock] CLOSE
2017-11-27 22:09:20.955 DEBUG 24827 --- [java-netty-1-12] xecFactory$UnixDomainSocketInitializer$3 : [id: 0xbee2833f, L:null ! R:/var/run/docker.sock] INACTIVE
2017-11-27 22:09:20.955 DEBUG 24827 --- [java-netty-1-12] c.g.d.netty.NettyDockerCmdExecFactory$1  : [id: 0xbee2833f, L:null ! R:/var/run/docker.sock] INACTIVE
2017-11-27 22:09:20.955 DEBUG 24827 --- [java-netty-1-12] xecFactory$UnixDomainSocketInitializer$3 : [id: 0xbee2833f, L:null ! R:/var/run/docker.sock] UNREGISTERED
2017-11-27 22:09:20.955  INFO 24827 --- [           main] 🐳 [rabbitmq:3.6.14]                     : Container rabbitmq:3.6.14 started
2017-11-27 22:09:20.955 DEBUG 24827 --- [java-netty-1-12] c.g.d.netty.NettyDockerCmdExecFactory$1  : [id: 0xbee2833f, L:null ! R:/var/run/docker.sock] UNREGISTERED

org.springframework.amqp.AmqpConnectException: java.net.ConnectException: Connection refused

	at org.springframework.amqp.rabbit.support.RabbitExceptionTranslator.convertRabbitAccessException(RabbitExceptionTranslator.java:62)
	at org.springframework.amqp.rabbit.connection.AbstractConnectionFactory.createBareConnection(AbstractConnectionFactory.java:368)
	at org.springframework.amqp.rabbit.connection.CachingConnectionFactory.createConnection(CachingConnectionFactory.java:573)
	at org.springframework.amqp.rabbit.core.RabbitTemplate.doExecute(RabbitTemplate.java:1430)
	at org.springframework.amqp.rabbit.core.RabbitTemplate.execute(RabbitTemplate.java:1411)
	at org.springframework.amqp.rabbit.core.RabbitTemplate.send(RabbitTemplate.java:712)
	at org.springframework.amqp.rabbit.core.RabbitTemplate.convertAndSend(RabbitTemplate.java:780)
	at org.springframework.amqp.rabbit.core.RabbitTemplate.convertAndSend(RabbitTemplate.java:752)
	at com.example.integrationqueues.QueueListenersTest.queueListenerTest(QueueListenersTest.java:14)
	at sun.reflect.NativeMethodAccessorImpl.invoke0(Native Method)
	at sun.reflect.NativeMethodAccessorImpl.invoke(NativeMethodAccessorImpl.java:62)
	at sun.reflect.DelegatingMethodAccessorImpl.invoke(DelegatingMethodAccessorImpl.java:43)
	at java.lang.reflect.Method.invoke(Method.java:498)
	at org.junit.runners.model.FrameworkMethod$1.runReflectiveCall(FrameworkMethod.java:50)
	at org.junit.internal.runners.model.ReflectiveCallable.run(ReflectiveCallable.java:12)
	at org.junit.runners.model.FrameworkMethod.invokeExplosively(FrameworkMethod.java:47)
	at org.junit.internal.runners.statements.InvokeMethod.evaluate(InvokeMethod.java:17)
	at org.junit.internal.runners.statements.RunBefores.evaluate(RunBefores.java:26)
	at org.springframework.test.context.junit4.statements.RunBeforeTestMethodCallbacks.evaluate(RunBeforeTestMethodCallbacks.java:75)
	at org.springframework.test.context.junit4.statements.RunAfterTestMethodCallbacks.evaluate(RunAfterTestMethodCallbacks.java:86)
	at org.springframework.test.context.junit4.statements.SpringRepeat.evaluate(SpringRepeat.java:84)
	at org.junit.runners.ParentRunner.runLeaf(ParentRunner.java:325)
	at org.springframework.test.context.junit4.SpringJUnit4ClassRunner.runChild(SpringJUnit4ClassRunner.java:252)
	at org.springframework.test.context.junit4.SpringJUnit4ClassRunner.runChild(SpringJUnit4ClassRunner.java:94)
	at org.junit.runners.ParentRunner$3.run(ParentRunner.java:290)
	at org.junit.runners.ParentRunner$1.schedule(ParentRunner.java:71)
	at org.junit.runners.ParentRunner.runChildren(ParentRunner.java:288)
	at org.junit.runners.ParentRunner.access$000(ParentRunner.java:58)
	at org.junit.runners.ParentRunner$2.evaluate(ParentRunner.java:268)
	at org.springframework.test.context.junit4.statements.RunBeforeTestClassCallbacks.evaluate(RunBeforeTestClassCallbacks.java:61)
	at org.springframework.test.context.junit4.statements.RunAfterTestClassCallbacks.evaluate(RunAfterTestClassCallbacks.java:70)
	at org.testcontainers.containers.FailureDetectingExternalResource$1.evaluate(FailureDetectingExternalResource.java:30)
	at org.junit.rules.RunRules.evaluate(RunRules.java:20)
	at org.junit.runners.ParentRunner.run(ParentRunner.java:363)
	at org.springframework.test.context.junit4.SpringJUnit4ClassRunner.run(SpringJUnit4ClassRunner.java:191)
	at org.junit.runner.JUnitCore.run(JUnitCore.java:137)
	at com.intellij.junit4.JUnit4IdeaTestRunner.startRunnerWithArgs(JUnit4IdeaTestRunner.java:68)
	at com.intellij.rt.execution.junit.IdeaTestRunner$Repeater.startRunnerWithArgs(IdeaTestRunner.java:47)
	at com.intellij.rt.execution.junit.JUnitStarter.prepareStreamsAndStart(JUnitStarter.java:242)
	at com.intellij.rt.execution.junit.JUnitStarter.main(JUnitStarter.java:70)
Caused by: java.net.ConnectException: Connection refused
	at java.net.PlainSocketImpl.socketConnect(Native Method)
	at java.net.AbstractPlainSocketImpl.doConnect(AbstractPlainSocketImpl.java:350)
	at java.net.AbstractPlainSocketImpl.connectToAddress(AbstractPlainSocketImpl.java:206)
	at java.net.AbstractPlainSocketImpl.connect(AbstractPlainSocketImpl.java:188)
	at java.net.SocksSocketImpl.connect(SocksSocketImpl.java:392)
	at java.net.Socket.connect(Socket.java:589)
	at com.rabbitmq.client.impl.SocketFrameHandlerFactory.create(SocketFrameHandlerFactory.java:50)
	at com.rabbitmq.client.ConnectionFactory.newConnection(ConnectionFactory.java:907)
	at com.rabbitmq.client.ConnectionFactory.newConnection(ConnectionFactory.java:859)
	at com.rabbitmq.client.ConnectionFactory.newConnection(ConnectionFactory.java:799)
	at org.springframework.amqp.rabbit.connection.AbstractConnectionFactory.createBareConnection(AbstractConnectionFactory.java:352)
	... 38 more

2017-11-27 22:09:21.980 DEBUG 24827 --- [           main] c.g.d.core.command.AbstrDockerCmd        : Cmd: 8dd1d7d3e1e1d6bdcc6c2faf38dd514172bbf3b517e3076fa7e0919db0066182,false,com.github.dockerjava.netty.exec.InspectContainerCmdExec@432af457
2017-11-27 22:09:21.980 DEBUG 24827 --- [           main] c.g.d.n.exec.InspectContainerCmdExec     : GET: com.github.dockerjava.netty.WebTarget@985707a9
2017-11-27 22:09:21.980 DEBUG 24827 --- [java-netty-1-13] xecFactory$UnixDomainSocketInitializer$3 : [id: 0x00c53d81] REGISTERED
2017-11-27 22:09:21.980 DEBUG 24827 --- [java-netty-1-13] xecFactory$UnixDomainSocketInitializer$3 : [id: 0x00c53d81] CONNECT: /var/run/docker.sock
2017-11-27 22:09:21.981 DEBUG 24827 --- [java-netty-1-13] xecFactory$UnixDomainSocketInitializer$3 : [id: 0x00c53d81, L:null - R:/var/run/docker.sock] ACTIVE
2017-11-27 22:09:21.981 DEBUG 24827 --- [java-netty-1-13] c.g.d.netty.NettyDockerCmdExecFactory$1  : [id: 0x00c53d81, L:null - R:/var/run/docker.sock] WRITE, DefaultFullHttpRequest(decodeResult: success, version: HTTP/1.1, content: UnpooledByteBufAllocator$InstrumentedUnpooledUnsafeHeapByteBuf(ridx: 0, widx: 0, cap: 0))
GET /containers/8dd1d7d3e1e1d6bdcc6c2faf38dd514172bbf3b517e3076fa7e0919db0066182/json HTTP/1.1
host:
connection: keep-alive
accept-encoding: gzip
accept: application/json, 0B
2017-11-27 22:09:21.981 DEBUG 24827 --- [java-netty-1-13] xecFactory$UnixDomainSocketInitializer$3 : [id: 0x00c53d81, L:null - R:/var/run/docker.sock] WRITE: 179B
         +-------------------------------------------------+
         |  0  1  2  3  4  5  6  7  8  9  a  b  c  d  e  f |
+--------+-------------------------------------------------+----------------+
|00000000| 47 45 54 20 2f 63 6f 6e 74 61 69 6e 65 72 73 2f |GET /containers/|
|00000010| 38 64 64 31 64 37 64 33 65 31 65 31 64 36 62 64 |8dd1d7d3e1e1d6bd|
|00000020| 63 63 36 63 32 66 61 66 33 38 64 64 35 31 34 31 |cc6c2faf38dd5141|
|00000030| 37 32 62 62 66 33 62 35 31 37 65 33 30 37 36 66 |72bbf3b517e3076f|
|00000040| 61 37 65 30 39 31 39 64 62 30 30 36 36 31 38 32 |a7e0919db0066182|
|00000050| 2f 6a 73 6f 6e 20 48 54 54 50 2f 31 2e 31 0d 0a |/json HTTP/1.1..|
|00000060| 68 6f 73 74 3a 20 0d 0a 63 6f 6e 6e 65 63 74 69 |host: ..connecti|
|00000070| 6f 6e 3a 20 6b 65 65 70 2d 61 6c 69 76 65 0d 0a |on: keep-alive..|
|00000080| 61 63 63 65 70 74 2d 65 6e 63 6f 64 69 6e 67 3a |accept-encoding:|
|00000090| 20 67 7a 69 70 0d 0a 61 63 63 65 70 74 3a 20 61 | gzip..accept: a|
|000000a0| 70 70 6c 69 63 61 74 69 6f 6e 2f 6a 73 6f 6e 0d |pplication/json.|
|000000b0| 0a 0d 0a                                        |...             |
+--------+-------------------------------------------------+----------------+
2017-11-27 22:09:21.981 DEBUG 24827 --- [java-netty-1-13] c.g.d.netty.NettyDockerCmdExecFactory$1  : [id: 0x00c53d81, L:null - R:/var/run/docker.sock] FLUSH
2017-11-27 22:09:21.981 DEBUG 24827 --- [java-netty-1-13] xecFactory$UnixDomainSocketInitializer$3 : [id: 0x00c53d81, L:null - R:/var/run/docker.sock] FLUSH
2017-11-27 22:09:21.983 DEBUG 24827 --- [java-netty-1-13] xecFactory$UnixDomainSocketInitializer$3 : [id: 0x00c53d81, L:null - R:/var/run/docker.sock] READ: 1024B
         +-------------------------------------------------+
         |  0  1  2  3  4  5  6  7  8  9  a  b  c  d  e  f |
+--------+-------------------------------------------------+----------------+
|00000000| 48 54 54 50 2f 31 2e 31 20 32 30 30 20 4f 4b 0d |HTTP/1.1 200 OK.|
|00000010| 0a 41 70 69 2d 56 65 72 73 69 6f 6e 3a 20 31 2e |.Api-Version: 1.|
|00000020| 33 32 0d 0a 43 6f 6e 74 65 6e 74 2d 54 79 70 65 |32..Content-Type|
|00000030| 3a 20 61 70 70 6c 69 63 61 74 69 6f 6e 2f 6a 73 |: application/js|
|00000040| 6f 6e 0d 0a 44 61 74 65 3a 20 4d 6f 6e 2c 20 32 |on..Date: Mon, 2|
|00000050| 37 20 4e 6f 76 20 32 30 31 37 20 32 31 3a 30 39 |7 Nov 2017 21:09|
|00000060| 3a 31 38 20 47 4d 54 0d 0a 44 6f 63 6b 65 72 2d |:18 GMT..Docker-|
|00000070| 45 78 70 65 72 69 6d 65 6e 74 61 6c 3a 20 66 61 |Experimental: fa|
|00000080| 6c 73 65 0d 0a 4f 73 74 79 70 65 3a 20 6c 69 6e |lse..Ostype: lin|
|00000090| 75 78 0d 0a 53 65 72 76 65 72 3a 20 44 6f 63 6b |ux..Server: Dock|
|000000a0| 65 72 2f 31 37 2e 30 39 2e 30 2d 63 65 20 28 6c |er/17.09.0-ce (l|
|000000b0| 69 6e 75 78 29 0d 0a 54 72 61 6e 73 66 65 72 2d |inux)..Transfer-|
|000000c0| 45 6e 63 6f 64 69 6e 67 3a 20 63 68 75 6e 6b 65 |Encoding: chunke|
|000000d0| 64 0d 0a 0d 0a 31 32 36 65 0d 0a 7b 22 49 64 22 |d....126e..{"Id"|
|000000e0| 3a 22 38 64 64 31 64 37 64 33 65 31 65 31 64 36 |:"8dd1d7d3e1e1d6|
|000000f0| 62 64 63 63 36 63 32 66 61 66 33 38 64 64 35 31 |bdcc6c2faf38dd51|
|00000100| 34 31 37 32 62 62 66 33 62 35 31 37 65 33 30 37 |4172bbf3b517e307|
|00000110| 36 66 61 37 65 30 39 31 39 64 62 30 30 36 36 31 |6fa7e0919db00661|
|00000120| 38 32 22 2c 22 43 72 65 61 74 65 64 22 3a 22 32 |82","Created":"2|
|00000130| 30 31 37 2d 31 31 2d 32 37 54 32 31 3a 30 39 3a |017-11-27T21:09:|
|00000140| 31 35 2e 33 32 38 36 33 37 36 38 32 5a 22 2c 22 |15.328637682Z","|
|00000150| 50 61 74 68 22 3a 22 64 6f 63 6b 65 72 2d 65 6e |Path":"docker-en|
|00000160| 74 72 79 70 6f 69 6e 74 2e 73 68 22 2c 22 41 72 |trypoint.sh","Ar|
|00000170| 67 73 22 3a 5b 22 72 61 62 62 69 74 6d 71 2d 73 |gs":["rabbitmq-s|
|00000180| 65 72 76 65 72 22 5d 2c 22 53 74 61 74 65 22 3a |erver"],"State":|
|00000190| 7b 22 53 74 61 74 75 73 22 3a 22 72 75 6e 6e 69 |{"Status":"runni|
|000001a0| 6e 67 22 2c 22 52 75 6e 6e 69 6e 67 22 3a 74 72 |ng","Running":tr|
|000001b0| 75 65 2c 22 50 61 75 73 65 64 22 3a 66 61 6c 73 |ue,"Paused":fals|
|000001c0| 65 2c 22 52 65 73 74 61 72 74 69 6e 67 22 3a 66 |e,"Restarting":f|
|000001d0| 61 6c 73 65 2c 22 4f 4f 4d 4b 69 6c 6c 65 64 22 |alse,"OOMKilled"|
|000001e0| 3a 66 61 6c 73 65 2c 22 44 65 61 64 22 3a 66 61 |:false,"Dead":fa|
|000001f0| 6c 73 65 2c 22 50 69 64 22 3a 31 36 34 37 34 2c |lse,"Pid":16474,|
|00000200| 22 45 78 69 74 43 6f 64 65 22 3a 30 2c 22 45 72 |"ExitCode":0,"Er|
|00000210| 72 6f 72 22 3a 22 22 2c 22 53 74 61 72 74 65 64 |ror":"","Started|
|00000220| 41 74 22 3a 22 32 30 31 37 2d 31 31 2d 32 37 54 |At":"2017-11-27T|
|00000230| 32 31 3a 30 39 3a 31 36 2e 30 34 35 35 37 38 30 |21:09:16.0455780|
|00000240| 34 39 5a 22 2c 22 46 69 6e 69 73 68 65 64 41 74 |49Z","FinishedAt|
|00000250| 22 3a 22 30 30 30 31 2d 30 31 2d 30 31 54 30 30 |":"0001-01-01T00|
|00000260| 3a 30 30 3a 30 30 5a 22 7d 2c 22 49 6d 61 67 65 |:00:00Z"},"Image|
|00000270| 22 3a 22 73 68 61 32 35 36 3a 37 39 61 30 30 38 |":"sha256:79a008|
|00000280| 62 32 35 39 36 32 65 31 61 31 34 33 65 30 32 62 |b25962e1a143e02b|
|00000290| 33 37 31 38 37 66 38 35 35 63 62 32 32 34 65 32 |37187f855cb224e2|
|000002a0| 32 30 33 62 39 34 63 63 39 66 38 37 65 38 31 66 |203b94cc9f87e81f|
|000002b0| 65 32 37 35 36 36 30 63 39 64 22 2c 22 52 65 73 |e275660c9d","Res|
|000002c0| 6f 6c 76 43 6f 6e 66 50 61 74 68 22 3a 22 2f 76 |olvConfPath":"/v|
|000002d0| 61 72 2f 6c 69 62 2f 64 6f 63 6b 65 72 2f 63 6f |ar/lib/docker/co|
|000002e0| 6e 74 61 69 6e 65 72 73 2f 38 64 64 31 64 37 64 |ntainers/8dd1d7d|
|000002f0| 33 65 31 65 31 64 36 62 64 63 63 36 63 32 66 61 |3e1e1d6bdcc6c2fa|
|00000300| 66 33 38 64 64 35 31 34 31 37 32 62 62 66 33 62 |f38dd514172bbf3b|
|00000310| 35 31 37 65 33 30 37 36 66 61 37 65 30 39 31 39 |517e3076fa7e0919|
|00000320| 64 62 30 30 36 36 31 38 32 2f 72 65 73 6f 6c 76 |db0066182/resolv|
|00000330| 2e 63 6f 6e 66 22 2c 22 48 6f 73 74 6e 61 6d 65 |.conf","Hostname|
|00000340| 50 61 74 68 22 3a 22 2f 76 61 72 2f 6c 69 62 2f |Path":"/var/lib/|
|00000350| 64 6f 63 6b 65 72 2f 63 6f 6e 74 61 69 6e 65 72 |docker/container|
|00000360| 73 2f 38 64 64 31 64 37 64 33 65 31 65 31 64 36 |s/8dd1d7d3e1e1d6|
|00000370| 62 64 63 63 36 63 32 66 61 66 33 38 64 64 35 31 |bdcc6c2faf38dd51|
|00000380| 34 31 37 32 62 62 66 33 62 35 31 37 65 33 30 37 |4172bbf3b517e307|
|00000390| 36 66 61 37 65 30 39 31 39 64 62 30 30 36 36 31 |6fa7e0919db00661|
|000003a0| 38 32 2f 68 6f 73 74 6e 61 6d 65 22 2c 22 48 6f |82/hostname","Ho|
|000003b0| 73 74 73 50 61 74 68 22 3a 22 2f 76 61 72 2f 6c |stsPath":"/var/l|
|000003c0| 69 62 2f 64 6f 63 6b 65 72 2f 63 6f 6e 74 61 69 |ib/docker/contai|
|000003d0| 6e 65 72 73 2f 38 64 64 31 64 37 64 33 65 31 65 |ners/8dd1d7d3e1e|
|000003e0| 31 64 36 62 64 63 63 36 63 32 66 61 66 33 38 64 |1d6bdcc6c2faf38d|
|000003f0| 64 35 31 34 31 37 32 62 62 66 33 62 35 31 37 65 |d514172bbf3b517e|
+--------+-------------------------------------------------+----------------+
2017-11-27 22:09:21.984 DEBUG 24827 --- [java-netty-1-13] c.g.d.netty.NettyDockerCmdExecFactory$1  : [id: 0x00c53d81, L:null - R:/var/run/docker.sock] READ: DefaultHttpResponse(decodeResult: success, version: HTTP/1.1)
HTTP/1.1 200 OK
Api-Version: 1.32
Content-Type: application/json
Date: Mon, 27 Nov 2017 21:09:18 GMT
Docker-Experimental: false
Ostype: linux
Server: Docker/17.09.0-ce (linux)
Transfer-Encoding: chunked
2017-11-27 22:09:21.984 DEBUG 24827 --- [java-netty-1-13] c.g.d.netty.NettyDockerCmdExecFactory$1  : [id: 0x00c53d81, L:null - R:/var/run/docker.sock] READ: DefaultHttpContent(data: PooledSlicedByteBuf(ridx: 0, widx: 805, cap: 805/805, unwrapped: PooledUnsafeDirectByteBuf(ridx: 1024, widx: 1024, cap: 1024)), decoderResult: success), 805B
         +-------------------------------------------------+
         |  0  1  2  3  4  5  6  7  8  9  a  b  c  d  e  f |
+--------+-------------------------------------------------+----------------+
|00000000| 7b 22 49 64 22 3a 22 38 64 64 31 64 37 64 33 65 |{"Id":"8dd1d7d3e|
|00000010| 31 65 31 64 36 62 64 63 63 36 63 32 66 61 66 33 |1e1d6bdcc6c2faf3|
|00000020| 38 64 64 35 31 34 31 37 32 62 62 66 33 62 35 31 |8dd514172bbf3b51|
|00000030| 37 65 33 30 37 36 66 61 37 65 30 39 31 39 64 62 |7e3076fa7e0919db|
|00000040| 30 30 36 36 31 38 32 22 2c 22 43 72 65 61 74 65 |0066182","Create|
|00000050| 64 22 3a 22 32 30 31 37 2d 31 31 2d 32 37 54 32 |d":"2017-11-27T2|
|00000060| 31 3a 30 39 3a 31 35 2e 33 32 38 36 33 37 36 38 |1:09:15.32863768|
|00000070| 32 5a 22 2c 22 50 61 74 68 22 3a 22 64 6f 63 6b |2Z","Path":"dock|
|00000080| 65 72 2d 65 6e 74 72 79 70 6f 69 6e 74 2e 73 68 |er-entrypoint.sh|
|00000090| 22 2c 22 41 72 67 73 22 3a 5b 22 72 61 62 62 69 |","Args":["rabbi|
|000000a0| 74 6d 71 2d 73 65 72 76 65 72 22 5d 2c 22 53 74 |tmq-server"],"St|
|000000b0| 61 74 65 22 3a 7b 22 53 74 61 74 75 73 22 3a 22 |ate":{"Status":"|
|000000c0| 72 75 6e 6e 69 6e 67 22 2c 22 52 75 6e 6e 69 6e |running","Runnin|
|000000d0| 67 22 3a 74 72 75 65 2c 22 50 61 75 73 65 64 22 |g":true,"Paused"|
|000000e0| 3a 66 61 6c 73 65 2c 22 52 65 73 74 61 72 74 69 |:false,"Restarti|
|000000f0| 6e 67 22 3a 66 61 6c 73 65 2c 22 4f 4f 4d 4b 69 |ng":false,"OOMKi|
|00000100| 6c 6c 65 64 22 3a 66 61 6c 73 65 2c 22 44 65 61 |lled":false,"Dea|
|00000110| 64 22 3a 66 61 6c 73 65 2c 22 50 69 64 22 3a 31 |d":false,"Pid":1|
|00000120| 36 34 37 34 2c 22 45 78 69 74 43 6f 64 65 22 3a |6474,"ExitCode":|
|00000130| 30 2c 22 45 72 72 6f 72 22 3a 22 22 2c 22 53 74 |0,"Error":"","St|
|00000140| 61 72 74 65 64 41 74 22 3a 22 32 30 31 37 2d 31 |artedAt":"2017-1|
|00000150| 31 2d 32 37 54 32 31 3a 30 39 3a 31 36 2e 30 34 |1-27T21:09:16.04|
|00000160| 35 35 37 38 30 34 39 5a 22 2c 22 46 69 6e 69 73 |5578049Z","Finis|
|00000170| 68 65 64 41 74 22 3a 22 30 30 30 31 2d 30 31 2d |hedAt":"0001-01-|
|00000180| 30 31 54 30 30 3a 30 30 3a 30 30 5a 22 7d 2c 22 |01T00:00:00Z"},"|
|00000190| 49 6d 61 67 65 22 3a 22 73 68 61 32 35 36 3a 37 |Image":"sha256:7|
|000001a0| 39 61 30 30 38 62 32 35 39 36 32 65 31 61 31 34 |9a008b25962e1a14|
|000001b0| 33 65 30 32 62 33 37 31 38 37 66 38 35 35 63 62 |3e02b37187f855cb|
|000001c0| 32 32 34 65 32 32 30 33 62 39 34 63 63 39 66 38 |224e2203b94cc9f8|
|000001d0| 37 65 38 31 66 65 32 37 35 36 36 30 63 39 64 22 |7e81fe275660c9d"|
|000001e0| 2c 22 52 65 73 6f 6c 76 43 6f 6e 66 50 61 74 68 |,"ResolvConfPath|
|000001f0| 22 3a 22 2f 76 61 72 2f 6c 69 62 2f 64 6f 63 6b |":"/var/lib/dock|
|00000200| 65 72 2f 63 6f 6e 74 61 69 6e 65 72 73 2f 38 64 |er/containers/8d|
|00000210| 64 31 64 37 64 33 65 31 65 31 64 36 62 64 63 63 |d1d7d3e1e1d6bdcc|
|00000220| 36 63 32 66 61 66 33 38 64 64 35 31 34 31 37 32 |6c2faf38dd514172|
|00000230| 62 62 66 33 62 35 31 37 65 33 30 37 36 66 61 37 |bbf3b517e3076fa7|
|00000240| 65 30 39 31 39 64 62 30 30 36 36 31 38 32 2f 72 |e0919db0066182/r|
|00000250| 65 73 6f 6c 76 2e 63 6f 6e 66 22 2c 22 48 6f 73 |esolv.conf","Hos|
|00000260| 74 6e 61 6d 65 50 61 74 68 22 3a 22 2f 76 61 72 |tnamePath":"/var|
|00000270| 2f 6c 69 62 2f 64 6f 63 6b 65 72 2f 63 6f 6e 74 |/lib/docker/cont|
|00000280| 61 69 6e 65 72 73 2f 38 64 64 31 64 37 64 33 65 |ainers/8dd1d7d3e|
|00000290| 31 65 31 64 36 62 64 63 63 36 63 32 66 61 66 33 |1e1d6bdcc6c2faf3|
|000002a0| 38 64 64 35 31 34 31 37 32 62 62 66 33 62 35 31 |8dd514172bbf3b51|
|000002b0| 37 65 33 30 37 36 66 61 37 65 30 39 31 39 64 62 |7e3076fa7e0919db|
|000002c0| 30 30 36 36 31 38 32 2f 68 6f 73 74 6e 61 6d 65 |0066182/hostname|
|000002d0| 22 2c 22 48 6f 73 74 73 50 61 74 68 22 3a 22 2f |","HostsPath":"/|
|000002e0| 76 61 72 2f 6c 69 62 2f 64 6f 63 6b 65 72 2f 63 |var/lib/docker/c|
|000002f0| 6f 6e 74 61 69 6e 65 72 73 2f 38 64 64 31 64 37 |ontainers/8dd1d7|
|00000300| 64 33 65 31 65 31 64 36 62 64 63 63 36 63 32 66 |d3e1e1d6bdcc6c2f|
|00000310| 61 66 33 38 64 64 35 31 34 31 37 32 62 62 66 33 |af38dd514172bbf3|
|00000320| 62 35 31 37 65                                  |b517e           |
+--------+-------------------------------------------------+----------------+
2017-11-27 22:09:21.984 DEBUG 24827 --- [java-netty-1-13] xecFactory$UnixDomainSocketInitializer$3 : [id: 0x00c53d81, L:null - R:/var/run/docker.sock] READ COMPLETE
2017-11-27 22:09:21.984 DEBUG 24827 --- [java-netty-1-13] c.g.d.netty.NettyDockerCmdExecFactory$1  : [id: 0x00c53d81, L:null - R:/var/run/docker.sock] READ COMPLETE
2017-11-27 22:09:21.984 DEBUG 24827 --- [java-netty-1-13] xecFactory$UnixDomainSocketInitializer$3 : [id: 0x00c53d81, L:null - R:/var/run/docker.sock] READ: 3920B
         +-------------------------------------------------+
         |  0  1  2  3  4  5  6  7  8  9  a  b  c  d  e  f |
+--------+-------------------------------------------------+----------------+
|00000000| 33 30 37 36 66 61 37 65 30 39 31 39 64 62 30 30 |3076fa7e0919db00|
|00000010| 36 36 31 38 32 2f 68 6f 73 74 73 22 2c 22 4c 6f |66182/hosts","Lo|
|00000020| 67 50 61 74 68 22 3a 22 2f 76 61 72 2f 6c 69 62 |gPath":"/var/lib|
|00000030| 2f 64 6f 63 6b 65 72 2f 63 6f 6e 74 61 69 6e 65 |/docker/containe|
|00000040| 72 73 2f 38 64 64 31 64 37 64 33 65 31 65 31 64 |rs/8dd1d7d3e1e1d|
|00000050| 36 62 64 63 63 36 63 32 66 61 66 33 38 64 64 35 |6bdcc6c2faf38dd5|
|00000060| 31 34 31 37 32 62 62 66 33 62 35 31 37 65 33 30 |14172bbf3b517e30|
|00000070| 37 36 66 61 37 65 30 39 31 39 64 62 30 30 36 36 |76fa7e0919db0066|
|00000080| 31 38 32 2f 38 64 64 31 64 37 64 33 65 31 65 31 |182/8dd1d7d3e1e1|
|00000090| 64 36 62 64 63 63 36 63 32 66 61 66 33 38 64 64 |d6bdcc6c2faf38dd|
|000000a0| 35 31 34 31 37 32 62 62 66 33 62 35 31 37 65 33 |514172bbf3b517e3|
|000000b0| 30 37 36 66 61 37 65 30 39 31 39 64 62 30 30 36 |076fa7e0919db006|
|000000c0| 36 31 38 32 2d 6a 73 6f 6e 2e 6c 6f 67 22 2c 22 |6182-json.log","|
|000000d0| 4e 61 6d 65 22 3a 22 2f 74 72 75 73 74 69 6e 67 |Name":"/trusting|
|000000e0| 5f 6e 6f 65 74 68 65 72 22 2c 22 52 65 73 74 61 |_noether","Resta|
|000000f0| 72 74 43 6f 75 6e 74 22 3a 30 2c 22 44 72 69 76 |rtCount":0,"Driv|
|00000100| 65 72 22 3a 22 61 75 66 73 22 2c 22 50 6c 61 74 |er":"aufs","Plat|
|00000110| 66 6f 72 6d 22 3a 22 6c 69 6e 75 78 22 2c 22 4d |form":"linux","M|
|00000120| 6f 75 6e 74 4c 61 62 65 6c 22 3a 22 22 2c 22 50 |ountLabel":"","P|
|00000130| 72 6f 63 65 73 73 4c 61 62 65 6c 22 3a 22 22 2c |rocessLabel":"",|
|00000140| 22 41 70 70 41 72 6d 6f 72 50 72 6f 66 69 6c 65 |"AppArmorProfile|
|00000150| 22 3a 22 22 2c 22 45 78 65 63 49 44 73 22 3a 6e |":"","ExecIDs":n|
|00000160| 75 6c 6c 2c 22 48 6f 73 74 43 6f 6e 66 69 67 22 |ull,"HostConfig"|
|00000170| 3a 7b 22 42 69 6e 64 73 22 3a 5b 5d 2c 22 43 6f |:{"Binds":[],"Co|
|00000180| 6e 74 61 69 6e 65 72 49 44 46 69 6c 65 22 3a 22 |ntainerIDFile":"|
|00000190| 22 2c 22 4c 6f 67 43 6f 6e 66 69 67 22 3a 7b 22 |","LogConfig":{"|
|000001a0| 54 79 70 65 22 3a 22 6a 73 6f 6e 2d 66 69 6c 65 |Type":"json-file|
|000001b0| 22 2c 22 43 6f 6e 66 69 67 22 3a 7b 7d 7d 2c 22 |","Config":{}},"|
|000001c0| 4e 65 74 77 6f 72 6b 4d 6f 64 65 22 3a 22 64 65 |NetworkMode":"de|
|000001d0| 66 61 75 6c 74 22 2c 22 50 6f 72 74 42 69 6e 64 |fault","PortBind|
|000001e0| 69 6e 67 73 22 3a 7b 7d 2c 22 52 65 73 74 61 72 |ings":{},"Restar|
|000001f0| 74 50 6f 6c 69 63 79 22 3a 7b 22 4e 61 6d 65 22 |tPolicy":{"Name"|
|00000200| 3a 22 22 2c 22 4d 61 78 69 6d 75 6d 52 65 74 72 |:"","MaximumRetr|
|00000210| 79 43 6f 75 6e 74 22 3a 30 7d 2c 22 41 75 74 6f |yCount":0},"Auto|
|00000220| 52 65 6d 6f 76 65 22 3a 66 61 6c 73 65 2c 22 56 |Remove":false,"V|
|00000230| 6f 6c 75 6d 65 44 72 69 76 65 72 22 3a 22 22 2c |olumeDriver":"",|
|00000240| 22 56 6f 6c 75 6d 65 73 46 72 6f 6d 22 3a 5b 5d |"VolumesFrom":[]|
|00000250| 2c 22 43 61 70 41 64 64 22 3a 6e 75 6c 6c 2c 22 |,"CapAdd":null,"|
|00000260| 43 61 70 44 72 6f 70 22 3a 6e 75 6c 6c 2c 22 44 |CapDrop":null,"D|
|00000270| 6e 73 22 3a 6e 75 6c 6c 2c 22 44 6e 73 4f 70 74 |ns":null,"DnsOpt|
|00000280| 69 6f 6e 73 22 3a 6e 75 6c 6c 2c 22 44 6e 73 53 |ions":null,"DnsS|
|00000290| 65 61 72 63 68 22 3a 6e 75 6c 6c 2c 22 45 78 74 |earch":null,"Ext|
|000002a0| 72 61 48 6f 73 74 73 22 3a 5b 5d 2c 22 47 72 6f |raHosts":[],"Gro|
|000002b0| 75 70 41 64 64 22 3a 6e 75 6c 6c 2c 22 49 70 63 |upAdd":null,"Ipc|
|000002c0| 4d 6f 64 65 22 3a 22 73 68 61 72 65 61 62 6c 65 |Mode":"shareable|
|000002d0| 22 2c 22 43 67 72 6f 75 70 22 3a 22 22 2c 22 4c |","Cgroup":"","L|
|000002e0| 69 6e 6b 73 22 3a 6e 75 6c 6c 2c 22 4f 6f 6d 53 |inks":null,"OomS|
|000002f0| 63 6f 72 65 41 64 6a 22 3a 30 2c 22 50 69 64 4d |coreAdj":0,"PidM|
|00000300| 6f 64 65 22 3a 22 22 2c 22 50 72 69 76 69 6c 65 |ode":"","Privile|
|00000310| 67 65 64 22 3a 66 61 6c 73 65 2c 22 50 75 62 6c |ged":false,"Publ|
|00000320| 69 73 68 41 6c 6c 50 6f 72 74 73 22 3a 74 72 75 |ishAllPorts":tru|
|00000330| 65 2c 22 52 65 61 64 6f 6e 6c 79 52 6f 6f 74 66 |e,"ReadonlyRootf|
|00000340| 73 22 3a 66 61 6c 73 65 2c 22 53 65 63 75 72 69 |s":false,"Securi|
|00000350| 74 79 4f 70 74 22 3a 6e 75 6c 6c 2c 22 55 54 53 |tyOpt":null,"UTS|
|00000360| 4d 6f 64 65 22 3a 22 22 2c 22 55 73 65 72 6e 73 |Mode":"","Userns|
|00000370| 4d 6f 64 65 22 3a 22 22 2c 22 53 68 6d 53 69 7a |Mode":"","ShmSiz|
|00000380| 65 22 3a 36 37 31 30 38 38 36 34 2c 22 52 75 6e |e":67108864,"Run|
|00000390| 74 69 6d 65 22 3a 22 72 75 6e 63 22 2c 22 43 6f |time":"runc","Co|
|000003a0| 6e 73 6f 6c 65 53 69 7a 65 22 3a 5b 30 2c 30 5d |nsoleSize":[0,0]|
|000003b0| 2c 22 49 73 6f 6c 61 74 69 6f 6e 22 3a 22 22 2c |,"Isolation":"",|
|000003c0| 22 43 70 75 53 68 61 72 65 73 22 3a 30 2c 22 4d |"CpuShares":0,"M|
|000003d0| 65 6d 6f 72 79 22 3a 30 2c 22 4e 61 6e 6f 43 70 |emory":0,"NanoCp|
|000003e0| 75 73 22 3a 30 2c 22 43 67 72 6f 75 70 50 61 72 |us":0,"CgroupPar|
|000003f0| 65 6e 74 22 3a 22 22 2c 22 42 6c 6b 69 6f 57 65 |ent":"","BlkioWe|
|00000400| 69 67 68 74 22 3a 30 2c 22 42 6c 6b 69 6f 57 65 |ight":0,"BlkioWe|
|00000410| 69 67 68 74 44 65 76 69 63 65 22 3a 6e 75 6c 6c |ightDevice":null|
|00000420| 2c 22 42 6c 6b 69 6f 44 65 76 69 63 65 52 65 61 |,"BlkioDeviceRea|
|00000430| 64 42 70 73 22 3a 6e 75 6c 6c 2c 22 42 6c 6b 69 |dBps":null,"Blki|
|00000440| 6f 44 65 76 69 63 65 57 72 69 74 65 42 70 73 22 |oDeviceWriteBps"|
|00000450| 3a 6e 75 6c 6c 2c 22 42 6c 6b 69 6f 44 65 76 69 |:null,"BlkioDevi|
|00000460| 63 65 52 65 61 64 49 4f 70 73 22 3a 6e 75 6c 6c |ceReadIOps":null|
|00000470| 2c 22 42 6c 6b 69 6f 44 65 76 69 63 65 57 72 69 |,"BlkioDeviceWri|
|00000480| 74 65 49 4f 70 73 22 3a 6e 75 6c 6c 2c 22 43 70 |teIOps":null,"Cp|
|00000490| 75 50 65 72 69 6f 64 22 3a 30 2c 22 43 70 75 51 |uPeriod":0,"CpuQ|
|000004a0| 75 6f 74 61 22 3a 30 2c 22 43 70 75 52 65 61 6c |uota":0,"CpuReal|
|000004b0| 74 69 6d 65 50 65 72 69 6f 64 22 3a 30 2c 22 43 |timePeriod":0,"C|
|000004c0| 70 75 52 65 61 6c 74 69 6d 65 52 75 6e 74 69 6d |puRealtimeRuntim|
|000004d0| 65 22 3a 30 2c 22 43 70 75 73 65 74 43 70 75 73 |e":0,"CpusetCpus|
|000004e0| 22 3a 22 22 2c 22 43 70 75 73 65 74 4d 65 6d 73 |":"","CpusetMems|
|000004f0| 22 3a 22 22 2c 22 44 65 76 69 63 65 73 22 3a 6e |":"","Devices":n|
|00000500| 75 6c 6c 2c 22 44 65 76 69 63 65 43 67 72 6f 75 |ull,"DeviceCgrou|
|00000510| 70 52 75 6c 65 73 22 3a 6e 75 6c 6c 2c 22 44 69 |pRules":null,"Di|
|00000520| 73 6b 51 75 6f 74 61 22 3a 30 2c 22 4b 65 72 6e |skQuota":0,"Kern|
|00000530| 65 6c 4d 65 6d 6f 72 79 22 3a 30 2c 22 4d 65 6d |elMemory":0,"Mem|
|00000540| 6f 72 79 52 65 73 65 72 76 61 74 69 6f 6e 22 3a |oryReservation":|
|00000550| 30 2c 22 4d 65 6d 6f 72 79 53 77 61 70 22 3a 30 |0,"MemorySwap":0|
|00000560| 2c 22 4d 65 6d 6f 72 79 53 77 61 70 70 69 6e 65 |,"MemorySwappine|
|00000570| 73 73 22 3a 6e 75 6c 6c 2c 22 4f 6f 6d 4b 69 6c |ss":null,"OomKil|
|00000580| 6c 44 69 73 61 62 6c 65 22 3a 66 61 6c 73 65 2c |lDisable":false,|
|00000590| 22 50 69 64 73 4c 69 6d 69 74 22 3a 30 2c 22 55 |"PidsLimit":0,"U|
|000005a0| 6c 69 6d 69 74 73 22 3a 6e 75 6c 6c 2c 22 43 70 |limits":null,"Cp|
|000005b0| 75 43 6f 75 6e 74 22 3a 30 2c 22 43 70 75 50 65 |uCount":0,"CpuPe|
|000005c0| 72 63 65 6e 74 22 3a 30 2c 22 49 4f 4d 61 78 69 |rcent":0,"IOMaxi|
|000005d0| 6d 75 6d 49 4f 70 73 22 3a 30 2c 22 49 4f 4d 61 |mumIOps":0,"IOMa|
|000005e0| 78 69 6d 75 6d 42 61 6e 64 77 69 64 74 68 22 3a |ximumBandwidth":|
|000005f0| 30 7d 2c 22 47 72 61 70 68 44 72 69 76 65 72 22 |0},"GraphDriver"|
|00000600| 3a 7b 22 44 61 74 61 22 3a 6e 75 6c 6c 2c 22 4e |:{"Data":null,"N|
|00000610| 61 6d 65 22 3a 22 61 75 66 73 22 7d 2c 22 4d 6f |ame":"aufs"},"Mo|
|00000620| 75 6e 74 73 22 3a 5b 7b 22 54 79 70 65 22 3a 22 |unts":[{"Type":"|
|00000630| 76 6f 6c 75 6d 65 22 2c 22 4e 61 6d 65 22 3a 22 |volume","Name":"|
|00000640| 63 61 61 30 64 33 34 38 36 34 62 62 64 35 34 35 |caa0d34864bbd545|
|00000650| 30 32 36 62 38 36 65 35 32 34 34 30 66 65 66 37 |026b86e52440fef7|
|00000660| 36 34 35 32 37 31 62 33 30 61 37 39 34 30 62 39 |645271b30a7940b9|
|00000670| 38 32 31 62 63 63 66 64 63 36 31 66 64 63 32 39 |821bccfdc61fdc29|
|00000680| 22 2c 22 53 6f 75 72 63 65 22 3a 22 2f 76 61 72 |","Source":"/var|
|00000690| 2f 6c 69 62 2f 64 6f 63 6b 65 72 2f 76 6f 6c 75 |/lib/docker/volu|
|000006a0| 6d 65 73 2f 63 61 61 30 64 33 34 38 36 34 62 62 |mes/caa0d34864bb|
|000006b0| 64 35 34 35 30 32 36 62 38 36 65 35 32 34 34 30 |d545026b86e52440|
|000006c0| 66 65 66 37 36 34 35 32 37 31 62 33 30 61 37 39 |fef7645271b30a79|
|000006d0| 34 30 62 39 38 32 31 62 63 63 66 64 63 36 31 66 |40b9821bccfdc61f|
|000006e0| 64 63 32 39 2f 5f 64 61 74 61 22 2c 22 44 65 73 |dc29/_data","Des|
|000006f0| 74 69 6e 61 74 69 6f 6e 22 3a 22 2f 76 61 72 2f |tination":"/var/|
|00000700| 6c 69 62 2f 72 61 62 62 69 74 6d 71 22 2c 22 44 |lib/rabbitmq","D|
|00000710| 72 69 76 65 72 22 3a 22 6c 6f 63 61 6c 22 2c 22 |river":"local","|
|00000720| 4d 6f 64 65 22 3a 22 22 2c 22 52 57 22 3a 74 72 |Mode":"","RW":tr|
|00000730| 75 65 2c 22 50 72 6f 70 61 67 61 74 69 6f 6e 22 |ue,"Propagation"|
|00000740| 3a 22 22 7d 5d 2c 22 43 6f 6e 66 69 67 22 3a 7b |:""}],"Config":{|
|00000750| 22 48 6f 73 74 6e 61 6d 65 22 3a 22 38 64 64 31 |"Hostname":"8dd1|
|00000760| 64 37 64 33 65 31 65 31 22 2c 22 44 6f 6d 61 69 |d7d3e1e1","Domai|
|00000770| 6e 6e 61 6d 65 22 3a 22 22 2c 22 55 73 65 72 22 |nname":"","User"|
|00000780| 3a 22 22 2c 22 41 74 74 61 63 68 53 74 64 69 6e |:"","AttachStdin|
|00000790| 22 3a 66 61 6c 73 65 2c 22 41 74 74 61 63 68 53 |":false,"AttachS|
|000007a0| 74 64 6f 75 74 22 3a 66 61 6c 73 65 2c 22 41 74 |tdout":false,"At|
|000007b0| 74 61 63 68 53 74 64 65 72 72 22 3a 66 61 6c 73 |tachStderr":fals|
|000007c0| 65 2c 22 45 78 70 6f 73 65 64 50 6f 72 74 73 22 |e,"ExposedPorts"|
|000007d0| 3a 7b 22 32 35 36 37 32 2f 74 63 70 22 3a 7b 7d |:{"25672/tcp":{}|
|000007e0| 2c 22 34 33 36 39 2f 74 63 70 22 3a 7b 7d 2c 22 |,"4369/tcp":{},"|
|000007f0| 35 36 37 31 2f 74 63 70 22 3a 7b 7d 2c 22 35 36 |5671/tcp":{},"56|
|00000800| 37 32 2f 74 63 70 22 3a 7b 7d 7d 2c 22 54 74 79 |72/tcp":{}},"Tty|
|00000810| 22 3a 66 61 6c 73 65 2c 22 4f 70 65 6e 53 74 64 |":false,"OpenStd|
|00000820| 69 6e 22 3a 66 61 6c 73 65 2c 22 53 74 64 69 6e |in":false,"Stdin|
|00000830| 4f 6e 63 65 22 3a 66 61 6c 73 65 2c 22 45 6e 76 |Once":false,"Env|
|00000840| 22 3a 5b 22 52 41 42 42 49 54 4d 51 5f 55 53 45 |":["RABBITMQ_USE|
|00000850| 52 3d 67 75 65 73 74 22 2c 22 52 41 42 42 49 54 |R=guest","RABBIT|
|00000860| 4d 51 5f 50 41 53 53 57 4f 52 44 3d 67 75 65 73 |MQ_PASSWORD=gues|
|00000870| 74 22 2c 22 6e 6f 5f 70 72 6f 78 79 3d 2a 2e 6c |t","no_proxy=*.l|
|00000880| 6f 63 61 6c 2c 20 31 36 39 2e 32 35 34 2f 31 36 |ocal, 169.254/16|
|00000890| 22 2c 22 50 41 54 48 3d 2f 75 73 72 2f 6c 69 62 |","PATH=/usr/lib|
|000008a0| 2f 72 61 62 62 69 74 6d 71 2f 62 69 6e 3a 2f 75 |/rabbitmq/bin:/u|
|000008b0| 73 72 2f 6c 6f 63 61 6c 2f 73 62 69 6e 3a 2f 75 |sr/local/sbin:/u|
|000008c0| 73 72 2f 6c 6f 63 61 6c 2f 62 69 6e 3a 2f 75 73 |sr/local/bin:/us|
|000008d0| 72 2f 73 62 69 6e 3a 2f 75 73 72 2f 62 69 6e 3a |r/sbin:/usr/bin:|
|000008e0| 2f 73 62 69 6e 3a 2f 62 69 6e 22 2c 22 47 4f 53 |/sbin:/bin","GOS|
|000008f0| 55 5f 56 45 52 53 49 4f 4e 3d 31 2e 31 30 22 2c |U_VERSION=1.10",|
|00000900| 22 52 41 42 42 49 54 4d 51 5f 4c 4f 47 53 3d 2d |"RABBITMQ_LOGS=-|
|00000910| 22 2c 22 52 41 42 42 49 54 4d 51 5f 53 41 53 4c |","RABBITMQ_SASL|
|00000920| 5f 4c 4f 47 53 3d 2d 22 2c 22 52 41 42 42 49 54 |_LOGS=-","RABBIT|
|00000930| 4d 51 5f 47 50 47 5f 4b 45 59 3d 30 41 39 41 46 |MQ_GPG_KEY=0A9AF|
|00000940| 32 31 31 35 46 34 36 38 37 42 44 32 39 38 30 33 |2115F4687BD29803|
|00000950| 41 32 30 36 42 37 33 41 33 36 45 36 30 32 36 44 |A206B73A36E6026D|
|00000960| 46 43 41 22 2c 22 52 41 42 42 49 54 4d 51 5f 56 |FCA","RABBITMQ_V|
|00000970| 45 52 53 49 4f 4e 3d 33 2e 36 2e 31 34 22 2c 22 |ERSION=3.6.14","|
|00000980| 52 41 42 42 49 54 4d 51 5f 47 49 54 48 55 42 5f |RABBITMQ_GITHUB_|
|00000990| 54 41 47 3d 72 61 62 62 69 74 6d 71 5f 76 33 5f |TAG=rabbitmq_v3_|
|000009a0| 36 5f 31 34 22 2c 22 52 41 42 42 49 54 4d 51 5f |6_14","RABBITMQ_|
|000009b0| 44 45 42 49 41 4e 5f 56 45 52 53 49 4f 4e 3d 33 |DEBIAN_VERSION=3|
|000009c0| 2e 36 2e 31 34 2d 31 22 2c 22 48 4f 4d 45 3d 2f |.6.14-1","HOME=/|
|000009d0| 76 61 72 2f 6c 69 62 2f 72 61 62 62 69 74 6d 71 |var/lib/rabbitmq|
|000009e0| 22 5d 2c 22 43 6d 64 22 3a 5b 22 72 61 62 62 69 |"],"Cmd":["rabbi|
|000009f0| 74 6d 71 2d 73 65 72 76 65 72 22 5d 2c 22 41 72 |tmq-server"],"Ar|
|00000a00| 67 73 45 73 63 61 70 65 64 22 3a 74 72 75 65 2c |gsEscaped":true,|
|00000a10| 22 49 6d 61 67 65 22 3a 22 72 61 62 62 69 74 6d |"Image":"rabbitm|
|00000a20| 71 3a 33 2e 36 2e 31 34 22 2c 22 56 6f 6c 75 6d |q:3.6.14","Volum|
|00000a30| 65 73 22 3a 7b 22 2f 76 61 72 2f 6c 69 62 2f 72 |es":{"/var/lib/r|
|00000a40| 61 62 62 69 74 6d 71 22 3a 7b 7d 7d 2c 22 57 6f |abbitmq":{}},"Wo|
|00000a50| 72 6b 69 6e 67 44 69 72 22 3a 22 22 2c 22 45 6e |rkingDir":"","En|
|00000a60| 74 72 79 70 6f 69 6e 74 22 3a 5b 22 64 6f 63 6b |trypoint":["dock|
|00000a70| 65 72 2d 65 6e 74 72 79 70 6f 69 6e 74 2e 73 68 |er-entrypoint.sh|
|00000a80| 22 5d 2c 22 4f 6e 42 75 69 6c 64 22 3a 6e 75 6c |"],"OnBuild":nul|
|00000a90| 6c 2c 22 4c 61 62 65 6c 73 22 3a 7b 22 6f 72 67 |l,"Labels":{"org|
|00000aa0| 2e 74 65 73 74 63 6f 6e 74 61 69 6e 65 72 73 22 |.testcontainers"|
|00000ab0| 3a 22 74 72 75 65 22 7d 7d 2c 22 4e 65 74 77 6f |:"true"}},"Netwo|
|00000ac0| 72 6b 53 65 74 74 69 6e 67 73 22 3a 7b 22 42 72 |rkSettings":{"Br|
|00000ad0| 69 64 67 65 22 3a 22 22 2c 22 53 61 6e 64 62 6f |idge":"","Sandbo|
|00000ae0| 78 49 44 22 3a 22 32 31 32 33 36 38 30 61 37 38 |xID":"2123680a78|
|00000af0| 36 31 32 37 30 39 66 39 64 32 32 32 39 66 39 62 |612709f9d2229f9b|
|00000b00| 34 30 39 66 33 62 30 35 62 61 63 65 65 39 61 65 |409f3b05bacee9ae|
|00000b10| 34 35 32 39 38 31 66 30 64 64 33 36 32 30 65 61 |452981f0dd3620ea|
|00000b20| 61 33 33 64 64 61 22 2c 22 48 61 69 72 70 69 6e |a33dda","Hairpin|
|00000b30| 4d 6f 64 65 22 3a 66 61 6c 73 65 2c 22 4c 69 6e |Mode":false,"Lin|
|00000b40| 6b 4c 6f 63 61 6c 49 50 76 36 41 64 64 72 65 73 |kLocalIPv6Addres|
|00000b50| 73 22 3a 22 22 2c 22 4c 69 6e 6b 4c 6f 63 61 6c |s":"","LinkLocal|
|00000b60| 49 50 76 36 50 72 65 66 69 78 4c 65 6e 22 3a 30 |IPv6PrefixLen":0|
|00000b70| 2c 22 50 6f 72 74 73 22 3a 7b 22 32 35 36 37 32 |,"Ports":{"25672|
|00000b80| 2f 74 63 70 22 3a 5b 7b 22 48 6f 73 74 49 70 22 |/tcp":[{"HostIp"|
|00000b90| 3a 22 30 2e 30 2e 30 2e 30 22 2c 22 48 6f 73 74 |:"0.0.0.0","Host|
|00000ba0| 50 6f 72 74 22 3a 22 33 32 39 37 30 22 7d 5d 2c |Port":"32970"}],|
|00000bb0| 22 34 33 36 39 2f 74 63 70 22 3a 5b 7b 22 48 6f |"4369/tcp":[{"Ho|
|00000bc0| 73 74 49 70 22 3a 22 30 2e 30 2e 30 2e 30 22 2c |stIp":"0.0.0.0",|
|00000bd0| 22 48 6f 73 74 50 6f 72 74 22 3a 22 33 32 39 37 |"HostPort":"3297|
|00000be0| 33 22 7d 5d 2c 22 35 36 37 31 2f 74 63 70 22 3a |3"}],"5671/tcp":|
|00000bf0| 5b 7b 22 48 6f 73 74 49 70 22 3a 22 30 2e 30 2e |[{"HostIp":"0.0.|
|00000c00| 30 2e 30 22 2c 22 48 6f 73 74 50 6f 72 74 22 3a |0.0","HostPort":|
|00000c10| 22 33 32 39 37 32 22 7d 5d 2c 22 35 36 37 32 2f |"32972"}],"5672/|
|00000c20| 74 63 70 22 3a 5b 7b 22 48 6f 73 74 49 70 22 3a |tcp":[{"HostIp":|
|00000c30| 22 30 2e 30 2e 30 2e 30 22 2c 22 48 6f 73 74 50 |"0.0.0.0","HostP|
|00000c40| 6f 72 74 22 3a 22 33 32 39 37 31 22 7d 5d 7d 2c |ort":"32971"}]},|
|00000c50| 22 53 61 6e 64 62 6f 78 4b 65 79 22 3a 22 2f 76 |"SandboxKey":"/v|
|00000c60| 61 72 2f 72 75 6e 2f 64 6f 63 6b 65 72 2f 6e 65 |ar/run/docker/ne|
|00000c70| 74 6e 73 2f 32 31 32 33 36 38 30 61 37 38 36 31 |tns/2123680a7861|
|00000c80| 22 2c 22 53 65 63 6f 6e 64 61 72 79 49 50 41 64 |","SecondaryIPAd|
|00000c90| 64 72 65 73 73 65 73 22 3a 6e 75 6c 6c 2c 22 53 |dresses":null,"S|
|00000ca0| 65 63 6f 6e 64 61 72 79 49 50 76 36 41 64 64 72 |econdaryIPv6Addr|
|00000cb0| 65 73 73 65 73 22 3a 6e 75 6c 6c 2c 22 45 6e 64 |esses":null,"End|
|00000cc0| 70 6f 69 6e 74 49 44 22 3a 22 34 32 66 65 34 36 |pointID":"42fe46|
|00000cd0| 39 36 33 34 37 32 30 64 39 62 31 63 34 39 61 31 |9634720d9b1c49a1|
|00000ce0| 61 62 35 30 38 32 37 39 62 65 65 63 34 30 64 32 |ab508279beec40d2|
|00000cf0| 35 38 31 61 33 30 37 39 35 63 34 38 33 32 32 38 |581a30795c483228|
|00000d00| 33 35 35 36 35 32 32 34 66 64 22 2c 22 47 61 74 |35565224fd","Gat|
|00000d10| 65 77 61 79 22 3a 22 31 37 32 2e 31 37 2e 30 2e |eway":"172.17.0.|
|00000d20| 31 22 2c 22 47 6c 6f 62 61 6c 49 50 76 36 41 64 |1","GlobalIPv6Ad|
|00000d30| 64 72 65 73 73 22 3a 22 22 2c 22 47 6c 6f 62 61 |dress":"","Globa|
|00000d40| 6c 49 50 76 36 50 72 65 66 69 78 4c 65 6e 22 3a |lIPv6PrefixLen":|
|00000d50| 30 2c 22 49 50 41 64 64 72 65 73 73 22 3a 22 31 |0,"IPAddress":"1|
|00000d60| 37 32 2e 31 37 2e 30 2e 34 22 2c 22 49 50 50 72 |72.17.0.4","IPPr|
|00000d70| 65 66 69 78 4c 65 6e 22 3a 31 36 2c 22 49 50 76 |efixLen":16,"IPv|
|00000d80| 36 47 61 74 65 77 61 79 22 3a 22 22 2c 22 4d 61 |6Gateway":"","Ma|
|00000d90| 63 41 64 64 72 65 73 73 22 3a 22 30 32 3a 34 32 |cAddress":"02:42|
|00000da0| 3a 61 63 3a 31 31 3a 30 30 3a 30 34 22 2c 22 4e |:ac:11:00:04","N|
|00000db0| 65 74 77 6f 72 6b 73 22 3a 7b 22 62 72 69 64 67 |etworks":{"bridg|
|00000dc0| 65 22 3a 7b 22 49 50 41 4d 43 6f 6e 66 69 67 22 |e":{"IPAMConfig"|
|00000dd0| 3a 6e 75 6c 6c 2c 22 4c 69 6e 6b 73 22 3a 6e 75 |:null,"Links":nu|
|00000de0| 6c 6c 2c 22 41 6c 69 61 73 65 73 22 3a 6e 75 6c |ll,"Aliases":nul|
|00000df0| 6c 2c 22 4e 65 74 77 6f 72 6b 49 44 22 3a 22 39 |l,"NetworkID":"9|
|00000e00| 66 65 38 62 39 32 64 61 66 63 30 35 34 34 36 33 |fe8b92dafc054463|
|00000e10| 33 37 39 64 39 34 35 38 61 64 65 37 37 64 35 31 |379d9458ade77d51|
|00000e20| 61 34 61 62 39 30 61 64 31 33 65 35 34 61 65 32 |a4ab90ad13e54ae2|
|00000e30| 31 61 31 38 64 36 35 66 66 32 63 30 37 63 61 22 |1a18d65ff2c07ca"|
|00000e40| 2c 22 45 6e 64 70 6f 69 6e 74 49 44 22 3a 22 34 |,"EndpointID":"4|
|00000e50| 32 66 65 34 36 39 36 33 34 37 32 30 64 39 62 31 |2fe469634720d9b1|
|00000e60| 63 34 39 61 31 61 62 35 30 38 32 37 39 62 65 65 |c49a1ab508279bee|
|00000e70| 63 34 30 64 32 35 38 31 61 33 30 37 39 35 63 34 |c40d2581a30795c4|
|00000e80| 38 33 32 32 38 33 35 35 36 35 32 32 34 66 64 22 |8322835565224fd"|
|00000e90| 2c 22 47 61 74 65 77 61 79 22 3a 22 31 37 32 2e |,"Gateway":"172.|
|00000ea0| 31 37 2e 30 2e 31 22 2c 22 49 50 41 64 64 72 65 |17.0.1","IPAddre|
|00000eb0| 73 73 22 3a 22 31 37 32 2e 31 37 2e 30 2e 34 22 |ss":"172.17.0.4"|
|00000ec0| 2c 22 49 50 50 72 65 66 69 78 4c 65 6e 22 3a 31 |,"IPPrefixLen":1|
|00000ed0| 36 2c 22 49 50 76 36 47 61 74 65 77 61 79 22 3a |6,"IPv6Gateway":|
|00000ee0| 22 22 2c 22 47 6c 6f 62 61 6c 49 50 76 36 41 64 |"","GlobalIPv6Ad|
|00000ef0| 64 72 65 73 73 22 3a 22 22 2c 22 47 6c 6f 62 61 |dress":"","Globa|
|00000f00| 6c 49 50 76 36 50 72 65 66 69 78 4c 65 6e 22 3a |lIPv6PrefixLen":|
|00000f10| 30 2c 22 4d 61 63 41 64 64 72 65 73 73 22 3a 22 |0,"MacAddress":"|
|00000f20| 30 32 3a 34 32 3a 61 63 3a 31 31 3a 30 30 3a 30 |02:42:ac:11:00:0|
|00000f30| 34 22 2c 22 44 72 69 76 65 72 4f 70 74 73 22 3a |4","DriverOpts":|
|00000f40| 6e 75 6c 6c 7d 7d 7d 7d 0a 0d 0a 30 0d 0a 0d 0a |null}}}}...0....|
+--------+-------------------------------------------------+----------------+
2017-11-27 22:09:21.984 DEBUG 24827 --- [java-netty-1-13] c.g.d.netty.NettyDockerCmdExecFactory$1  : [id: 0x00c53d81, L:null - R:/var/run/docker.sock] READ: DefaultHttpContent(data: PooledSlicedByteBuf(ridx: 0, widx: 3913, cap: 3913/3913, unwrapped: PooledUnsafeDirectByteBuf(ridx: 3915, widx: 3920, cap: 16384)), decoderResult: success), 3913B
         +-------------------------------------------------+
         |  0  1  2  3  4  5  6  7  8  9  a  b  c  d  e  f |
+--------+-------------------------------------------------+----------------+
|00000000| 33 30 37 36 66 61 37 65 30 39 31 39 64 62 30 30 |3076fa7e0919db00|
|00000010| 36 36 31 38 32 2f 68 6f 73 74 73 22 2c 22 4c 6f |66182/hosts","Lo|
|00000020| 67 50 61 74 68 22 3a 22 2f 76 61 72 2f 6c 69 62 |gPath":"/var/lib|
|00000030| 2f 64 6f 63 6b 65 72 2f 63 6f 6e 74 61 69 6e 65 |/docker/containe|
|00000040| 72 73 2f 38 64 64 31 64 37 64 33 65 31 65 31 64 |rs/8dd1d7d3e1e1d|
|00000050| 36 62 64 63 63 36 63 32 66 61 66 33 38 64 64 35 |6bdcc6c2faf38dd5|
|00000060| 31 34 31 37 32 62 62 66 33 62 35 31 37 65 33 30 |14172bbf3b517e30|
|00000070| 37 36 66 61 37 65 30 39 31 39 64 62 30 30 36 36 |76fa7e0919db0066|
|00000080| 31 38 32 2f 38 64 64 31 64 37 64 33 65 31 65 31 |182/8dd1d7d3e1e1|
|00000090| 64 36 62 64 63 63 36 63 32 66 61 66 33 38 64 64 |d6bdcc6c2faf38dd|
|000000a0| 35 31 34 31 37 32 62 62 66 33 62 35 31 37 65 33 |514172bbf3b517e3|
|000000b0| 30 37 36 66 61 37 65 30 39 31 39 64 62 30 30 36 |076fa7e0919db006|
|000000c0| 36 31 38 32 2d 6a 73 6f 6e 2e 6c 6f 67 22 2c 22 |6182-json.log","|
|000000d0| 4e 61 6d 65 22 3a 22 2f 74 72 75 73 74 69 6e 67 |Name":"/trusting|
|000000e0| 5f 6e 6f 65 74 68 65 72 22 2c 22 52 65 73 74 61 |_noether","Resta|
|000000f0| 72 74 43 6f 75 6e 74 22 3a 30 2c 22 44 72 69 76 |rtCount":0,"Driv|
|00000100| 65 72 22 3a 22 61 75 66 73 22 2c 22 50 6c 61 74 |er":"aufs","Plat|
|00000110| 66 6f 72 6d 22 3a 22 6c 69 6e 75 78 22 2c 22 4d |form":"linux","M|
|00000120| 6f 75 6e 74 4c 61 62 65 6c 22 3a 22 22 2c 22 50 |ountLabel":"","P|
|00000130| 72 6f 63 65 73 73 4c 61 62 65 6c 22 3a 22 22 2c |rocessLabel":"",|
|00000140| 22 41 70 70 41 72 6d 6f 72 50 72 6f 66 69 6c 65 |"AppArmorProfile|
|00000150| 22 3a 22 22 2c 22 45 78 65 63 49 44 73 22 3a 6e |":"","ExecIDs":n|
|00000160| 75 6c 6c 2c 22 48 6f 73 74 43 6f 6e 66 69 67 22 |ull,"HostConfig"|
|00000170| 3a 7b 22 42 69 6e 64 73 22 3a 5b 5d 2c 22 43 6f |:{"Binds":[],"Co|
|00000180| 6e 74 61 69 6e 65 72 49 44 46 69 6c 65 22 3a 22 |ntainerIDFile":"|
|00000190| 22 2c 22 4c 6f 67 43 6f 6e 66 69 67 22 3a 7b 22 |","LogConfig":{"|
|000001a0| 54 79 70 65 22 3a 22 6a 73 6f 6e 2d 66 69 6c 65 |Type":"json-file|
|000001b0| 22 2c 22 43 6f 6e 66 69 67 22 3a 7b 7d 7d 2c 22 |","Config":{}},"|
|000001c0| 4e 65 74 77 6f 72 6b 4d 6f 64 65 22 3a 22 64 65 |NetworkMode":"de|
|000001d0| 66 61 75 6c 74 22 2c 22 50 6f 72 74 42 69 6e 64 |fault","PortBind|
|000001e0| 69 6e 67 73 22 3a 7b 7d 2c 22 52 65 73 74 61 72 |ings":{},"Restar|
|000001f0| 74 50 6f 6c 69 63 79 22 3a 7b 22 4e 61 6d 65 22 |tPolicy":{"Name"|
|00000200| 3a 22 22 2c 22 4d 61 78 69 6d 75 6d 52 65 74 72 |:"","MaximumRetr|
|00000210| 79 43 6f 75 6e 74 22 3a 30 7d 2c 22 41 75 74 6f |yCount":0},"Auto|
|00000220| 52 65 6d 6f 76 65 22 3a 66 61 6c 73 65 2c 22 56 |Remove":false,"V|
|00000230| 6f 6c 75 6d 65 44 72 69 76 65 72 22 3a 22 22 2c |olumeDriver":"",|
|00000240| 22 56 6f 6c 75 6d 65 73 46 72 6f 6d 22 3a 5b 5d |"VolumesFrom":[]|
|00000250| 2c 22 43 61 70 41 64 64 22 3a 6e 75 6c 6c 2c 22 |,"CapAdd":null,"|
|00000260| 43 61 70 44 72 6f 70 22 3a 6e 75 6c 6c 2c 22 44 |CapDrop":null,"D|
|00000270| 6e 73 22 3a 6e 75 6c 6c 2c 22 44 6e 73 4f 70 74 |ns":null,"DnsOpt|
|00000280| 69 6f 6e 73 22 3a 6e 75 6c 6c 2c 22 44 6e 73 53 |ions":null,"DnsS|
|00000290| 65 61 72 63 68 22 3a 6e 75 6c 6c 2c 22 45 78 74 |earch":null,"Ext|
|000002a0| 72 61 48 6f 73 74 73 22 3a 5b 5d 2c 22 47 72 6f |raHosts":[],"Gro|
|000002b0| 75 70 41 64 64 22 3a 6e 75 6c 6c 2c 22 49 70 63 |upAdd":null,"Ipc|
|000002c0| 4d 6f 64 65 22 3a 22 73 68 61 72 65 61 62 6c 65 |Mode":"shareable|
|000002d0| 22 2c 22 43 67 72 6f 75 70 22 3a 22 22 2c 22 4c |","Cgroup":"","L|
|000002e0| 69 6e 6b 73 22 3a 6e 75 6c 6c 2c 22 4f 6f 6d 53 |inks":null,"OomS|
|000002f0| 63 6f 72 65 41 64 6a 22 3a 30 2c 22 50 69 64 4d |coreAdj":0,"PidM|
|00000300| 6f 64 65 22 3a 22 22 2c 22 50 72 69 76 69 6c 65 |ode":"","Privile|
|00000310| 67 65 64 22 3a 66 61 6c 73 65 2c 22 50 75 62 6c |ged":false,"Publ|
|00000320| 69 73 68 41 6c 6c 50 6f 72 74 73 22 3a 74 72 75 |ishAllPorts":tru|
|00000330| 65 2c 22 52 65 61 64 6f 6e 6c 79 52 6f 6f 74 66 |e,"ReadonlyRootf|
|00000340| 73 22 3a 66 61 6c 73 65 2c 22 53 65 63 75 72 69 |s":false,"Securi|
|00000350| 74 79 4f 70 74 22 3a 6e 75 6c 6c 2c 22 55 54 53 |tyOpt":null,"UTS|
|00000360| 4d 6f 64 65 22 3a 22 22 2c 22 55 73 65 72 6e 73 |Mode":"","Userns|
|00000370| 4d 6f 64 65 22 3a 22 22 2c 22 53 68 6d 53 69 7a |Mode":"","ShmSiz|
|00000380| 65 22 3a 36 37 31 30 38 38 36 34 2c 22 52 75 6e |e":67108864,"Run|
|00000390| 74 69 6d 65 22 3a 22 72 75 6e 63 22 2c 22 43 6f |time":"runc","Co|
|000003a0| 6e 73 6f 6c 65 53 69 7a 65 22 3a 5b 30 2c 30 5d |nsoleSize":[0,0]|
|000003b0| 2c 22 49 73 6f 6c 61 74 69 6f 6e 22 3a 22 22 2c |,"Isolation":"",|
|000003c0| 22 43 70 75 53 68 61 72 65 73 22 3a 30 2c 22 4d |"CpuShares":0,"M|
|000003d0| 65 6d 6f 72 79 22 3a 30 2c 22 4e 61 6e 6f 43 70 |emory":0,"NanoCp|
|000003e0| 75 73 22 3a 30 2c 22 43 67 72 6f 75 70 50 61 72 |us":0,"CgroupPar|
|000003f0| 65 6e 74 22 3a 22 22 2c 22 42 6c 6b 69 6f 57 65 |ent":"","BlkioWe|
|00000400| 69 67 68 74 22 3a 30 2c 22 42 6c 6b 69 6f 57 65 |ight":0,"BlkioWe|
|00000410| 69 67 68 74 44 65 76 69 63 65 22 3a 6e 75 6c 6c |ightDevice":null|
|00000420| 2c 22 42 6c 6b 69 6f 44 65 76 69 63 65 52 65 61 |,"BlkioDeviceRea|
|00000430| 64 42 70 73 22 3a 6e 75 6c 6c 2c 22 42 6c 6b 69 |dBps":null,"Blki|
|00000440| 6f 44 65 76 69 63 65 57 72 69 74 65 42 70 73 22 |oDeviceWriteBps"|
|00000450| 3a 6e 75 6c 6c 2c 22 42 6c 6b 69 6f 44 65 76 69 |:null,"BlkioDevi|
|00000460| 63 65 52 65 61 64 49 4f 70 73 22 3a 6e 75 6c 6c |ceReadIOps":null|
|00000470| 2c 22 42 6c 6b 69 6f 44 65 76 69 63 65 57 72 69 |,"BlkioDeviceWri|
|00000480| 74 65 49 4f 70 73 22 3a 6e 75 6c 6c 2c 22 43 70 |teIOps":null,"Cp|
|00000490| 75 50 65 72 69 6f 64 22 3a 30 2c 22 43 70 75 51 |uPeriod":0,"CpuQ|
|000004a0| 75 6f 74 61 22 3a 30 2c 22 43 70 75 52 65 61 6c |uota":0,"CpuReal|
|000004b0| 74 69 6d 65 50 65 72 69 6f 64 22 3a 30 2c 22 43 |timePeriod":0,"C|
|000004c0| 70 75 52 65 61 6c 74 69 6d 65 52 75 6e 74 69 6d |puRealtimeRuntim|
|000004d0| 65 22 3a 30 2c 22 43 70 75 73 65 74 43 70 75 73 |e":0,"CpusetCpus|
|000004e0| 22 3a 22 22 2c 22 43 70 75 73 65 74 4d 65 6d 73 |":"","CpusetMems|
|000004f0| 22 3a 22 22 2c 22 44 65 76 69 63 65 73 22 3a 6e |":"","Devices":n|
|00000500| 75 6c 6c 2c 22 44 65 76 69 63 65 43 67 72 6f 75 |ull,"DeviceCgrou|
|00000510| 70 52 75 6c 65 73 22 3a 6e 75 6c 6c 2c 22 44 69 |pRules":null,"Di|
|00000520| 73 6b 51 75 6f 74 61 22 3a 30 2c 22 4b 65 72 6e |skQuota":0,"Kern|
|00000530| 65 6c 4d 65 6d 6f 72 79 22 3a 30 2c 22 4d 65 6d |elMemory":0,"Mem|
|00000540| 6f 72 79 52 65 73 65 72 76 61 74 69 6f 6e 22 3a |oryReservation":|
|00000550| 30 2c 22 4d 65 6d 6f 72 79 53 77 61 70 22 3a 30 |0,"MemorySwap":0|
|00000560| 2c 22 4d 65 6d 6f 72 79 53 77 61 70 70 69 6e 65 |,"MemorySwappine|
|00000570| 73 73 22 3a 6e 75 6c 6c 2c 22 4f 6f 6d 4b 69 6c |ss":null,"OomKil|
|00000580| 6c 44 69 73 61 62 6c 65 22 3a 66 61 6c 73 65 2c |lDisable":false,|
|00000590| 22 50 69 64 73 4c 69 6d 69 74 22 3a 30 2c 22 55 |"PidsLimit":0,"U|
|000005a0| 6c 69 6d 69 74 73 22 3a 6e 75 6c 6c 2c 22 43 70 |limits":null,"Cp|
|000005b0| 75 43 6f 75 6e 74 22 3a 30 2c 22 43 70 75 50 65 |uCount":0,"CpuPe|
|000005c0| 72 63 65 6e 74 22 3a 30 2c 22 49 4f 4d 61 78 69 |rcent":0,"IOMaxi|
|000005d0| 6d 75 6d 49 4f 70 73 22 3a 30 2c 22 49 4f 4d 61 |mumIOps":0,"IOMa|
|000005e0| 78 69 6d 75 6d 42 61 6e 64 77 69 64 74 68 22 3a |ximumBandwidth":|
|000005f0| 30 7d 2c 22 47 72 61 70 68 44 72 69 76 65 72 22 |0},"GraphDriver"|
|00000600| 3a 7b 22 44 61 74 61 22 3a 6e 75 6c 6c 2c 22 4e |:{"Data":null,"N|
|00000610| 61 6d 65 22 3a 22 61 75 66 73 22 7d 2c 22 4d 6f |ame":"aufs"},"Mo|
|00000620| 75 6e 74 73 22 3a 5b 7b 22 54 79 70 65 22 3a 22 |unts":[{"Type":"|
|00000630| 76 6f 6c 75 6d 65 22 2c 22 4e 61 6d 65 22 3a 22 |volume","Name":"|
|00000640| 63 61 61 30 64 33 34 38 36 34 62 62 64 35 34 35 |caa0d34864bbd545|
|00000650| 30 32 36 62 38 36 65 35 32 34 34 30 66 65 66 37 |026b86e52440fef7|
|00000660| 36 34 35 32 37 31 62 33 30 61 37 39 34 30 62 39 |645271b30a7940b9|
|00000670| 38 32 31 62 63 63 66 64 63 36 31 66 64 63 32 39 |821bccfdc61fdc29|
|00000680| 22 2c 22 53 6f 75 72 63 65 22 3a 22 2f 76 61 72 |","Source":"/var|
|00000690| 2f 6c 69 62 2f 64 6f 63 6b 65 72 2f 76 6f 6c 75 |/lib/docker/volu|
|000006a0| 6d 65 73 2f 63 61 61 30 64 33 34 38 36 34 62 62 |mes/caa0d34864bb|
|000006b0| 64 35 34 35 30 32 36 62 38 36 65 35 32 34 34 30 |d545026b86e52440|
|000006c0| 66 65 66 37 36 34 35 32 37 31 62 33 30 61 37 39 |fef7645271b30a79|
|000006d0| 34 30 62 39 38 32 31 62 63 63 66 64 63 36 31 66 |40b9821bccfdc61f|
|000006e0| 64 63 32 39 2f 5f 64 61 74 61 22 2c 22 44 65 73 |dc29/_data","Des|
|000006f0| 74 69 6e 61 74 69 6f 6e 22 3a 22 2f 76 61 72 2f |tination":"/var/|
|00000700| 6c 69 62 2f 72 61 62 62 69 74 6d 71 22 2c 22 44 |lib/rabbitmq","D|
|00000710| 72 69 76 65 72 22 3a 22 6c 6f 63 61 6c 22 2c 22 |river":"local","|
|00000720| 4d 6f 64 65 22 3a 22 22 2c 22 52 57 22 3a 74 72 |Mode":"","RW":tr|
|00000730| 75 65 2c 22 50 72 6f 70 61 67 61 74 69 6f 6e 22 |ue,"Propagation"|
|00000740| 3a 22 22 7d 5d 2c 22 43 6f 6e 66 69 67 22 3a 7b |:""}],"Config":{|
|00000750| 22 48 6f 73 74 6e 61 6d 65 22 3a 22 38 64 64 31 |"Hostname":"8dd1|
|00000760| 64 37 64 33 65 31 65 31 22 2c 22 44 6f 6d 61 69 |d7d3e1e1","Domai|
|00000770| 6e 6e 61 6d 65 22 3a 22 22 2c 22 55 73 65 72 22 |nname":"","User"|
|00000780| 3a 22 22 2c 22 41 74 74 61 63 68 53 74 64 69 6e |:"","AttachStdin|
|00000790| 22 3a 66 61 6c 73 65 2c 22 41 74 74 61 63 68 53 |":false,"AttachS|
|000007a0| 74 64 6f 75 74 22 3a 66 61 6c 73 65 2c 22 41 74 |tdout":false,"At|
|000007b0| 74 61 63 68 53 74 64 65 72 72 22 3a 66 61 6c 73 |tachStderr":fals|
|000007c0| 65 2c 22 45 78 70 6f 73 65 64 50 6f 72 74 73 22 |e,"ExposedPorts"|
|000007d0| 3a 7b 22 32 35 36 37 32 2f 74 63 70 22 3a 7b 7d |:{"25672/tcp":{}|
|000007e0| 2c 22 34 33 36 39 2f 74 63 70 22 3a 7b 7d 2c 22 |,"4369/tcp":{},"|
|000007f0| 35 36 37 31 2f 74 63 70 22 3a 7b 7d 2c 22 35 36 |5671/tcp":{},"56|
|00000800| 37 32 2f 74 63 70 22 3a 7b 7d 7d 2c 22 54 74 79 |72/tcp":{}},"Tty|
|00000810| 22 3a 66 61 6c 73 65 2c 22 4f 70 65 6e 53 74 64 |":false,"OpenStd|
|00000820| 69 6e 22 3a 66 61 6c 73 65 2c 22 53 74 64 69 6e |in":false,"Stdin|
|00000830| 4f 6e 63 65 22 3a 66 61 6c 73 65 2c 22 45 6e 76 |Once":false,"Env|
|00000840| 22 3a 5b 22 52 41 42 42 49 54 4d 51 5f 55 53 45 |":["RABBITMQ_USE|
|00000850| 52 3d 67 75 65 73 74 22 2c 22 52 41 42 42 49 54 |R=guest","RABBIT|
|00000860| 4d 51 5f 50 41 53 53 57 4f 52 44 3d 67 75 65 73 |MQ_PASSWORD=gues|
|00000870| 74 22 2c 22 6e 6f 5f 70 72 6f 78 79 3d 2a 2e 6c |t","no_proxy=*.l|
|00000880| 6f 63 61 6c 2c 20 31 36 39 2e 32 35 34 2f 31 36 |ocal, 169.254/16|
|00000890| 22 2c 22 50 41 54 48 3d 2f 75 73 72 2f 6c 69 62 |","PATH=/usr/lib|
|000008a0| 2f 72 61 62 62 69 74 6d 71 2f 62 69 6e 3a 2f 75 |/rabbitmq/bin:/u|
|000008b0| 73 72 2f 6c 6f 63 61 6c 2f 73 62 69 6e 3a 2f 75 |sr/local/sbin:/u|
|000008c0| 73 72 2f 6c 6f 63 61 6c 2f 62 69 6e 3a 2f 75 73 |sr/local/bin:/us|
|000008d0| 72 2f 73 62 69 6e 3a 2f 75 73 72 2f 62 69 6e 3a |r/sbin:/usr/bin:|
|000008e0| 2f 73 62 69 6e 3a 2f 62 69 6e 22 2c 22 47 4f 53 |/sbin:/bin","GOS|
|000008f0| 55 5f 56 45 52 53 49 4f 4e 3d 31 2e 31 30 22 2c |U_VERSION=1.10",|
|00000900| 22 52 41 42 42 49 54 4d 51 5f 4c 4f 47 53 3d 2d |"RABBITMQ_LOGS=-|
|00000910| 22 2c 22 52 41 42 42 49 54 4d 51 5f 53 41 53 4c |","RABBITMQ_SASL|
|00000920| 5f 4c 4f 47 53 3d 2d 22 2c 22 52 41 42 42 49 54 |_LOGS=-","RABBIT|
|00000930| 4d 51 5f 47 50 47 5f 4b 45 59 3d 30 41 39 41 46 |MQ_GPG_KEY=0A9AF|
|00000940| 32 31 31 35 46 34 36 38 37 42 44 32 39 38 30 33 |2115F4687BD29803|
|00000950| 41 32 30 36 42 37 33 41 33 36 45 36 30 32 36 44 |A206B73A36E6026D|
|00000960| 46 43 41 22 2c 22 52 41 42 42 49 54 4d 51 5f 56 |FCA","RABBITMQ_V|
|00000970| 45 52 53 49 4f 4e 3d 33 2e 36 2e 31 34 22 2c 22 |ERSION=3.6.14","|
|00000980| 52 41 42 42 49 54 4d 51 5f 47 49 54 48 55 42 5f |RABBITMQ_GITHUB_|
|00000990| 54 41 47 3d 72 61 62 62 69 74 6d 71 5f 76 33 5f |TAG=rabbitmq_v3_|
|000009a0| 36 5f 31 34 22 2c 22 52 41 42 42 49 54 4d 51 5f |6_14","RABBITMQ_|
|000009b0| 44 45 42 49 41 4e 5f 56 45 52 53 49 4f 4e 3d 33 |DEBIAN_VERSION=3|
|000009c0| 2e 36 2e 31 34 2d 31 22 2c 22 48 4f 4d 45 3d 2f |.6.14-1","HOME=/|
|000009d0| 76 61 72 2f 6c 69 62 2f 72 61 62 62 69 74 6d 71 |var/lib/rabbitmq|
|000009e0| 22 5d 2c 22 43 6d 64 22 3a 5b 22 72 61 62 62 69 |"],"Cmd":["rabbi|
|000009f0| 74 6d 71 2d 73 65 72 76 65 72 22 5d 2c 22 41 72 |tmq-server"],"Ar|
|00000a00| 67 73 45 73 63 61 70 65 64 22 3a 74 72 75 65 2c |gsEscaped":true,|
|00000a10| 22 49 6d 61 67 65 22 3a 22 72 61 62 62 69 74 6d |"Image":"rabbitm|
|00000a20| 71 3a 33 2e 36 2e 31 34 22 2c 22 56 6f 6c 75 6d |q:3.6.14","Volum|
|00000a30| 65 73 22 3a 7b 22 2f 76 61 72 2f 6c 69 62 2f 72 |es":{"/var/lib/r|
|00000a40| 61 62 62 69 74 6d 71 22 3a 7b 7d 7d 2c 22 57 6f |abbitmq":{}},"Wo|
|00000a50| 72 6b 69 6e 67 44 69 72 22 3a 22 22 2c 22 45 6e |rkingDir":"","En|
|00000a60| 74 72 79 70 6f 69 6e 74 22 3a 5b 22 64 6f 63 6b |trypoint":["dock|
|00000a70| 65 72 2d 65 6e 74 72 79 70 6f 69 6e 74 2e 73 68 |er-entrypoint.sh|
|00000a80| 22 5d 2c 22 4f 6e 42 75 69 6c 64 22 3a 6e 75 6c |"],"OnBuild":nul|
|00000a90| 6c 2c 22 4c 61 62 65 6c 73 22 3a 7b 22 6f 72 67 |l,"Labels":{"org|
|00000aa0| 2e 74 65 73 74 63 6f 6e 74 61 69 6e 65 72 73 22 |.testcontainers"|
|00000ab0| 3a 22 74 72 75 65 22 7d 7d 2c 22 4e 65 74 77 6f |:"true"}},"Netwo|
|00000ac0| 72 6b 53 65 74 74 69 6e 67 73 22 3a 7b 22 42 72 |rkSettings":{"Br|
|00000ad0| 69 64 67 65 22 3a 22 22 2c 22 53 61 6e 64 62 6f |idge":"","Sandbo|
|00000ae0| 78 49 44 22 3a 22 32 31 32 33 36 38 30 61 37 38 |xID":"2123680a78|
|00000af0| 36 31 32 37 30 39 66 39 64 32 32 32 39 66 39 62 |612709f9d2229f9b|
|00000b00| 34 30 39 66 33 62 30 35 62 61 63 65 65 39 61 65 |409f3b05bacee9ae|
|00000b10| 34 35 32 39 38 31 66 30 64 64 33 36 32 30 65 61 |452981f0dd3620ea|
|00000b20| 61 33 33 64 64 61 22 2c 22 48 61 69 72 70 69 6e |a33dda","Hairpin|
|00000b30| 4d 6f 64 65 22 3a 66 61 6c 73 65 2c 22 4c 69 6e |Mode":false,"Lin|
|00000b40| 6b 4c 6f 63 61 6c 49 50 76 36 41 64 64 72 65 73 |kLocalIPv6Addres|
|00000b50| 73 22 3a 22 22 2c 22 4c 69 6e 6b 4c 6f 63 61 6c |s":"","LinkLocal|
|00000b60| 49 50 76 36 50 72 65 66 69 78 4c 65 6e 22 3a 30 |IPv6PrefixLen":0|
|00000b70| 2c 22 50 6f 72 74 73 22 3a 7b 22 32 35 36 37 32 |,"Ports":{"25672|
|00000b80| 2f 74 63 70 22 3a 5b 7b 22 48 6f 73 74 49 70 22 |/tcp":[{"HostIp"|
|00000b90| 3a 22 30 2e 30 2e 30 2e 30 22 2c 22 48 6f 73 74 |:"0.0.0.0","Host|
|00000ba0| 50 6f 72 74 22 3a 22 33 32 39 37 30 22 7d 5d 2c |Port":"32970"}],|
|00000bb0| 22 34 33 36 39 2f 74 63 70 22 3a 5b 7b 22 48 6f |"4369/tcp":[{"Ho|
|00000bc0| 73 74 49 70 22 3a 22 30 2e 30 2e 30 2e 30 22 2c |stIp":"0.0.0.0",|
|00000bd0| 22 48 6f 73 74 50 6f 72 74 22 3a 22 33 32 39 37 |"HostPort":"3297|
|00000be0| 33 22 7d 5d 2c 22 35 36 37 31 2f 74 63 70 22 3a |3"}],"5671/tcp":|
|00000bf0| 5b 7b 22 48 6f 73 74 49 70 22 3a 22 30 2e 30 2e |[{"HostIp":"0.0.|
|00000c00| 30 2e 30 22 2c 22 48 6f 73 74 50 6f 72 74 22 3a |0.0","HostPort":|
|00000c10| 22 33 32 39 37 32 22 7d 5d 2c 22 35 36 37 32 2f |"32972"}],"5672/|
|00000c20| 74 63 70 22 3a 5b 7b 22 48 6f 73 74 49 70 22 3a |tcp":[{"HostIp":|
|00000c30| 22 30 2e 30 2e 30 2e 30 22 2c 22 48 6f 73 74 50 |"0.0.0.0","HostP|
|00000c40| 6f 72 74 22 3a 22 33 32 39 37 31 22 7d 5d 7d 2c |ort":"32971"}]},|
|00000c50| 22 53 61 6e 64 62 6f 78 4b 65 79 22 3a 22 2f 76 |"SandboxKey":"/v|
|00000c60| 61 72 2f 72 75 6e 2f 64 6f 63 6b 65 72 2f 6e 65 |ar/run/docker/ne|
|00000c70| 74 6e 73 2f 32 31 32 33 36 38 30 61 37 38 36 31 |tns/2123680a7861|
|00000c80| 22 2c 22 53 65 63 6f 6e 64 61 72 79 49 50 41 64 |","SecondaryIPAd|
|00000c90| 64 72 65 73 73 65 73 22 3a 6e 75 6c 6c 2c 22 53 |dresses":null,"S|
|00000ca0| 65 63 6f 6e 64 61 72 79 49 50 76 36 41 64 64 72 |econdaryIPv6Addr|
|00000cb0| 65 73 73 65 73 22 3a 6e 75 6c 6c 2c 22 45 6e 64 |esses":null,"End|
|00000cc0| 70 6f 69 6e 74 49 44 22 3a 22 34 32 66 65 34 36 |pointID":"42fe46|
|00000cd0| 39 36 33 34 37 32 30 64 39 62 31 63 34 39 61 31 |9634720d9b1c49a1|
|00000ce0| 61 62 35 30 38 32 37 39 62 65 65 63 34 30 64 32 |ab508279beec40d2|
|00000cf0| 35 38 31 61 33 30 37 39 35 63 34 38 33 32 32 38 |581a30795c483228|
|00000d00| 33 35 35 36 35 32 32 34 66 64 22 2c 22 47 61 74 |35565224fd","Gat|
|00000d10| 65 77 61 79 22 3a 22 31 37 32 2e 31 37 2e 30 2e |eway":"172.17.0.|
|00000d20| 31 22 2c 22 47 6c 6f 62 61 6c 49 50 76 36 41 64 |1","GlobalIPv6Ad|
|00000d30| 64 72 65 73 73 22 3a 22 22 2c 22 47 6c 6f 62 61 |dress":"","Globa|
|00000d40| 6c 49 50 76 36 50 72 65 66 69 78 4c 65 6e 22 3a |lIPv6PrefixLen":|
|00000d50| 30 2c 22 49 50 41 64 64 72 65 73 73 22 3a 22 31 |0,"IPAddress":"1|
|00000d60| 37 32 2e 31 37 2e 30 2e 34 22 2c 22 49 50 50 72 |72.17.0.4","IPPr|
|00000d70| 65 66 69 78 4c 65 6e 22 3a 31 36 2c 22 49 50 76 |efixLen":16,"IPv|
|00000d80| 36 47 61 74 65 77 61 79 22 3a 22 22 2c 22 4d 61 |6Gateway":"","Ma|
|00000d90| 63 41 64 64 72 65 73 73 22 3a 22 30 32 3a 34 32 |cAddress":"02:42|
|00000da0| 3a 61 63 3a 31 31 3a 30 30 3a 30 34 22 2c 22 4e |:ac:11:00:04","N|
|00000db0| 65 74 77 6f 72 6b 73 22 3a 7b 22 62 72 69 64 67 |etworks":{"bridg|
|00000dc0| 65 22 3a 7b 22 49 50 41 4d 43 6f 6e 66 69 67 22 |e":{"IPAMConfig"|
|00000dd0| 3a 6e 75 6c 6c 2c 22 4c 69 6e 6b 73 22 3a 6e 75 |:null,"Links":nu|
|00000de0| 6c 6c 2c 22 41 6c 69 61 73 65 73 22 3a 6e 75 6c |ll,"Aliases":nul|
|00000df0| 6c 2c 22 4e 65 74 77 6f 72 6b 49 44 22 3a 22 39 |l,"NetworkID":"9|
|00000e00| 66 65 38 62 39 32 64 61 66 63 30 35 34 34 36 33 |fe8b92dafc054463|
|00000e10| 33 37 39 64 39 34 35 38 61 64 65 37 37 64 35 31 |379d9458ade77d51|
|00000e20| 61 34 61 62 39 30 61 64 31 33 65 35 34 61 65 32 |a4ab90ad13e54ae2|
|00000e30| 31 61 31 38 64 36 35 66 66 32 63 30 37 63 61 22 |1a18d65ff2c07ca"|
|00000e40| 2c 22 45 6e 64 70 6f 69 6e 74 49 44 22 3a 22 34 |,"EndpointID":"4|
|00000e50| 32 66 65 34 36 39 36 33 34 37 32 30 64 39 62 31 |2fe469634720d9b1|
|00000e60| 63 34 39 61 31 61 62 35 30 38 32 37 39 62 65 65 |c49a1ab508279bee|
|00000e70| 63 34 30 64 32 35 38 31 61 33 30 37 39 35 63 34 |c40d2581a30795c4|
|00000e80| 38 33 32 32 38 33 35 35 36 35 32 32 34 66 64 22 |8322835565224fd"|
|00000e90| 2c 22 47 61 74 65 77 61 79 22 3a 22 31 37 32 2e |,"Gateway":"172.|
|00000ea0| 31 37 2e 30 2e 31 22 2c 22 49 50 41 64 64 72 65 |17.0.1","IPAddre|
|00000eb0| 73 73 22 3a 22 31 37 32 2e 31 37 2e 30 2e 34 22 |ss":"172.17.0.4"|
|00000ec0| 2c 22 49 50 50 72 65 66 69 78 4c 65 6e 22 3a 31 |,"IPPrefixLen":1|
|00000ed0| 36 2c 22 49 50 76 36 47 61 74 65 77 61 79 22 3a |6,"IPv6Gateway":|
|00000ee0| 22 22 2c 22 47 6c 6f 62 61 6c 49 50 76 36 41 64 |"","GlobalIPv6Ad|
|00000ef0| 64 72 65 73 73 22 3a 22 22 2c 22 47 6c 6f 62 61 |dress":"","Globa|
|00000f00| 6c 49 50 76 36 50 72 65 66 69 78 4c 65 6e 22 3a |lIPv6PrefixLen":|
|00000f10| 30 2c 22 4d 61 63 41 64 64 72 65 73 73 22 3a 22 |0,"MacAddress":"|
|00000f20| 30 32 3a 34 32 3a 61 63 3a 31 31 3a 30 30 3a 30 |02:42:ac:11:00:0|
|00000f30| 34 22 2c 22 44 72 69 76 65 72 4f 70 74 73 22 3a |4","DriverOpts":|
|00000f40| 6e 75 6c 6c 7d 7d 7d 7d 0a                      |null}}}}.       |
+--------+-------------------------------------------------+----------------+
2017-11-27 22:09:21.986 DEBUG 24827 --- [java-netty-1-13] c.g.d.netty.NettyDockerCmdExecFactory$1  : [id: 0x00c53d81, L:null - R:/var/run/docker.sock] READ, EmptyLastHttpContent, 0B
2017-11-27 22:09:21.986 DEBUG 24827 --- [java-netty-1-13] c.g.d.netty.NettyDockerCmdExecFactory$1  : [id: 0x00c53d81, L:null - R:/var/run/docker.sock] CLOSE
2017-11-27 22:09:21.986 DEBUG 24827 --- [java-netty-1-13] xecFactory$UnixDomainSocketInitializer$3 : [id: 0x00c53d81, L:null - R:/var/run/docker.sock] CLOSE
2017-11-27 22:09:21.986 DEBUG 24827 --- [java-netty-1-13] xecFactory$UnixDomainSocketInitializer$3 : [id: 0x00c53d81, L:null ! R:/var/run/docker.sock] READ COMPLETE
2017-11-27 22:09:21.986 DEBUG 24827 --- [java-netty-1-13] c.g.d.netty.NettyDockerCmdExecFactory$1  : [id: 0x00c53d81, L:null ! R:/var/run/docker.sock] READ COMPLETE
2017-11-27 22:09:21.987 DEBUG 24827 --- [java-netty-1-13] xecFactory$UnixDomainSocketInitializer$3 : [id: 0x00c53d81, L:null ! R:/var/run/docker.sock] INACTIVE
2017-11-27 22:09:21.987 DEBUG 24827 --- [java-netty-1-13] c.g.d.netty.NettyDockerCmdExecFactory$1  : [id: 0x00c53d81, L:null ! R:/var/run/docker.sock] INACTIVE
2017-11-27 22:09:21.987 DEBUG 24827 --- [java-netty-1-13] xecFactory$UnixDomainSocketInitializer$3 : [id: 0x00c53d81, L:null ! R:/var/run/docker.sock] UNREGISTERED
2017-11-27 22:09:21.987 DEBUG 24827 --- [java-netty-1-13] c.g.d.netty.NettyDockerCmdExecFactory$1  : [id: 0x00c53d81, L:null ! R:/var/run/docker.sock] UNREGISTERED
2017-11-27 22:09:21.990 DEBUG 24827 --- [           main] c.g.d.core.command.AbstrDockerCmd        : Cmd: 8dd1d7d3e1e1d6bdcc6c2faf38dd514172bbf3b517e3076fa7e0919db0066182,<null>,com.github.dockerjava.netty.exec.KillContainerCmdExec@5707f613
2017-11-27 22:09:21.990 DEBUG 24827 --- [java-netty-1-14] xecFactory$UnixDomainSocketInitializer$3 : [id: 0xfd7879ff] REGISTERED
2017-11-27 22:09:21.990 DEBUG 24827 --- [java-netty-1-14] xecFactory$UnixDomainSocketInitializer$3 : [id: 0xfd7879ff] CONNECT: /var/run/docker.sock
2017-11-27 22:09:21.990 DEBUG 24827 --- [java-netty-1-14] xecFactory$UnixDomainSocketInitializer$3 : [id: 0xfd7879ff, L:null - R:/var/run/docker.sock] ACTIVE
2017-11-27 22:09:21.991 DEBUG 24827 --- [java-netty-1-14] c.g.d.netty.NettyDockerCmdExecFactory$1  : [id: 0xfd7879ff, L:null - R:/var/run/docker.sock] WRITE: DefaultHttpRequest(decodeResult: success, version: HTTP/1.1)
POST /containers/8dd1d7d3e1e1d6bdcc6c2faf38dd514172bbf3b517e3076fa7e0919db0066182/kill HTTP/1.1
content-length: 0
host:
connection: keep-alive
accept-encoding: gzip
accept: application/json
2017-11-27 22:09:21.991 DEBUG 24827 --- [java-netty-1-14] xecFactory$UnixDomainSocketInitializer$3 : [id: 0xfd7879ff, L:null - R:/var/run/docker.sock] WRITE: 199B
         +-------------------------------------------------+
         |  0  1  2  3  4  5  6  7  8  9  a  b  c  d  e  f |
+--------+-------------------------------------------------+----------------+
|00000000| 50 4f 53 54 20 2f 63 6f 6e 74 61 69 6e 65 72 73 |POST /containers|
|00000010| 2f 38 64 64 31 64 37 64 33 65 31 65 31 64 36 62 |/8dd1d7d3e1e1d6b|
|00000020| 64 63 63 36 63 32 66 61 66 33 38 64 64 35 31 34 |dcc6c2faf38dd514|
|00000030| 31 37 32 62 62 66 33 62 35 31 37 65 33 30 37 36 |172bbf3b517e3076|
|00000040| 66 61 37 65 30 39 31 39 64 62 30 30 36 36 31 38 |fa7e0919db006618|
|00000050| 32 2f 6b 69 6c 6c 20 48 54 54 50 2f 31 2e 31 0d |2/kill HTTP/1.1.|
|00000060| 0a 63 6f 6e 74 65 6e 74 2d 6c 65 6e 67 74 68 3a |.content-length:|
|00000070| 20 30 0d 0a 68 6f 73 74 3a 20 0d 0a 63 6f 6e 6e | 0..host: ..conn|
|00000080| 65 63 74 69 6f 6e 3a 20 6b 65 65 70 2d 61 6c 69 |ection: keep-ali|
|00000090| 76 65 0d 0a 61 63 63 65 70 74 2d 65 6e 63 6f 64 |ve..accept-encod|
|000000a0| 69 6e 67 3a 20 67 7a 69 70 0d 0a 61 63 63 65 70 |ing: gzip..accep|
|000000b0| 74 3a 20 61 70 70 6c 69 63 61 74 69 6f 6e 2f 6a |t: application/j|
|000000c0| 73 6f 6e 0d 0a 0d 0a                            |son....         |
+--------+-------------------------------------------------+----------------+
2017-11-27 22:09:21.991 DEBUG 24827 --- [java-netty-1-14] c.g.d.netty.NettyDockerCmdExecFactory$1  : [id: 0xfd7879ff, L:null - R:/var/run/docker.sock] FLUSH
2017-11-27 22:09:21.991 DEBUG 24827 --- [java-netty-1-14] xecFactory$UnixDomainSocketInitializer$3 : [id: 0xfd7879ff, L:null - R:/var/run/docker.sock] FLUSH
2017-11-27 22:09:22.644 DEBUG 24827 --- [java-netty-1-14] xecFactory$UnixDomainSocketInitializer$3 : [id: 0xfd7879ff, L:null - R:/var/run/docker.sock] READ: 161B
         +-------------------------------------------------+
         |  0  1  2  3  4  5  6  7  8  9  a  b  c  d  e  f |
+--------+-------------------------------------------------+----------------+
|00000000| 48 54 54 50 2f 31 2e 31 20 32 30 34 20 4e 6f 20 |HTTP/1.1 204 No |
|00000010| 43 6f 6e 74 65 6e 74 0d 0a 41 70 69 2d 56 65 72 |Content..Api-Ver|
|00000020| 73 69 6f 6e 3a 20 31 2e 33 32 0d 0a 44 61 74 65 |sion: 1.32..Date|
|00000030| 3a 20 4d 6f 6e 2c 20 32 37 20 4e 6f 76 20 32 30 |: Mon, 27 Nov 20|
|00000040| 31 37 20 32 31 3a 30 39 3a 31 39 20 47 4d 54 0d |17 21:09:19 GMT.|
|00000050| 0a 44 6f 63 6b 65 72 2d 45 78 70 65 72 69 6d 65 |.Docker-Experime|
|00000060| 6e 74 61 6c 3a 20 66 61 6c 73 65 0d 0a 4f 73 74 |ntal: false..Ost|
|00000070| 79 70 65 3a 20 6c 69 6e 75 78 0d 0a 53 65 72 76 |ype: linux..Serv|
|00000080| 65 72 3a 20 44 6f 63 6b 65 72 2f 31 37 2e 30 39 |er: Docker/17.09|
|00000090| 2e 30 2d 63 65 20 28 6c 69 6e 75 78 29 0d 0a 0d |.0-ce (linux)...|
|000000a0| 0a                                              |.               |
+--------+-------------------------------------------------+----------------+
2017-11-27 22:09:22.644 DEBUG 24827 --- [java-netty-1-14] c.g.d.netty.NettyDockerCmdExecFactory$1  : [id: 0xfd7879ff, L:null - R:/var/run/docker.sock] READ: DefaultHttpResponse(decodeResult: success, version: HTTP/1.1)
HTTP/1.1 204 No Content
Api-Version: 1.32
Date: Mon, 27 Nov 2017 21:09:19 GMT
Docker-Experimental: false
Ostype: linux
Server: Docker/17.09.0-ce (linux)
2017-11-27 22:09:22.644 DEBUG 24827 --- [java-netty-1-14] c.g.d.netty.NettyDockerCmdExecFactory$1  : [id: 0xfd7879ff, L:null - R:/var/run/docker.sock] READ, EmptyLastHttpContent, 0B
2017-11-27 22:09:22.644 DEBUG 24827 --- [java-netty-1-14] c.g.d.netty.NettyDockerCmdExecFactory$1  : [id: 0xfd7879ff, L:null - R:/var/run/docker.sock] CLOSE
2017-11-27 22:09:22.644 DEBUG 24827 --- [java-netty-1-14] xecFactory$UnixDomainSocketInitializer$3 : [id: 0xfd7879ff, L:null - R:/var/run/docker.sock] CLOSE
2017-11-27 22:09:22.644 DEBUG 24827 --- [           main] c.g.d.core.command.AbstrDockerCmd        : Cmd: 8dd1d7d3e1e1d6bdcc6c2faf38dd514172bbf3b517e3076fa7e0919db0066182,false,com.github.dockerjava.netty.exec.InspectContainerCmdExec@77b3752b
2017-11-27 22:09:22.644 DEBUG 24827 --- [java-netty-1-14] xecFactory$UnixDomainSocketInitializer$3 : [id: 0xfd7879ff, L:null ! R:/var/run/docker.sock] READ COMPLETE
2017-11-27 22:09:22.644 DEBUG 24827 --- [java-netty-1-14] c.g.d.netty.NettyDockerCmdExecFactory$1  : [id: 0xfd7879ff, L:null ! R:/var/run/docker.sock] READ COMPLETE
2017-11-27 22:09:22.644 DEBUG 24827 --- [java-netty-1-14] xecFactory$UnixDomainSocketInitializer$3 : [id: 0xfd7879ff, L:null ! R:/var/run/docker.sock] INACTIVE
2017-11-27 22:09:22.644 DEBUG 24827 --- [           main] c.g.d.n.exec.InspectContainerCmdExec     : GET: com.github.dockerjava.netty.WebTarget@985707a9
2017-11-27 22:09:22.644 DEBUG 24827 --- [java-netty-1-14] c.g.d.netty.NettyDockerCmdExecFactory$1  : [id: 0xfd7879ff, L:null ! R:/var/run/docker.sock] INACTIVE
2017-11-27 22:09:22.644 DEBUG 24827 --- [java-netty-1-14] xecFactory$UnixDomainSocketInitializer$3 : [id: 0xfd7879ff, L:null ! R:/var/run/docker.sock] UNREGISTERED
2017-11-27 22:09:22.644 DEBUG 24827 --- [java-netty-1-14] c.g.d.netty.NettyDockerCmdExecFactory$1  : [id: 0xfd7879ff, L:null ! R:/var/run/docker.sock] UNREGISTERED
2017-11-27 22:09:22.645 DEBUG 24827 --- [java-netty-1-15] xecFactory$UnixDomainSocketInitializer$3 : [id: 0xd8b09e66] REGISTERED
2017-11-27 22:09:22.645 DEBUG 24827 --- [java-netty-1-15] xecFactory$UnixDomainSocketInitializer$3 : [id: 0xd8b09e66] CONNECT: /var/run/docker.sock
2017-11-27 22:09:22.645 DEBUG 24827 --- [java-netty-1-15] xecFactory$UnixDomainSocketInitializer$3 : [id: 0xd8b09e66, L:null - R:/var/run/docker.sock] ACTIVE
2017-11-27 22:09:22.645 DEBUG 24827 --- [java-netty-1-15] c.g.d.netty.NettyDockerCmdExecFactory$1  : [id: 0xd8b09e66, L:null - R:/var/run/docker.sock] WRITE, DefaultFullHttpRequest(decodeResult: success, version: HTTP/1.1, content: UnpooledByteBufAllocator$InstrumentedUnpooledUnsafeHeapByteBuf(ridx: 0, widx: 0, cap: 0))
GET /containers/8dd1d7d3e1e1d6bdcc6c2faf38dd514172bbf3b517e3076fa7e0919db0066182/json HTTP/1.1
host:
connection: keep-alive
accept-encoding: gzip
accept: application/json, 0B
2017-11-27 22:09:22.645 DEBUG 24827 --- [java-netty-1-15] xecFactory$UnixDomainSocketInitializer$3 : [id: 0xd8b09e66, L:null - R:/var/run/docker.sock] WRITE: 179B
         +-------------------------------------------------+
         |  0  1  2  3  4  5  6  7  8  9  a  b  c  d  e  f |
+--------+-------------------------------------------------+----------------+
|00000000| 47 45 54 20 2f 63 6f 6e 74 61 69 6e 65 72 73 2f |GET /containers/|
|00000010| 38 64 64 31 64 37 64 33 65 31 65 31 64 36 62 64 |8dd1d7d3e1e1d6bd|
|00000020| 63 63 36 63 32 66 61 66 33 38 64 64 35 31 34 31 |cc6c2faf38dd5141|
|00000030| 37 32 62 62 66 33 62 35 31 37 65 33 30 37 36 66 |72bbf3b517e3076f|
|00000040| 61 37 65 30 39 31 39 64 62 30 30 36 36 31 38 32 |a7e0919db0066182|
|00000050| 2f 6a 73 6f 6e 20 48 54 54 50 2f 31 2e 31 0d 0a |/json HTTP/1.1..|
|00000060| 68 6f 73 74 3a 20 0d 0a 63 6f 6e 6e 65 63 74 69 |host: ..connecti|
|00000070| 6f 6e 3a 20 6b 65 65 70 2d 61 6c 69 76 65 0d 0a |on: keep-alive..|
|00000080| 61 63 63 65 70 74 2d 65 6e 63 6f 64 69 6e 67 3a |accept-encoding:|
|00000090| 20 67 7a 69 70 0d 0a 61 63 63 65 70 74 3a 20 61 | gzip..accept: a|
|000000a0| 70 70 6c 69 63 61 74 69 6f 6e 2f 6a 73 6f 6e 0d |pplication/json.|
|000000b0| 0a 0d 0a                                        |...             |
+--------+-------------------------------------------------+----------------+
2017-11-27 22:09:22.645 DEBUG 24827 --- [java-netty-1-15] c.g.d.netty.NettyDockerCmdExecFactory$1  : [id: 0xd8b09e66, L:null - R:/var/run/docker.sock] FLUSH
2017-11-27 22:09:22.645 DEBUG 24827 --- [java-netty-1-15] xecFactory$UnixDomainSocketInitializer$3 : [id: 0xd8b09e66, L:null - R:/var/run/docker.sock] FLUSH
2017-11-27 22:09:22.646 DEBUG 24827 --- [java-netty-1-15] xecFactory$UnixDomainSocketInitializer$3 : [id: 0xd8b09e66, L:null - R:/var/run/docker.sock] READ: 1024B
         +-------------------------------------------------+
         |  0  1  2  3  4  5  6  7  8  9  a  b  c  d  e  f |
+--------+-------------------------------------------------+----------------+
|00000000| 48 54 54 50 2f 31 2e 31 20 32 30 30 20 4f 4b 0d |HTTP/1.1 200 OK.|
|00000010| 0a 41 70 69 2d 56 65 72 73 69 6f 6e 3a 20 31 2e |.Api-Version: 1.|
|00000020| 33 32 0d 0a 43 6f 6e 74 65 6e 74 2d 54 79 70 65 |32..Content-Type|
|00000030| 3a 20 61 70 70 6c 69 63 61 74 69 6f 6e 2f 6a 73 |: application/js|
|00000040| 6f 6e 0d 0a 44 61 74 65 3a 20 4d 6f 6e 2c 20 32 |on..Date: Mon, 2|
|00000050| 37 20 4e 6f 76 20 32 30 31 37 20 32 31 3a 30 39 |7 Nov 2017 21:09|
|00000060| 3a 31 39 20 47 4d 54 0d 0a 44 6f 63 6b 65 72 2d |:19 GMT..Docker-|
|00000070| 45 78 70 65 72 69 6d 65 6e 74 61 6c 3a 20 66 61 |Experimental: fa|
|00000080| 6c 73 65 0d 0a 4f 73 74 79 70 65 3a 20 6c 69 6e |lse..Ostype: lin|
|00000090| 75 78 0d 0a 53 65 72 76 65 72 3a 20 44 6f 63 6b |ux..Server: Dock|
|000000a0| 65 72 2f 31 37 2e 30 39 2e 30 2d 63 65 20 28 6c |er/17.09.0-ce (l|
|000000b0| 69 6e 75 78 29 0d 0a 54 72 61 6e 73 66 65 72 2d |inux)..Transfer-|
|000000c0| 45 6e 63 6f 64 69 6e 67 3a 20 63 68 75 6e 6b 65 |Encoding: chunke|
|000000d0| 64 0d 0a 0d 0a 31 30 64 36 0d 0a 7b 22 49 64 22 |d....10d6..{"Id"|
|000000e0| 3a 22 38 64 64 31 64 37 64 33 65 31 65 31 64 36 |:"8dd1d7d3e1e1d6|
|000000f0| 62 64 63 63 36 63 32 66 61 66 33 38 64 64 35 31 |bdcc6c2faf38dd51|
|00000100| 34 31 37 32 62 62 66 33 62 35 31 37 65 33 30 37 |4172bbf3b517e307|
|00000110| 36 66 61 37 65 30 39 31 39 64 62 30 30 36 36 31 |6fa7e0919db00661|
|00000120| 38 32 22 2c 22 43 72 65 61 74 65 64 22 3a 22 32 |82","Created":"2|
|00000130| 30 31 37 2d 31 31 2d 32 37 54 32 31 3a 30 39 3a |017-11-27T21:09:|
|00000140| 31 35 2e 33 32 38 36 33 37 36 38 32 5a 22 2c 22 |15.328637682Z","|
|00000150| 50 61 74 68 22 3a 22 64 6f 63 6b 65 72 2d 65 6e |Path":"docker-en|
|00000160| 74 72 79 70 6f 69 6e 74 2e 73 68 22 2c 22 41 72 |trypoint.sh","Ar|
|00000170| 67 73 22 3a 5b 22 72 61 62 62 69 74 6d 71 2d 73 |gs":["rabbitmq-s|
|00000180| 65 72 76 65 72 22 5d 2c 22 53 74 61 74 65 22 3a |erver"],"State":|
|00000190| 7b 22 53 74 61 74 75 73 22 3a 22 65 78 69 74 65 |{"Status":"exite|
|000001a0| 64 22 2c 22 52 75 6e 6e 69 6e 67 22 3a 66 61 6c |d","Running":fal|
|000001b0| 73 65 2c 22 50 61 75 73 65 64 22 3a 66 61 6c 73 |se,"Paused":fals|
|000001c0| 65 2c 22 52 65 73 74 61 72 74 69 6e 67 22 3a 66 |e,"Restarting":f|
|000001d0| 61 6c 73 65 2c 22 4f 4f 4d 4b 69 6c 6c 65 64 22 |alse,"OOMKilled"|
|000001e0| 3a 66 61 6c 73 65 2c 22 44 65 61 64 22 3a 66 61 |:false,"Dead":fa|
|000001f0| 6c 73 65 2c 22 50 69 64 22 3a 30 2c 22 45 78 69 |lse,"Pid":0,"Exi|
|00000200| 74 43 6f 64 65 22 3a 31 33 37 2c 22 45 72 72 6f |tCode":137,"Erro|
|00000210| 72 22 3a 22 22 2c 22 53 74 61 72 74 65 64 41 74 |r":"","StartedAt|
|00000220| 22 3a 22 32 30 31 37 2d 31 31 2d 32 37 54 32 31 |":"2017-11-27T21|
|00000230| 3a 30 39 3a 31 36 2e 30 34 35 35 37 38 30 34 39 |:09:16.045578049|
|00000240| 5a 22 2c 22 46 69 6e 69 73 68 65 64 41 74 22 3a |Z","FinishedAt":|
|00000250| 22 32 30 31 37 2d 31 31 2d 32 37 54 32 31 3a 30 |"2017-11-27T21:0|
|00000260| 39 3a 31 38 2e 36 36 38 32 34 36 30 38 32 5a 22 |9:18.668246082Z"|
|00000270| 7d 2c 22 49 6d 61 67 65 22 3a 22 73 68 61 32 35 |},"Image":"sha25|
|00000280| 36 3a 37 39 61 30 30 38 62 32 35 39 36 32 65 31 |6:79a008b25962e1|
|00000290| 61 31 34 33 65 30 32 62 33 37 31 38 37 66 38 35 |a143e02b37187f85|
|000002a0| 35 63 62 32 32 34 65 32 32 30 33 62 39 34 63 63 |5cb224e2203b94cc|
|000002b0| 39 66 38 37 65 38 31 66 65 32 37 35 36 36 30 63 |9f87e81fe275660c|
|000002c0| 39 64 22 2c 22 52 65 73 6f 6c 76 43 6f 6e 66 50 |9d","ResolvConfP|
|000002d0| 61 74 68 22 3a 22 2f 76 61 72 2f 6c 69 62 2f 64 |ath":"/var/lib/d|
|000002e0| 6f 63 6b 65 72 2f 63 6f 6e 74 61 69 6e 65 72 73 |ocker/containers|
|000002f0| 2f 38 64 64 31 64 37 64 33 65 31 65 31 64 36 62 |/8dd1d7d3e1e1d6b|
|00000300| 64 63 63 36 63 32 66 61 66 33 38 64 64 35 31 34 |dcc6c2faf38dd514|
|00000310| 31 37 32 62 62 66 33 62 35 31 37 65 33 30 37 36 |172bbf3b517e3076|
|00000320| 66 61 37 65 30 39 31 39 64 62 30 30 36 36 31 38 |fa7e0919db006618|
|00000330| 32 2f 72 65 73 6f 6c 76 2e 63 6f 6e 66 22 2c 22 |2/resolv.conf","|
|00000340| 48 6f 73 74 6e 61 6d 65 50 61 74 68 22 3a 22 2f |HostnamePath":"/|
|00000350| 76 61 72 2f 6c 69 62 2f 64 6f 63 6b 65 72 2f 63 |var/lib/docker/c|
|00000360| 6f 6e 74 61 69 6e 65 72 73 2f 38 64 64 31 64 37 |ontainers/8dd1d7|
|00000370| 64 33 65 31 65 31 64 36 62 64 63 63 36 63 32 66 |d3e1e1d6bdcc6c2f|
|00000380| 61 66 33 38 64 64 35 31 34 31 37 32 62 62 66 33 |af38dd514172bbf3|
|00000390| 62 35 31 37 65 33 30 37 36 66 61 37 65 30 39 31 |b517e3076fa7e091|
|000003a0| 39 64 62 30 30 36 36 31 38 32 2f 68 6f 73 74 6e |9db0066182/hostn|
|000003b0| 61 6d 65 22 2c 22 48 6f 73 74 73 50 61 74 68 22 |ame","HostsPath"|
|000003c0| 3a 22 2f 76 61 72 2f 6c 69 62 2f 64 6f 63 6b 65 |:"/var/lib/docke|
|000003d0| 72 2f 63 6f 6e 74 61 69 6e 65 72 73 2f 38 64 64 |r/containers/8dd|
|000003e0| 31 64 37 64 33 65 31 65 31 64 36 62 64 63 63 36 |1d7d3e1e1d6bdcc6|
|000003f0| 63 32 66 61 66 33 38 64 64 35 31 34 31 37 32 62 |c2faf38dd514172b|
+--------+-------------------------------------------------+----------------+
2017-11-27 22:09:22.646 DEBUG 24827 --- [java-netty-1-15] c.g.d.netty.NettyDockerCmdExecFactory$1  : [id: 0xd8b09e66, L:null - R:/var/run/docker.sock] READ: DefaultHttpResponse(decodeResult: success, version: HTTP/1.1)
HTTP/1.1 200 OK
Api-Version: 1.32
Content-Type: application/json
Date: Mon, 27 Nov 2017 21:09:19 GMT
Docker-Experimental: false
Ostype: linux
Server: Docker/17.09.0-ce (linux)
Transfer-Encoding: chunked
2017-11-27 22:09:22.646 DEBUG 24827 --- [java-netty-1-15] c.g.d.netty.NettyDockerCmdExecFactory$1  : [id: 0xd8b09e66, L:null - R:/var/run/docker.sock] READ: DefaultHttpContent(data: PooledSlicedByteBuf(ridx: 0, widx: 805, cap: 805/805, unwrapped: PooledUnsafeDirectByteBuf(ridx: 1024, widx: 1024, cap: 1024)), decoderResult: success), 805B
         +-------------------------------------------------+
         |  0  1  2  3  4  5  6  7  8  9  a  b  c  d  e  f |
+--------+-------------------------------------------------+----------------+
|00000000| 7b 22 49 64 22 3a 22 38 64 64 31 64 37 64 33 65 |{"Id":"8dd1d7d3e|
|00000010| 31 65 31 64 36 62 64 63 63 36 63 32 66 61 66 33 |1e1d6bdcc6c2faf3|
|00000020| 38 64 64 35 31 34 31 37 32 62 62 66 33 62 35 31 |8dd514172bbf3b51|
|00000030| 37 65 33 30 37 36 66 61 37 65 30 39 31 39 64 62 |7e3076fa7e0919db|
|00000040| 30 30 36 36 31 38 32 22 2c 22 43 72 65 61 74 65 |0066182","Create|
|00000050| 64 22 3a 22 32 30 31 37 2d 31 31 2d 32 37 54 32 |d":"2017-11-27T2|
|00000060| 31 3a 30 39 3a 31 35 2e 33 32 38 36 33 37 36 38 |1:09:15.32863768|
|00000070| 32 5a 22 2c 22 50 61 74 68 22 3a 22 64 6f 63 6b |2Z","Path":"dock|
|00000080| 65 72 2d 65 6e 74 72 79 70 6f 69 6e 74 2e 73 68 |er-entrypoint.sh|
|00000090| 22 2c 22 41 72 67 73 22 3a 5b 22 72 61 62 62 69 |","Args":["rabbi|
|000000a0| 74 6d 71 2d 73 65 72 76 65 72 22 5d 2c 22 53 74 |tmq-server"],"St|
|000000b0| 61 74 65 22 3a 7b 22 53 74 61 74 75 73 22 3a 22 |ate":{"Status":"|
|000000c0| 65 78 69 74 65 64 22 2c 22 52 75 6e 6e 69 6e 67 |exited","Running|
|000000d0| 22 3a 66 61 6c 73 65 2c 22 50 61 75 73 65 64 22 |":false,"Paused"|
|000000e0| 3a 66 61 6c 73 65 2c 22 52 65 73 74 61 72 74 69 |:false,"Restarti|
|000000f0| 6e 67 22 3a 66 61 6c 73 65 2c 22 4f 4f 4d 4b 69 |ng":false,"OOMKi|
|00000100| 6c 6c 65 64 22 3a 66 61 6c 73 65 2c 22 44 65 61 |lled":false,"Dea|
|00000110| 64 22 3a 66 61 6c 73 65 2c 22 50 69 64 22 3a 30 |d":false,"Pid":0|
|00000120| 2c 22 45 78 69 74 43 6f 64 65 22 3a 31 33 37 2c |,"ExitCode":137,|
|00000130| 22 45 72 72 6f 72 22 3a 22 22 2c 22 53 74 61 72 |"Error":"","Star|
|00000140| 74 65 64 41 74 22 3a 22 32 30 31 37 2d 31 31 2d |tedAt":"2017-11-|
|00000150| 32 37 54 32 31 3a 30 39 3a 31 36 2e 30 34 35 35 |27T21:09:16.0455|
|00000160| 37 38 30 34 39 5a 22 2c 22 46 69 6e 69 73 68 65 |78049Z","Finishe|
|00000170| 64 41 74 22 3a 22 32 30 31 37 2d 31 31 2d 32 37 |dAt":"2017-11-27|
|00000180| 54 32 31 3a 30 39 3a 31 38 2e 36 36 38 32 34 36 |T21:09:18.668246|
|00000190| 30 38 32 5a 22 7d 2c 22 49 6d 61 67 65 22 3a 22 |082Z"},"Image":"|
|000001a0| 73 68 61 32 35 36 3a 37 39 61 30 30 38 62 32 35 |sha256:79a008b25|
|000001b0| 39 36 32 65 31 61 31 34 33 65 30 32 62 33 37 31 |962e1a143e02b371|
|000001c0| 38 37 66 38 35 35 63 62 32 32 34 65 32 32 30 33 |87f855cb224e2203|
|000001d0| 62 39 34 63 63 39 66 38 37 65 38 31 66 65 32 37 |b94cc9f87e81fe27|
|000001e0| 35 36 36 30 63 39 64 22 2c 22 52 65 73 6f 6c 76 |5660c9d","Resolv|
|000001f0| 43 6f 6e 66 50 61 74 68 22 3a 22 2f 76 61 72 2f |ConfPath":"/var/|
|00000200| 6c 69 62 2f 64 6f 63 6b 65 72 2f 63 6f 6e 74 61 |lib/docker/conta|
|00000210| 69 6e 65 72 73 2f 38 64 64 31 64 37 64 33 65 31 |iners/8dd1d7d3e1|
|00000220| 65 31 64 36 62 64 63 63 36 63 32 66 61 66 33 38 |e1d6bdcc6c2faf38|
|00000230| 64 64 35 31 34 31 37 32 62 62 66 33 62 35 31 37 |dd514172bbf3b517|
|00000240| 65 33 30 37 36 66 61 37 65 30 39 31 39 64 62 30 |e3076fa7e0919db0|
|00000250| 30 36 36 31 38 32 2f 72 65 73 6f 6c 76 2e 63 6f |066182/resolv.co|
|00000260| 6e 66 22 2c 22 48 6f 73 74 6e 61 6d 65 50 61 74 |nf","HostnamePat|
|00000270| 68 22 3a 22 2f 76 61 72 2f 6c 69 62 2f 64 6f 63 |h":"/var/lib/doc|
|00000280| 6b 65 72 2f 63 6f 6e 74 61 69 6e 65 72 73 2f 38 |ker/containers/8|
|00000290| 64 64 31 64 37 64 33 65 31 65 31 64 36 62 64 63 |dd1d7d3e1e1d6bdc|
|000002a0| 63 36 63 32 66 61 66 33 38 64 64 35 31 34 31 37 |c6c2faf38dd51417|
|000002b0| 32 62 62 66 33 62 35 31 37 65 33 30 37 36 66 61 |2bbf3b517e3076fa|
|000002c0| 37 65 30 39 31 39 64 62 30 30 36 36 31 38 32 2f |7e0919db0066182/|
|000002d0| 68 6f 73 74 6e 61 6d 65 22 2c 22 48 6f 73 74 73 |hostname","Hosts|
|000002e0| 50 61 74 68 22 3a 22 2f 76 61 72 2f 6c 69 62 2f |Path":"/var/lib/|
|000002f0| 64 6f 63 6b 65 72 2f 63 6f 6e 74 61 69 6e 65 72 |docker/container|
|00000300| 73 2f 38 64 64 31 64 37 64 33 65 31 65 31 64 36 |s/8dd1d7d3e1e1d6|
|00000310| 62 64 63 63 36 63 32 66 61 66 33 38 64 64 35 31 |bdcc6c2faf38dd51|
|00000320| 34 31 37 32 62                                  |4172b           |
+--------+-------------------------------------------------+----------------+
2017-11-27 22:09:22.647 DEBUG 24827 --- [java-netty-1-15] xecFactory$UnixDomainSocketInitializer$3 : [id: 0xd8b09e66, L:null - R:/var/run/docker.sock] READ COMPLETE
2017-11-27 22:09:22.647 DEBUG 24827 --- [java-netty-1-15] c.g.d.netty.NettyDockerCmdExecFactory$1  : [id: 0xd8b09e66, L:null - R:/var/run/docker.sock] READ COMPLETE
2017-11-27 22:09:22.647 DEBUG 24827 --- [java-netty-1-15] xecFactory$UnixDomainSocketInitializer$3 : [id: 0xd8b09e66, L:null - R:/var/run/docker.sock] READ: 3512B
         +-------------------------------------------------+
         |  0  1  2  3  4  5  6  7  8  9  a  b  c  d  e  f |
+--------+-------------------------------------------------+----------------+
|00000000| 62 66 33 62 35 31 37 65 33 30 37 36 66 61 37 65 |bf3b517e3076fa7e|
|00000010| 30 39 31 39 64 62 30 30 36 36 31 38 32 2f 68 6f |0919db0066182/ho|
|00000020| 73 74 73 22 2c 22 4c 6f 67 50 61 74 68 22 3a 22 |sts","LogPath":"|
|00000030| 2f 76 61 72 2f 6c 69 62 2f 64 6f 63 6b 65 72 2f |/var/lib/docker/|
|00000040| 63 6f 6e 74 61 69 6e 65 72 73 2f 38 64 64 31 64 |containers/8dd1d|
|00000050| 37 64 33 65 31 65 31 64 36 62 64 63 63 36 63 32 |7d3e1e1d6bdcc6c2|
|00000060| 66 61 66 33 38 64 64 35 31 34 31 37 32 62 62 66 |faf38dd514172bbf|
|00000070| 33 62 35 31 37 65 33 30 37 36 66 61 37 65 30 39 |3b517e3076fa7e09|
|00000080| 31 39 64 62 30 30 36 36 31 38 32 2f 38 64 64 31 |19db0066182/8dd1|
|00000090| 64 37 64 33 65 31 65 31 64 36 62 64 63 63 36 63 |d7d3e1e1d6bdcc6c|
|000000a0| 32 66 61 66 33 38 64 64 35 31 34 31 37 32 62 62 |2faf38dd514172bb|
|000000b0| 66 33 62 35 31 37 65 33 30 37 36 66 61 37 65 30 |f3b517e3076fa7e0|
|000000c0| 39 31 39 64 62 30 30 36 36 31 38 32 2d 6a 73 6f |919db0066182-jso|
|000000d0| 6e 2e 6c 6f 67 22 2c 22 4e 61 6d 65 22 3a 22 2f |n.log","Name":"/|
|000000e0| 74 72 75 73 74 69 6e 67 5f 6e 6f 65 74 68 65 72 |trusting_noether|
|000000f0| 22 2c 22 52 65 73 74 61 72 74 43 6f 75 6e 74 22 |","RestartCount"|
|00000100| 3a 30 2c 22 44 72 69 76 65 72 22 3a 22 61 75 66 |:0,"Driver":"auf|
|00000110| 73 22 2c 22 50 6c 61 74 66 6f 72 6d 22 3a 22 6c |s","Platform":"l|
|00000120| 69 6e 75 78 22 2c 22 4d 6f 75 6e 74 4c 61 62 65 |inux","MountLabe|
|00000130| 6c 22 3a 22 22 2c 22 50 72 6f 63 65 73 73 4c 61 |l":"","ProcessLa|
|00000140| 62 65 6c 22 3a 22 22 2c 22 41 70 70 41 72 6d 6f |bel":"","AppArmo|
|00000150| 72 50 72 6f 66 69 6c 65 22 3a 22 22 2c 22 45 78 |rProfile":"","Ex|
|00000160| 65 63 49 44 73 22 3a 6e 75 6c 6c 2c 22 48 6f 73 |ecIDs":null,"Hos|
|00000170| 74 43 6f 6e 66 69 67 22 3a 7b 22 42 69 6e 64 73 |tConfig":{"Binds|
|00000180| 22 3a 5b 5d 2c 22 43 6f 6e 74 61 69 6e 65 72 49 |":[],"ContainerI|
|00000190| 44 46 69 6c 65 22 3a 22 22 2c 22 4c 6f 67 43 6f |DFile":"","LogCo|
|000001a0| 6e 66 69 67 22 3a 7b 22 54 79 70 65 22 3a 22 6a |nfig":{"Type":"j|
|000001b0| 73 6f 6e 2d 66 69 6c 65 22 2c 22 43 6f 6e 66 69 |son-file","Confi|
|000001c0| 67 22 3a 7b 7d 7d 2c 22 4e 65 74 77 6f 72 6b 4d |g":{}},"NetworkM|
|000001d0| 6f 64 65 22 3a 22 64 65 66 61 75 6c 74 22 2c 22 |ode":"default","|
|000001e0| 50 6f 72 74 42 69 6e 64 69 6e 67 73 22 3a 7b 7d |PortBindings":{}|
|000001f0| 2c 22 52 65 73 74 61 72 74 50 6f 6c 69 63 79 22 |,"RestartPolicy"|
|00000200| 3a 7b 22 4e 61 6d 65 22 3a 22 22 2c 22 4d 61 78 |:{"Name":"","Max|
|00000210| 69 6d 75 6d 52 65 74 72 79 43 6f 75 6e 74 22 3a |imumRetryCount":|
|00000220| 30 7d 2c 22 41 75 74 6f 52 65 6d 6f 76 65 22 3a |0},"AutoRemove":|
|00000230| 66 61 6c 73 65 2c 22 56 6f 6c 75 6d 65 44 72 69 |false,"VolumeDri|
|00000240| 76 65 72 22 3a 22 22 2c 22 56 6f 6c 75 6d 65 73 |ver":"","Volumes|
|00000250| 46 72 6f 6d 22 3a 5b 5d 2c 22 43 61 70 41 64 64 |From":[],"CapAdd|
|00000260| 22 3a 6e 75 6c 6c 2c 22 43 61 70 44 72 6f 70 22 |":null,"CapDrop"|
|00000270| 3a 6e 75 6c 6c 2c 22 44 6e 73 22 3a 6e 75 6c 6c |:null,"Dns":null|
|00000280| 2c 22 44 6e 73 4f 70 74 69 6f 6e 73 22 3a 6e 75 |,"DnsOptions":nu|
|00000290| 6c 6c 2c 22 44 6e 73 53 65 61 72 63 68 22 3a 6e |ll,"DnsSearch":n|
|000002a0| 75 6c 6c 2c 22 45 78 74 72 61 48 6f 73 74 73 22 |ull,"ExtraHosts"|
|000002b0| 3a 5b 5d 2c 22 47 72 6f 75 70 41 64 64 22 3a 6e |:[],"GroupAdd":n|
|000002c0| 75 6c 6c 2c 22 49 70 63 4d 6f 64 65 22 3a 22 73 |ull,"IpcMode":"s|
|000002d0| 68 61 72 65 61 62 6c 65 22 2c 22 43 67 72 6f 75 |hareable","Cgrou|
|000002e0| 70 22 3a 22 22 2c 22 4c 69 6e 6b 73 22 3a 6e 75 |p":"","Links":nu|
|000002f0| 6c 6c 2c 22 4f 6f 6d 53 63 6f 72 65 41 64 6a 22 |ll,"OomScoreAdj"|
|00000300| 3a 30 2c 22 50 69 64 4d 6f 64 65 22 3a 22 22 2c |:0,"PidMode":"",|
|00000310| 22 50 72 69 76 69 6c 65 67 65 64 22 3a 66 61 6c |"Privileged":fal|
|00000320| 73 65 2c 22 50 75 62 6c 69 73 68 41 6c 6c 50 6f |se,"PublishAllPo|
|00000330| 72 74 73 22 3a 74 72 75 65 2c 22 52 65 61 64 6f |rts":true,"Reado|
|00000340| 6e 6c 79 52 6f 6f 74 66 73 22 3a 66 61 6c 73 65 |nlyRootfs":false|
|00000350| 2c 22 53 65 63 75 72 69 74 79 4f 70 74 22 3a 6e |,"SecurityOpt":n|
|00000360| 75 6c 6c 2c 22 55 54 53 4d 6f 64 65 22 3a 22 22 |ull,"UTSMode":""|
|00000370| 2c 22 55 73 65 72 6e 73 4d 6f 64 65 22 3a 22 22 |,"UsernsMode":""|
|00000380| 2c 22 53 68 6d 53 69 7a 65 22 3a 36 37 31 30 38 |,"ShmSize":67108|
|00000390| 38 36 34 2c 22 52 75 6e 74 69 6d 65 22 3a 22 72 |864,"Runtime":"r|
|000003a0| 75 6e 63 22 2c 22 43 6f 6e 73 6f 6c 65 53 69 7a |unc","ConsoleSiz|
|000003b0| 65 22 3a 5b 30 2c 30 5d 2c 22 49 73 6f 6c 61 74 |e":[0,0],"Isolat|
|000003c0| 69 6f 6e 22 3a 22 22 2c 22 43 70 75 53 68 61 72 |ion":"","CpuShar|
|000003d0| 65 73 22 3a 30 2c 22 4d 65 6d 6f 72 79 22 3a 30 |es":0,"Memory":0|
|000003e0| 2c 22 4e 61 6e 6f 43 70 75 73 22 3a 30 2c 22 43 |,"NanoCpus":0,"C|
|000003f0| 67 72 6f 75 70 50 61 72 65 6e 74 22 3a 22 22 2c |groupParent":"",|
|00000400| 22 42 6c 6b 69 6f 57 65 69 67 68 74 22 3a 30 2c |"BlkioWeight":0,|
|00000410| 22 42 6c 6b 69 6f 57 65 69 67 68 74 44 65 76 69 |"BlkioWeightDevi|
|00000420| 63 65 22 3a 6e 75 6c 6c 2c 22 42 6c 6b 69 6f 44 |ce":null,"BlkioD|
|00000430| 65 76 69 63 65 52 65 61 64 42 70 73 22 3a 6e 75 |eviceReadBps":nu|
|00000440| 6c 6c 2c 22 42 6c 6b 69 6f 44 65 76 69 63 65 57 |ll,"BlkioDeviceW|
|00000450| 72 69 74 65 42 70 73 22 3a 6e 75 6c 6c 2c 22 42 |riteBps":null,"B|
|00000460| 6c 6b 69 6f 44 65 76 69 63 65 52 65 61 64 49 4f |lkioDeviceReadIO|
|00000470| 70 73 22 3a 6e 75 6c 6c 2c 22 42 6c 6b 69 6f 44 |ps":null,"BlkioD|
|00000480| 65 76 69 63 65 57 72 69 74 65 49 4f 70 73 22 3a |eviceWriteIOps":|
|00000490| 6e 75 6c 6c 2c 22 43 70 75 50 65 72 69 6f 64 22 |null,"CpuPeriod"|
|000004a0| 3a 30 2c 22 43 70 75 51 75 6f 74 61 22 3a 30 2c |:0,"CpuQuota":0,|
|000004b0| 22 43 70 75 52 65 61 6c 74 69 6d 65 50 65 72 69 |"CpuRealtimePeri|
|000004c0| 6f 64 22 3a 30 2c 22 43 70 75 52 65 61 6c 74 69 |od":0,"CpuRealti|
|000004d0| 6d 65 52 75 6e 74 69 6d 65 22 3a 30 2c 22 43 70 |meRuntime":0,"Cp|
|000004e0| 75 73 65 74 43 70 75 73 22 3a 22 22 2c 22 43 70 |usetCpus":"","Cp|
|000004f0| 75 73 65 74 4d 65 6d 73 22 3a 22 22 2c 22 44 65 |usetMems":"","De|
|00000500| 76 69 63 65 73 22 3a 6e 75 6c 6c 2c 22 44 65 76 |vices":null,"Dev|
|00000510| 69 63 65 43 67 72 6f 75 70 52 75 6c 65 73 22 3a |iceCgroupRules":|
|00000520| 6e 75 6c 6c 2c 22 44 69 73 6b 51 75 6f 74 61 22 |null,"DiskQuota"|
|00000530| 3a 30 2c 22 4b 65 72 6e 65 6c 4d 65 6d 6f 72 79 |:0,"KernelMemory|
|00000540| 22 3a 30 2c 22 4d 65 6d 6f 72 79 52 65 73 65 72 |":0,"MemoryReser|
|00000550| 76 61 74 69 6f 6e 22 3a 30 2c 22 4d 65 6d 6f 72 |vation":0,"Memor|
|00000560| 79 53 77 61 70 22 3a 30 2c 22 4d 65 6d 6f 72 79 |ySwap":0,"Memory|
|00000570| 53 77 61 70 70 69 6e 65 73 73 22 3a 6e 75 6c 6c |Swappiness":null|
|00000580| 2c 22 4f 6f 6d 4b 69 6c 6c 44 69 73 61 62 6c 65 |,"OomKillDisable|
|00000590| 22 3a 66 61 6c 73 65 2c 22 50 69 64 73 4c 69 6d |":false,"PidsLim|
|000005a0| 69 74 22 3a 30 2c 22 55 6c 69 6d 69 74 73 22 3a |it":0,"Ulimits":|
|000005b0| 6e 75 6c 6c 2c 22 43 70 75 43 6f 75 6e 74 22 3a |null,"CpuCount":|
|000005c0| 30 2c 22 43 70 75 50 65 72 63 65 6e 74 22 3a 30 |0,"CpuPercent":0|
|000005d0| 2c 22 49 4f 4d 61 78 69 6d 75 6d 49 4f 70 73 22 |,"IOMaximumIOps"|
|000005e0| 3a 30 2c 22 49 4f 4d 61 78 69 6d 75 6d 42 61 6e |:0,"IOMaximumBan|
|000005f0| 64 77 69 64 74 68 22 3a 30 7d 2c 22 47 72 61 70 |dwidth":0},"Grap|
|00000600| 68 44 72 69 76 65 72 22 3a 7b 22 44 61 74 61 22 |hDriver":{"Data"|
|00000610| 3a 6e 75 6c 6c 2c 22 4e 61 6d 65 22 3a 22 61 75 |:null,"Name":"au|
|00000620| 66 73 22 7d 2c 22 4d 6f 75 6e 74 73 22 3a 5b 7b |fs"},"Mounts":[{|
|00000630| 22 54 79 70 65 22 3a 22 76 6f 6c 75 6d 65 22 2c |"Type":"volume",|
|00000640| 22 4e 61 6d 65 22 3a 22 63 61 61 30 64 33 34 38 |"Name":"caa0d348|
|00000650| 36 34 62 62 64 35 34 35 30 32 36 62 38 36 65 35 |64bbd545026b86e5|
|00000660| 32 34 34 30 66 65 66 37 36 34 35 32 37 31 62 33 |2440fef7645271b3|
|00000670| 30 61 37 39 34 30 62 39 38 32 31 62 63 63 66 64 |0a7940b9821bccfd|
|00000680| 63 36 31 66 64 63 32 39 22 2c 22 53 6f 75 72 63 |c61fdc29","Sourc|
|00000690| 65 22 3a 22 2f 76 61 72 2f 6c 69 62 2f 64 6f 63 |e":"/var/lib/doc|
|000006a0| 6b 65 72 2f 76 6f 6c 75 6d 65 73 2f 63 61 61 30 |ker/volumes/caa0|
|000006b0| 64 33 34 38 36 34 62 62 64 35 34 35 30 32 36 62 |d34864bbd545026b|
|000006c0| 38 36 65 35 32 34 34 30 66 65 66 37 36 34 35 32 |86e52440fef76452|
|000006d0| 37 31 62 33 30 61 37 39 34 30 62 39 38 32 31 62 |71b30a7940b9821b|
|000006e0| 63 63 66 64 63 36 31 66 64 63 32 39 2f 5f 64 61 |ccfdc61fdc29/_da|
|000006f0| 74 61 22 2c 22 44 65 73 74 69 6e 61 74 69 6f 6e |ta","Destination|
|00000700| 22 3a 22 2f 76 61 72 2f 6c 69 62 2f 72 61 62 62 |":"/var/lib/rabb|
|00000710| 69 74 6d 71 22 2c 22 44 72 69 76 65 72 22 3a 22 |itmq","Driver":"|
|00000720| 6c 6f 63 61 6c 22 2c 22 4d 6f 64 65 22 3a 22 22 |local","Mode":""|
|00000730| 2c 22 52 57 22 3a 74 72 75 65 2c 22 50 72 6f 70 |,"RW":true,"Prop|
|00000740| 61 67 61 74 69 6f 6e 22 3a 22 22 7d 5d 2c 22 43 |agation":""}],"C|
|00000750| 6f 6e 66 69 67 22 3a 7b 22 48 6f 73 74 6e 61 6d |onfig":{"Hostnam|
|00000760| 65 22 3a 22 38 64 64 31 64 37 64 33 65 31 65 31 |e":"8dd1d7d3e1e1|
|00000770| 22 2c 22 44 6f 6d 61 69 6e 6e 61 6d 65 22 3a 22 |","Domainname":"|
|00000780| 22 2c 22 55 73 65 72 22 3a 22 22 2c 22 41 74 74 |","User":"","Att|
|00000790| 61 63 68 53 74 64 69 6e 22 3a 66 61 6c 73 65 2c |achStdin":false,|
|000007a0| 22 41 74 74 61 63 68 53 74 64 6f 75 74 22 3a 66 |"AttachStdout":f|
|000007b0| 61 6c 73 65 2c 22 41 74 74 61 63 68 53 74 64 65 |alse,"AttachStde|
|000007c0| 72 72 22 3a 66 61 6c 73 65 2c 22 45 78 70 6f 73 |rr":false,"Expos|
|000007d0| 65 64 50 6f 72 74 73 22 3a 7b 22 32 35 36 37 32 |edPorts":{"25672|
|000007e0| 2f 74 63 70 22 3a 7b 7d 2c 22 34 33 36 39 2f 74 |/tcp":{},"4369/t|
|000007f0| 63 70 22 3a 7b 7d 2c 22 35 36 37 31 2f 74 63 70 |cp":{},"5671/tcp|
|00000800| 22 3a 7b 7d 2c 22 35 36 37 32 2f 74 63 70 22 3a |":{},"5672/tcp":|
|00000810| 7b 7d 7d 2c 22 54 74 79 22 3a 66 61 6c 73 65 2c |{}},"Tty":false,|
|00000820| 22 4f 70 65 6e 53 74 64 69 6e 22 3a 66 61 6c 73 |"OpenStdin":fals|
|00000830| 65 2c 22 53 74 64 69 6e 4f 6e 63 65 22 3a 66 61 |e,"StdinOnce":fa|
|00000840| 6c 73 65 2c 22 45 6e 76 22 3a 5b 22 52 41 42 42 |lse,"Env":["RABB|
|00000850| 49 54 4d 51 5f 55 53 45 52 3d 67 75 65 73 74 22 |ITMQ_USER=guest"|
|00000860| 2c 22 52 41 42 42 49 54 4d 51 5f 50 41 53 53 57 |,"RABBITMQ_PASSW|
|00000870| 4f 52 44 3d 67 75 65 73 74 22 2c 22 6e 6f 5f 70 |ORD=guest","no_p|
|00000880| 72 6f 78 79 3d 2a 2e 6c 6f 63 61 6c 2c 20 31 36 |roxy=*.local, 16|
|00000890| 39 2e 32 35 34 2f 31 36 22 2c 22 50 41 54 48 3d |9.254/16","PATH=|
|000008a0| 2f 75 73 72 2f 6c 69 62 2f 72 61 62 62 69 74 6d |/usr/lib/rabbitm|
|000008b0| 71 2f 62 69 6e 3a 2f 75 73 72 2f 6c 6f 63 61 6c |q/bin:/usr/local|
|000008c0| 2f 73 62 69 6e 3a 2f 75 73 72 2f 6c 6f 63 61 6c |/sbin:/usr/local|
|000008d0| 2f 62 69 6e 3a 2f 75 73 72 2f 73 62 69 6e 3a 2f |/bin:/usr/sbin:/|
|000008e0| 75 73 72 2f 62 69 6e 3a 2f 73 62 69 6e 3a 2f 62 |usr/bin:/sbin:/b|
|000008f0| 69 6e 22 2c 22 47 4f 53 55 5f 56 45 52 53 49 4f |in","GOSU_VERSIO|
|00000900| 4e 3d 31 2e 31 30 22 2c 22 52 41 42 42 49 54 4d |N=1.10","RABBITM|
|00000910| 51 5f 4c 4f 47 53 3d 2d 22 2c 22 52 41 42 42 49 |Q_LOGS=-","RABBI|
|00000920| 54 4d 51 5f 53 41 53 4c 5f 4c 4f 47 53 3d 2d 22 |TMQ_SASL_LOGS=-"|
|00000930| 2c 22 52 41 42 42 49 54 4d 51 5f 47 50 47 5f 4b |,"RABBITMQ_GPG_K|
|00000940| 45 59 3d 30 41 39 41 46 32 31 31 35 46 34 36 38 |EY=0A9AF2115F468|
|00000950| 37 42 44 32 39 38 30 33 41 32 30 36 42 37 33 41 |7BD29803A206B73A|
|00000960| 33 36 45 36 30 32 36 44 46 43 41 22 2c 22 52 41 |36E6026DFCA","RA|
|00000970| 42 42 49 54 4d 51 5f 56 45 52 53 49 4f 4e 3d 33 |BBITMQ_VERSION=3|
|00000980| 2e 36 2e 31 34 22 2c 22 52 41 42 42 49 54 4d 51 |.6.14","RABBITMQ|
|00000990| 5f 47 49 54 48 55 42 5f 54 41 47 3d 72 61 62 62 |_GITHUB_TAG=rabb|
|000009a0| 69 74 6d 71 5f 76 33 5f 36 5f 31 34 22 2c 22 52 |itmq_v3_6_14","R|
|000009b0| 41 42 42 49 54 4d 51 5f 44 45 42 49 41 4e 5f 56 |ABBITMQ_DEBIAN_V|
|000009c0| 45 52 53 49 4f 4e 3d 33 2e 36 2e 31 34 2d 31 22 |ERSION=3.6.14-1"|
|000009d0| 2c 22 48 4f 4d 45 3d 2f 76 61 72 2f 6c 69 62 2f |,"HOME=/var/lib/|
|000009e0| 72 61 62 62 69 74 6d 71 22 5d 2c 22 43 6d 64 22 |rabbitmq"],"Cmd"|
|000009f0| 3a 5b 22 72 61 62 62 69 74 6d 71 2d 73 65 72 76 |:["rabbitmq-serv|
|00000a00| 65 72 22 5d 2c 22 41 72 67 73 45 73 63 61 70 65 |er"],"ArgsEscape|
|00000a10| 64 22 3a 74 72 75 65 2c 22 49 6d 61 67 65 22 3a |d":true,"Image":|
|00000a20| 22 72 61 62 62 69 74 6d 71 3a 33 2e 36 2e 31 34 |"rabbitmq:3.6.14|
|00000a30| 22 2c 22 56 6f 6c 75 6d 65 73 22 3a 7b 22 2f 76 |","Volumes":{"/v|
|00000a40| 61 72 2f 6c 69 62 2f 72 61 62 62 69 74 6d 71 22 |ar/lib/rabbitmq"|
|00000a50| 3a 7b 7d 7d 2c 22 57 6f 72 6b 69 6e 67 44 69 72 |:{}},"WorkingDir|
|00000a60| 22 3a 22 22 2c 22 45 6e 74 72 79 70 6f 69 6e 74 |":"","Entrypoint|
|00000a70| 22 3a 5b 22 64 6f 63 6b 65 72 2d 65 6e 74 72 79 |":["docker-entry|
|00000a80| 70 6f 69 6e 74 2e 73 68 22 5d 2c 22 4f 6e 42 75 |point.sh"],"OnBu|
|00000a90| 69 6c 64 22 3a 6e 75 6c 6c 2c 22 4c 61 62 65 6c |ild":null,"Label|
|00000aa0| 73 22 3a 7b 22 6f 72 67 2e 74 65 73 74 63 6f 6e |s":{"org.testcon|
|00000ab0| 74 61 69 6e 65 72 73 22 3a 22 74 72 75 65 22 7d |tainers":"true"}|
|00000ac0| 7d 2c 22 4e 65 74 77 6f 72 6b 53 65 74 74 69 6e |},"NetworkSettin|
|00000ad0| 67 73 22 3a 7b 22 42 72 69 64 67 65 22 3a 22 22 |gs":{"Bridge":""|
|00000ae0| 2c 22 53 61 6e 64 62 6f 78 49 44 22 3a 22 32 31 |,"SandboxID":"21|
|00000af0| 32 33 36 38 30 61 37 38 36 31 32 37 30 39 66 39 |23680a78612709f9|
|00000b00| 64 32 32 32 39 66 39 62 34 30 39 66 33 62 30 35 |d2229f9b409f3b05|
|00000b10| 62 61 63 65 65 39 61 65 34 35 32 39 38 31 66 30 |bacee9ae452981f0|
|00000b20| 64 64 33 36 32 30 65 61 61 33 33 64 64 61 22 2c |dd3620eaa33dda",|
|00000b30| 22 48 61 69 72 70 69 6e 4d 6f 64 65 22 3a 66 61 |"HairpinMode":fa|
|00000b40| 6c 73 65 2c 22 4c 69 6e 6b 4c 6f 63 61 6c 49 50 |lse,"LinkLocalIP|
|00000b50| 76 36 41 64 64 72 65 73 73 22 3a 22 22 2c 22 4c |v6Address":"","L|
|00000b60| 69 6e 6b 4c 6f 63 61 6c 49 50 76 36 50 72 65 66 |inkLocalIPv6Pref|
|00000b70| 69 78 4c 65 6e 22 3a 30 2c 22 50 6f 72 74 73 22 |ixLen":0,"Ports"|
|00000b80| 3a 7b 7d 2c 22 53 61 6e 64 62 6f 78 4b 65 79 22 |:{},"SandboxKey"|
|00000b90| 3a 22 2f 76 61 72 2f 72 75 6e 2f 64 6f 63 6b 65 |:"/var/run/docke|
|00000ba0| 72 2f 6e 65 74 6e 73 2f 32 31 32 33 36 38 30 61 |r/netns/2123680a|
|00000bb0| 37 38 36 31 22 2c 22 53 65 63 6f 6e 64 61 72 79 |7861","Secondary|
|00000bc0| 49 50 41 64 64 72 65 73 73 65 73 22 3a 6e 75 6c |IPAddresses":nul|
|00000bd0| 6c 2c 22 53 65 63 6f 6e 64 61 72 79 49 50 76 36 |l,"SecondaryIPv6|
|00000be0| 41 64 64 72 65 73 73 65 73 22 3a 6e 75 6c 6c 2c |Addresses":null,|
|00000bf0| 22 45 6e 64 70 6f 69 6e 74 49 44 22 3a 22 22 2c |"EndpointID":"",|
|00000c00| 22 47 61 74 65 77 61 79 22 3a 22 22 2c 22 47 6c |"Gateway":"","Gl|
|00000c10| 6f 62 61 6c 49 50 76 36 41 64 64 72 65 73 73 22 |obalIPv6Address"|
|00000c20| 3a 22 22 2c 22 47 6c 6f 62 61 6c 49 50 76 36 50 |:"","GlobalIPv6P|
|00000c30| 72 65 66 69 78 4c 65 6e 22 3a 30 2c 22 49 50 41 |refixLen":0,"IPA|
|00000c40| 64 64 72 65 73 73 22 3a 22 22 2c 22 49 50 50 72 |ddress":"","IPPr|
|00000c50| 65 66 69 78 4c 65 6e 22 3a 30 2c 22 49 50 76 36 |efixLen":0,"IPv6|
|00000c60| 47 61 74 65 77 61 79 22 3a 22 22 2c 22 4d 61 63 |Gateway":"","Mac|
|00000c70| 41 64 64 72 65 73 73 22 3a 22 22 2c 22 4e 65 74 |Address":"","Net|
|00000c80| 77 6f 72 6b 73 22 3a 7b 22 62 72 69 64 67 65 22 |works":{"bridge"|
|00000c90| 3a 7b 22 49 50 41 4d 43 6f 6e 66 69 67 22 3a 6e |:{"IPAMConfig":n|
|00000ca0| 75 6c 6c 2c 22 4c 69 6e 6b 73 22 3a 6e 75 6c 6c |ull,"Links":null|
|00000cb0| 2c 22 41 6c 69 61 73 65 73 22 3a 6e 75 6c 6c 2c |,"Aliases":null,|
|00000cc0| 22 4e 65 74 77 6f 72 6b 49 44 22 3a 22 39 66 65 |"NetworkID":"9fe|
|00000cd0| 38 62 39 32 64 61 66 63 30 35 34 34 36 33 33 37 |8b92dafc05446337|
|00000ce0| 39 64 39 34 35 38 61 64 65 37 37 64 35 31 61 34 |9d9458ade77d51a4|
|00000cf0| 61 62 39 30 61 64 31 33 65 35 34 61 65 32 31 61 |ab90ad13e54ae21a|
|00000d00| 31 38 64 36 35 66 66 32 63 30 37 63 61 22 2c 22 |18d65ff2c07ca","|
|00000d10| 45 6e 64 70 6f 69 6e 74 49 44 22 3a 22 22 2c 22 |EndpointID":"","|
|00000d20| 47 61 74 65 77 61 79 22 3a 22 22 2c 22 49 50 41 |Gateway":"","IPA|
|00000d30| 64 64 72 65 73 73 22 3a 22 22 2c 22 49 50 50 72 |ddress":"","IPPr|
|00000d40| 65 66 69 78 4c 65 6e 22 3a 30 2c 22 49 50 76 36 |efixLen":0,"IPv6|
|00000d50| 47 61 74 65 77 61 79 22 3a 22 22 2c 22 47 6c 6f |Gateway":"","Glo|
|00000d60| 62 61 6c 49 50 76 36 41 64 64 72 65 73 73 22 3a |balIPv6Address":|
|00000d70| 22 22 2c 22 47 6c 6f 62 61 6c 49 50 76 36 50 72 |"","GlobalIPv6Pr|
|00000d80| 65 66 69 78 4c 65 6e 22 3a 30 2c 22 4d 61 63 41 |efixLen":0,"MacA|
|00000d90| 64 64 72 65 73 73 22 3a 22 22 2c 22 44 72 69 76 |ddress":"","Driv|
|00000da0| 65 72 4f 70 74 73 22 3a 6e 75 6c 6c 7d 7d 7d 7d |erOpts":null}}}}|
|00000db0| 0a 0d 0a 30 0d 0a 0d 0a                         |...0....        |
+--------+-------------------------------------------------+----------------+
2017-11-27 22:09:22.647 DEBUG 24827 --- [java-netty-1-15] c.g.d.netty.NettyDockerCmdExecFactory$1  : [id: 0xd8b09e66, L:null - R:/var/run/docker.sock] READ: DefaultHttpContent(data: PooledSlicedByteBuf(ridx: 0, widx: 3505, cap: 3505/3505, unwrapped: PooledUnsafeDirectByteBuf(ridx: 3507, widx: 3512, cap: 16384)), decoderResult: success), 3505B
         +-------------------------------------------------+
         |  0  1  2  3  4  5  6  7  8  9  a  b  c  d  e  f |
+--------+-------------------------------------------------+----------------+
|00000000| 62 66 33 62 35 31 37 65 33 30 37 36 66 61 37 65 |bf3b517e3076fa7e|
|00000010| 30 39 31 39 64 62 30 30 36 36 31 38 32 2f 68 6f |0919db0066182/ho|
|00000020| 73 74 73 22 2c 22 4c 6f 67 50 61 74 68 22 3a 22 |sts","LogPath":"|
|00000030| 2f 76 61 72 2f 6c 69 62 2f 64 6f 63 6b 65 72 2f |/var/lib/docker/|
|00000040| 63 6f 6e 74 61 69 6e 65 72 73 2f 38 64 64 31 64 |containers/8dd1d|
|00000050| 37 64 33 65 31 65 31 64 36 62 64 63 63 36 63 32 |7d3e1e1d6bdcc6c2|
|00000060| 66 61 66 33 38 64 64 35 31 34 31 37 32 62 62 66 |faf38dd514172bbf|
|00000070| 33 62 35 31 37 65 33 30 37 36 66 61 37 65 30 39 |3b517e3076fa7e09|
|00000080| 31 39 64 62 30 30 36 36 31 38 32 2f 38 64 64 31 |19db0066182/8dd1|
|00000090| 64 37 64 33 65 31 65 31 64 36 62 64 63 63 36 63 |d7d3e1e1d6bdcc6c|
|000000a0| 32 66 61 66 33 38 64 64 35 31 34 31 37 32 62 62 |2faf38dd514172bb|
|000000b0| 66 33 62 35 31 37 65 33 30 37 36 66 61 37 65 30 |f3b517e3076fa7e0|
|000000c0| 39 31 39 64 62 30 30 36 36 31 38 32 2d 6a 73 6f |919db0066182-jso|
|000000d0| 6e 2e 6c 6f 67 22 2c 22 4e 61 6d 65 22 3a 22 2f |n.log","Name":"/|
|000000e0| 74 72 75 73 74 69 6e 67 5f 6e 6f 65 74 68 65 72 |trusting_noether|
|000000f0| 22 2c 22 52 65 73 74 61 72 74 43 6f 75 6e 74 22 |","RestartCount"|
|00000100| 3a 30 2c 22 44 72 69 76 65 72 22 3a 22 61 75 66 |:0,"Driver":"auf|
|00000110| 73 22 2c 22 50 6c 61 74 66 6f 72 6d 22 3a 22 6c |s","Platform":"l|
|00000120| 69 6e 75 78 22 2c 22 4d 6f 75 6e 74 4c 61 62 65 |inux","MountLabe|
|00000130| 6c 22 3a 22 22 2c 22 50 72 6f 63 65 73 73 4c 61 |l":"","ProcessLa|
|00000140| 62 65 6c 22 3a 22 22 2c 22 41 70 70 41 72 6d 6f |bel":"","AppArmo|
|00000150| 72 50 72 6f 66 69 6c 65 22 3a 22 22 2c 22 45 78 |rProfile":"","Ex|
|00000160| 65 63 49 44 73 22 3a 6e 75 6c 6c 2c 22 48 6f 73 |ecIDs":null,"Hos|
|00000170| 74 43 6f 6e 66 69 67 22 3a 7b 22 42 69 6e 64 73 |tConfig":{"Binds|
|00000180| 22 3a 5b 5d 2c 22 43 6f 6e 74 61 69 6e 65 72 49 |":[],"ContainerI|
|00000190| 44 46 69 6c 65 22 3a 22 22 2c 22 4c 6f 67 43 6f |DFile":"","LogCo|
|000001a0| 6e 66 69 67 22 3a 7b 22 54 79 70 65 22 3a 22 6a |nfig":{"Type":"j|
|000001b0| 73 6f 6e 2d 66 69 6c 65 22 2c 22 43 6f 6e 66 69 |son-file","Confi|
|000001c0| 67 22 3a 7b 7d 7d 2c 22 4e 65 74 77 6f 72 6b 4d |g":{}},"NetworkM|
|000001d0| 6f 64 65 22 3a 22 64 65 66 61 75 6c 74 22 2c 22 |ode":"default","|
|000001e0| 50 6f 72 74 42 69 6e 64 69 6e 67 73 22 3a 7b 7d |PortBindings":{}|
|000001f0| 2c 22 52 65 73 74 61 72 74 50 6f 6c 69 63 79 22 |,"RestartPolicy"|
|00000200| 3a 7b 22 4e 61 6d 65 22 3a 22 22 2c 22 4d 61 78 |:{"Name":"","Max|
|00000210| 69 6d 75 6d 52 65 74 72 79 43 6f 75 6e 74 22 3a |imumRetryCount":|
|00000220| 30 7d 2c 22 41 75 74 6f 52 65 6d 6f 76 65 22 3a |0},"AutoRemove":|
|00000230| 66 61 6c 73 65 2c 22 56 6f 6c 75 6d 65 44 72 69 |false,"VolumeDri|
|00000240| 76 65 72 22 3a 22 22 2c 22 56 6f 6c 75 6d 65 73 |ver":"","Volumes|
|00000250| 46 72 6f 6d 22 3a 5b 5d 2c 22 43 61 70 41 64 64 |From":[],"CapAdd|
|00000260| 22 3a 6e 75 6c 6c 2c 22 43 61 70 44 72 6f 70 22 |":null,"CapDrop"|
|00000270| 3a 6e 75 6c 6c 2c 22 44 6e 73 22 3a 6e 75 6c 6c |:null,"Dns":null|
|00000280| 2c 22 44 6e 73 4f 70 74 69 6f 6e 73 22 3a 6e 75 |,"DnsOptions":nu|
|00000290| 6c 6c 2c 22 44 6e 73 53 65 61 72 63 68 22 3a 6e |ll,"DnsSearch":n|
|000002a0| 75 6c 6c 2c 22 45 78 74 72 61 48 6f 73 74 73 22 |ull,"ExtraHosts"|
|000002b0| 3a 5b 5d 2c 22 47 72 6f 75 70 41 64 64 22 3a 6e |:[],"GroupAdd":n|
|000002c0| 75 6c 6c 2c 22 49 70 63 4d 6f 64 65 22 3a 22 73 |ull,"IpcMode":"s|
|000002d0| 68 61 72 65 61 62 6c 65 22 2c 22 43 67 72 6f 75 |hareable","Cgrou|
|000002e0| 70 22 3a 22 22 2c 22 4c 69 6e 6b 73 22 3a 6e 75 |p":"","Links":nu|
|000002f0| 6c 6c 2c 22 4f 6f 6d 53 63 6f 72 65 41 64 6a 22 |ll,"OomScoreAdj"|
|00000300| 3a 30 2c 22 50 69 64 4d 6f 64 65 22 3a 22 22 2c |:0,"PidMode":"",|
|00000310| 22 50 72 69 76 69 6c 65 67 65 64 22 3a 66 61 6c |"Privileged":fal|
|00000320| 73 65 2c 22 50 75 62 6c 69 73 68 41 6c 6c 50 6f |se,"PublishAllPo|
|00000330| 72 74 73 22 3a 74 72 75 65 2c 22 52 65 61 64 6f |rts":true,"Reado|
|00000340| 6e 6c 79 52 6f 6f 74 66 73 22 3a 66 61 6c 73 65 |nlyRootfs":false|
|00000350| 2c 22 53 65 63 75 72 69 74 79 4f 70 74 22 3a 6e |,"SecurityOpt":n|
|00000360| 75 6c 6c 2c 22 55 54 53 4d 6f 64 65 22 3a 22 22 |ull,"UTSMode":""|
|00000370| 2c 22 55 73 65 72 6e 73 4d 6f 64 65 22 3a 22 22 |,"UsernsMode":""|
|00000380| 2c 22 53 68 6d 53 69 7a 65 22 3a 36 37 31 30 38 |,"ShmSize":67108|
|00000390| 38 36 34 2c 22 52 75 6e 74 69 6d 65 22 3a 22 72 |864,"Runtime":"r|
|000003a0| 75 6e 63 22 2c 22 43 6f 6e 73 6f 6c 65 53 69 7a |unc","ConsoleSiz|
|000003b0| 65 22 3a 5b 30 2c 30 5d 2c 22 49 73 6f 6c 61 74 |e":[0,0],"Isolat|
|000003c0| 69 6f 6e 22 3a 22 22 2c 22 43 70 75 53 68 61 72 |ion":"","CpuShar|
|000003d0| 65 73 22 3a 30 2c 22 4d 65 6d 6f 72 79 22 3a 30 |es":0,"Memory":0|
|000003e0| 2c 22 4e 61 6e 6f 43 70 75 73 22 3a 30 2c 22 43 |,"NanoCpus":0,"C|
|000003f0| 67 72 6f 75 70 50 61 72 65 6e 74 22 3a 22 22 2c |groupParent":"",|
|00000400| 22 42 6c 6b 69 6f 57 65 69 67 68 74 22 3a 30 2c |"BlkioWeight":0,|
|00000410| 22 42 6c 6b 69 6f 57 65 69 67 68 74 44 65 76 69 |"BlkioWeightDevi|
|00000420| 63 65 22 3a 6e 75 6c 6c 2c 22 42 6c 6b 69 6f 44 |ce":null,"BlkioD|
|00000430| 65 76 69 63 65 52 65 61 64 42 70 73 22 3a 6e 75 |eviceReadBps":nu|
|00000440| 6c 6c 2c 22 42 6c 6b 69 6f 44 65 76 69 63 65 57 |ll,"BlkioDeviceW|
|00000450| 72 69 74 65 42 70 73 22 3a 6e 75 6c 6c 2c 22 42 |riteBps":null,"B|
|00000460| 6c 6b 69 6f 44 65 76 69 63 65 52 65 61 64 49 4f |lkioDeviceReadIO|
|00000470| 70 73 22 3a 6e 75 6c 6c 2c 22 42 6c 6b 69 6f 44 |ps":null,"BlkioD|
|00000480| 65 76 69 63 65 57 72 69 74 65 49 4f 70 73 22 3a |eviceWriteIOps":|
|00000490| 6e 75 6c 6c 2c 22 43 70 75 50 65 72 69 6f 64 22 |null,"CpuPeriod"|
|000004a0| 3a 30 2c 22 43 70 75 51 75 6f 74 61 22 3a 30 2c |:0,"CpuQuota":0,|
|000004b0| 22 43 70 75 52 65 61 6c 74 69 6d 65 50 65 72 69 |"CpuRealtimePeri|
|000004c0| 6f 64 22 3a 30 2c 22 43 70 75 52 65 61 6c 74 69 |od":0,"CpuRealti|
|000004d0| 6d 65 52 75 6e 74 69 6d 65 22 3a 30 2c 22 43 70 |meRuntime":0,"Cp|
|000004e0| 75 73 65 74 43 70 75 73 22 3a 22 22 2c 22 43 70 |usetCpus":"","Cp|
|000004f0| 75 73 65 74 4d 65 6d 73 22 3a 22 22 2c 22 44 65 |usetMems":"","De|
|00000500| 76 69 63 65 73 22 3a 6e 75 6c 6c 2c 22 44 65 76 |vices":null,"Dev|
|00000510| 69 63 65 43 67 72 6f 75 70 52 75 6c 65 73 22 3a |iceCgroupRules":|
|00000520| 6e 75 6c 6c 2c 22 44 69 73 6b 51 75 6f 74 61 22 |null,"DiskQuota"|
|00000530| 3a 30 2c 22 4b 65 72 6e 65 6c 4d 65 6d 6f 72 79 |:0,"KernelMemory|
|00000540| 22 3a 30 2c 22 4d 65 6d 6f 72 79 52 65 73 65 72 |":0,"MemoryReser|
|00000550| 76 61 74 69 6f 6e 22 3a 30 2c 22 4d 65 6d 6f 72 |vation":0,"Memor|
|00000560| 79 53 77 61 70 22 3a 30 2c 22 4d 65 6d 6f 72 79 |ySwap":0,"Memory|
|00000570| 53 77 61 70 70 69 6e 65 73 73 22 3a 6e 75 6c 6c |Swappiness":null|
|00000580| 2c 22 4f 6f 6d 4b 69 6c 6c 44 69 73 61 62 6c 65 |,"OomKillDisable|
|00000590| 22 3a 66 61 6c 73 65 2c 22 50 69 64 73 4c 69 6d |":false,"PidsLim|
|000005a0| 69 74 22 3a 30 2c 22 55 6c 69 6d 69 74 73 22 3a |it":0,"Ulimits":|
|000005b0| 6e 75 6c 6c 2c 22 43 70 75 43 6f 75 6e 74 22 3a |null,"CpuCount":|
|000005c0| 30 2c 22 43 70 75 50 65 72 63 65 6e 74 22 3a 30 |0,"CpuPercent":0|
|000005d0| 2c 22 49 4f 4d 61 78 69 6d 75 6d 49 4f 70 73 22 |,"IOMaximumIOps"|
|000005e0| 3a 30 2c 22 49 4f 4d 61 78 69 6d 75 6d 42 61 6e |:0,"IOMaximumBan|
|000005f0| 64 77 69 64 74 68 22 3a 30 7d 2c 22 47 72 61 70 |dwidth":0},"Grap|
|00000600| 68 44 72 69 76 65 72 22 3a 7b 22 44 61 74 61 22 |hDriver":{"Data"|
|00000610| 3a 6e 75 6c 6c 2c 22 4e 61 6d 65 22 3a 22 61 75 |:null,"Name":"au|
|00000620| 66 73 22 7d 2c 22 4d 6f 75 6e 74 73 22 3a 5b 7b |fs"},"Mounts":[{|
|00000630| 22 54 79 70 65 22 3a 22 76 6f 6c 75 6d 65 22 2c |"Type":"volume",|
|00000640| 22 4e 61 6d 65 22 3a 22 63 61 61 30 64 33 34 38 |"Name":"caa0d348|
|00000650| 36 34 62 62 64 35 34 35 30 32 36 62 38 36 65 35 |64bbd545026b86e5|
|00000660| 32 34 34 30 66 65 66 37 36 34 35 32 37 31 62 33 |2440fef7645271b3|
|00000670| 30 61 37 39 34 30 62 39 38 32 31 62 63 63 66 64 |0a7940b9821bccfd|
|00000680| 63 36 31 66 64 63 32 39 22 2c 22 53 6f 75 72 63 |c61fdc29","Sourc|
|00000690| 65 22 3a 22 2f 76 61 72 2f 6c 69 62 2f 64 6f 63 |e":"/var/lib/doc|
|000006a0| 6b 65 72 2f 76 6f 6c 75 6d 65 73 2f 63 61 61 30 |ker/volumes/caa0|
|000006b0| 64 33 34 38 36 34 62 62 64 35 34 35 30 32 36 62 |d34864bbd545026b|
|000006c0| 38 36 65 35 32 34 34 30 66 65 66 37 36 34 35 32 |86e52440fef76452|
|000006d0| 37 31 62 33 30 61 37 39 34 30 62 39 38 32 31 62 |71b30a7940b9821b|
|000006e0| 63 63 66 64 63 36 31 66 64 63 32 39 2f 5f 64 61 |ccfdc61fdc29/_da|
|000006f0| 74 61 22 2c 22 44 65 73 74 69 6e 61 74 69 6f 6e |ta","Destination|
|00000700| 22 3a 22 2f 76 61 72 2f 6c 69 62 2f 72 61 62 62 |":"/var/lib/rabb|
|00000710| 69 74 6d 71 22 2c 22 44 72 69 76 65 72 22 3a 22 |itmq","Driver":"|
|00000720| 6c 6f 63 61 6c 22 2c 22 4d 6f 64 65 22 3a 22 22 |local","Mode":""|
|00000730| 2c 22 52 57 22 3a 74 72 75 65 2c 22 50 72 6f 70 |,"RW":true,"Prop|
|00000740| 61 67 61 74 69 6f 6e 22 3a 22 22 7d 5d 2c 22 43 |agation":""}],"C|
|00000750| 6f 6e 66 69 67 22 3a 7b 22 48 6f 73 74 6e 61 6d |onfig":{"Hostnam|
|00000760| 65 22 3a 22 38 64 64 31 64 37 64 33 65 31 65 31 |e":"8dd1d7d3e1e1|
|00000770| 22 2c 22 44 6f 6d 61 69 6e 6e 61 6d 65 22 3a 22 |","Domainname":"|
|00000780| 22 2c 22 55 73 65 72 22 3a 22 22 2c 22 41 74 74 |","User":"","Att|
|00000790| 61 63 68 53 74 64 69 6e 22 3a 66 61 6c 73 65 2c |achStdin":false,|
|000007a0| 22 41 74 74 61 63 68 53 74 64 6f 75 74 22 3a 66 |"AttachStdout":f|
|000007b0| 61 6c 73 65 2c 22 41 74 74 61 63 68 53 74 64 65 |alse,"AttachStde|
|000007c0| 72 72 22 3a 66 61 6c 73 65 2c 22 45 78 70 6f 73 |rr":false,"Expos|
|000007d0| 65 64 50 6f 72 74 73 22 3a 7b 22 32 35 36 37 32 |edPorts":{"25672|
|000007e0| 2f 74 63 70 22 3a 7b 7d 2c 22 34 33 36 39 2f 74 |/tcp":{},"4369/t|
|000007f0| 63 70 22 3a 7b 7d 2c 22 35 36 37 31 2f 74 63 70 |cp":{},"5671/tcp|
|00000800| 22 3a 7b 7d 2c 22 35 36 37 32 2f 74 63 70 22 3a |":{},"5672/tcp":|
|00000810| 7b 7d 7d 2c 22 54 74 79 22 3a 66 61 6c 73 65 2c |{}},"Tty":false,|
|00000820| 22 4f 70 65 6e 53 74 64 69 6e 22 3a 66 61 6c 73 |"OpenStdin":fals|
|00000830| 65 2c 22 53 74 64 69 6e 4f 6e 63 65 22 3a 66 61 |e,"StdinOnce":fa|
|00000840| 6c 73 65 2c 22 45 6e 76 22 3a 5b 22 52 41 42 42 |lse,"Env":["RABB|
|00000850| 49 54 4d 51 5f 55 53 45 52 3d 67 75 65 73 74 22 |ITMQ_USER=guest"|
|00000860| 2c 22 52 41 42 42 49 54 4d 51 5f 50 41 53 53 57 |,"RABBITMQ_PASSW|
|00000870| 4f 52 44 3d 67 75 65 73 74 22 2c 22 6e 6f 5f 70 |ORD=guest","no_p|
|00000880| 72 6f 78 79 3d 2a 2e 6c 6f 63 61 6c 2c 20 31 36 |roxy=*.local, 16|
|00000890| 39 2e 32 35 34 2f 31 36 22 2c 22 50 41 54 48 3d |9.254/16","PATH=|
|000008a0| 2f 75 73 72 2f 6c 69 62 2f 72 61 62 62 69 74 6d |/usr/lib/rabbitm|
|000008b0| 71 2f 62 69 6e 3a 2f 75 73 72 2f 6c 6f 63 61 6c |q/bin:/usr/local|
|000008c0| 2f 73 62 69 6e 3a 2f 75 73 72 2f 6c 6f 63 61 6c |/sbin:/usr/local|
|000008d0| 2f 62 69 6e 3a 2f 75 73 72 2f 73 62 69 6e 3a 2f |/bin:/usr/sbin:/|
|000008e0| 75 73 72 2f 62 69 6e 3a 2f 73 62 69 6e 3a 2f 62 |usr/bin:/sbin:/b|
|000008f0| 69 6e 22 2c 22 47 4f 53 55 5f 56 45 52 53 49 4f |in","GOSU_VERSIO|
|00000900| 4e 3d 31 2e 31 30 22 2c 22 52 41 42 42 49 54 4d |N=1.10","RABBITM|
|00000910| 51 5f 4c 4f 47 53 3d 2d 22 2c 22 52 41 42 42 49 |Q_LOGS=-","RABBI|
|00000920| 54 4d 51 5f 53 41 53 4c 5f 4c 4f 47 53 3d 2d 22 |TMQ_SASL_LOGS=-"|
|00000930| 2c 22 52 41 42 42 49 54 4d 51 5f 47 50 47 5f 4b |,"RABBITMQ_GPG_K|
|00000940| 45 59 3d 30 41 39 41 46 32 31 31 35 46 34 36 38 |EY=0A9AF2115F468|
|00000950| 37 42 44 32 39 38 30 33 41 32 30 36 42 37 33 41 |7BD29803A206B73A|
|00000960| 33 36 45 36 30 32 36 44 46 43 41 22 2c 22 52 41 |36E6026DFCA","RA|
|00000970| 42 42 49 54 4d 51 5f 56 45 52 53 49 4f 4e 3d 33 |BBITMQ_VERSION=3|
|00000980| 2e 36 2e 31 34 22 2c 22 52 41 42 42 49 54 4d 51 |.6.14","RABBITMQ|
|00000990| 5f 47 49 54 48 55 42 5f 54 41 47 3d 72 61 62 62 |_GITHUB_TAG=rabb|
|000009a0| 69 74 6d 71 5f 76 33 5f 36 5f 31 34 22 2c 22 52 |itmq_v3_6_14","R|
|000009b0| 41 42 42 49 54 4d 51 5f 44 45 42 49 41 4e 5f 56 |ABBITMQ_DEBIAN_V|
|000009c0| 45 52 53 49 4f 4e 3d 33 2e 36 2e 31 34 2d 31 22 |ERSION=3.6.14-1"|
|000009d0| 2c 22 48 4f 4d 45 3d 2f 76 61 72 2f 6c 69 62 2f |,"HOME=/var/lib/|
|000009e0| 72 61 62 62 69 74 6d 71 22 5d 2c 22 43 6d 64 22 |rabbitmq"],"Cmd"|
|000009f0| 3a 5b 22 72 61 62 62 69 74 6d 71 2d 73 65 72 76 |:["rabbitmq-serv|
|00000a00| 65 72 22 5d 2c 22 41 72 67 73 45 73 63 61 70 65 |er"],"ArgsEscape|
|00000a10| 64 22 3a 74 72 75 65 2c 22 49 6d 61 67 65 22 3a |d":true,"Image":|
|00000a20| 22 72 61 62 62 69 74 6d 71 3a 33 2e 36 2e 31 34 |"rabbitmq:3.6.14|
|00000a30| 22 2c 22 56 6f 6c 75 6d 65 73 22 3a 7b 22 2f 76 |","Volumes":{"/v|
|00000a40| 61 72 2f 6c 69 62 2f 72 61 62 62 69 74 6d 71 22 |ar/lib/rabbitmq"|
|00000a50| 3a 7b 7d 7d 2c 22 57 6f 72 6b 69 6e 67 44 69 72 |:{}},"WorkingDir|
|00000a60| 22 3a 22 22 2c 22 45 6e 74 72 79 70 6f 69 6e 74 |":"","Entrypoint|
|00000a70| 22 3a 5b 22 64 6f 63 6b 65 72 2d 65 6e 74 72 79 |":["docker-entry|
|00000a80| 70 6f 69 6e 74 2e 73 68 22 5d 2c 22 4f 6e 42 75 |point.sh"],"OnBu|
|00000a90| 69 6c 64 22 3a 6e 75 6c 6c 2c 22 4c 61 62 65 6c |ild":null,"Label|
|00000aa0| 73 22 3a 7b 22 6f 72 67 2e 74 65 73 74 63 6f 6e |s":{"org.testcon|
|00000ab0| 74 61 69 6e 65 72 73 22 3a 22 74 72 75 65 22 7d |tainers":"true"}|
|00000ac0| 7d 2c 22 4e 65 74 77 6f 72 6b 53 65 74 74 69 6e |},"NetworkSettin|
|00000ad0| 67 73 22 3a 7b 22 42 72 69 64 67 65 22 3a 22 22 |gs":{"Bridge":""|
|00000ae0| 2c 22 53 61 6e 64 62 6f 78 49 44 22 3a 22 32 31 |,"SandboxID":"21|
|00000af0| 32 33 36 38 30 61 37 38 36 31 32 37 30 39 66 39 |23680a78612709f9|
|00000b00| 64 32 32 32 39 66 39 62 34 30 39 66 33 62 30 35 |d2229f9b409f3b05|
|00000b10| 62 61 63 65 65 39 61 65 34 35 32 39 38 31 66 30 |bacee9ae452981f0|
|00000b20| 64 64 33 36 32 30 65 61 61 33 33 64 64 61 22 2c |dd3620eaa33dda",|
|00000b30| 22 48 61 69 72 70 69 6e 4d 6f 64 65 22 3a 66 61 |"HairpinMode":fa|
|00000b40| 6c 73 65 2c 22 4c 69 6e 6b 4c 6f 63 61 6c 49 50 |lse,"LinkLocalIP|
|00000b50| 76 36 41 64 64 72 65 73 73 22 3a 22 22 2c 22 4c |v6Address":"","L|
|00000b60| 69 6e 6b 4c 6f 63 61 6c 49 50 76 36 50 72 65 66 |inkLocalIPv6Pref|
|00000b70| 69 78 4c 65 6e 22 3a 30 2c 22 50 6f 72 74 73 22 |ixLen":0,"Ports"|
|00000b80| 3a 7b 7d 2c 22 53 61 6e 64 62 6f 78 4b 65 79 22 |:{},"SandboxKey"|
|00000b90| 3a 22 2f 76 61 72 2f 72 75 6e 2f 64 6f 63 6b 65 |:"/var/run/docke|
|00000ba0| 72 2f 6e 65 74 6e 73 2f 32 31 32 33 36 38 30 61 |r/netns/2123680a|
|00000bb0| 37 38 36 31 22 2c 22 53 65 63 6f 6e 64 61 72 79 |7861","Secondary|
|00000bc0| 49 50 41 64 64 72 65 73 73 65 73 22 3a 6e 75 6c |IPAddresses":nul|
|00000bd0| 6c 2c 22 53 65 63 6f 6e 64 61 72 79 49 50 76 36 |l,"SecondaryIPv6|
|00000be0| 41 64 64 72 65 73 73 65 73 22 3a 6e 75 6c 6c 2c |Addresses":null,|
|00000bf0| 22 45 6e 64 70 6f 69 6e 74 49 44 22 3a 22 22 2c |"EndpointID":"",|
|00000c00| 22 47 61 74 65 77 61 79 22 3a 22 22 2c 22 47 6c |"Gateway":"","Gl|
|00000c10| 6f 62 61 6c 49 50 76 36 41 64 64 72 65 73 73 22 |obalIPv6Address"|
|00000c20| 3a 22 22 2c 22 47 6c 6f 62 61 6c 49 50 76 36 50 |:"","GlobalIPv6P|
|00000c30| 72 65 66 69 78 4c 65 6e 22 3a 30 2c 22 49 50 41 |refixLen":0,"IPA|
|00000c40| 64 64 72 65 73 73 22 3a 22 22 2c 22 49 50 50 72 |ddress":"","IPPr|
|00000c50| 65 66 69 78 4c 65 6e 22 3a 30 2c 22 49 50 76 36 |efixLen":0,"IPv6|
|00000c60| 47 61 74 65 77 61 79 22 3a 22 22 2c 22 4d 61 63 |Gateway":"","Mac|
|00000c70| 41 64 64 72 65 73 73 22 3a 22 22 2c 22 4e 65 74 |Address":"","Net|
|00000c80| 77 6f 72 6b 73 22 3a 7b 22 62 72 69 64 67 65 22 |works":{"bridge"|
|00000c90| 3a 7b 22 49 50 41 4d 43 6f 6e 66 69 67 22 3a 6e |:{"IPAMConfig":n|
|00000ca0| 75 6c 6c 2c 22 4c 69 6e 6b 73 22 3a 6e 75 6c 6c |ull,"Links":null|
|00000cb0| 2c 22 41 6c 69 61 73 65 73 22 3a 6e 75 6c 6c 2c |,"Aliases":null,|
|00000cc0| 22 4e 65 74 77 6f 72 6b 49 44 22 3a 22 39 66 65 |"NetworkID":"9fe|
|00000cd0| 38 62 39 32 64 61 66 63 30 35 34 34 36 33 33 37 |8b92dafc05446337|
|00000ce0| 39 64 39 34 35 38 61 64 65 37 37 64 35 31 61 34 |9d9458ade77d51a4|
|00000cf0| 61 62 39 30 61 64 31 33 65 35 34 61 65 32 31 61 |ab90ad13e54ae21a|
|00000d00| 31 38 64 36 35 66 66 32 63 30 37 63 61 22 2c 22 |18d65ff2c07ca","|
|00000d10| 45 6e 64 70 6f 69 6e 74 49 44 22 3a 22 22 2c 22 |EndpointID":"","|
|00000d20| 47 61 74 65 77 61 79 22 3a 22 22 2c 22 49 50 41 |Gateway":"","IPA|
|00000d30| 64 64 72 65 73 73 22 3a 22 22 2c 22 49 50 50 72 |ddress":"","IPPr|
|00000d40| 65 66 69 78 4c 65 6e 22 3a 30 2c 22 49 50 76 36 |efixLen":0,"IPv6|
|00000d50| 47 61 74 65 77 61 79 22 3a 22 22 2c 22 47 6c 6f |Gateway":"","Glo|
|00000d60| 62 61 6c 49 50 76 36 41 64 64 72 65 73 73 22 3a |balIPv6Address":|
|00000d70| 22 22 2c 22 47 6c 6f 62 61 6c 49 50 76 36 50 72 |"","GlobalIPv6Pr|
|00000d80| 65 66 69 78 4c 65 6e 22 3a 30 2c 22 4d 61 63 41 |efixLen":0,"MacA|
|00000d90| 64 64 72 65 73 73 22 3a 22 22 2c 22 44 72 69 76 |ddress":"","Driv|
|00000da0| 65 72 4f 70 74 73 22 3a 6e 75 6c 6c 7d 7d 7d 7d |erOpts":null}}}}|
|00000db0| 0a                                              |.               |
+--------+-------------------------------------------------+----------------+
2017-11-27 22:09:22.648 DEBUG 24827 --- [java-netty-1-15] c.g.d.netty.NettyDockerCmdExecFactory$1  : [id: 0xd8b09e66, L:null - R:/var/run/docker.sock] READ, EmptyLastHttpContent, 0B
2017-11-27 22:09:22.648 DEBUG 24827 --- [java-netty-1-15] c.g.d.netty.NettyDockerCmdExecFactory$1  : [id: 0xd8b09e66, L:null - R:/var/run/docker.sock] CLOSE
2017-11-27 22:09:22.648 DEBUG 24827 --- [java-netty-1-15] xecFactory$UnixDomainSocketInitializer$3 : [id: 0xd8b09e66, L:null - R:/var/run/docker.sock] CLOSE
2017-11-27 22:09:22.648 DEBUG 24827 --- [java-netty-1-15] xecFactory$UnixDomainSocketInitializer$3 : [id: 0xd8b09e66, L:null ! R:/var/run/docker.sock] READ COMPLETE
2017-11-27 22:09:22.648 DEBUG 24827 --- [java-netty-1-15] c.g.d.netty.NettyDockerCmdExecFactory$1  : [id: 0xd8b09e66, L:null ! R:/var/run/docker.sock] READ COMPLETE
2017-11-27 22:09:22.648 DEBUG 24827 --- [java-netty-1-15] xecFactory$UnixDomainSocketInitializer$3 : [id: 0xd8b09e66, L:null ! R:/var/run/docker.sock] INACTIVE
2017-11-27 22:09:22.648 DEBUG 24827 --- [java-netty-1-15] c.g.d.netty.NettyDockerCmdExecFactory$1  : [id: 0xd8b09e66, L:null ! R:/var/run/docker.sock] INACTIVE
2017-11-27 22:09:22.648 DEBUG 24827 --- [           main] c.g.d.core.command.AbstrDockerCmd        : Cmd: 8dd1d7d3e1e1d6bdcc6c2faf38dd514172bbf3b517e3076fa7e0919db0066182,true,true,com.github.dockerjava.netty.exec.RemoveContainerCmdExec@6367a688
2017-11-27 22:09:22.648 DEBUG 24827 --- [java-netty-1-15] xecFactory$UnixDomainSocketInitializer$3 : [id: 0xd8b09e66, L:null ! R:/var/run/docker.sock] UNREGISTERED
2017-11-27 22:09:22.648 DEBUG 24827 --- [java-netty-1-15] c.g.d.netty.NettyDockerCmdExecFactory$1  : [id: 0xd8b09e66, L:null ! R:/var/run/docker.sock] UNREGISTERED
2017-11-27 22:09:22.649 DEBUG 24827 --- [java-netty-1-16] xecFactory$UnixDomainSocketInitializer$3 : [id: 0x93e9d07f] REGISTERED
2017-11-27 22:09:22.649 DEBUG 24827 --- [java-netty-1-16] xecFactory$UnixDomainSocketInitializer$3 : [id: 0x93e9d07f] CONNECT: /var/run/docker.sock
2017-11-27 22:09:22.649 DEBUG 24827 --- [java-netty-1-16] xecFactory$UnixDomainSocketInitializer$3 : [id: 0x93e9d07f, L:null - R:/var/run/docker.sock] ACTIVE
2017-11-27 22:09:22.649 DEBUG 24827 --- [java-netty-1-16] c.g.d.netty.NettyDockerCmdExecFactory$1  : [id: 0x93e9d07f, L:null - R:/var/run/docker.sock] WRITE, DefaultFullHttpRequest(decodeResult: success, version: HTTP/1.1, content: UnpooledByteBufAllocator$InstrumentedUnpooledUnsafeHeapByteBuf(ridx: 0, widx: 0, cap: 0))
DELETE /containers/8dd1d7d3e1e1d6bdcc6c2faf38dd514172bbf3b517e3076fa7e0919db0066182?v=true&force=true HTTP/1.1
host:
connection: keep-alive
accept-encoding: gzip
accept: application/json, 0B
2017-11-27 22:09:22.649 DEBUG 24827 --- [java-netty-1-16] xecFactory$UnixDomainSocketInitializer$3 : [id: 0x93e9d07f, L:null - R:/var/run/docker.sock] WRITE: 195B
         +-------------------------------------------------+
         |  0  1  2  3  4  5  6  7  8  9  a  b  c  d  e  f |
+--------+-------------------------------------------------+----------------+
|00000000| 44 45 4c 45 54 45 20 2f 63 6f 6e 74 61 69 6e 65 |DELETE /containe|
|00000010| 72 73 2f 38 64 64 31 64 37 64 33 65 31 65 31 64 |rs/8dd1d7d3e1e1d|
|00000020| 36 62 64 63 63 36 63 32 66 61 66 33 38 64 64 35 |6bdcc6c2faf38dd5|
|00000030| 31 34 31 37 32 62 62 66 33 62 35 31 37 65 33 30 |14172bbf3b517e30|
|00000040| 37 36 66 61 37 65 30 39 31 39 64 62 30 30 36 36 |76fa7e0919db0066|
|00000050| 31 38 32 3f 76 3d 74 72 75 65 26 66 6f 72 63 65 |182?v=true&force|
|00000060| 3d 74 72 75 65 20 48 54 54 50 2f 31 2e 31 0d 0a |=true HTTP/1.1..|
|00000070| 68 6f 73 74 3a 20 0d 0a 63 6f 6e 6e 65 63 74 69 |host: ..connecti|
|00000080| 6f 6e 3a 20 6b 65 65 70 2d 61 6c 69 76 65 0d 0a |on: keep-alive..|
|00000090| 61 63 63 65 70 74 2d 65 6e 63 6f 64 69 6e 67 3a |accept-encoding:|
|000000a0| 20 67 7a 69 70 0d 0a 61 63 63 65 70 74 3a 20 61 | gzip..accept: a|
|000000b0| 70 70 6c 69 63 61 74 69 6f 6e 2f 6a 73 6f 6e 0d |pplication/json.|
|000000c0| 0a 0d 0a                                        |...             |
+--------+-------------------------------------------------+----------------+
2017-11-27 22:09:22.649 DEBUG 24827 --- [java-netty-1-16] c.g.d.netty.NettyDockerCmdExecFactory$1  : [id: 0x93e9d07f, L:null - R:/var/run/docker.sock] FLUSH
2017-11-27 22:09:22.649 DEBUG 24827 --- [java-netty-1-16] xecFactory$UnixDomainSocketInitializer$3 : [id: 0x93e9d07f, L:null - R:/var/run/docker.sock] FLUSH
2017-11-27 22:09:22.661 DEBUG 24827 --- [java-netty-1-16] xecFactory$UnixDomainSocketInitializer$3 : [id: 0x93e9d07f, L:null - R:/var/run/docker.sock] READ: 161B
         +-------------------------------------------------+
         |  0  1  2  3  4  5  6  7  8  9  a  b  c  d  e  f |
+--------+-------------------------------------------------+----------------+
|00000000| 48 54 54 50 2f 31 2e 31 20 32 30 34 20 4e 6f 20 |HTTP/1.1 204 No |
|00000010| 43 6f 6e 74 65 6e 74 0d 0a 41 70 69 2d 56 65 72 |Content..Api-Ver|
|00000020| 73 69 6f 6e 3a 20 31 2e 33 32 0d 0a 44 61 74 65 |sion: 1.32..Date|
|00000030| 3a 20 4d 6f 6e 2c 20 32 37 20 4e 6f 76 20 32 30 |: Mon, 27 Nov 20|
|00000040| 31 37 20 32 31 3a 30 39 3a 31 39 20 47 4d 54 0d |17 21:09:19 GMT.|
|00000050| 0a 44 6f 63 6b 65 72 2d 45 78 70 65 72 69 6d 65 |.Docker-Experime|
|00000060| 6e 74 61 6c 3a 20 66 61 6c 73 65 0d 0a 4f 73 74 |ntal: false..Ost|
|00000070| 79 70 65 3a 20 6c 69 6e 75 78 0d 0a 53 65 72 76 |ype: linux..Serv|
|00000080| 65 72 3a 20 44 6f 63 6b 65 72 2f 31 37 2e 30 39 |er: Docker/17.09|
|00000090| 2e 30 2d 63 65 20 28 6c 69 6e 75 78 29 0d 0a 0d |.0-ce (linux)...|
|000000a0| 0a                                              |.               |
+--------+-------------------------------------------------+----------------+
2017-11-27 22:09:22.661 DEBUG 24827 --- [java-netty-1-16] c.g.d.netty.NettyDockerCmdExecFactory$1  : [id: 0x93e9d07f, L:null - R:/var/run/docker.sock] READ: DefaultHttpResponse(decodeResult: success, version: HTTP/1.1)
HTTP/1.1 204 No Content
Api-Version: 1.32
Date: Mon, 27 Nov 2017 21:09:19 GMT
Docker-Experimental: false
Ostype: linux
Server: Docker/17.09.0-ce (linux)
2017-11-27 22:09:22.661 DEBUG 24827 --- [java-netty-1-16] c.g.d.netty.NettyDockerCmdExecFactory$1  : [id: 0x93e9d07f, L:null - R:/var/run/docker.sock] READ, EmptyLastHttpContent, 0B
2017-11-27 22:09:22.661 DEBUG 24827 --- [java-netty-1-16] c.g.d.netty.NettyDockerCmdExecFactory$1  : [id: 0x93e9d07f, L:null - R:/var/run/docker.sock] CLOSE
2017-11-27 22:09:22.661 DEBUG 24827 --- [java-netty-1-16] xecFactory$UnixDomainSocketInitializer$3 : [id: 0x93e9d07f, L:null - R:/var/run/docker.sock] CLOSE
2017-11-27 22:09:22.662 DEBUG 24827 --- [java-netty-1-16] xecFactory$UnixDomainSocketInitializer$3 : [id: 0x93e9d07f, L:null ! R:/var/run/docker.sock] READ COMPLETE
2017-11-27 22:09:22.662 DEBUG 24827 --- [java-netty-1-16] c.g.d.netty.NettyDockerCmdExecFactory$1  : [id: 0x93e9d07f, L:null ! R:/var/run/docker.sock] READ COMPLETE
2017-11-27 22:09:22.662 DEBUG 24827 --- [java-netty-1-16] xecFactory$UnixDomainSocketInitializer$3 : [id: 0x93e9d07f, L:null ! R:/var/run/docker.sock] INACTIVE
2017-11-27 22:09:22.662 DEBUG 24827 --- [java-netty-1-16] c.g.d.netty.NettyDockerCmdExecFactory$1  : [id: 0x93e9d07f, L:null ! R:/var/run/docker.sock] INACTIVE
2017-11-27 22:09:22.662 DEBUG 24827 --- [java-netty-1-16] xecFactory$UnixDomainSocketInitializer$3 : [id: 0x93e9d07f, L:null ! R:/var/run/docker.sock] UNREGISTERED
2017-11-27 22:09:22.662 DEBUG 24827 --- [java-netty-1-16] c.g.d.netty.NettyDockerCmdExecFactory$1  : [id: 0x93e9d07f, L:null ! R:/var/run/docker.sock] UNREGISTERED
2017-11-27 22:09:22.662  INFO 24827 --- [       Thread-5] ationConfigEmbeddedWebApplicationContext : Closing org.springframework.boot.context.embedded.AnnotationConfigEmbeddedWebApplicationContext@3174cb09: startup date [Mon Nov 27 22:09:12 CET 2017]; root of context hierarchy
2017-11-27 22:09:22.664 DEBUG 24827 --- [       Thread-1] c.g.d.core.command.AbstrDockerCmd        : Cmd: 760a11cda02e910f00711b5a13bda9b1a918e18eb4153f1bfc40e23e16ada5cc,false,com.github.dockerjava.netty.exec.InspectContainerCmdExec@758cbdad
2017-11-27 22:09:22.664 DEBUG 24827 --- [       Thread-1] c.g.d.n.exec.InspectContainerCmdExec     : GET: com.github.dockerjava.netty.WebTarget@35426afe
2017-11-27 22:09:22.664 DEBUG 24827 --- [rjava-netty-1-1] xecFactory$UnixDomainSocketInitializer$3 : [id: 0xb7b95bb7] REGISTERED
2017-11-27 22:09:22.665 DEBUG 24827 --- [rjava-netty-1-1] xecFactory$UnixDomainSocketInitializer$3 : [id: 0xb7b95bb7] CONNECT: /var/run/docker.sock
2017-11-27 22:09:22.665 DEBUG 24827 --- [rjava-netty-1-1] xecFactory$UnixDomainSocketInitializer$3 : [id: 0xb7b95bb7, L:null - R:/var/run/docker.sock] ACTIVE
2017-11-27 22:09:22.665  INFO 24827 --- [       Thread-5] o.s.c.support.DefaultLifecycleProcessor  : Stopping beans in phase 2147483647
2017-11-27 22:09:22.665 DEBUG 24827 --- [rjava-netty-1-1] c.g.d.netty.NettyDockerCmdExecFactory$1  : [id: 0xb7b95bb7, L:null - R:/var/run/docker.sock] WRITE, DefaultFullHttpRequest(decodeResult: success, version: HTTP/1.1, content: UnpooledByteBufAllocator$InstrumentedUnpooledUnsafeHeapByteBuf(ridx: 0, widx: 0, cap: 0))
GET /containers/760a11cda02e910f00711b5a13bda9b1a918e18eb4153f1bfc40e23e16ada5cc/json HTTP/1.1
host:
connection: keep-alive
accept-encoding: gzip
accept: application/json, 0B
2017-11-27 22:09:22.665 DEBUG 24827 --- [rjava-netty-1-1] xecFactory$UnixDomainSocketInitializer$3 : [id: 0xb7b95bb7, L:null - R:/var/run/docker.sock] WRITE: 179B
         +-------------------------------------------------+
         |  0  1  2  3  4  5  6  7  8  9  a  b  c  d  e  f |
+--------+-------------------------------------------------+----------------+
|00000000| 47 45 54 20 2f 63 6f 6e 74 61 69 6e 65 72 73 2f |GET /containers/|
|00000010| 37 36 30 61 31 31 63 64 61 30 32 65 39 31 30 66 |760a11cda02e910f|
|00000020| 30 30 37 31 31 62 35 61 31 33 62 64 61 39 62 31 |00711b5a13bda9b1|
|00000030| 61 39 31 38 65 31 38 65 62 34 31 35 33 66 31 62 |a918e18eb4153f1b|
|00000040| 66 63 34 30 65 32 33 65 31 36 61 64 61 35 63 63 |fc40e23e16ada5cc|
|00000050| 2f 6a 73 6f 6e 20 48 54 54 50 2f 31 2e 31 0d 0a |/json HTTP/1.1..|
|00000060| 68 6f 73 74 3a 20 0d 0a 63 6f 6e 6e 65 63 74 69 |host: ..connecti|
|00000070| 6f 6e 3a 20 6b 65 65 70 2d 61 6c 69 76 65 0d 0a |on: keep-alive..|
|00000080| 61 63 63 65 70 74 2d 65 6e 63 6f 64 69 6e 67 3a |accept-encoding:|
|00000090| 20 67 7a 69 70 0d 0a 61 63 63 65 70 74 3a 20 61 | gzip..accept: a|
|000000a0| 70 70 6c 69 63 61 74 69 6f 6e 2f 6a 73 6f 6e 0d |pplication/json.|
|000000b0| 0a 0d 0a                                        |...             |
+--------+-------------------------------------------------+----------------+
2017-11-27 22:09:22.665 DEBUG 24827 --- [rjava-netty-1-1] c.g.d.netty.NettyDockerCmdExecFactory$1  : [id: 0xb7b95bb7, L:null - R:/var/run/docker.sock] FLUSH
2017-11-27 22:09:22.665 DEBUG 24827 --- [rjava-netty-1-1] xecFactory$UnixDomainSocketInitializer$3 : [id: 0xb7b95bb7, L:null - R:/var/run/docker.sock] FLUSH
2017-11-27 22:09:22.666  INFO 24827 --- [       Thread-5] o.s.a.r.l.SimpleMessageListenerContainer : Waiting for workers to finish.
2017-11-27 22:09:22.666  INFO 24827 --- [       Thread-5] o.s.a.r.l.SimpleMessageListenerContainer : Successfully waited for workers to finish.
2017-11-27 22:09:22.666  INFO 24827 --- [       Thread-5] o.s.c.support.DefaultLifecycleProcessor  : Stopping beans in phase 1073741823
2017-11-27 22:09:22.666  INFO 24827 --- [       Thread-5] o.s.i.a.i.AmqpInboundChannelAdapter      : stopped org.springframework.integration.amqp.inbound.AmqpInboundChannelAdapter#0
2017-11-27 22:09:22.666  INFO 24827 --- [       Thread-5] o.s.c.support.DefaultLifecycleProcessor  : Stopping beans in phase 0
2017-11-27 22:09:22.667  INFO 24827 --- [       Thread-5] o.s.integration.channel.DirectChannel    : Channel 'application:0.amqpInbound.channel#0' has 0 subscriber(s).
2017-11-27 22:09:22.667  INFO 24827 --- [       Thread-5] o.s.i.endpoint.EventDrivenConsumer       : stopped org.springframework.integration.config.ConsumerEndpointFactoryBean#0
2017-11-27 22:09:22.667  INFO 24827 --- [       Thread-5] o.s.i.endpoint.EventDrivenConsumer       : Removing {logging-channel-adapter:_org.springframework.integration.errorLogger} as a subscriber to the 'errorChannel' channel
2017-11-27 22:09:22.667  INFO 24827 --- [       Thread-5] o.s.i.channel.PublishSubscribeChannel    : Channel 'application:0.errorChannel' has 0 subscriber(s).
2017-11-27 22:09:22.667  INFO 24827 --- [       Thread-5] o.s.i.endpoint.EventDrivenConsumer       : stopped _org.springframework.integration.errorLogger
2017-11-27 22:09:22.668  INFO 24827 --- [       Thread-5] o.s.s.c.ThreadPoolTaskScheduler          : Shutting down ExecutorService 'taskScheduler'
2017-11-27 22:09:22.668 DEBUG 24827 --- [rjava-netty-1-1] xecFactory$UnixDomainSocketInitializer$3 : [id: 0xb7b95bb7, L:null - R:/var/run/docker.sock] READ: 1024B
         +-------------------------------------------------+
         |  0  1  2  3  4  5  6  7  8  9  a  b  c  d  e  f |
+--------+-------------------------------------------------+----------------+
|00000000| 48 54 54 50 2f 31 2e 31 20 32 30 30 20 4f 4b 0d |HTTP/1.1 200 OK.|
|00000010| 0a 41 70 69 2d 56 65 72 73 69 6f 6e 3a 20 31 2e |.Api-Version: 1.|
|00000020| 33 32 0d 0a 43 6f 6e 74 65 6e 74 2d 54 79 70 65 |32..Content-Type|
|00000030| 3a 20 61 70 70 6c 69 63 61 74 69 6f 6e 2f 6a 73 |: application/js|
|00000040| 6f 6e 0d 0a 44 61 74 65 3a 20 4d 6f 6e 2c 20 32 |on..Date: Mon, 2|
|00000050| 37 20 4e 6f 76 20 32 30 31 37 20 32 31 3a 30 39 |7 Nov 2017 21:09|
|00000060| 3a 31 39 20 47 4d 54 0d 0a 44 6f 63 6b 65 72 2d |:19 GMT..Docker-|
|00000070| 45 78 70 65 72 69 6d 65 6e 74 61 6c 3a 20 66 61 |Experimental: fa|
|00000080| 6c 73 65 0d 0a 4f 73 74 79 70 65 3a 20 6c 69 6e |lse..Ostype: lin|
|00000090| 75 78 0d 0a 53 65 72 76 65 72 3a 20 44 6f 63 6b |ux..Server: Dock|
|000000a0| 65 72 2f 31 37 2e 30 39 2e 30 2d 63 65 20 28 6c |er/17.09.0-ce (l|
|000000b0| 69 6e 75 78 29 0d 0a 54 72 61 6e 73 66 65 72 2d |inux)..Transfer-|
|000000c0| 45 6e 63 6f 64 69 6e 67 3a 20 63 68 75 6e 6b 65 |Encoding: chunke|
|000000d0| 64 0d 0a 0d 0a 31 32 36 64 0d 0a 7b 22 49 64 22 |d....126d..{"Id"|
|000000e0| 3a 22 37 36 30 61 31 31 63 64 61 30 32 65 39 31 |:"760a11cda02e91|
|000000f0| 30 66 30 30 37 31 31 62 35 61 31 33 62 64 61 39 |0f00711b5a13bda9|
|00000100| 62 31 61 39 31 38 65 31 38 65 62 34 31 35 33 66 |b1a918e18eb4153f|
|00000110| 31 62 66 63 34 30 65 32 33 65 31 36 61 64 61 35 |1bfc40e23e16ada5|
|00000120| 63 63 22 2c 22 43 72 65 61 74 65 64 22 3a 22 32 |cc","Created":"2|
|00000130| 30 31 37 2d 31 31 2d 32 37 54 32 31 3a 30 39 3a |017-11-27T21:09:|
|00000140| 30 35 2e 36 30 36 37 39 38 31 30 32 5a 22 2c 22 |05.606798102Z","|
|00000150| 50 61 74 68 22 3a 22 64 6f 63 6b 65 72 2d 65 6e |Path":"docker-en|
|00000160| 74 72 79 70 6f 69 6e 74 2e 73 68 22 2c 22 41 72 |trypoint.sh","Ar|
|00000170| 67 73 22 3a 5b 22 72 61 62 62 69 74 6d 71 2d 73 |gs":["rabbitmq-s|
|00000180| 65 72 76 65 72 22 5d 2c 22 53 74 61 74 65 22 3a |erver"],"State":|
|00000190| 7b 22 53 74 61 74 75 73 22 3a 22 72 75 6e 6e 69 |{"Status":"runni|
|000001a0| 6e 67 22 2c 22 52 75 6e 6e 69 6e 67 22 3a 74 72 |ng","Running":tr|
|000001b0| 75 65 2c 22 50 61 75 73 65 64 22 3a 66 61 6c 73 |ue,"Paused":fals|
|000001c0| 65 2c 22 52 65 73 74 61 72 74 69 6e 67 22 3a 66 |e,"Restarting":f|
|000001d0| 61 6c 73 65 2c 22 4f 4f 4d 4b 69 6c 6c 65 64 22 |alse,"OOMKilled"|
|000001e0| 3a 66 61 6c 73 65 2c 22 44 65 61 64 22 3a 66 61 |:false,"Dead":fa|
|000001f0| 6c 73 65 2c 22 50 69 64 22 3a 31 35 38 38 39 2c |lse,"Pid":15889,|
|00000200| 22 45 78 69 74 43 6f 64 65 22 3a 30 2c 22 45 72 |"ExitCode":0,"Er|
|00000210| 72 6f 72 22 3a 22 22 2c 22 53 74 61 72 74 65 64 |ror":"","Started|
|00000220| 41 74 22 3a 22 32 30 31 37 2d 31 31 2d 32 37 54 |At":"2017-11-27T|
|00000230| 32 31 3a 30 39 3a 30 36 2e 37 34 37 30 36 37 33 |21:09:06.7470673|
|00000240| 38 38 5a 22 2c 22 46 69 6e 69 73 68 65 64 41 74 |88Z","FinishedAt|
|00000250| 22 3a 22 30 30 30 31 2d 30 31 2d 30 31 54 30 30 |":"0001-01-01T00|
|00000260| 3a 30 30 3a 30 30 5a 22 7d 2c 22 49 6d 61 67 65 |:00:00Z"},"Image|
|00000270| 22 3a 22 73 68 61 32 35 36 3a 37 39 61 30 30 38 |":"sha256:79a008|
|00000280| 62 32 35 39 36 32 65 31 61 31 34 33 65 30 32 62 |b25962e1a143e02b|
|00000290| 33 37 31 38 37 66 38 35 35 63 62 32 32 34 65 32 |37187f855cb224e2|
|000002a0| 32 30 33 62 39 34 63 63 39 66 38 37 65 38 31 66 |203b94cc9f87e81f|
|000002b0| 65 32 37 35 36 36 30 63 39 64 22 2c 22 52 65 73 |e275660c9d","Res|
|000002c0| 6f 6c 76 43 6f 6e 66 50 61 74 68 22 3a 22 2f 76 |olvConfPath":"/v|
|000002d0| 61 72 2f 6c 69 62 2f 64 6f 63 6b 65 72 2f 63 6f |ar/lib/docker/co|
|000002e0| 6e 74 61 69 6e 65 72 73 2f 37 36 30 61 31 31 63 |ntainers/760a11c|
|000002f0| 64 61 30 32 65 39 31 30 66 30 30 37 31 31 62 35 |da02e910f00711b5|
|00000300| 61 31 33 62 64 61 39 62 31 61 39 31 38 65 31 38 |a13bda9b1a918e18|
|00000310| 65 62 34 31 35 33 66 31 62 66 63 34 30 65 32 33 |eb4153f1bfc40e23|
|00000320| 65 31 36 61 64 61 35 63 63 2f 72 65 73 6f 6c 76 |e16ada5cc/resolv|
|00000330| 2e 63 6f 6e 66 22 2c 22 48 6f 73 74 6e 61 6d 65 |.conf","Hostname|
|00000340| 50 61 74 68 22 3a 22 2f 76 61 72 2f 6c 69 62 2f |Path":"/var/lib/|
|00000350| 64 6f 63 6b 65 72 2f 63 6f 6e 74 61 69 6e 65 72 |docker/container|
|00000360| 73 2f 37 36 30 61 31 31 63 64 61 30 32 65 39 31 |s/760a11cda02e91|
|00000370| 30 66 30 30 37 31 31 62 35 61 31 33 62 64 61 39 |0f00711b5a13bda9|
|00000380| 62 31 61 39 31 38 65 31 38 65 62 34 31 35 33 66 |b1a918e18eb4153f|
|00000390| 31 62 66 63 34 30 65 32 33 65 31 36 61 64 61 35 |1bfc40e23e16ada5|
|000003a0| 63 63 2f 68 6f 73 74 6e 61 6d 65 22 2c 22 48 6f |cc/hostname","Ho|
|000003b0| 73 74 73 50 61 74 68 22 3a 22 2f 76 61 72 2f 6c |stsPath":"/var/l|
|000003c0| 69 62 2f 64 6f 63 6b 65 72 2f 63 6f 6e 74 61 69 |ib/docker/contai|
|000003d0| 6e 65 72 73 2f 37 36 30 61 31 31 63 64 61 30 32 |ners/760a11cda02|
|000003e0| 65 39 31 30 66 30 30 37 31 31 62 35 61 31 33 62 |e910f00711b5a13b|
|000003f0| 64 61 39 62 31 61 39 31 38 65 31 38 65 62 34 31 |da9b1a918e18eb41|
+--------+-------------------------------------------------+----------------+
2017-11-27 22:09:22.668 DEBUG 24827 --- [rjava-netty-1-1] c.g.d.netty.NettyDockerCmdExecFactory$1  : [id: 0xb7b95bb7, L:null - R:/var/run/docker.sock] READ: DefaultHttpResponse(decodeResult: success, version: HTTP/1.1)
HTTP/1.1 200 OK
Api-Version: 1.32
Content-Type: application/json
Date: Mon, 27 Nov 2017 21:09:19 GMT
Docker-Experimental: false
Ostype: linux
Server: Docker/17.09.0-ce (linux)
Transfer-Encoding: chunked
2017-11-27 22:09:22.669 DEBUG 24827 --- [rjava-netty-1-1] c.g.d.netty.NettyDockerCmdExecFactory$1  : [id: 0xb7b95bb7, L:null - R:/var/run/docker.sock] READ: DefaultHttpContent(data: PooledSlicedByteBuf(ridx: 0, widx: 805, cap: 805/805, unwrapped: PooledUnsafeDirectByteBuf(ridx: 1024, widx: 1024, cap: 1024)), decoderResult: success), 805B
         +-------------------------------------------------+
         |  0  1  2  3  4  5  6  7  8  9  a  b  c  d  e  f |
+--------+-------------------------------------------------+----------------+
|00000000| 7b 22 49 64 22 3a 22 37 36 30 61 31 31 63 64 61 |{"Id":"760a11cda|
|00000010| 30 32 65 39 31 30 66 30 30 37 31 31 62 35 61 31 |02e910f00711b5a1|
|00000020| 33 62 64 61 39 62 31 61 39 31 38 65 31 38 65 62 |3bda9b1a918e18eb|
|00000030| 34 31 35 33 66 31 62 66 63 34 30 65 32 33 65 31 |4153f1bfc40e23e1|
|00000040| 36 61 64 61 35 63 63 22 2c 22 43 72 65 61 74 65 |6ada5cc","Create|
|00000050| 64 22 3a 22 32 30 31 37 2d 31 31 2d 32 37 54 32 |d":"2017-11-27T2|
|00000060| 31 3a 30 39 3a 30 35 2e 36 30 36 37 39 38 31 30 |1:09:05.60679810|
|00000070| 32 5a 22 2c 22 50 61 74 68 22 3a 22 64 6f 63 6b |2Z","Path":"dock|
|00000080| 65 72 2d 65 6e 74 72 79 70 6f 69 6e 74 2e 73 68 |er-entrypoint.sh|
|00000090| 22 2c 22 41 72 67 73 22 3a 5b 22 72 61 62 62 69 |","Args":["rabbi|
|000000a0| 74 6d 71 2d 73 65 72 76 65 72 22 5d 2c 22 53 74 |tmq-server"],"St|
|000000b0| 61 74 65 22 3a 7b 22 53 74 61 74 75 73 22 3a 22 |ate":{"Status":"|
|000000c0| 72 75 6e 6e 69 6e 67 22 2c 22 52 75 6e 6e 69 6e |running","Runnin|
|000000d0| 67 22 3a 74 72 75 65 2c 22 50 61 75 73 65 64 22 |g":true,"Paused"|
|000000e0| 3a 66 61 6c 73 65 2c 22 52 65 73 74 61 72 74 69 |:false,"Restarti|
|000000f0| 6e 67 22 3a 66 61 6c 73 65 2c 22 4f 4f 4d 4b 69 |ng":false,"OOMKi|
|00000100| 6c 6c 65 64 22 3a 66 61 6c 73 65 2c 22 44 65 61 |lled":false,"Dea|
|00000110| 64 22 3a 66 61 6c 73 65 2c 22 50 69 64 22 3a 31 |d":false,"Pid":1|
|00000120| 35 38 38 39 2c 22 45 78 69 74 43 6f 64 65 22 3a |5889,"ExitCode":|
|00000130| 30 2c 22 45 72 72 6f 72 22 3a 22 22 2c 22 53 74 |0,"Error":"","St|
|00000140| 61 72 74 65 64 41 74 22 3a 22 32 30 31 37 2d 31 |artedAt":"2017-1|
|00000150| 31 2d 32 37 54 32 31 3a 30 39 3a 30 36 2e 37 34 |1-27T21:09:06.74|
|00000160| 37 30 36 37 33 38 38 5a 22 2c 22 46 69 6e 69 73 |7067388Z","Finis|
|00000170| 68 65 64 41 74 22 3a 22 30 30 30 31 2d 30 31 2d |hedAt":"0001-01-|
|00000180| 30 31 54 30 30 3a 30 30 3a 30 30 5a 22 7d 2c 22 |01T00:00:00Z"},"|
|00000190| 49 6d 61 67 65 22 3a 22 73 68 61 32 35 36 3a 37 |Image":"sha256:7|
|000001a0| 39 61 30 30 38 62 32 35 39 36 32 65 31 61 31 34 |9a008b25962e1a14|
|000001b0| 33 65 30 32 62 33 37 31 38 37 66 38 35 35 63 62 |3e02b37187f855cb|
|000001c0| 32 32 34 65 32 32 30 33 62 39 34 63 63 39 66 38 |224e2203b94cc9f8|
|000001d0| 37 65 38 31 66 65 32 37 35 36 36 30 63 39 64 22 |7e81fe275660c9d"|
|000001e0| 2c 22 52 65 73 6f 6c 76 43 6f 6e 66 50 61 74 68 |,"ResolvConfPath|
|000001f0| 22 3a 22 2f 76 61 72 2f 6c 69 62 2f 64 6f 63 6b |":"/var/lib/dock|
|00000200| 65 72 2f 63 6f 6e 74 61 69 6e 65 72 73 2f 37 36 |er/containers/76|
|00000210| 30 61 31 31 63 64 61 30 32 65 39 31 30 66 30 30 |0a11cda02e910f00|
|00000220| 37 31 31 62 35 61 31 33 62 64 61 39 62 31 61 39 |711b5a13bda9b1a9|
|00000230| 31 38 65 31 38 65 62 34 31 35 33 66 31 62 66 63 |18e18eb4153f1bfc|
|00000240| 34 30 65 32 33 65 31 36 61 64 61 35 63 63 2f 72 |40e23e16ada5cc/r|
|00000250| 65 73 6f 6c 76 2e 63 6f 6e 66 22 2c 22 48 6f 73 |esolv.conf","Hos|
|00000260| 74 6e 61 6d 65 50 61 74 68 22 3a 22 2f 76 61 72 |tnamePath":"/var|
|00000270| 2f 6c 69 62 2f 64 6f 63 6b 65 72 2f 63 6f 6e 74 |/lib/docker/cont|
|00000280| 61 69 6e 65 72 73 2f 37 36 30 61 31 31 63 64 61 |ainers/760a11cda|
|00000290| 30 32 65 39 31 30 66 30 30 37 31 31 62 35 61 31 |02e910f00711b5a1|
|000002a0| 33 62 64 61 39 62 31 61 39 31 38 65 31 38 65 62 |3bda9b1a918e18eb|
|000002b0| 34 31 35 33 66 31 62 66 63 34 30 65 32 33 65 31 |4153f1bfc40e23e1|
|000002c0| 36 61 64 61 35 63 63 2f 68 6f 73 74 6e 61 6d 65 |6ada5cc/hostname|
|000002d0| 22 2c 22 48 6f 73 74 73 50 61 74 68 22 3a 22 2f |","HostsPath":"/|
|000002e0| 76 61 72 2f 6c 69 62 2f 64 6f 63 6b 65 72 2f 63 |var/lib/docker/c|
|000002f0| 6f 6e 74 61 69 6e 65 72 73 2f 37 36 30 61 31 31 |ontainers/760a11|
|00000300| 63 64 61 30 32 65 39 31 30 66 30 30 37 31 31 62 |cda02e910f00711b|
|00000310| 35 61 31 33 62 64 61 39 62 31 61 39 31 38 65 31 |5a13bda9b1a918e1|
|00000320| 38 65 62 34 31                                  |8eb41           |
+--------+-------------------------------------------------+----------------+
2017-11-27 22:09:22.669 DEBUG 24827 --- [rjava-netty-1-1] xecFactory$UnixDomainSocketInitializer$3 : [id: 0xb7b95bb7, L:null - R:/var/run/docker.sock] READ: 1024B
         +-------------------------------------------------+
         |  0  1  2  3  4  5  6  7  8  9  a  b  c  d  e  f |
+--------+-------------------------------------------------+----------------+
|00000000| 35 33 66 31 62 66 63 34 30 65 32 33 65 31 36 61 |53f1bfc40e23e16a|
|00000010| 64 61 35 63 63 2f 68 6f 73 74 73 22 2c 22 4c 6f |da5cc/hosts","Lo|
|00000020| 67 50 61 74 68 22 3a 22 2f 76 61 72 2f 6c 69 62 |gPath":"/var/lib|
|00000030| 2f 64 6f 63 6b 65 72 2f 63 6f 6e 74 61 69 6e 65 |/docker/containe|
|00000040| 72 73 2f 37 36 30 61 31 31 63 64 61 30 32 65 39 |rs/760a11cda02e9|
|00000050| 31 30 66 30 30 37 31 31 62 35 61 31 33 62 64 61 |10f00711b5a13bda|
|00000060| 39 62 31 61 39 31 38 65 31 38 65 62 34 31 35 33 |9b1a918e18eb4153|
|00000070| 66 31 62 66 63 34 30 65 32 33 65 31 36 61 64 61 |f1bfc40e23e16ada|
|00000080| 35 63 63 2f 37 36 30 61 31 31 63 64 61 30 32 65 |5cc/760a11cda02e|
|00000090| 39 31 30 66 30 30 37 31 31 62 35 61 31 33 62 64 |910f00711b5a13bd|
|000000a0| 61 39 62 31 61 39 31 38 65 31 38 65 62 34 31 35 |a9b1a918e18eb415|
|000000b0| 33 66 31 62 66 63 34 30 65 32 33 65 31 36 61 64 |3f1bfc40e23e16ad|
|000000c0| 61 35 63 63 2d 6a 73 6f 6e 2e 6c 6f 67 22 2c 22 |a5cc-json.log","|
|000000d0| 4e 61 6d 65 22 3a 22 2f 64 69 73 74 72 61 63 74 |Name":"/distract|
|000000e0| 65 64 5f 62 65 6e 7a 22 2c 22 52 65 73 74 61 72 |ed_benz","Restar|
|000000f0| 74 43 6f 75 6e 74 22 3a 30 2c 22 44 72 69 76 65 |tCount":0,"Drive|
|00000100| 72 22 3a 22 61 75 66 73 22 2c 22 50 6c 61 74 66 |r":"aufs","Platf|
|00000110| 6f 72 6d 22 3a 22 6c 69 6e 75 78 22 2c 22 4d 6f |orm":"linux","Mo|
|00000120| 75 6e 74 4c 61 62 65 6c 22 3a 22 22 2c 22 50 72 |untLabel":"","Pr|
|00000130| 6f 63 65 73 73 4c 61 62 65 6c 22 3a 22 22 2c 22 |ocessLabel":"","|
|00000140| 41 70 70 41 72 6d 6f 72 50 72 6f 66 69 6c 65 22 |AppArmorProfile"|
|00000150| 3a 22 22 2c 22 45 78 65 63 49 44 73 22 3a 6e 75 |:"","ExecIDs":nu|
|00000160| 6c 6c 2c 22 48 6f 73 74 43 6f 6e 66 69 67 22 3a |ll,"HostConfig":|
|00000170| 7b 22 42 69 6e 64 73 22 3a 5b 5d 2c 22 43 6f 6e |{"Binds":[],"Con|
|00000180| 74 61 69 6e 65 72 49 44 46 69 6c 65 22 3a 22 22 |tainerIDFile":""|
|00000190| 2c 22 4c 6f 67 43 6f 6e 66 69 67 22 3a 7b 22 54 |,"LogConfig":{"T|
|000001a0| 79 70 65 22 3a 22 6a 73 6f 6e 2d 66 69 6c 65 22 |ype":"json-file"|
|000001b0| 2c 22 43 6f 6e 66 69 67 22 3a 7b 7d 7d 2c 22 4e |,"Config":{}},"N|
|000001c0| 65 74 77 6f 72 6b 4d 6f 64 65 22 3a 22 64 65 66 |etworkMode":"def|
|000001d0| 61 75 6c 74 22 2c 22 50 6f 72 74 42 69 6e 64 69 |ault","PortBindi|
|000001e0| 6e 67 73 22 3a 7b 7d 2c 22 52 65 73 74 61 72 74 |ngs":{},"Restart|
|000001f0| 50 6f 6c 69 63 79 22 3a 7b 22 4e 61 6d 65 22 3a |Policy":{"Name":|
|00000200| 22 22 2c 22 4d 61 78 69 6d 75 6d 52 65 74 72 79 |"","MaximumRetry|
|00000210| 43 6f 75 6e 74 22 3a 30 7d 2c 22 41 75 74 6f 52 |Count":0},"AutoR|
|00000220| 65 6d 6f 76 65 22 3a 66 61 6c 73 65 2c 22 56 6f |emove":false,"Vo|
|00000230| 6c 75 6d 65 44 72 69 76 65 72 22 3a 22 22 2c 22 |lumeDriver":"","|
|00000240| 56 6f 6c 75 6d 65 73 46 72 6f 6d 22 3a 5b 5d 2c |VolumesFrom":[],|
|00000250| 22 43 61 70 41 64 64 22 3a 6e 75 6c 6c 2c 22 43 |"CapAdd":null,"C|
|00000260| 61 70 44 72 6f 70 22 3a 6e 75 6c 6c 2c 22 44 6e |apDrop":null,"Dn|
|00000270| 73 22 3a 6e 75 6c 6c 2c 22 44 6e 73 4f 70 74 69 |s":null,"DnsOpti|
|00000280| 6f 6e 73 22 3a 6e 75 6c 6c 2c 22 44 6e 73 53 65 |ons":null,"DnsSe|
|00000290| 61 72 63 68 22 3a 6e 75 6c 6c 2c 22 45 78 74 72 |arch":null,"Extr|
|000002a0| 61 48 6f 73 74 73 22 3a 5b 5d 2c 22 47 72 6f 75 |aHosts":[],"Grou|
|000002b0| 70 41 64 64 22 3a 6e 75 6c 6c 2c 22 49 70 63 4d |pAdd":null,"IpcM|
|000002c0| 6f 64 65 22 3a 22 73 68 61 72 65 61 62 6c 65 22 |ode":"shareable"|
|000002d0| 2c 22 43 67 72 6f 75 70 22 3a 22 22 2c 22 4c 69 |,"Cgroup":"","Li|
|000002e0| 6e 6b 73 22 3a 6e 75 6c 6c 2c 22 4f 6f 6d 53 63 |nks":null,"OomSc|
|000002f0| 6f 72 65 41 64 6a 22 3a 30 2c 22 50 69 64 4d 6f |oreAdj":0,"PidMo|
|00000300| 64 65 22 3a 22 22 2c 22 50 72 69 76 69 6c 65 67 |de":"","Privileg|
|00000310| 65 64 22 3a 66 61 6c 73 65 2c 22 50 75 62 6c 69 |ed":false,"Publi|
|00000320| 73 68 41 6c 6c 50 6f 72 74 73 22 3a 74 72 75 65 |shAllPorts":true|
|00000330| 2c 22 52 65 61 64 6f 6e 6c 79 52 6f 6f 74 66 73 |,"ReadonlyRootfs|
|00000340| 22 3a 66 61 6c 73 65 2c 22 53 65 63 75 72 69 74 |":false,"Securit|
|00000350| 79 4f 70 74 22 3a 6e 75 6c 6c 2c 22 55 54 53 4d |yOpt":null,"UTSM|
|00000360| 6f 64 65 22 3a 22 22 2c 22 55 73 65 72 6e 73 4d |ode":"","UsernsM|
|00000370| 6f 64 65 22 3a 22 22 2c 22 53 68 6d 53 69 7a 65 |ode":"","ShmSize|
|00000380| 22 3a 36 37 31 30 38 38 36 34 2c 22 52 75 6e 74 |":67108864,"Runt|
|00000390| 69 6d 65 22 3a 22 72 75 6e 63 22 2c 22 43 6f 6e |ime":"runc","Con|
|000003a0| 73 6f 6c 65 53 69 7a 65 22 3a 5b 30 2c 30 5d 2c |soleSize":[0,0],|
|000003b0| 22 49 73 6f 6c 61 74 69 6f 6e 22 3a 22 22 2c 22 |"Isolation":"","|
|000003c0| 43 70 75 53 68 61 72 65 73 22 3a 30 2c 22 4d 65 |CpuShares":0,"Me|
|000003d0| 6d 6f 72 79 22 3a 30 2c 22 4e 61 6e 6f 43 70 75 |mory":0,"NanoCpu|
|000003e0| 73 22 3a 30 2c 22 43 67 72 6f 75 70 50 61 72 65 |s":0,"CgroupPare|
|000003f0| 6e 74 22 3a 22 22 2c 22 42 6c 6b 69 6f 57 65 69 |nt":"","BlkioWei|
+--------+-------------------------------------------------+----------------+
2017-11-27 22:09:22.669 DEBUG 24827 --- [rjava-netty-1-1] c.g.d.netty.NettyDockerCmdExecFactory$1  : [id: 0xb7b95bb7, L:null - R:/var/run/docker.sock] READ: DefaultHttpContent(data: PooledSlicedByteBuf(ridx: 0, widx: 1024, cap: 1024/1024, unwrapped: PooledUnsafeDirectByteBuf(ridx: 1024, widx: 1024, cap: 1024)), decoderResult: success), 1024B
         +-------------------------------------------------+
         |  0  1  2  3  4  5  6  7  8  9  a  b  c  d  e  f |
+--------+-------------------------------------------------+----------------+
|00000000| 35 33 66 31 62 66 63 34 30 65 32 33 65 31 36 61 |53f1bfc40e23e16a|
|00000010| 64 61 35 63 63 2f 68 6f 73 74 73 22 2c 22 4c 6f |da5cc/hosts","Lo|
|00000020| 67 50 61 74 68 22 3a 22 2f 76 61 72 2f 6c 69 62 |gPath":"/var/lib|
|00000030| 2f 64 6f 63 6b 65 72 2f 63 6f 6e 74 61 69 6e 65 |/docker/containe|
|00000040| 72 73 2f 37 36 30 61 31 31 63 64 61 30 32 65 39 |rs/760a11cda02e9|
|00000050| 31 30 66 30 30 37 31 31 62 35 61 31 33 62 64 61 |10f00711b5a13bda|
|00000060| 39 62 31 61 39 31 38 65 31 38 65 62 34 31 35 33 |9b1a918e18eb4153|
|00000070| 66 31 62 66 63 34 30 65 32 33 65 31 36 61 64 61 |f1bfc40e23e16ada|
|00000080| 35 63 63 2f 37 36 30 61 31 31 63 64 61 30 32 65 |5cc/760a11cda02e|
|00000090| 39 31 30 66 30 30 37 31 31 62 35 61 31 33 62 64 |910f00711b5a13bd|
|000000a0| 61 39 62 31 61 39 31 38 65 31 38 65 62 34 31 35 |a9b1a918e18eb415|
|000000b0| 33 66 31 62 66 63 34 30 65 32 33 65 31 36 61 64 |3f1bfc40e23e16ad|
|000000c0| 61 35 63 63 2d 6a 73 6f 6e 2e 6c 6f 67 22 2c 22 |a5cc-json.log","|
|000000d0| 4e 61 6d 65 22 3a 22 2f 64 69 73 74 72 61 63 74 |Name":"/distract|
|000000e0| 65 64 5f 62 65 6e 7a 22 2c 22 52 65 73 74 61 72 |ed_benz","Restar|
|000000f0| 74 43 6f 75 6e 74 22 3a 30 2c 22 44 72 69 76 65 |tCount":0,"Drive|
|00000100| 72 22 3a 22 61 75 66 73 22 2c 22 50 6c 61 74 66 |r":"aufs","Platf|
|00000110| 6f 72 6d 22 3a 22 6c 69 6e 75 78 22 2c 22 4d 6f |orm":"linux","Mo|
|00000120| 75 6e 74 4c 61 62 65 6c 22 3a 22 22 2c 22 50 72 |untLabel":"","Pr|
|00000130| 6f 63 65 73 73 4c 61 62 65 6c 22 3a 22 22 2c 22 |ocessLabel":"","|
|00000140| 41 70 70 41 72 6d 6f 72 50 72 6f 66 69 6c 65 22 |AppArmorProfile"|
|00000150| 3a 22 22 2c 22 45 78 65 63 49 44 73 22 3a 6e 75 |:"","ExecIDs":nu|
|00000160| 6c 6c 2c 22 48 6f 73 74 43 6f 6e 66 69 67 22 3a |ll,"HostConfig":|
|00000170| 7b 22 42 69 6e 64 73 22 3a 5b 5d 2c 22 43 6f 6e |{"Binds":[],"Con|
|00000180| 74 61 69 6e 65 72 49 44 46 69 6c 65 22 3a 22 22 |tainerIDFile":""|
|00000190| 2c 22 4c 6f 67 43 6f 6e 66 69 67 22 3a 7b 22 54 |,"LogConfig":{"T|
|000001a0| 79 70 65 22 3a 22 6a 73 6f 6e 2d 66 69 6c 65 22 |ype":"json-file"|
|000001b0| 2c 22 43 6f 6e 66 69 67 22 3a 7b 7d 7d 2c 22 4e |,"Config":{}},"N|
|000001c0| 65 74 77 6f 72 6b 4d 6f 64 65 22 3a 22 64 65 66 |etworkMode":"def|
|000001d0| 61 75 6c 74 22 2c 22 50 6f 72 74 42 69 6e 64 69 |ault","PortBindi|
|000001e0| 6e 67 73 22 3a 7b 7d 2c 22 52 65 73 74 61 72 74 |ngs":{},"Restart|
|000001f0| 50 6f 6c 69 63 79 22 3a 7b 22 4e 61 6d 65 22 3a |Policy":{"Name":|
|00000200| 22 22 2c 22 4d 61 78 69 6d 75 6d 52 65 74 72 79 |"","MaximumRetry|
|00000210| 43 6f 75 6e 74 22 3a 30 7d 2c 22 41 75 74 6f 52 |Count":0},"AutoR|
|00000220| 65 6d 6f 76 65 22 3a 66 61 6c 73 65 2c 22 56 6f |emove":false,"Vo|
|00000230| 6c 75 6d 65 44 72 69 76 65 72 22 3a 22 22 2c 22 |lumeDriver":"","|
|00000240| 56 6f 6c 75 6d 65 73 46 72 6f 6d 22 3a 5b 5d 2c |VolumesFrom":[],|
|00000250| 22 43 61 70 41 64 64 22 3a 6e 75 6c 6c 2c 22 43 |"CapAdd":null,"C|
|00000260| 61 70 44 72 6f 70 22 3a 6e 75 6c 6c 2c 22 44 6e |apDrop":null,"Dn|
|00000270| 73 22 3a 6e 75 6c 6c 2c 22 44 6e 73 4f 70 74 69 |s":null,"DnsOpti|
|00000280| 6f 6e 73 22 3a 6e 75 6c 6c 2c 22 44 6e 73 53 65 |ons":null,"DnsSe|
|00000290| 61 72 63 68 22 3a 6e 75 6c 6c 2c 22 45 78 74 72 |arch":null,"Extr|
|000002a0| 61 48 6f 73 74 73 22 3a 5b 5d 2c 22 47 72 6f 75 |aHosts":[],"Grou|
|000002b0| 70 41 64 64 22 3a 6e 75 6c 6c 2c 22 49 70 63 4d |pAdd":null,"IpcM|
|000002c0| 6f 64 65 22 3a 22 73 68 61 72 65 61 62 6c 65 22 |ode":"shareable"|
|000002d0| 2c 22 43 67 72 6f 75 70 22 3a 22 22 2c 22 4c 69 |,"Cgroup":"","Li|
|000002e0| 6e 6b 73 22 3a 6e 75 6c 6c 2c 22 4f 6f 6d 53 63 |nks":null,"OomSc|
|000002f0| 6f 72 65 41 64 6a 22 3a 30 2c 22 50 69 64 4d 6f |oreAdj":0,"PidMo|
|00000300| 64 65 22 3a 22 22 2c 22 50 72 69 76 69 6c 65 67 |de":"","Privileg|
|00000310| 65 64 22 3a 66 61 6c 73 65 2c 22 50 75 62 6c 69 |ed":false,"Publi|
|00000320| 73 68 41 6c 6c 50 6f 72 74 73 22 3a 74 72 75 65 |shAllPorts":true|
|00000330| 2c 22 52 65 61 64 6f 6e 6c 79 52 6f 6f 74 66 73 |,"ReadonlyRootfs|
|00000340| 22 3a 66 61 6c 73 65 2c 22 53 65 63 75 72 69 74 |":false,"Securit|
|00000350| 79 4f 70 74 22 3a 6e 75 6c 6c 2c 22 55 54 53 4d |yOpt":null,"UTSM|
|00000360| 6f 64 65 22 3a 22 22 2c 22 55 73 65 72 6e 73 4d |ode":"","UsernsM|
|00000370| 6f 64 65 22 3a 22 22 2c 22 53 68 6d 53 69 7a 65 |ode":"","ShmSize|
|00000380| 22 3a 36 37 31 30 38 38 36 34 2c 22 52 75 6e 74 |":67108864,"Runt|
|00000390| 69 6d 65 22 3a 22 72 75 6e 63 22 2c 22 43 6f 6e |ime":"runc","Con|
|000003a0| 73 6f 6c 65 53 69 7a 65 22 3a 5b 30 2c 30 5d 2c |soleSize":[0,0],|
|000003b0| 22 49 73 6f 6c 61 74 69 6f 6e 22 3a 22 22 2c 22 |"Isolation":"","|
|000003c0| 43 70 75 53 68 61 72 65 73 22 3a 30 2c 22 4d 65 |CpuShares":0,"Me|
|000003d0| 6d 6f 72 79 22 3a 30 2c 22 4e 61 6e 6f 43 70 75 |mory":0,"NanoCpu|
|000003e0| 73 22 3a 30 2c 22 43 67 72 6f 75 70 50 61 72 65 |s":0,"CgroupPare|
|000003f0| 6e 74 22 3a 22 22 2c 22 42 6c 6b 69 6f 57 65 69 |nt":"","BlkioWei|
+--------+-------------------------------------------------+----------------+
2017-11-27 22:09:22.670 DEBUG 24827 --- [rjava-netty-1-1] xecFactory$UnixDomainSocketInitializer$3 : [id: 0xb7b95bb7, L:null - R:/var/run/docker.sock] READ: 1024B
         +-------------------------------------------------+
         |  0  1  2  3  4  5  6  7  8  9  a  b  c  d  e  f |
+--------+-------------------------------------------------+----------------+
|00000000| 67 68 74 22 3a 30 2c 22 42 6c 6b 69 6f 57 65 69 |ght":0,"BlkioWei|
|00000010| 67 68 74 44 65 76 69 63 65 22 3a 6e 75 6c 6c 2c |ghtDevice":null,|
|00000020| 22 42 6c 6b 69 6f 44 65 76 69 63 65 52 65 61 64 |"BlkioDeviceRead|
|00000030| 42 70 73 22 3a 6e 75 6c 6c 2c 22 42 6c 6b 69 6f |Bps":null,"Blkio|
|00000040| 44 65 76 69 63 65 57 72 69 74 65 42 70 73 22 3a |DeviceWriteBps":|
|00000050| 6e 75 6c 6c 2c 22 42 6c 6b 69 6f 44 65 76 69 63 |null,"BlkioDevic|
|00000060| 65 52 65 61 64 49 4f 70 73 22 3a 6e 75 6c 6c 2c |eReadIOps":null,|
|00000070| 22 42 6c 6b 69 6f 44 65 76 69 63 65 57 72 69 74 |"BlkioDeviceWrit|
|00000080| 65 49 4f 70 73 22 3a 6e 75 6c 6c 2c 22 43 70 75 |eIOps":null,"Cpu|
|00000090| 50 65 72 69 6f 64 22 3a 30 2c 22 43 70 75 51 75 |Period":0,"CpuQu|
|000000a0| 6f 74 61 22 3a 30 2c 22 43 70 75 52 65 61 6c 74 |ota":0,"CpuRealt|
|000000b0| 69 6d 65 50 65 72 69 6f 64 22 3a 30 2c 22 43 70 |imePeriod":0,"Cp|
|000000c0| 75 52 65 61 6c 74 69 6d 65 52 75 6e 74 69 6d 65 |uRealtimeRuntime|
|000000d0| 22 3a 30 2c 22 43 70 75 73 65 74 43 70 75 73 22 |":0,"CpusetCpus"|
|000000e0| 3a 22 22 2c 22 43 70 75 73 65 74 4d 65 6d 73 22 |:"","CpusetMems"|
|000000f0| 3a 22 22 2c 22 44 65 76 69 63 65 73 22 3a 6e 75 |:"","Devices":nu|
|00000100| 6c 6c 2c 22 44 65 76 69 63 65 43 67 72 6f 75 70 |ll,"DeviceCgroup|
|00000110| 52 75 6c 65 73 22 3a 6e 75 6c 6c 2c 22 44 69 73 |Rules":null,"Dis|
|00000120| 6b 51 75 6f 74 61 22 3a 30 2c 22 4b 65 72 6e 65 |kQuota":0,"Kerne|
|00000130| 6c 4d 65 6d 6f 72 79 22 3a 30 2c 22 4d 65 6d 6f |lMemory":0,"Memo|
|00000140| 72 79 52 65 73 65 72 76 61 74 69 6f 6e 22 3a 30 |ryReservation":0|
|00000150| 2c 22 4d 65 6d 6f 72 79 53 77 61 70 22 3a 30 2c |,"MemorySwap":0,|
|00000160| 22 4d 65 6d 6f 72 79 53 77 61 70 70 69 6e 65 73 |"MemorySwappines|
|00000170| 73 22 3a 6e 75 6c 6c 2c 22 4f 6f 6d 4b 69 6c 6c |s":null,"OomKill|
|00000180| 44 69 73 61 62 6c 65 22 3a 66 61 6c 73 65 2c 22 |Disable":false,"|
|00000190| 50 69 64 73 4c 69 6d 69 74 22 3a 30 2c 22 55 6c |PidsLimit":0,"Ul|
|000001a0| 69 6d 69 74 73 22 3a 6e 75 6c 6c 2c 22 43 70 75 |imits":null,"Cpu|
|000001b0| 43 6f 75 6e 74 22 3a 30 2c 22 43 70 75 50 65 72 |Count":0,"CpuPer|
|000001c0| 63 65 6e 74 22 3a 30 2c 22 49 4f 4d 61 78 69 6d |cent":0,"IOMaxim|
|000001d0| 75 6d 49 4f 70 73 22 3a 30 2c 22 49 4f 4d 61 78 |umIOps":0,"IOMax|
|000001e0| 69 6d 75 6d 42 61 6e 64 77 69 64 74 68 22 3a 30 |imumBandwidth":0|
|000001f0| 7d 2c 22 47 72 61 70 68 44 72 69 76 65 72 22 3a |},"GraphDriver":|
|00000200| 7b 22 44 61 74 61 22 3a 6e 75 6c 6c 2c 22 4e 61 |{"Data":null,"Na|
|00000210| 6d 65 22 3a 22 61 75 66 73 22 7d 2c 22 4d 6f 75 |me":"aufs"},"Mou|
|00000220| 6e 74 73 22 3a 5b 7b 22 54 79 70 65 22 3a 22 76 |nts":[{"Type":"v|
|00000230| 6f 6c 75 6d 65 22 2c 22 4e 61 6d 65 22 3a 22 65 |olume","Name":"e|
|00000240| 64 33 30 66 34 65 64 39 63 37 31 31 66 32 32 63 |d30f4ed9c711f22c|
|00000250| 62 63 66 30 31 39 66 31 33 36 39 62 61 36 63 33 |bcf019f1369ba6c3|
|00000260| 63 64 35 62 66 36 30 61 35 66 64 31 34 30 39 65 |cd5bf60a5fd1409e|
|00000270| 30 61 39 61 62 61 61 38 34 30 61 63 33 63 32 22 |0a9abaa840ac3c2"|
|00000280| 2c 22 53 6f 75 72 63 65 22 3a 22 2f 76 61 72 2f |,"Source":"/var/|
|00000290| 6c 69 62 2f 64 6f 63 6b 65 72 2f 76 6f 6c 75 6d |lib/docker/volum|
|000002a0| 65 73 2f 65 64 33 30 66 34 65 64 39 63 37 31 31 |es/ed30f4ed9c711|
|000002b0| 66 32 32 63 62 63 66 30 31 39 66 31 33 36 39 62 |f22cbcf019f1369b|
|000002c0| 61 36 63 33 63 64 35 62 66 36 30 61 35 66 64 31 |a6c3cd5bf60a5fd1|
|000002d0| 34 30 39 65 30 61 39 61 62 61 61 38 34 30 61 63 |409e0a9abaa840ac|
|000002e0| 33 63 32 2f 5f 64 61 74 61 22 2c 22 44 65 73 74 |3c2/_data","Dest|
|000002f0| 69 6e 61 74 69 6f 6e 22 3a 22 2f 76 61 72 2f 6c |ination":"/var/l|
|00000300| 69 62 2f 72 61 62 62 69 74 6d 71 22 2c 22 44 72 |ib/rabbitmq","Dr|
|00000310| 69 76 65 72 22 3a 22 6c 6f 63 61 6c 22 2c 22 4d |iver":"local","M|
|00000320| 6f 64 65 22 3a 22 22 2c 22 52 57 22 3a 74 72 75 |ode":"","RW":tru|
|00000330| 65 2c 22 50 72 6f 70 61 67 61 74 69 6f 6e 22 3a |e,"Propagation":|
|00000340| 22 22 7d 5d 2c 22 43 6f 6e 66 69 67 22 3a 7b 22 |""}],"Config":{"|
|00000350| 48 6f 73 74 6e 61 6d 65 22 3a 22 37 36 30 61 31 |Hostname":"760a1|
|00000360| 31 63 64 61 30 32 65 22 2c 22 44 6f 6d 61 69 6e |1cda02e","Domain|
|00000370| 6e 61 6d 65 22 3a 22 22 2c 22 55 73 65 72 22 3a |name":"","User":|
|00000380| 22 22 2c 22 41 74 74 61 63 68 53 74 64 69 6e 22 |"","AttachStdin"|
|00000390| 3a 66 61 6c 73 65 2c 22 41 74 74 61 63 68 53 74 |:false,"AttachSt|
|000003a0| 64 6f 75 74 22 3a 66 61 6c 73 65 2c 22 41 74 74 |dout":false,"Att|
|000003b0| 61 63 68 53 74 64 65 72 72 22 3a 66 61 6c 73 65 |achStderr":false|
|000003c0| 2c 22 45 78 70 6f 73 65 64 50 6f 72 74 73 22 3a |,"ExposedPorts":|
|000003d0| 7b 22 32 35 36 37 32 2f 74 63 70 22 3a 7b 7d 2c |{"25672/tcp":{},|
|000003e0| 22 34 33 36 39 2f 74 63 70 22 3a 7b 7d 2c 22 35 |"4369/tcp":{},"5|
|000003f0| 36 37 31 2f 74 63 70 22 3a 7b 7d 2c 22 35 36 37 |671/tcp":{},"567|
+--------+-------------------------------------------------+----------------+
2017-11-27 22:09:22.670 DEBUG 24827 --- [rjava-netty-1-1] c.g.d.netty.NettyDockerCmdExecFactory$1  : [id: 0xb7b95bb7, L:null - R:/var/run/docker.sock] READ: DefaultHttpContent(data: PooledSlicedByteBuf(ridx: 0, widx: 1024, cap: 1024/1024, unwrapped: PooledUnsafeDirectByteBuf(ridx: 1024, widx: 1024, cap: 1024)), decoderResult: success), 1024B
         +-------------------------------------------------+
         |  0  1  2  3  4  5  6  7  8  9  a  b  c  d  e  f |
+--------+-------------------------------------------------+----------------+
|00000000| 67 68 74 22 3a 30 2c 22 42 6c 6b 69 6f 57 65 69 |ght":0,"BlkioWei|
|00000010| 67 68 74 44 65 76 69 63 65 22 3a 6e 75 6c 6c 2c |ghtDevice":null,|
|00000020| 22 42 6c 6b 69 6f 44 65 76 69 63 65 52 65 61 64 |"BlkioDeviceRead|
|00000030| 42 70 73 22 3a 6e 75 6c 6c 2c 22 42 6c 6b 69 6f |Bps":null,"Blkio|
|00000040| 44 65 76 69 63 65 57 72 69 74 65 42 70 73 22 3a |DeviceWriteBps":|
|00000050| 6e 75 6c 6c 2c 22 42 6c 6b 69 6f 44 65 76 69 63 |null,"BlkioDevic|
|00000060| 65 52 65 61 64 49 4f 70 73 22 3a 6e 75 6c 6c 2c |eReadIOps":null,|
|00000070| 22 42 6c 6b 69 6f 44 65 76 69 63 65 57 72 69 74 |"BlkioDeviceWrit|
|00000080| 65 49 4f 70 73 22 3a 6e 75 6c 6c 2c 22 43 70 75 |eIOps":null,"Cpu|
|00000090| 50 65 72 69 6f 64 22 3a 30 2c 22 43 70 75 51 75 |Period":0,"CpuQu|
|000000a0| 6f 74 61 22 3a 30 2c 22 43 70 75 52 65 61 6c 74 |ota":0,"CpuRealt|
|000000b0| 69 6d 65 50 65 72 69 6f 64 22 3a 30 2c 22 43 70 |imePeriod":0,"Cp|
|000000c0| 75 52 65 61 6c 74 69 6d 65 52 75 6e 74 69 6d 65 |uRealtimeRuntime|
|000000d0| 22 3a 30 2c 22 43 70 75 73 65 74 43 70 75 73 22 |":0,"CpusetCpus"|
|000000e0| 3a 22 22 2c 22 43 70 75 73 65 74 4d 65 6d 73 22 |:"","CpusetMems"|
|000000f0| 3a 22 22 2c 22 44 65 76 69 63 65 73 22 3a 6e 75 |:"","Devices":nu|
|00000100| 6c 6c 2c 22 44 65 76 69 63 65 43 67 72 6f 75 70 |ll,"DeviceCgroup|
|00000110| 52 75 6c 65 73 22 3a 6e 75 6c 6c 2c 22 44 69 73 |Rules":null,"Dis|
|00000120| 6b 51 75 6f 74 61 22 3a 30 2c 22 4b 65 72 6e 65 |kQuota":0,"Kerne|
|00000130| 6c 4d 65 6d 6f 72 79 22 3a 30 2c 22 4d 65 6d 6f |lMemory":0,"Memo|
|00000140| 72 79 52 65 73 65 72 76 61 74 69 6f 6e 22 3a 30 |ryReservation":0|
|00000150| 2c 22 4d 65 6d 6f 72 79 53 77 61 70 22 3a 30 2c |,"MemorySwap":0,|
|00000160| 22 4d 65 6d 6f 72 79 53 77 61 70 70 69 6e 65 73 |"MemorySwappines|
|00000170| 73 22 3a 6e 75 6c 6c 2c 22 4f 6f 6d 4b 69 6c 6c |s":null,"OomKill|
|00000180| 44 69 73 61 62 6c 65 22 3a 66 61 6c 73 65 2c 22 |Disable":false,"|
|00000190| 50 69 64 73 4c 69 6d 69 74 22 3a 30 2c 22 55 6c |PidsLimit":0,"Ul|
|000001a0| 69 6d 69 74 73 22 3a 6e 75 6c 6c 2c 22 43 70 75 |imits":null,"Cpu|
|000001b0| 43 6f 75 6e 74 22 3a 30 2c 22 43 70 75 50 65 72 |Count":0,"CpuPer|
|000001c0| 63 65 6e 74 22 3a 30 2c 22 49 4f 4d 61 78 69 6d |cent":0,"IOMaxim|
|000001d0| 75 6d 49 4f 70 73 22 3a 30 2c 22 49 4f 4d 61 78 |umIOps":0,"IOMax|
|000001e0| 69 6d 75 6d 42 61 6e 64 77 69 64 74 68 22 3a 30 |imumBandwidth":0|
|000001f0| 7d 2c 22 47 72 61 70 68 44 72 69 76 65 72 22 3a |},"GraphDriver":|
|00000200| 7b 22 44 61 74 61 22 3a 6e 75 6c 6c 2c 22 4e 61 |{"Data":null,"Na|
|00000210| 6d 65 22 3a 22 61 75 66 73 22 7d 2c 22 4d 6f 75 |me":"aufs"},"Mou|
|00000220| 6e 74 73 22 3a 5b 7b 22 54 79 70 65 22 3a 22 76 |nts":[{"Type":"v|
|00000230| 6f 6c 75 6d 65 22 2c 22 4e 61 6d 65 22 3a 22 65 |olume","Name":"e|
|00000240| 64 33 30 66 34 65 64 39 63 37 31 31 66 32 32 63 |d30f4ed9c711f22c|
|00000250| 62 63 66 30 31 39 66 31 33 36 39 62 61 36 63 33 |bcf019f1369ba6c3|
|00000260| 63 64 35 62 66 36 30 61 35 66 64 31 34 30 39 65 |cd5bf60a5fd1409e|
|00000270| 30 61 39 61 62 61 61 38 34 30 61 63 33 63 32 22 |0a9abaa840ac3c2"|
|00000280| 2c 22 53 6f 75 72 63 65 22 3a 22 2f 76 61 72 2f |,"Source":"/var/|
|00000290| 6c 69 62 2f 64 6f 63 6b 65 72 2f 76 6f 6c 75 6d |lib/docker/volum|
|000002a0| 65 73 2f 65 64 33 30 66 34 65 64 39 63 37 31 31 |es/ed30f4ed9c711|
|000002b0| 66 32 32 63 62 63 66 30 31 39 66 31 33 36 39 62 |f22cbcf019f1369b|
|000002c0| 61 36 63 33 63 64 35 62 66 36 30 61 35 66 64 31 |a6c3cd5bf60a5fd1|
|000002d0| 34 30 39 65 30 61 39 61 62 61 61 38 34 30 61 63 |409e0a9abaa840ac|
|000002e0| 33 63 32 2f 5f 64 61 74 61 22 2c 22 44 65 73 74 |3c2/_data","Dest|
|000002f0| 69 6e 61 74 69 6f 6e 22 3a 22 2f 76 61 72 2f 6c |ination":"/var/l|
|00000300| 69 62 2f 72 61 62 62 69 74 6d 71 22 2c 22 44 72 |ib/rabbitmq","Dr|
|00000310| 69 76 65 72 22 3a 22 6c 6f 63 61 6c 22 2c 22 4d |iver":"local","M|
|00000320| 6f 64 65 22 3a 22 22 2c 22 52 57 22 3a 74 72 75 |ode":"","RW":tru|
|00000330| 65 2c 22 50 72 6f 70 61 67 61 74 69 6f 6e 22 3a |e,"Propagation":|
|00000340| 22 22 7d 5d 2c 22 43 6f 6e 66 69 67 22 3a 7b 22 |""}],"Config":{"|
|00000350| 48 6f 73 74 6e 61 6d 65 22 3a 22 37 36 30 61 31 |Hostname":"760a1|
|00000360| 31 63 64 61 30 32 65 22 2c 22 44 6f 6d 61 69 6e |1cda02e","Domain|
|00000370| 6e 61 6d 65 22 3a 22 22 2c 22 55 73 65 72 22 3a |name":"","User":|
|00000380| 22 22 2c 22 41 74 74 61 63 68 53 74 64 69 6e 22 |"","AttachStdin"|
|00000390| 3a 66 61 6c 73 65 2c 22 41 74 74 61 63 68 53 74 |:false,"AttachSt|
|000003a0| 64 6f 75 74 22 3a 66 61 6c 73 65 2c 22 41 74 74 |dout":false,"Att|
|000003b0| 61 63 68 53 74 64 65 72 72 22 3a 66 61 6c 73 65 |achStderr":false|
|000003c0| 2c 22 45 78 70 6f 73 65 64 50 6f 72 74 73 22 3a |,"ExposedPorts":|
|000003d0| 7b 22 32 35 36 37 32 2f 74 63 70 22 3a 7b 7d 2c |{"25672/tcp":{},|
|000003e0| 22 34 33 36 39 2f 74 63 70 22 3a 7b 7d 2c 22 35 |"4369/tcp":{},"5|
|000003f0| 36 37 31 2f 74 63 70 22 3a 7b 7d 2c 22 35 36 37 |671/tcp":{},"567|
+--------+-------------------------------------------------+----------------+
2017-11-27 22:09:22.670 DEBUG 24827 --- [rjava-netty-1-1] xecFactory$UnixDomainSocketInitializer$3 : [id: 0xb7b95bb7, L:null - R:/var/run/docker.sock] READ: 1024B
         +-------------------------------------------------+
         |  0  1  2  3  4  5  6  7  8  9  a  b  c  d  e  f |
+--------+-------------------------------------------------+----------------+
|00000000| 32 2f 74 63 70 22 3a 7b 7d 7d 2c 22 54 74 79 22 |2/tcp":{}},"Tty"|
|00000010| 3a 66 61 6c 73 65 2c 22 4f 70 65 6e 53 74 64 69 |:false,"OpenStdi|
|00000020| 6e 22 3a 66 61 6c 73 65 2c 22 53 74 64 69 6e 4f |n":false,"StdinO|
|00000030| 6e 63 65 22 3a 66 61 6c 73 65 2c 22 45 6e 76 22 |nce":false,"Env"|
|00000040| 3a 5b 22 52 41 42 42 49 54 4d 51 5f 55 53 45 52 |:["RABBITMQ_USER|
|00000050| 3d 67 75 65 73 74 22 2c 22 52 41 42 42 49 54 4d |=guest","RABBITM|
|00000060| 51 5f 50 41 53 53 57 4f 52 44 3d 67 75 65 73 74 |Q_PASSWORD=guest|
|00000070| 22 2c 22 6e 6f 5f 70 72 6f 78 79 3d 2a 2e 6c 6f |","no_proxy=*.lo|
|00000080| 63 61 6c 2c 20 31 36 39 2e 32 35 34 2f 31 36 22 |cal, 169.254/16"|
|00000090| 2c 22 50 41 54 48 3d 2f 75 73 72 2f 6c 69 62 2f |,"PATH=/usr/lib/|
|000000a0| 72 61 62 62 69 74 6d 71 2f 62 69 6e 3a 2f 75 73 |rabbitmq/bin:/us|
|000000b0| 72 2f 6c 6f 63 61 6c 2f 73 62 69 6e 3a 2f 75 73 |r/local/sbin:/us|
|000000c0| 72 2f 6c 6f 63 61 6c 2f 62 69 6e 3a 2f 75 73 72 |r/local/bin:/usr|
|000000d0| 2f 73 62 69 6e 3a 2f 75 73 72 2f 62 69 6e 3a 2f |/sbin:/usr/bin:/|
|000000e0| 73 62 69 6e 3a 2f 62 69 6e 22 2c 22 47 4f 53 55 |sbin:/bin","GOSU|
|000000f0| 5f 56 45 52 53 49 4f 4e 3d 31 2e 31 30 22 2c 22 |_VERSION=1.10","|
|00000100| 52 41 42 42 49 54 4d 51 5f 4c 4f 47 53 3d 2d 22 |RABBITMQ_LOGS=-"|
|00000110| 2c 22 52 41 42 42 49 54 4d 51 5f 53 41 53 4c 5f |,"RABBITMQ_SASL_|
|00000120| 4c 4f 47 53 3d 2d 22 2c 22 52 41 42 42 49 54 4d |LOGS=-","RABBITM|
|00000130| 51 5f 47 50 47 5f 4b 45 59 3d 30 41 39 41 46 32 |Q_GPG_KEY=0A9AF2|
|00000140| 31 31 35 46 34 36 38 37 42 44 32 39 38 30 33 41 |115F4687BD29803A|
|00000150| 32 30 36 42 37 33 41 33 36 45 36 30 32 36 44 46 |206B73A36E6026DF|
|00000160| 43 41 22 2c 22 52 41 42 42 49 54 4d 51 5f 56 45 |CA","RABBITMQ_VE|
|00000170| 52 53 49 4f 4e 3d 33 2e 36 2e 31 34 22 2c 22 52 |RSION=3.6.14","R|
|00000180| 41 42 42 49 54 4d 51 5f 47 49 54 48 55 42 5f 54 |ABBITMQ_GITHUB_T|
|00000190| 41 47 3d 72 61 62 62 69 74 6d 71 5f 76 33 5f 36 |AG=rabbitmq_v3_6|
|000001a0| 5f 31 34 22 2c 22 52 41 42 42 49 54 4d 51 5f 44 |_14","RABBITMQ_D|
|000001b0| 45 42 49 41 4e 5f 56 45 52 53 49 4f 4e 3d 33 2e |EBIAN_VERSION=3.|
|000001c0| 36 2e 31 34 2d 31 22 2c 22 48 4f 4d 45 3d 2f 76 |6.14-1","HOME=/v|
|000001d0| 61 72 2f 6c 69 62 2f 72 61 62 62 69 74 6d 71 22 |ar/lib/rabbitmq"|
|000001e0| 5d 2c 22 43 6d 64 22 3a 5b 22 72 61 62 62 69 74 |],"Cmd":["rabbit|
|000001f0| 6d 71 2d 73 65 72 76 65 72 22 5d 2c 22 41 72 67 |mq-server"],"Arg|
|00000200| 73 45 73 63 61 70 65 64 22 3a 74 72 75 65 2c 22 |sEscaped":true,"|
|00000210| 49 6d 61 67 65 22 3a 22 72 61 62 62 69 74 6d 71 |Image":"rabbitmq|
|00000220| 3a 33 2e 36 2e 31 34 22 2c 22 56 6f 6c 75 6d 65 |:3.6.14","Volume|
|00000230| 73 22 3a 7b 22 2f 76 61 72 2f 6c 69 62 2f 72 61 |s":{"/var/lib/ra|
|00000240| 62 62 69 74 6d 71 22 3a 7b 7d 7d 2c 22 57 6f 72 |bbitmq":{}},"Wor|
|00000250| 6b 69 6e 67 44 69 72 22 3a 22 22 2c 22 45 6e 74 |kingDir":"","Ent|
|00000260| 72 79 70 6f 69 6e 74 22 3a 5b 22 64 6f 63 6b 65 |rypoint":["docke|
|00000270| 72 2d 65 6e 74 72 79 70 6f 69 6e 74 2e 73 68 22 |r-entrypoint.sh"|
|00000280| 5d 2c 22 4f 6e 42 75 69 6c 64 22 3a 6e 75 6c 6c |],"OnBuild":null|
|00000290| 2c 22 4c 61 62 65 6c 73 22 3a 7b 22 6f 72 67 2e |,"Labels":{"org.|
|000002a0| 74 65 73 74 63 6f 6e 74 61 69 6e 65 72 73 22 3a |testcontainers":|
|000002b0| 22 74 72 75 65 22 7d 7d 2c 22 4e 65 74 77 6f 72 |"true"}},"Networ|
|000002c0| 6b 53 65 74 74 69 6e 67 73 22 3a 7b 22 42 72 69 |kSettings":{"Bri|
|000002d0| 64 67 65 22 3a 22 22 2c 22 53 61 6e 64 62 6f 78 |dge":"","Sandbox|
|000002e0| 49 44 22 3a 22 38 66 38 35 65 33 63 65 66 39 62 |ID":"8f85e3cef9b|
|000002f0| 32 66 39 39 31 63 39 36 30 30 35 61 32 38 64 36 |2f991c96005a28d6|
|00000300| 65 63 35 32 64 63 34 35 33 33 33 64 63 65 37 38 |ec52dc45333dce78|
|00000310| 38 37 36 64 30 39 37 65 63 31 32 38 66 39 39 36 |876d097ec128f996|
|00000320| 37 33 38 36 64 22 2c 22 48 61 69 72 70 69 6e 4d |7386d","HairpinM|
|00000330| 6f 64 65 22 3a 66 61 6c 73 65 2c 22 4c 69 6e 6b |ode":false,"Link|
|00000340| 4c 6f 63 61 6c 49 50 76 36 41 64 64 72 65 73 73 |LocalIPv6Address|
|00000350| 22 3a 22 22 2c 22 4c 69 6e 6b 4c 6f 63 61 6c 49 |":"","LinkLocalI|
|00000360| 50 76 36 50 72 65 66 69 78 4c 65 6e 22 3a 30 2c |Pv6PrefixLen":0,|
|00000370| 22 50 6f 72 74 73 22 3a 7b 22 32 35 36 37 32 2f |"Ports":{"25672/|
|00000380| 74 63 70 22 3a 5b 7b 22 48 6f 73 74 49 70 22 3a |tcp":[{"HostIp":|
|00000390| 22 30 2e 30 2e 30 2e 30 22 2c 22 48 6f 73 74 50 |"0.0.0.0","HostP|
|000003a0| 6f 72 74 22 3a 22 33 32 39 36 36 22 7d 5d 2c 22 |ort":"32966"}],"|
|000003b0| 34 33 36 39 2f 74 63 70 22 3a 5b 7b 22 48 6f 73 |4369/tcp":[{"Hos|
|000003c0| 74 49 70 22 3a 22 30 2e 30 2e 30 2e 30 22 2c 22 |tIp":"0.0.0.0","|
|000003d0| 48 6f 73 74 50 6f 72 74 22 3a 22 33 32 39 36 39 |HostPort":"32969|
|000003e0| 22 7d 5d 2c 22 35 36 37 31 2f 74 63 70 22 3a 5b |"}],"5671/tcp":[|
|000003f0| 7b 22 48 6f 73 74 49 70 22 3a 22 30 2e 30 2e 30 |{"HostIp":"0.0.0|
+--------+-------------------------------------------------+----------------+
2017-11-27 22:09:22.671 DEBUG 24827 --- [rjava-netty-1-1] c.g.d.netty.NettyDockerCmdExecFactory$1  : [id: 0xb7b95bb7, L:null - R:/var/run/docker.sock] READ: DefaultHttpContent(data: PooledSlicedByteBuf(ridx: 0, widx: 1024, cap: 1024/1024, unwrapped: PooledUnsafeDirectByteBuf(ridx: 1024, widx: 1024, cap: 1024)), decoderResult: success), 1024B
         +-------------------------------------------------+
         |  0  1  2  3  4  5  6  7  8  9  a  b  c  d  e  f |
+--------+-------------------------------------------------+----------------+
|00000000| 32 2f 74 63 70 22 3a 7b 7d 7d 2c 22 54 74 79 22 |2/tcp":{}},"Tty"|
|00000010| 3a 66 61 6c 73 65 2c 22 4f 70 65 6e 53 74 64 69 |:false,"OpenStdi|
|00000020| 6e 22 3a 66 61 6c 73 65 2c 22 53 74 64 69 6e 4f |n":false,"StdinO|
|00000030| 6e 63 65 22 3a 66 61 6c 73 65 2c 22 45 6e 76 22 |nce":false,"Env"|
|00000040| 3a 5b 22 52 41 42 42 49 54 4d 51 5f 55 53 45 52 |:["RABBITMQ_USER|
|00000050| 3d 67 75 65 73 74 22 2c 22 52 41 42 42 49 54 4d |=guest","RABBITM|
|00000060| 51 5f 50 41 53 53 57 4f 52 44 3d 67 75 65 73 74 |Q_PASSWORD=guest|
|00000070| 22 2c 22 6e 6f 5f 70 72 6f 78 79 3d 2a 2e 6c 6f |","no_proxy=*.lo|
|00000080| 63 61 6c 2c 20 31 36 39 2e 32 35 34 2f 31 36 22 |cal, 169.254/16"|
|00000090| 2c 22 50 41 54 48 3d 2f 75 73 72 2f 6c 69 62 2f |,"PATH=/usr/lib/|
|000000a0| 72 61 62 62 69 74 6d 71 2f 62 69 6e 3a 2f 75 73 |rabbitmq/bin:/us|
|000000b0| 72 2f 6c 6f 63 61 6c 2f 73 62 69 6e 3a 2f 75 73 |r/local/sbin:/us|
|000000c0| 72 2f 6c 6f 63 61 6c 2f 62 69 6e 3a 2f 75 73 72 |r/local/bin:/usr|
|000000d0| 2f 73 62 69 6e 3a 2f 75 73 72 2f 62 69 6e 3a 2f |/sbin:/usr/bin:/|
|000000e0| 73 62 69 6e 3a 2f 62 69 6e 22 2c 22 47 4f 53 55 |sbin:/bin","GOSU|
|000000f0| 5f 56 45 52 53 49 4f 4e 3d 31 2e 31 30 22 2c 22 |_VERSION=1.10","|
|00000100| 52 41 42 42 49 54 4d 51 5f 4c 4f 47 53 3d 2d 22 |RABBITMQ_LOGS=-"|
|00000110| 2c 22 52 41 42 42 49 54 4d 51 5f 53 41 53 4c 5f |,"RABBITMQ_SASL_|
|00000120| 4c 4f 47 53 3d 2d 22 2c 22 52 41 42 42 49 54 4d |LOGS=-","RABBITM|
|00000130| 51 5f 47 50 47 5f 4b 45 59 3d 30 41 39 41 46 32 |Q_GPG_KEY=0A9AF2|
|00000140| 31 31 35 46 34 36 38 37 42 44 32 39 38 30 33 41 |115F4687BD29803A|
|00000150| 32 30 36 42 37 33 41 33 36 45 36 30 32 36 44 46 |206B73A36E6026DF|
|00000160| 43 41 22 2c 22 52 41 42 42 49 54 4d 51 5f 56 45 |CA","RABBITMQ_VE|
|00000170| 52 53 49 4f 4e 3d 33 2e 36 2e 31 34 22 2c 22 52 |RSION=3.6.14","R|
|00000180| 41 42 42 49 54 4d 51 5f 47 49 54 48 55 42 5f 54 |ABBITMQ_GITHUB_T|
|00000190| 41 47 3d 72 61 62 62 69 74 6d 71 5f 76 33 5f 36 |AG=rabbitmq_v3_6|
|000001a0| 5f 31 34 22 2c 22 52 41 42 42 49 54 4d 51 5f 44 |_14","RABBITMQ_D|
|000001b0| 45 42 49 41 4e 5f 56 45 52 53 49 4f 4e 3d 33 2e |EBIAN_VERSION=3.|
|000001c0| 36 2e 31 34 2d 31 22 2c 22 48 4f 4d 45 3d 2f 76 |6.14-1","HOME=/v|
|000001d0| 61 72 2f 6c 69 62 2f 72 61 62 62 69 74 6d 71 22 |ar/lib/rabbitmq"|
|000001e0| 5d 2c 22 43 6d 64 22 3a 5b 22 72 61 62 62 69 74 |],"Cmd":["rabbit|
|000001f0| 6d 71 2d 73 65 72 76 65 72 22 5d 2c 22 41 72 67 |mq-server"],"Arg|
|00000200| 73 45 73 63 61 70 65 64 22 3a 74 72 75 65 2c 22 |sEscaped":true,"|
|00000210| 49 6d 61 67 65 22 3a 22 72 61 62 62 69 74 6d 71 |Image":"rabbitmq|
|00000220| 3a 33 2e 36 2e 31 34 22 2c 22 56 6f 6c 75 6d 65 |:3.6.14","Volume|
|00000230| 73 22 3a 7b 22 2f 76 61 72 2f 6c 69 62 2f 72 61 |s":{"/var/lib/ra|
|00000240| 62 62 69 74 6d 71 22 3a 7b 7d 7d 2c 22 57 6f 72 |bbitmq":{}},"Wor|
|00000250| 6b 69 6e 67 44 69 72 22 3a 22 22 2c 22 45 6e 74 |kingDir":"","Ent|
|00000260| 72 79 70 6f 69 6e 74 22 3a 5b 22 64 6f 63 6b 65 |rypoint":["docke|
|00000270| 72 2d 65 6e 74 72 79 70 6f 69 6e 74 2e 73 68 22 |r-entrypoint.sh"|
|00000280| 5d 2c 22 4f 6e 42 75 69 6c 64 22 3a 6e 75 6c 6c |],"OnBuild":null|
|00000290| 2c 22 4c 61 62 65 6c 73 22 3a 7b 22 6f 72 67 2e |,"Labels":{"org.|
|000002a0| 74 65 73 74 63 6f 6e 74 61 69 6e 65 72 73 22 3a |testcontainers":|
|000002b0| 22 74 72 75 65 22 7d 7d 2c 22 4e 65 74 77 6f 72 |"true"}},"Networ|
|000002c0| 6b 53 65 74 74 69 6e 67 73 22 3a 7b 22 42 72 69 |kSettings":{"Bri|
|000002d0| 64 67 65 22 3a 22 22 2c 22 53 61 6e 64 62 6f 78 |dge":"","Sandbox|
|000002e0| 49 44 22 3a 22 38 66 38 35 65 33 63 65 66 39 62 |ID":"8f85e3cef9b|
|000002f0| 32 66 39 39 31 63 39 36 30 30 35 61 32 38 64 36 |2f991c96005a28d6|
|00000300| 65 63 35 32 64 63 34 35 33 33 33 64 63 65 37 38 |ec52dc45333dce78|
|00000310| 38 37 36 64 30 39 37 65 63 31 32 38 66 39 39 36 |876d097ec128f996|
|00000320| 37 33 38 36 64 22 2c 22 48 61 69 72 70 69 6e 4d |7386d","HairpinM|
|00000330| 6f 64 65 22 3a 66 61 6c 73 65 2c 22 4c 69 6e 6b |ode":false,"Link|
|00000340| 4c 6f 63 61 6c 49 50 76 36 41 64 64 72 65 73 73 |LocalIPv6Address|
|00000350| 22 3a 22 22 2c 22 4c 69 6e 6b 4c 6f 63 61 6c 49 |":"","LinkLocalI|
|00000360| 50 76 36 50 72 65 66 69 78 4c 65 6e 22 3a 30 2c |Pv6PrefixLen":0,|
|00000370| 22 50 6f 72 74 73 22 3a 7b 22 32 35 36 37 32 2f |"Ports":{"25672/|
|00000380| 74 63 70 22 3a 5b 7b 22 48 6f 73 74 49 70 22 3a |tcp":[{"HostIp":|
|00000390| 22 30 2e 30 2e 30 2e 30 22 2c 22 48 6f 73 74 50 |"0.0.0.0","HostP|
|000003a0| 6f 72 74 22 3a 22 33 32 39 36 36 22 7d 5d 2c 22 |ort":"32966"}],"|
|000003b0| 34 33 36 39 2f 74 63 70 22 3a 5b 7b 22 48 6f 73 |4369/tcp":[{"Hos|
|000003c0| 74 49 70 22 3a 22 30 2e 30 2e 30 2e 30 22 2c 22 |tIp":"0.0.0.0","|
|000003d0| 48 6f 73 74 50 6f 72 74 22 3a 22 33 32 39 36 39 |HostPort":"32969|
|000003e0| 22 7d 5d 2c 22 35 36 37 31 2f 74 63 70 22 3a 5b |"}],"5671/tcp":[|
|000003f0| 7b 22 48 6f 73 74 49 70 22 3a 22 30 2e 30 2e 30 |{"HostIp":"0.0.0|
+--------+-------------------------------------------------+----------------+
2017-11-27 22:09:22.671 DEBUG 24827 --- [rjava-netty-1-1] xecFactory$UnixDomainSocketInitializer$3 : [id: 0xb7b95bb7, L:null - R:/var/run/docker.sock] READ: 847B
         +-------------------------------------------------+
         |  0  1  2  3  4  5  6  7  8  9  a  b  c  d  e  f |
+--------+-------------------------------------------------+----------------+
|00000000| 2e 30 22 2c 22 48 6f 73 74 50 6f 72 74 22 3a 22 |.0","HostPort":"|
|00000010| 33 32 39 36 38 22 7d 5d 2c 22 35 36 37 32 2f 74 |32968"}],"5672/t|
|00000020| 63 70 22 3a 5b 7b 22 48 6f 73 74 49 70 22 3a 22 |cp":[{"HostIp":"|
|00000030| 30 2e 30 2e 30 2e 30 22 2c 22 48 6f 73 74 50 6f |0.0.0.0","HostPo|
|00000040| 72 74 22 3a 22 33 32 39 36 37 22 7d 5d 7d 2c 22 |rt":"32967"}]},"|
|00000050| 53 61 6e 64 62 6f 78 4b 65 79 22 3a 22 2f 76 61 |SandboxKey":"/va|
|00000060| 72 2f 72 75 6e 2f 64 6f 63 6b 65 72 2f 6e 65 74 |r/run/docker/net|
|00000070| 6e 73 2f 38 66 38 35 65 33 63 65 66 39 62 32 22 |ns/8f85e3cef9b2"|
|00000080| 2c 22 53 65 63 6f 6e 64 61 72 79 49 50 41 64 64 |,"SecondaryIPAdd|
|00000090| 72 65 73 73 65 73 22 3a 6e 75 6c 6c 2c 22 53 65 |resses":null,"Se|
|000000a0| 63 6f 6e 64 61 72 79 49 50 76 36 41 64 64 72 65 |condaryIPv6Addre|
|000000b0| 73 73 65 73 22 3a 6e 75 6c 6c 2c 22 45 6e 64 70 |sses":null,"Endp|
|000000c0| 6f 69 6e 74 49 44 22 3a 22 61 38 30 65 33 33 34 |ointID":"a80e334|
|000000d0| 39 64 38 64 61 66 31 37 64 35 32 30 31 33 64 64 |9d8daf17d52013dd|
|000000e0| 37 64 30 63 62 66 32 31 34 31 64 30 35 30 32 64 |7d0cbf2141d0502d|
|000000f0| 33 34 37 61 31 30 61 39 64 36 65 33 32 31 66 39 |347a10a9d6e321f9|
|00000100| 64 38 62 32 37 61 32 65 34 22 2c 22 47 61 74 65 |d8b27a2e4","Gate|
|00000110| 77 61 79 22 3a 22 31 37 32 2e 31 37 2e 30 2e 31 |way":"172.17.0.1|
|00000120| 22 2c 22 47 6c 6f 62 61 6c 49 50 76 36 41 64 64 |","GlobalIPv6Add|
|00000130| 72 65 73 73 22 3a 22 22 2c 22 47 6c 6f 62 61 6c |ress":"","Global|
|00000140| 49 50 76 36 50 72 65 66 69 78 4c 65 6e 22 3a 30 |IPv6PrefixLen":0|
|00000150| 2c 22 49 50 41 64 64 72 65 73 73 22 3a 22 31 37 |,"IPAddress":"17|
|00000160| 32 2e 31 37 2e 30 2e 33 22 2c 22 49 50 50 72 65 |2.17.0.3","IPPre|
|00000170| 66 69 78 4c 65 6e 22 3a 31 36 2c 22 49 50 76 36 |fixLen":16,"IPv6|
|00000180| 47 61 74 65 77 61 79 22 3a 22 22 2c 22 4d 61 63 |Gateway":"","Mac|
|00000190| 41 64 64 72 65 73 73 22 3a 22 30 32 3a 34 32 3a |Address":"02:42:|
|000001a0| 61 63 3a 31 31 3a 30 30 3a 30 33 22 2c 22 4e 65 |ac:11:00:03","Ne|
|000001b0| 74 77 6f 72 6b 73 22 3a 7b 22 62 72 69 64 67 65 |tworks":{"bridge|
|000001c0| 22 3a 7b 22 49 50 41 4d 43 6f 6e 66 69 67 22 3a |":{"IPAMConfig":|
|000001d0| 6e 75 6c 6c 2c 22 4c 69 6e 6b 73 22 3a 6e 75 6c |null,"Links":nul|
|000001e0| 6c 2c 22 41 6c 69 61 73 65 73 22 3a 6e 75 6c 6c |l,"Aliases":null|
|000001f0| 2c 22 4e 65 74 77 6f 72 6b 49 44 22 3a 22 39 66 |,"NetworkID":"9f|
|00000200| 65 38 62 39 32 64 61 66 63 30 35 34 34 36 33 33 |e8b92dafc0544633|
|00000210| 37 39 64 39 34 35 38 61 64 65 37 37 64 35 31 61 |79d9458ade77d51a|
|00000220| 34 61 62 39 30 61 64 31 33 65 35 34 61 65 32 31 |4ab90ad13e54ae21|
|00000230| 61 31 38 64 36 35 66 66 32 63 30 37 63 61 22 2c |a18d65ff2c07ca",|
|00000240| 22 45 6e 64 70 6f 69 6e 74 49 44 22 3a 22 61 38 |"EndpointID":"a8|
|00000250| 30 65 33 33 34 39 64 38 64 61 66 31 37 64 35 32 |0e3349d8daf17d52|
|00000260| 30 31 33 64 64 37 64 30 63 62 66 32 31 34 31 64 |013dd7d0cbf2141d|
|00000270| 30 35 30 32 64 33 34 37 61 31 30 61 39 64 36 65 |0502d347a10a9d6e|
|00000280| 33 32 31 66 39 64 38 62 32 37 61 32 65 34 22 2c |321f9d8b27a2e4",|
|00000290| 22 47 61 74 65 77 61 79 22 3a 22 31 37 32 2e 31 |"Gateway":"172.1|
|000002a0| 37 2e 30 2e 31 22 2c 22 49 50 41 64 64 72 65 73 |7.0.1","IPAddres|
|000002b0| 73 22 3a 22 31 37 32 2e 31 37 2e 30 2e 33 22 2c |s":"172.17.0.3",|
|000002c0| 22 49 50 50 72 65 66 69 78 4c 65 6e 22 3a 31 36 |"IPPrefixLen":16|
|000002d0| 2c 22 49 50 76 36 47 61 74 65 77 61 79 22 3a 22 |,"IPv6Gateway":"|
|000002e0| 22 2c 22 47 6c 6f 62 61 6c 49 50 76 36 41 64 64 |","GlobalIPv6Add|
|000002f0| 72 65 73 73 22 3a 22 22 2c 22 47 6c 6f 62 61 6c |ress":"","Global|
|00000300| 49 50 76 36 50 72 65 66 69 78 4c 65 6e 22 3a 30 |IPv6PrefixLen":0|
|00000310| 2c 22 4d 61 63 41 64 64 72 65 73 73 22 3a 22 30 |,"MacAddress":"0|
|00000320| 32 3a 34 32 3a 61 63 3a 31 31 3a 30 30 3a 30 33 |2:42:ac:11:00:03|
|00000330| 22 2c 22 44 72 69 76 65 72 4f 70 74 73 22 3a 6e |","DriverOpts":n|
|00000340| 75 6c 6c 7d 7d 7d 7d 0a 0d 0a 30 0d 0a 0d 0a    |ull}}}}...0.... |
+--------+-------------------------------------------------+----------------+
2017-11-27 22:09:22.671 DEBUG 24827 --- [rjava-netty-1-1] c.g.d.netty.NettyDockerCmdExecFactory$1  : [id: 0xb7b95bb7, L:null - R:/var/run/docker.sock] READ: DefaultHttpContent(data: PooledSlicedByteBuf(ridx: 0, widx: 840, cap: 840/840, unwrapped: PooledUnsafeDirectByteBuf(ridx: 842, widx: 847, cap: 1024)), decoderResult: success), 840B
         +-------------------------------------------------+
         |  0  1  2  3  4  5  6  7  8  9  a  b  c  d  e  f |
+--------+-------------------------------------------------+----------------+
|00000000| 2e 30 22 2c 22 48 6f 73 74 50 6f 72 74 22 3a 22 |.0","HostPort":"|
|00000010| 33 32 39 36 38 22 7d 5d 2c 22 35 36 37 32 2f 74 |32968"}],"5672/t|
|00000020| 63 70 22 3a 5b 7b 22 48 6f 73 74 49 70 22 3a 22 |cp":[{"HostIp":"|
|00000030| 30 2e 30 2e 30 2e 30 22 2c 22 48 6f 73 74 50 6f |0.0.0.0","HostPo|
|00000040| 72 74 22 3a 22 33 32 39 36 37 22 7d 5d 7d 2c 22 |rt":"32967"}]},"|
|00000050| 53 61 6e 64 62 6f 78 4b 65 79 22 3a 22 2f 76 61 |SandboxKey":"/va|
|00000060| 72 2f 72 75 6e 2f 64 6f 63 6b 65 72 2f 6e 65 74 |r/run/docker/net|
|00000070| 6e 73 2f 38 66 38 35 65 33 63 65 66 39 62 32 22 |ns/8f85e3cef9b2"|
|00000080| 2c 22 53 65 63 6f 6e 64 61 72 79 49 50 41 64 64 |,"SecondaryIPAdd|
|00000090| 72 65 73 73 65 73 22 3a 6e 75 6c 6c 2c 22 53 65 |resses":null,"Se|
|000000a0| 63 6f 6e 64 61 72 79 49 50 76 36 41 64 64 72 65 |condaryIPv6Addre|
|000000b0| 73 73 65 73 22 3a 6e 75 6c 6c 2c 22 45 6e 64 70 |sses":null,"Endp|
|000000c0| 6f 69 6e 74 49 44 22 3a 22 61 38 30 65 33 33 34 |ointID":"a80e334|
|000000d0| 39 64 38 64 61 66 31 37 64 35 32 30 31 33 64 64 |9d8daf17d52013dd|
|000000e0| 37 64 30 63 62 66 32 31 34 31 64 30 35 30 32 64 |7d0cbf2141d0502d|
|000000f0| 33 34 37 61 31 30 61 39 64 36 65 33 32 31 66 39 |347a10a9d6e321f9|
|00000100| 64 38 62 32 37 61 32 65 34 22 2c 22 47 61 74 65 |d8b27a2e4","Gate|
|00000110| 77 61 79 22 3a 22 31 37 32 2e 31 37 2e 30 2e 31 |way":"172.17.0.1|
|00000120| 22 2c 22 47 6c 6f 62 61 6c 49 50 76 36 41 64 64 |","GlobalIPv6Add|
|00000130| 72 65 73 73 22 3a 22 22 2c 22 47 6c 6f 62 61 6c |ress":"","Global|
|00000140| 49 50 76 36 50 72 65 66 69 78 4c 65 6e 22 3a 30 |IPv6PrefixLen":0|
|00000150| 2c 22 49 50 41 64 64 72 65 73 73 22 3a 22 31 37 |,"IPAddress":"17|
|00000160| 32 2e 31 37 2e 30 2e 33 22 2c 22 49 50 50 72 65 |2.17.0.3","IPPre|
|00000170| 66 69 78 4c 65 6e 22 3a 31 36 2c 22 49 50 76 36 |fixLen":16,"IPv6|
|00000180| 47 61 74 65 77 61 79 22 3a 22 22 2c 22 4d 61 63 |Gateway":"","Mac|
|00000190| 41 64 64 72 65 73 73 22 3a 22 30 32 3a 34 32 3a |Address":"02:42:|
|000001a0| 61 63 3a 31 31 3a 30 30 3a 30 33 22 2c 22 4e 65 |ac:11:00:03","Ne|
|000001b0| 74 77 6f 72 6b 73 22 3a 7b 22 62 72 69 64 67 65 |tworks":{"bridge|
|000001c0| 22 3a 7b 22 49 50 41 4d 43 6f 6e 66 69 67 22 3a |":{"IPAMConfig":|
|000001d0| 6e 75 6c 6c 2c 22 4c 69 6e 6b 73 22 3a 6e 75 6c |null,"Links":nul|
|000001e0| 6c 2c 22 41 6c 69 61 73 65 73 22 3a 6e 75 6c 6c |l,"Aliases":null|
|000001f0| 2c 22 4e 65 74 77 6f 72 6b 49 44 22 3a 22 39 66 |,"NetworkID":"9f|
|00000200| 65 38 62 39 32 64 61 66 63 30 35 34 34 36 33 33 |e8b92dafc0544633|
|00000210| 37 39 64 39 34 35 38 61 64 65 37 37 64 35 31 61 |79d9458ade77d51a|
|00000220| 34 61 62 39 30 61 64 31 33 65 35 34 61 65 32 31 |4ab90ad13e54ae21|
|00000230| 61 31 38 64 36 35 66 66 32 63 30 37 63 61 22 2c |a18d65ff2c07ca",|
|00000240| 22 45 6e 64 70 6f 69 6e 74 49 44 22 3a 22 61 38 |"EndpointID":"a8|
|00000250| 30 65 33 33 34 39 64 38 64 61 66 31 37 64 35 32 |0e3349d8daf17d52|
|00000260| 30 31 33 64 64 37 64 30 63 62 66 32 31 34 31 64 |013dd7d0cbf2141d|
|00000270| 30 35 30 32 64 33 34 37 61 31 30 61 39 64 36 65 |0502d347a10a9d6e|
|00000280| 33 32 31 66 39 64 38 62 32 37 61 32 65 34 22 2c |321f9d8b27a2e4",|
|00000290| 22 47 61 74 65 77 61 79 22 3a 22 31 37 32 2e 31 |"Gateway":"172.1|
|000002a0| 37 2e 30 2e 31 22 2c 22 49 50 41 64 64 72 65 73 |7.0.1","IPAddres|
|000002b0| 73 22 3a 22 31 37 32 2e 31 37 2e 30 2e 33 22 2c |s":"172.17.0.3",|
|000002c0| 22 49 50 50 72 65 66 69 78 4c 65 6e 22 3a 31 36 |"IPPrefixLen":16|
|000002d0| 2c 22 49 50 76 36 47 61 74 65 77 61 79 22 3a 22 |,"IPv6Gateway":"|
|000002e0| 22 2c 22 47 6c 6f 62 61 6c 49 50 76 36 41 64 64 |","GlobalIPv6Add|
|000002f0| 72 65 73 73 22 3a 22 22 2c 22 47 6c 6f 62 61 6c |ress":"","Global|
|00000300| 49 50 76 36 50 72 65 66 69 78 4c 65 6e 22 3a 30 |IPv6PrefixLen":0|
|00000310| 2c 22 4d 61 63 41 64 64 72 65 73 73 22 3a 22 30 |,"MacAddress":"0|
|00000320| 32 3a 34 32 3a 61 63 3a 31 31 3a 30 30 3a 30 33 |2:42:ac:11:00:03|
|00000330| 22 2c 22 44 72 69 76 65 72 4f 70 74 73 22 3a 6e |","DriverOpts":n|
|00000340| 75 6c 6c 7d 7d 7d 7d 0a                         |ull}}}}.        |
+--------+-------------------------------------------------+----------------+
2017-11-27 22:09:22.674 DEBUG 24827 --- [rjava-netty-1-1] c.g.d.netty.NettyDockerCmdExecFactory$1  : [id: 0xb7b95bb7, L:null - R:/var/run/docker.sock] READ, EmptyLastHttpContent, 0B
2017-11-27 22:09:22.675 DEBUG 24827 --- [rjava-netty-1-1] c.g.d.netty.NettyDockerCmdExecFactory$1  : [id: 0xb7b95bb7, L:null - R:/var/run/docker.sock] CLOSE
2017-11-27 22:09:22.675 DEBUG 24827 --- [rjava-netty-1-1] xecFactory$UnixDomainSocketInitializer$3 : [id: 0xb7b95bb7, L:null - R:/var/run/docker.sock] CLOSE
2017-11-27 22:09:22.675 DEBUG 24827 --- [rjava-netty-1-1] xecFactory$UnixDomainSocketInitializer$3 : [id: 0xb7b95bb7, L:null ! R:/var/run/docker.sock] READ COMPLETE
2017-11-27 22:09:22.675 DEBUG 24827 --- [rjava-netty-1-1] c.g.d.netty.NettyDockerCmdExecFactory$1  : [id: 0xb7b95bb7, L:null ! R:/var/run/docker.sock] READ COMPLETE
2017-11-27 22:09:22.675 DEBUG 24827 --- [rjava-netty-1-1] xecFactory$UnixDomainSocketInitializer$3 : [id: 0xb7b95bb7, L:null ! R:/var/run/docker.sock] INACTIVE
2017-11-27 22:09:22.675 DEBUG 24827 --- [       Thread-1] c.g.d.core.command.AbstrDockerCmd        : Cmd: 760a11cda02e910f00711b5a13bda9b1a918e18eb4153f1bfc40e23e16ada5cc,<null>,com.github.dockerjava.netty.exec.KillContainerCmdExec@308e3d78
2017-11-27 22:09:22.675 DEBUG 24827 --- [rjava-netty-1-1] c.g.d.netty.NettyDockerCmdExecFactory$1  : [id: 0xb7b95bb7, L:null ! R:/var/run/docker.sock] INACTIVE
2017-11-27 22:09:22.675 DEBUG 24827 --- [rjava-netty-1-1] xecFactory$UnixDomainSocketInitializer$3 : [id: 0xb7b95bb7, L:null ! R:/var/run/docker.sock] UNREGISTERED
2017-11-27 22:09:22.675 DEBUG 24827 --- [rjava-netty-1-1] c.g.d.netty.NettyDockerCmdExecFactory$1  : [id: 0xb7b95bb7, L:null ! R:/var/run/docker.sock] UNREGISTERED
2017-11-27 22:09:22.676 DEBUG 24827 --- [rjava-netty-1-2] xecFactory$UnixDomainSocketInitializer$3 : [id: 0xd42b5e5b] REGISTERED
2017-11-27 22:09:22.676 DEBUG 24827 --- [rjava-netty-1-2] xecFactory$UnixDomainSocketInitializer$3 : [id: 0xd42b5e5b] CONNECT: /var/run/docker.sock
2017-11-27 22:09:22.676 DEBUG 24827 --- [rjava-netty-1-2] xecFactory$UnixDomainSocketInitializer$3 : [id: 0xd42b5e5b, L:null - R:/var/run/docker.sock] ACTIVE
2017-11-27 22:09:22.676 DEBUG 24827 --- [rjava-netty-1-2] c.g.d.netty.NettyDockerCmdExecFactory$1  : [id: 0xd42b5e5b, L:null - R:/var/run/docker.sock] WRITE: DefaultHttpRequest(decodeResult: success, version: HTTP/1.1)
POST /containers/760a11cda02e910f00711b5a13bda9b1a918e18eb4153f1bfc40e23e16ada5cc/kill HTTP/1.1
content-length: 0
host:
connection: keep-alive
accept-encoding: gzip
accept: application/json
2017-11-27 22:09:22.676 DEBUG 24827 --- [rjava-netty-1-2] xecFactory$UnixDomainSocketInitializer$3 : [id: 0xd42b5e5b, L:null - R:/var/run/docker.sock] WRITE: 199B
         +-------------------------------------------------+
         |  0  1  2  3  4  5  6  7  8  9  a  b  c  d  e  f |
+--------+-------------------------------------------------+----------------+
|00000000| 50 4f 53 54 20 2f 63 6f 6e 74 61 69 6e 65 72 73 |POST /containers|
|00000010| 2f 37 36 30 61 31 31 63 64 61 30 32 65 39 31 30 |/760a11cda02e910|
|00000020| 66 30 30 37 31 31 62 35 61 31 33 62 64 61 39 62 |f00711b5a13bda9b|
|00000030| 31 61 39 31 38 65 31 38 65 62 34 31 35 33 66 31 |1a918e18eb4153f1|
|00000040| 62 66 63 34 30 65 32 33 65 31 36 61 64 61 35 63 |bfc40e23e16ada5c|
|00000050| 63 2f 6b 69 6c 6c 20 48 54 54 50 2f 31 2e 31 0d |c/kill HTTP/1.1.|
|00000060| 0a 63 6f 6e 74 65 6e 74 2d 6c 65 6e 67 74 68 3a |.content-length:|
|00000070| 20 30 0d 0a 68 6f 73 74 3a 20 0d 0a 63 6f 6e 6e | 0..host: ..conn|
|00000080| 65 63 74 69 6f 6e 3a 20 6b 65 65 70 2d 61 6c 69 |ection: keep-ali|
|00000090| 76 65 0d 0a 61 63 63 65 70 74 2d 65 6e 63 6f 64 |ve..accept-encod|
|000000a0| 69 6e 67 3a 20 67 7a 69 70 0d 0a 61 63 63 65 70 |ing: gzip..accep|
|000000b0| 74 3a 20 61 70 70 6c 69 63 61 74 69 6f 6e 2f 6a |t: application/j|
|000000c0| 73 6f 6e 0d 0a 0d 0a                            |son....         |
+--------+-------------------------------------------------+----------------+
2017-11-27 22:09:22.677 DEBUG 24827 --- [rjava-netty-1-2] c.g.d.netty.NettyDockerCmdExecFactory$1  : [id: 0xd42b5e5b, L:null - R:/var/run/docker.sock] FLUSH
2017-11-27 22:09:22.677 DEBUG 24827 --- [rjava-netty-1-2] xecFactory$UnixDomainSocketInitializer$3 : [id: 0xd42b5e5b, L:null - R:/var/run/docker.sock] FLUSH
2017-11-27 22:09:23.338 DEBUG 24827 --- [rjava-netty-1-2] xecFactory$UnixDomainSocketInitializer$3 : [id: 0xd42b5e5b, L:null - R:/var/run/docker.sock] READ: 161B
         +-------------------------------------------------+
         |  0  1  2  3  4  5  6  7  8  9  a  b  c  d  e  f |
+--------+-------------------------------------------------+----------------+
|00000000| 48 54 54 50 2f 31 2e 31 20 32 30 34 20 4e 6f 20 |HTTP/1.1 204 No |
|00000010| 43 6f 6e 74 65 6e 74 0d 0a 41 70 69 2d 56 65 72 |Content..Api-Ver|
|00000020| 73 69 6f 6e 3a 20 31 2e 33 32 0d 0a 44 61 74 65 |sion: 1.32..Date|
|00000030| 3a 20 4d 6f 6e 2c 20 32 37 20 4e 6f 76 20 32 30 |: Mon, 27 Nov 20|
|00000040| 31 37 20 32 31 3a 30 39 3a 31 39 20 47 4d 54 0d |17 21:09:19 GMT.|
|00000050| 0a 44 6f 63 6b 65 72 2d 45 78 70 65 72 69 6d 65 |.Docker-Experime|
|00000060| 6e 74 61 6c 3a 20 66 61 6c 73 65 0d 0a 4f 73 74 |ntal: false..Ost|
|00000070| 79 70 65 3a 20 6c 69 6e 75 78 0d 0a 53 65 72 76 |ype: linux..Serv|
|00000080| 65 72 3a 20 44 6f 63 6b 65 72 2f 31 37 2e 30 39 |er: Docker/17.09|
|00000090| 2e 30 2d 63 65 20 28 6c 69 6e 75 78 29 0d 0a 0d |.0-ce (linux)...|
|000000a0| 0a                                              |.               |
+--------+-------------------------------------------------+----------------+
2017-11-27 22:09:23.338 DEBUG 24827 --- [rjava-netty-1-2] c.g.d.netty.NettyDockerCmdExecFactory$1  : [id: 0xd42b5e5b, L:null - R:/var/run/docker.sock] READ: DefaultHttpResponse(decodeResult: success, version: HTTP/1.1)
HTTP/1.1 204 No Content
Api-Version: 1.32
Date: Mon, 27 Nov 2017 21:09:19 GMT
Docker-Experimental: false
Ostype: linux
Server: Docker/17.09.0-ce (linux)
2017-11-27 22:09:23.338 DEBUG 24827 --- [rjava-netty-1-2] c.g.d.netty.NettyDockerCmdExecFactory$1  : [id: 0xd42b5e5b, L:null - R:/var/run/docker.sock] READ, EmptyLastHttpContent, 0B
2017-11-27 22:09:23.338 DEBUG 24827 --- [rjava-netty-1-2] c.g.d.netty.NettyDockerCmdExecFactory$1  : [id: 0xd42b5e5b, L:null - R:/var/run/docker.sock] CLOSE
2017-11-27 22:09:23.338 DEBUG 24827 --- [rjava-netty-1-2] xecFactory$UnixDomainSocketInitializer$3 : [id: 0xd42b5e5b, L:null - R:/var/run/docker.sock] CLOSE
2017-11-27 22:09:23.338 DEBUG 24827 --- [       Thread-1] c.g.d.core.command.AbstrDockerCmd        : Cmd: 760a11cda02e910f00711b5a13bda9b1a918e18eb4153f1bfc40e23e16ada5cc,false,com.github.dockerjava.netty.exec.InspectContainerCmdExec@6915c78a
2017-11-27 22:09:23.338 DEBUG 24827 --- [rjava-netty-1-2] xecFactory$UnixDomainSocketInitializer$3 : [id: 0xd42b5e5b, L:null ! R:/var/run/docker.sock] READ COMPLETE
2017-11-27 22:09:23.338 DEBUG 24827 --- [rjava-netty-1-2] c.g.d.netty.NettyDockerCmdExecFactory$1  : [id: 0xd42b5e5b, L:null ! R:/var/run/docker.sock] READ COMPLETE
2017-11-27 22:09:23.338 DEBUG 24827 --- [       Thread-1] c.g.d.n.exec.InspectContainerCmdExec     : GET: com.github.dockerjava.netty.WebTarget@35426afe
2017-11-27 22:09:23.338 DEBUG 24827 --- [rjava-netty-1-2] xecFactory$UnixDomainSocketInitializer$3 : [id: 0xd42b5e5b, L:null ! R:/var/run/docker.sock] INACTIVE
2017-11-27 22:09:23.338 DEBUG 24827 --- [rjava-netty-1-2] c.g.d.netty.NettyDockerCmdExecFactory$1  : [id: 0xd42b5e5b, L:null ! R:/var/run/docker.sock] INACTIVE
2017-11-27 22:09:23.339 DEBUG 24827 --- [rjava-netty-1-2] xecFactory$UnixDomainSocketInitializer$3 : [id: 0xd42b5e5b, L:null ! R:/var/run/docker.sock] UNREGISTERED
2017-11-27 22:09:23.339 DEBUG 24827 --- [rjava-netty-1-2] c.g.d.netty.NettyDockerCmdExecFactory$1  : [id: 0xd42b5e5b, L:null ! R:/var/run/docker.sock] UNREGISTERED
2017-11-27 22:09:23.339 DEBUG 24827 --- [rjava-netty-1-3] xecFactory$UnixDomainSocketInitializer$3 : [id: 0x6fa75780] REGISTERED
2017-11-27 22:09:23.339 DEBUG 24827 --- [rjava-netty-1-3] xecFactory$UnixDomainSocketInitializer$3 : [id: 0x6fa75780] CONNECT: /var/run/docker.sock
2017-11-27 22:09:23.339 DEBUG 24827 --- [rjava-netty-1-3] xecFactory$UnixDomainSocketInitializer$3 : [id: 0x6fa75780, L:null - R:/var/run/docker.sock] ACTIVE
2017-11-27 22:09:23.339 DEBUG 24827 --- [rjava-netty-1-3] c.g.d.netty.NettyDockerCmdExecFactory$1  : [id: 0x6fa75780, L:null - R:/var/run/docker.sock] WRITE, DefaultFullHttpRequest(decodeResult: success, version: HTTP/1.1, content: UnpooledByteBufAllocator$InstrumentedUnpooledUnsafeHeapByteBuf(ridx: 0, widx: 0, cap: 0))
GET /containers/760a11cda02e910f00711b5a13bda9b1a918e18eb4153f1bfc40e23e16ada5cc/json HTTP/1.1
host:
connection: keep-alive
accept-encoding: gzip
accept: application/json, 0B
2017-11-27 22:09:23.339 DEBUG 24827 --- [rjava-netty-1-3] xecFactory$UnixDomainSocketInitializer$3 : [id: 0x6fa75780, L:null - R:/var/run/docker.sock] WRITE: 179B
         +-------------------------------------------------+
         |  0  1  2  3  4  5  6  7  8  9  a  b  c  d  e  f |
+--------+-------------------------------------------------+----------------+
|00000000| 47 45 54 20 2f 63 6f 6e 74 61 69 6e 65 72 73 2f |GET /containers/|
|00000010| 37 36 30 61 31 31 63 64 61 30 32 65 39 31 30 66 |760a11cda02e910f|
|00000020| 30 30 37 31 31 62 35 61 31 33 62 64 61 39 62 31 |00711b5a13bda9b1|
|00000030| 61 39 31 38 65 31 38 65 62 34 31 35 33 66 31 62 |a918e18eb4153f1b|
|00000040| 66 63 34 30 65 32 33 65 31 36 61 64 61 35 63 63 |fc40e23e16ada5cc|
|00000050| 2f 6a 73 6f 6e 20 48 54 54 50 2f 31 2e 31 0d 0a |/json HTTP/1.1..|
|00000060| 68 6f 73 74 3a 20 0d 0a 63 6f 6e 6e 65 63 74 69 |host: ..connecti|
|00000070| 6f 6e 3a 20 6b 65 65 70 2d 61 6c 69 76 65 0d 0a |on: keep-alive..|
|00000080| 61 63 63 65 70 74 2d 65 6e 63 6f 64 69 6e 67 3a |accept-encoding:|
|00000090| 20 67 7a 69 70 0d 0a 61 63 63 65 70 74 3a 20 61 | gzip..accept: a|
|000000a0| 70 70 6c 69 63 61 74 69 6f 6e 2f 6a 73 6f 6e 0d |pplication/json.|
|000000b0| 0a 0d 0a                                        |...             |
+--------+-------------------------------------------------+----------------+
2017-11-27 22:09:23.339 DEBUG 24827 --- [rjava-netty-1-3] c.g.d.netty.NettyDockerCmdExecFactory$1  : [id: 0x6fa75780, L:null - R:/var/run/docker.sock] FLUSH
2017-11-27 22:09:23.339 DEBUG 24827 --- [rjava-netty-1-3] xecFactory$UnixDomainSocketInitializer$3 : [id: 0x6fa75780, L:null - R:/var/run/docker.sock] FLUSH
2017-11-27 22:09:23.341 DEBUG 24827 --- [rjava-netty-1-3] xecFactory$UnixDomainSocketInitializer$3 : [id: 0x6fa75780, L:null - R:/var/run/docker.sock] READ: 1024B
         +-------------------------------------------------+
         |  0  1  2  3  4  5  6  7  8  9  a  b  c  d  e  f |
+--------+-------------------------------------------------+----------------+
|00000000| 48 54 54 50 2f 31 2e 31 20 32 30 30 20 4f 4b 0d |HTTP/1.1 200 OK.|
|00000010| 0a 41 70 69 2d 56 65 72 73 69 6f 6e 3a 20 31 2e |.Api-Version: 1.|
|00000020| 33 32 0d 0a 43 6f 6e 74 65 6e 74 2d 54 79 70 65 |32..Content-Type|
|00000030| 3a 20 61 70 70 6c 69 63 61 74 69 6f 6e 2f 6a 73 |: application/js|
|00000040| 6f 6e 0d 0a 44 61 74 65 3a 20 4d 6f 6e 2c 20 32 |on..Date: Mon, 2|
|00000050| 37 20 4e 6f 76 20 32 30 31 37 20 32 31 3a 30 39 |7 Nov 2017 21:09|
|00000060| 3a 31 39 20 47 4d 54 0d 0a 44 6f 63 6b 65 72 2d |:19 GMT..Docker-|
|00000070| 45 78 70 65 72 69 6d 65 6e 74 61 6c 3a 20 66 61 |Experimental: fa|
|00000080| 6c 73 65 0d 0a 4f 73 74 79 70 65 3a 20 6c 69 6e |lse..Ostype: lin|
|00000090| 75 78 0d 0a 53 65 72 76 65 72 3a 20 44 6f 63 6b |ux..Server: Dock|
|000000a0| 65 72 2f 31 37 2e 30 39 2e 30 2d 63 65 20 28 6c |er/17.09.0-ce (l|
|000000b0| 69 6e 75 78 29 0d 0a 54 72 61 6e 73 66 65 72 2d |inux)..Transfer-|
|000000c0| 45 6e 63 6f 64 69 6e 67 3a 20 63 68 75 6e 6b 65 |Encoding: chunke|
|000000d0| 64 0d 0a 0d 0a 31 30 64 35 0d 0a 7b 22 49 64 22 |d....10d5..{"Id"|
|000000e0| 3a 22 37 36 30 61 31 31 63 64 61 30 32 65 39 31 |:"760a11cda02e91|
|000000f0| 30 66 30 30 37 31 31 62 35 61 31 33 62 64 61 39 |0f00711b5a13bda9|
|00000100| 62 31 61 39 31 38 65 31 38 65 62 34 31 35 33 66 |b1a918e18eb4153f|
|00000110| 31 62 66 63 34 30 65 32 33 65 31 36 61 64 61 35 |1bfc40e23e16ada5|
|00000120| 63 63 22 2c 22 43 72 65 61 74 65 64 22 3a 22 32 |cc","Created":"2|
|00000130| 30 31 37 2d 31 31 2d 32 37 54 32 31 3a 30 39 3a |017-11-27T21:09:|
|00000140| 30 35 2e 36 30 36 37 39 38 31 30 32 5a 22 2c 22 |05.606798102Z","|
|00000150| 50 61 74 68 22 3a 22 64 6f 63 6b 65 72 2d 65 6e |Path":"docker-en|
|00000160| 74 72 79 70 6f 69 6e 74 2e 73 68 22 2c 22 41 72 |trypoint.sh","Ar|
|00000170| 67 73 22 3a 5b 22 72 61 62 62 69 74 6d 71 2d 73 |gs":["rabbitmq-s|
|00000180| 65 72 76 65 72 22 5d 2c 22 53 74 61 74 65 22 3a |erver"],"State":|
|00000190| 7b 22 53 74 61 74 75 73 22 3a 22 65 78 69 74 65 |{"Status":"exite|
|000001a0| 64 22 2c 22 52 75 6e 6e 69 6e 67 22 3a 66 61 6c |d","Running":fal|
|000001b0| 73 65 2c 22 50 61 75 73 65 64 22 3a 66 61 6c 73 |se,"Paused":fals|
|000001c0| 65 2c 22 52 65 73 74 61 72 74 69 6e 67 22 3a 66 |e,"Restarting":f|
|000001d0| 61 6c 73 65 2c 22 4f 4f 4d 4b 69 6c 6c 65 64 22 |alse,"OOMKilled"|
|000001e0| 3a 66 61 6c 73 65 2c 22 44 65 61 64 22 3a 66 61 |:false,"Dead":fa|
|000001f0| 6c 73 65 2c 22 50 69 64 22 3a 30 2c 22 45 78 69 |lse,"Pid":0,"Exi|
|00000200| 74 43 6f 64 65 22 3a 31 33 37 2c 22 45 72 72 6f |tCode":137,"Erro|
|00000210| 72 22 3a 22 22 2c 22 53 74 61 72 74 65 64 41 74 |r":"","StartedAt|
|00000220| 22 3a 22 32 30 31 37 2d 31 31 2d 32 37 54 32 31 |":"2017-11-27T21|
|00000230| 3a 30 39 3a 30 36 2e 37 34 37 30 36 37 33 38 38 |:09:06.747067388|
|00000240| 5a 22 2c 22 46 69 6e 69 73 68 65 64 41 74 22 3a |Z","FinishedAt":|
|00000250| 22 32 30 31 37 2d 31 31 2d 32 37 54 32 31 3a 30 |"2017-11-27T21:0|
|00000260| 39 3a 31 39 2e 33 34 38 38 38 36 32 31 34 5a 22 |9:19.348886214Z"|
|00000270| 7d 2c 22 49 6d 61 67 65 22 3a 22 73 68 61 32 35 |},"Image":"sha25|
|00000280| 36 3a 37 39 61 30 30 38 62 32 35 39 36 32 65 31 |6:79a008b25962e1|
|00000290| 61 31 34 33 65 30 32 62 33 37 31 38 37 66 38 35 |a143e02b37187f85|
|000002a0| 35 63 62 32 32 34 65 32 32 30 33 62 39 34 63 63 |5cb224e2203b94cc|
|000002b0| 39 66 38 37 65 38 31 66 65 32 37 35 36 36 30 63 |9f87e81fe275660c|
|000002c0| 39 64 22 2c 22 52 65 73 6f 6c 76 43 6f 6e 66 50 |9d","ResolvConfP|
|000002d0| 61 74 68 22 3a 22 2f 76 61 72 2f 6c 69 62 2f 64 |ath":"/var/lib/d|
|000002e0| 6f 63 6b 65 72 2f 63 6f 6e 74 61 69 6e 65 72 73 |ocker/containers|
|000002f0| 2f 37 36 30 61 31 31 63 64 61 30 32 65 39 31 30 |/760a11cda02e910|
|00000300| 66 30 30 37 31 31 62 35 61 31 33 62 64 61 39 62 |f00711b5a13bda9b|
|00000310| 31 61 39 31 38 65 31 38 65 62 34 31 35 33 66 31 |1a918e18eb4153f1|
|00000320| 62 66 63 34 30 65 32 33 65 31 36 61 64 61 35 63 |bfc40e23e16ada5c|
|00000330| 63 2f 72 65 73 6f 6c 76 2e 63 6f 6e 66 22 2c 22 |c/resolv.conf","|
|00000340| 48 6f 73 74 6e 61 6d 65 50 61 74 68 22 3a 22 2f |HostnamePath":"/|
|00000350| 76 61 72 2f 6c 69 62 2f 64 6f 63 6b 65 72 2f 63 |var/lib/docker/c|
|00000360| 6f 6e 74 61 69 6e 65 72 73 2f 37 36 30 61 31 31 |ontainers/760a11|
|00000370| 63 64 61 30 32 65 39 31 30 66 30 30 37 31 31 62 |cda02e910f00711b|
|00000380| 35 61 31 33 62 64 61 39 62 31 61 39 31 38 65 31 |5a13bda9b1a918e1|
|00000390| 38 65 62 34 31 35 33 66 31 62 66 63 34 30 65 32 |8eb4153f1bfc40e2|
|000003a0| 33 65 31 36 61 64 61 35 63 63 2f 68 6f 73 74 6e |3e16ada5cc/hostn|
|000003b0| 61 6d 65 22 2c 22 48 6f 73 74 73 50 61 74 68 22 |ame","HostsPath"|
|000003c0| 3a 22 2f 76 61 72 2f 6c 69 62 2f 64 6f 63 6b 65 |:"/var/lib/docke|
|000003d0| 72 2f 63 6f 6e 74 61 69 6e 65 72 73 2f 37 36 30 |r/containers/760|
|000003e0| 61 31 31 63 64 61 30 32 65 39 31 30 66 30 30 37 |a11cda02e910f007|
|000003f0| 31 31 62 35 61 31 33 62 64 61 39 62 31 61 39 31 |11b5a13bda9b1a91|
+--------+-------------------------------------------------+----------------+
2017-11-27 22:09:23.341 DEBUG 24827 --- [rjava-netty-1-3] c.g.d.netty.NettyDockerCmdExecFactory$1  : [id: 0x6fa75780, L:null - R:/var/run/docker.sock] READ: DefaultHttpResponse(decodeResult: success, version: HTTP/1.1)
HTTP/1.1 200 OK
Api-Version: 1.32
Content-Type: application/json
Date: Mon, 27 Nov 2017 21:09:19 GMT
Docker-Experimental: false
Ostype: linux
Server: Docker/17.09.0-ce (linux)
Transfer-Encoding: chunked
2017-11-27 22:09:23.341 DEBUG 24827 --- [rjava-netty-1-3] c.g.d.netty.NettyDockerCmdExecFactory$1  : [id: 0x6fa75780, L:null - R:/var/run/docker.sock] READ: DefaultHttpContent(data: PooledSlicedByteBuf(ridx: 0, widx: 805, cap: 805/805, unwrapped: PooledUnsafeDirectByteBuf(ridx: 1024, widx: 1024, cap: 1024)), decoderResult: success), 805B
         +-------------------------------------------------+
         |  0  1  2  3  4  5  6  7  8  9  a  b  c  d  e  f |
+--------+-------------------------------------------------+----------------+
|00000000| 7b 22 49 64 22 3a 22 37 36 30 61 31 31 63 64 61 |{"Id":"760a11cda|
|00000010| 30 32 65 39 31 30 66 30 30 37 31 31 62 35 61 31 |02e910f00711b5a1|
|00000020| 33 62 64 61 39 62 31 61 39 31 38 65 31 38 65 62 |3bda9b1a918e18eb|
|00000030| 34 31 35 33 66 31 62 66 63 34 30 65 32 33 65 31 |4153f1bfc40e23e1|
|00000040| 36 61 64 61 35 63 63 22 2c 22 43 72 65 61 74 65 |6ada5cc","Create|
|00000050| 64 22 3a 22 32 30 31 37 2d 31 31 2d 32 37 54 32 |d":"2017-11-27T2|
|00000060| 31 3a 30 39 3a 30 35 2e 36 30 36 37 39 38 31 30 |1:09:05.60679810|
|00000070| 32 5a 22 2c 22 50 61 74 68 22 3a 22 64 6f 63 6b |2Z","Path":"dock|
|00000080| 65 72 2d 65 6e 74 72 79 70 6f 69 6e 74 2e 73 68 |er-entrypoint.sh|
|00000090| 22 2c 22 41 72 67 73 22 3a 5b 22 72 61 62 62 69 |","Args":["rabbi|
|000000a0| 74 6d 71 2d 73 65 72 76 65 72 22 5d 2c 22 53 74 |tmq-server"],"St|
|000000b0| 61 74 65 22 3a 7b 22 53 74 61 74 75 73 22 3a 22 |ate":{"Status":"|
|000000c0| 65 78 69 74 65 64 22 2c 22 52 75 6e 6e 69 6e 67 |exited","Running|
|000000d0| 22 3a 66 61 6c 73 65 2c 22 50 61 75 73 65 64 22 |":false,"Paused"|
|000000e0| 3a 66 61 6c 73 65 2c 22 52 65 73 74 61 72 74 69 |:false,"Restarti|
|000000f0| 6e 67 22 3a 66 61 6c 73 65 2c 22 4f 4f 4d 4b 69 |ng":false,"OOMKi|
|00000100| 6c 6c 65 64 22 3a 66 61 6c 73 65 2c 22 44 65 61 |lled":false,"Dea|
|00000110| 64 22 3a 66 61 6c 73 65 2c 22 50 69 64 22 3a 30 |d":false,"Pid":0|
|00000120| 2c 22 45 78 69 74 43 6f 64 65 22 3a 31 33 37 2c |,"ExitCode":137,|
|00000130| 22 45 72 72 6f 72 22 3a 22 22 2c 22 53 74 61 72 |"Error":"","Star|
|00000140| 74 65 64 41 74 22 3a 22 32 30 31 37 2d 31 31 2d |tedAt":"2017-11-|
|00000150| 32 37 54 32 31 3a 30 39 3a 30 36 2e 37 34 37 30 |27T21:09:06.7470|
|00000160| 36 37 33 38 38 5a 22 2c 22 46 69 6e 69 73 68 65 |67388Z","Finishe|
|00000170| 64 41 74 22 3a 22 32 30 31 37 2d 31 31 2d 32 37 |dAt":"2017-11-27|
|00000180| 54 32 31 3a 30 39 3a 31 39 2e 33 34 38 38 38 36 |T21:09:19.348886|
|00000190| 32 31 34 5a 22 7d 2c 22 49 6d 61 67 65 22 3a 22 |214Z"},"Image":"|
|000001a0| 73 68 61 32 35 36 3a 37 39 61 30 30 38 62 32 35 |sha256:79a008b25|
|000001b0| 39 36 32 65 31 61 31 34 33 65 30 32 62 33 37 31 |962e1a143e02b371|
|000001c0| 38 37 66 38 35 35 63 62 32 32 34 65 32 32 30 33 |87f855cb224e2203|
|000001d0| 62 39 34 63 63 39 66 38 37 65 38 31 66 65 32 37 |b94cc9f87e81fe27|
|000001e0| 35 36 36 30 63 39 64 22 2c 22 52 65 73 6f 6c 76 |5660c9d","Resolv|
|000001f0| 43 6f 6e 66 50 61 74 68 22 3a 22 2f 76 61 72 2f |ConfPath":"/var/|
|00000200| 6c 69 62 2f 64 6f 63 6b 65 72 2f 63 6f 6e 74 61 |lib/docker/conta|
|00000210| 69 6e 65 72 73 2f 37 36 30 61 31 31 63 64 61 30 |iners/760a11cda0|
|00000220| 32 65 39 31 30 66 30 30 37 31 31 62 35 61 31 33 |2e910f00711b5a13|
|00000230| 62 64 61 39 62 31 61 39 31 38 65 31 38 65 62 34 |bda9b1a918e18eb4|
|00000240| 31 35 33 66 31 62 66 63 34 30 65 32 33 65 31 36 |153f1bfc40e23e16|
|00000250| 61 64 61 35 63 63 2f 72 65 73 6f 6c 76 2e 63 6f |ada5cc/resolv.co|
|00000260| 6e 66 22 2c 22 48 6f 73 74 6e 61 6d 65 50 61 74 |nf","HostnamePat|
|00000270| 68 22 3a 22 2f 76 61 72 2f 6c 69 62 2f 64 6f 63 |h":"/var/lib/doc|
|00000280| 6b 65 72 2f 63 6f 6e 74 61 69 6e 65 72 73 2f 37 |ker/containers/7|
|00000290| 36 30 61 31 31 63 64 61 30 32 65 39 31 30 66 30 |60a11cda02e910f0|
|000002a0| 30 37 31 31 62 35 61 31 33 62 64 61 39 62 31 61 |0711b5a13bda9b1a|
|000002b0| 39 31 38 65 31 38 65 62 34 31 35 33 66 31 62 66 |918e18eb4153f1bf|
|000002c0| 63 34 30 65 32 33 65 31 36 61 64 61 35 63 63 2f |c40e23e16ada5cc/|
|000002d0| 68 6f 73 74 6e 61 6d 65 22 2c 22 48 6f 73 74 73 |hostname","Hosts|
|000002e0| 50 61 74 68 22 3a 22 2f 76 61 72 2f 6c 69 62 2f |Path":"/var/lib/|
|000002f0| 64 6f 63 6b 65 72 2f 63 6f 6e 74 61 69 6e 65 72 |docker/container|
|00000300| 73 2f 37 36 30 61 31 31 63 64 61 30 32 65 39 31 |s/760a11cda02e91|
|00000310| 30 66 30 30 37 31 31 62 35 61 31 33 62 64 61 39 |0f00711b5a13bda9|
|00000320| 62 31 61 39 31                                  |b1a91           |
+--------+-------------------------------------------------+----------------+
2017-11-27 22:09:23.341 DEBUG 24827 --- [rjava-netty-1-3] xecFactory$UnixDomainSocketInitializer$3 : [id: 0x6fa75780, L:null - R:/var/run/docker.sock] READ COMPLETE
2017-11-27 22:09:23.341 DEBUG 24827 --- [rjava-netty-1-3] c.g.d.netty.NettyDockerCmdExecFactory$1  : [id: 0x6fa75780, L:null - R:/var/run/docker.sock] READ COMPLETE
2017-11-27 22:09:23.341 DEBUG 24827 --- [rjava-netty-1-3] xecFactory$UnixDomainSocketInitializer$3 : [id: 0x6fa75780, L:null - R:/var/run/docker.sock] READ: 3511B
         +-------------------------------------------------+
         |  0  1  2  3  4  5  6  7  8  9  a  b  c  d  e  f |
+--------+-------------------------------------------------+----------------+
|00000000| 38 65 31 38 65 62 34 31 35 33 66 31 62 66 63 34 |8e18eb4153f1bfc4|
|00000010| 30 65 32 33 65 31 36 61 64 61 35 63 63 2f 68 6f |0e23e16ada5cc/ho|
|00000020| 73 74 73 22 2c 22 4c 6f 67 50 61 74 68 22 3a 22 |sts","LogPath":"|
|00000030| 2f 76 61 72 2f 6c 69 62 2f 64 6f 63 6b 65 72 2f |/var/lib/docker/|
|00000040| 63 6f 6e 74 61 69 6e 65 72 73 2f 37 36 30 61 31 |containers/760a1|
|00000050| 31 63 64 61 30 32 65 39 31 30 66 30 30 37 31 31 |1cda02e910f00711|
|00000060| 62 35 61 31 33 62 64 61 39 62 31 61 39 31 38 65 |b5a13bda9b1a918e|
|00000070| 31 38 65 62 34 31 35 33 66 31 62 66 63 34 30 65 |18eb4153f1bfc40e|
|00000080| 32 33 65 31 36 61 64 61 35 63 63 2f 37 36 30 61 |23e16ada5cc/760a|
|00000090| 31 31 63 64 61 30 32 65 39 31 30 66 30 30 37 31 |11cda02e910f0071|
|000000a0| 31 62 35 61 31 33 62 64 61 39 62 31 61 39 31 38 |1b5a13bda9b1a918|
|000000b0| 65 31 38 65 62 34 31 35 33 66 31 62 66 63 34 30 |e18eb4153f1bfc40|
|000000c0| 65 32 33 65 31 36 61 64 61 35 63 63 2d 6a 73 6f |e23e16ada5cc-jso|
|000000d0| 6e 2e 6c 6f 67 22 2c 22 4e 61 6d 65 22 3a 22 2f |n.log","Name":"/|
|000000e0| 64 69 73 74 72 61 63 74 65 64 5f 62 65 6e 7a 22 |distracted_benz"|
|000000f0| 2c 22 52 65 73 74 61 72 74 43 6f 75 6e 74 22 3a |,"RestartCount":|
|00000100| 30 2c 22 44 72 69 76 65 72 22 3a 22 61 75 66 73 |0,"Driver":"aufs|
|00000110| 22 2c 22 50 6c 61 74 66 6f 72 6d 22 3a 22 6c 69 |","Platform":"li|
|00000120| 6e 75 78 22 2c 22 4d 6f 75 6e 74 4c 61 62 65 6c |nux","MountLabel|
|00000130| 22 3a 22 22 2c 22 50 72 6f 63 65 73 73 4c 61 62 |":"","ProcessLab|
|00000140| 65 6c 22 3a 22 22 2c 22 41 70 70 41 72 6d 6f 72 |el":"","AppArmor|
|00000150| 50 72 6f 66 69 6c 65 22 3a 22 22 2c 22 45 78 65 |Profile":"","Exe|
|00000160| 63 49 44 73 22 3a 6e 75 6c 6c 2c 22 48 6f 73 74 |cIDs":null,"Host|
|00000170| 43 6f 6e 66 69 67 22 3a 7b 22 42 69 6e 64 73 22 |Config":{"Binds"|
|00000180| 3a 5b 5d 2c 22 43 6f 6e 74 61 69 6e 65 72 49 44 |:[],"ContainerID|
|00000190| 46 69 6c 65 22 3a 22 22 2c 22 4c 6f 67 43 6f 6e |File":"","LogCon|
|000001a0| 66 69 67 22 3a 7b 22 54 79 70 65 22 3a 22 6a 73 |fig":{"Type":"js|
|000001b0| 6f 6e 2d 66 69 6c 65 22 2c 22 43 6f 6e 66 69 67 |on-file","Config|
|000001c0| 22 3a 7b 7d 7d 2c 22 4e 65 74 77 6f 72 6b 4d 6f |":{}},"NetworkMo|
|000001d0| 64 65 22 3a 22 64 65 66 61 75 6c 74 22 2c 22 50 |de":"default","P|
|000001e0| 6f 72 74 42 69 6e 64 69 6e 67 73 22 3a 7b 7d 2c |ortBindings":{},|
|000001f0| 22 52 65 73 74 61 72 74 50 6f 6c 69 63 79 22 3a |"RestartPolicy":|
|00000200| 7b 22 4e 61 6d 65 22 3a 22 22 2c 22 4d 61 78 69 |{"Name":"","Maxi|
|00000210| 6d 75 6d 52 65 74 72 79 43 6f 75 6e 74 22 3a 30 |mumRetryCount":0|
|00000220| 7d 2c 22 41 75 74 6f 52 65 6d 6f 76 65 22 3a 66 |},"AutoRemove":f|
|00000230| 61 6c 73 65 2c 22 56 6f 6c 75 6d 65 44 72 69 76 |alse,"VolumeDriv|
|00000240| 65 72 22 3a 22 22 2c 22 56 6f 6c 75 6d 65 73 46 |er":"","VolumesF|
|00000250| 72 6f 6d 22 3a 5b 5d 2c 22 43 61 70 41 64 64 22 |rom":[],"CapAdd"|
|00000260| 3a 6e 75 6c 6c 2c 22 43 61 70 44 72 6f 70 22 3a |:null,"CapDrop":|
|00000270| 6e 75 6c 6c 2c 22 44 6e 73 22 3a 6e 75 6c 6c 2c |null,"Dns":null,|
|00000280| 22 44 6e 73 4f 70 74 69 6f 6e 73 22 3a 6e 75 6c |"DnsOptions":nul|
|00000290| 6c 2c 22 44 6e 73 53 65 61 72 63 68 22 3a 6e 75 |l,"DnsSearch":nu|
|000002a0| 6c 6c 2c 22 45 78 74 72 61 48 6f 73 74 73 22 3a |ll,"ExtraHosts":|
|000002b0| 5b 5d 2c 22 47 72 6f 75 70 41 64 64 22 3a 6e 75 |[],"GroupAdd":nu|
|000002c0| 6c 6c 2c 22 49 70 63 4d 6f 64 65 22 3a 22 73 68 |ll,"IpcMode":"sh|
|000002d0| 61 72 65 61 62 6c 65 22 2c 22 43 67 72 6f 75 70 |areable","Cgroup|
|000002e0| 22 3a 22 22 2c 22 4c 69 6e 6b 73 22 3a 6e 75 6c |":"","Links":nul|
|000002f0| 6c 2c 22 4f 6f 6d 53 63 6f 72 65 41 64 6a 22 3a |l,"OomScoreAdj":|
|00000300| 30 2c 22 50 69 64 4d 6f 64 65 22 3a 22 22 2c 22 |0,"PidMode":"","|
|00000310| 50 72 69 76 69 6c 65 67 65 64 22 3a 66 61 6c 73 |Privileged":fals|
|00000320| 65 2c 22 50 75 62 6c 69 73 68 41 6c 6c 50 6f 72 |e,"PublishAllPor|
|00000330| 74 73 22 3a 74 72 75 65 2c 22 52 65 61 64 6f 6e |ts":true,"Readon|
|00000340| 6c 79 52 6f 6f 74 66 73 22 3a 66 61 6c 73 65 2c |lyRootfs":false,|
|00000350| 22 53 65 63 75 72 69 74 79 4f 70 74 22 3a 6e 75 |"SecurityOpt":nu|
|00000360| 6c 6c 2c 22 55 54 53 4d 6f 64 65 22 3a 22 22 2c |ll,"UTSMode":"",|
|00000370| 22 55 73 65 72 6e 73 4d 6f 64 65 22 3a 22 22 2c |"UsernsMode":"",|
|00000380| 22 53 68 6d 53 69 7a 65 22 3a 36 37 31 30 38 38 |"ShmSize":671088|
|00000390| 36 34 2c 22 52 75 6e 74 69 6d 65 22 3a 22 72 75 |64,"Runtime":"ru|
|000003a0| 6e 63 22 2c 22 43 6f 6e 73 6f 6c 65 53 69 7a 65 |nc","ConsoleSize|
|000003b0| 22 3a 5b 30 2c 30 5d 2c 22 49 73 6f 6c 61 74 69 |":[0,0],"Isolati|
|000003c0| 6f 6e 22 3a 22 22 2c 22 43 70 75 53 68 61 72 65 |on":"","CpuShare|
|000003d0| 73 22 3a 30 2c 22 4d 65 6d 6f 72 79 22 3a 30 2c |s":0,"Memory":0,|
|000003e0| 22 4e 61 6e 6f 43 70 75 73 22 3a 30 2c 22 43 67 |"NanoCpus":0,"Cg|
|000003f0| 72 6f 75 70 50 61 72 65 6e 74 22 3a 22 22 2c 22 |roupParent":"","|
|00000400| 42 6c 6b 69 6f 57 65 69 67 68 74 22 3a 30 2c 22 |BlkioWeight":0,"|
|00000410| 42 6c 6b 69 6f 57 65 69 67 68 74 44 65 76 69 63 |BlkioWeightDevic|
|00000420| 65 22 3a 6e 75 6c 6c 2c 22 42 6c 6b 69 6f 44 65 |e":null,"BlkioDe|
|00000430| 76 69 63 65 52 65 61 64 42 70 73 22 3a 6e 75 6c |viceReadBps":nul|
|00000440| 6c 2c 22 42 6c 6b 69 6f 44 65 76 69 63 65 57 72 |l,"BlkioDeviceWr|
|00000450| 69 74 65 42 70 73 22 3a 6e 75 6c 6c 2c 22 42 6c |iteBps":null,"Bl|
|00000460| 6b 69 6f 44 65 76 69 63 65 52 65 61 64 49 4f 70 |kioDeviceReadIOp|
|00000470| 73 22 3a 6e 75 6c 6c 2c 22 42 6c 6b 69 6f 44 65 |s":null,"BlkioDe|
|00000480| 76 69 63 65 57 72 69 74 65 49 4f 70 73 22 3a 6e |viceWriteIOps":n|
|00000490| 75 6c 6c 2c 22 43 70 75 50 65 72 69 6f 64 22 3a |ull,"CpuPeriod":|
|000004a0| 30 2c 22 43 70 75 51 75 6f 74 61 22 3a 30 2c 22 |0,"CpuQuota":0,"|
|000004b0| 43 70 75 52 65 61 6c 74 69 6d 65 50 65 72 69 6f |CpuRealtimePerio|
|000004c0| 64 22 3a 30 2c 22 43 70 75 52 65 61 6c 74 69 6d |d":0,"CpuRealtim|
|000004d0| 65 52 75 6e 74 69 6d 65 22 3a 30 2c 22 43 70 75 |eRuntime":0,"Cpu|
|000004e0| 73 65 74 43 70 75 73 22 3a 22 22 2c 22 43 70 75 |setCpus":"","Cpu|
|000004f0| 73 65 74 4d 65 6d 73 22 3a 22 22 2c 22 44 65 76 |setMems":"","Dev|
|00000500| 69 63 65 73 22 3a 6e 75 6c 6c 2c 22 44 65 76 69 |ices":null,"Devi|
|00000510| 63 65 43 67 72 6f 75 70 52 75 6c 65 73 22 3a 6e |ceCgroupRules":n|
|00000520| 75 6c 6c 2c 22 44 69 73 6b 51 75 6f 74 61 22 3a |ull,"DiskQuota":|
|00000530| 30 2c 22 4b 65 72 6e 65 6c 4d 65 6d 6f 72 79 22 |0,"KernelMemory"|
|00000540| 3a 30 2c 22 4d 65 6d 6f 72 79 52 65 73 65 72 76 |:0,"MemoryReserv|
|00000550| 61 74 69 6f 6e 22 3a 30 2c 22 4d 65 6d 6f 72 79 |ation":0,"Memory|
|00000560| 53 77 61 70 22 3a 30 2c 22 4d 65 6d 6f 72 79 53 |Swap":0,"MemoryS|
|00000570| 77 61 70 70 69 6e 65 73 73 22 3a 6e 75 6c 6c 2c |wappiness":null,|
|00000580| 22 4f 6f 6d 4b 69 6c 6c 44 69 73 61 62 6c 65 22 |"OomKillDisable"|
|00000590| 3a 66 61 6c 73 65 2c 22 50 69 64 73 4c 69 6d 69 |:false,"PidsLimi|
|000005a0| 74 22 3a 30 2c 22 55 6c 69 6d 69 74 73 22 3a 6e |t":0,"Ulimits":n|
|000005b0| 75 6c 6c 2c 22 43 70 75 43 6f 75 6e 74 22 3a 30 |ull,"CpuCount":0|
|000005c0| 2c 22 43 70 75 50 65 72 63 65 6e 74 22 3a 30 2c |,"CpuPercent":0,|
|000005d0| 22 49 4f 4d 61 78 69 6d 75 6d 49 4f 70 73 22 3a |"IOMaximumIOps":|
|000005e0| 30 2c 22 49 4f 4d 61 78 69 6d 75 6d 42 61 6e 64 |0,"IOMaximumBand|
|000005f0| 77 69 64 74 68 22 3a 30 7d 2c 22 47 72 61 70 68 |width":0},"Graph|
|00000600| 44 72 69 76 65 72 22 3a 7b 22 44 61 74 61 22 3a |Driver":{"Data":|
|00000610| 6e 75 6c 6c 2c 22 4e 61 6d 65 22 3a 22 61 75 66 |null,"Name":"auf|
|00000620| 73 22 7d 2c 22 4d 6f 75 6e 74 73 22 3a 5b 7b 22 |s"},"Mounts":[{"|
|00000630| 54 79 70 65 22 3a 22 76 6f 6c 75 6d 65 22 2c 22 |Type":"volume","|
|00000640| 4e 61 6d 65 22 3a 22 65 64 33 30 66 34 65 64 39 |Name":"ed30f4ed9|
|00000650| 63 37 31 31 66 32 32 63 62 63 66 30 31 39 66 31 |c711f22cbcf019f1|
|00000660| 33 36 39 62 61 36 63 33 63 64 35 62 66 36 30 61 |369ba6c3cd5bf60a|
|00000670| 35 66 64 31 34 30 39 65 30 61 39 61 62 61 61 38 |5fd1409e0a9abaa8|
|00000680| 34 30 61 63 33 63 32 22 2c 22 53 6f 75 72 63 65 |40ac3c2","Source|
|00000690| 22 3a 22 2f 76 61 72 2f 6c 69 62 2f 64 6f 63 6b |":"/var/lib/dock|
|000006a0| 65 72 2f 76 6f 6c 75 6d 65 73 2f 65 64 33 30 66 |er/volumes/ed30f|
|000006b0| 34 65 64 39 63 37 31 31 66 32 32 63 62 63 66 30 |4ed9c711f22cbcf0|
|000006c0| 31 39 66 31 33 36 39 62 61 36 63 33 63 64 35 62 |19f1369ba6c3cd5b|
|000006d0| 66 36 30 61 35 66 64 31 34 30 39 65 30 61 39 61 |f60a5fd1409e0a9a|
|000006e0| 62 61 61 38 34 30 61 63 33 63 32 2f 5f 64 61 74 |baa840ac3c2/_dat|
|000006f0| 61 22 2c 22 44 65 73 74 69 6e 61 74 69 6f 6e 22 |a","Destination"|
|00000700| 3a 22 2f 76 61 72 2f 6c 69 62 2f 72 61 62 62 69 |:"/var/lib/rabbi|
|00000710| 74 6d 71 22 2c 22 44 72 69 76 65 72 22 3a 22 6c |tmq","Driver":"l|
|00000720| 6f 63 61 6c 22 2c 22 4d 6f 64 65 22 3a 22 22 2c |ocal","Mode":"",|
|00000730| 22 52 57 22 3a 74 72 75 65 2c 22 50 72 6f 70 61 |"RW":true,"Propa|
|00000740| 67 61 74 69 6f 6e 22 3a 22 22 7d 5d 2c 22 43 6f |gation":""}],"Co|
|00000750| 6e 66 69 67 22 3a 7b 22 48 6f 73 74 6e 61 6d 65 |nfig":{"Hostname|
|00000760| 22 3a 22 37 36 30 61 31 31 63 64 61 30 32 65 22 |":"760a11cda02e"|
|00000770| 2c 22 44 6f 6d 61 69 6e 6e 61 6d 65 22 3a 22 22 |,"Domainname":""|
|00000780| 2c 22 55 73 65 72 22 3a 22 22 2c 22 41 74 74 61 |,"User":"","Atta|
|00000790| 63 68 53 74 64 69 6e 22 3a 66 61 6c 73 65 2c 22 |chStdin":false,"|
|000007a0| 41 74 74 61 63 68 53 74 64 6f 75 74 22 3a 66 61 |AttachStdout":fa|
|000007b0| 6c 73 65 2c 22 41 74 74 61 63 68 53 74 64 65 72 |lse,"AttachStder|
|000007c0| 72 22 3a 66 61 6c 73 65 2c 22 45 78 70 6f 73 65 |r":false,"Expose|
|000007d0| 64 50 6f 72 74 73 22 3a 7b 22 32 35 36 37 32 2f |dPorts":{"25672/|
|000007e0| 74 63 70 22 3a 7b 7d 2c 22 34 33 36 39 2f 74 63 |tcp":{},"4369/tc|
|000007f0| 70 22 3a 7b 7d 2c 22 35 36 37 31 2f 74 63 70 22 |p":{},"5671/tcp"|
|00000800| 3a 7b 7d 2c 22 35 36 37 32 2f 74 63 70 22 3a 7b |:{},"5672/tcp":{|
|00000810| 7d 7d 2c 22 54 74 79 22 3a 66 61 6c 73 65 2c 22 |}},"Tty":false,"|
|00000820| 4f 70 65 6e 53 74 64 69 6e 22 3a 66 61 6c 73 65 |OpenStdin":false|
|00000830| 2c 22 53 74 64 69 6e 4f 6e 63 65 22 3a 66 61 6c |,"StdinOnce":fal|
|00000840| 73 65 2c 22 45 6e 76 22 3a 5b 22 52 41 42 42 49 |se,"Env":["RABBI|
|00000850| 54 4d 51 5f 55 53 45 52 3d 67 75 65 73 74 22 2c |TMQ_USER=guest",|
|00000860| 22 52 41 42 42 49 54 4d 51 5f 50 41 53 53 57 4f |"RABBITMQ_PASSWO|
|00000870| 52 44 3d 67 75 65 73 74 22 2c 22 6e 6f 5f 70 72 |RD=guest","no_pr|
|00000880| 6f 78 79 3d 2a 2e 6c 6f 63 61 6c 2c 20 31 36 39 |oxy=*.local, 169|
|00000890| 2e 32 35 34 2f 31 36 22 2c 22 50 41 54 48 3d 2f |.254/16","PATH=/|
|000008a0| 75 73 72 2f 6c 69 62 2f 72 61 62 62 69 74 6d 71 |usr/lib/rabbitmq|
|000008b0| 2f 62 69 6e 3a 2f 75 73 72 2f 6c 6f 63 61 6c 2f |/bin:/usr/local/|
|000008c0| 73 62 69 6e 3a 2f 75 73 72 2f 6c 6f 63 61 6c 2f |sbin:/usr/local/|
|000008d0| 62 69 6e 3a 2f 75 73 72 2f 73 62 69 6e 3a 2f 75 |bin:/usr/sbin:/u|
|000008e0| 73 72 2f 62 69 6e 3a 2f 73 62 69 6e 3a 2f 62 69 |sr/bin:/sbin:/bi|
|000008f0| 6e 22 2c 22 47 4f 53 55 5f 56 45 52 53 49 4f 4e |n","GOSU_VERSION|
|00000900| 3d 31 2e 31 30 22 2c 22 52 41 42 42 49 54 4d 51 |=1.10","RABBITMQ|
|00000910| 5f 4c 4f 47 53 3d 2d 22 2c 22 52 41 42 42 49 54 |_LOGS=-","RABBIT|
|00000920| 4d 51 5f 53 41 53 4c 5f 4c 4f 47 53 3d 2d 22 2c |MQ_SASL_LOGS=-",|
|00000930| 22 52 41 42 42 49 54 4d 51 5f 47 50 47 5f 4b 45 |"RABBITMQ_GPG_KE|
|00000940| 59 3d 30 41 39 41 46 32 31 31 35 46 34 36 38 37 |Y=0A9AF2115F4687|
|00000950| 42 44 32 39 38 30 33 41 32 30 36 42 37 33 41 33 |BD29803A206B73A3|
|00000960| 36 45 36 30 32 36 44 46 43 41 22 2c 22 52 41 42 |6E6026DFCA","RAB|
|00000970| 42 49 54 4d 51 5f 56 45 52 53 49 4f 4e 3d 33 2e |BITMQ_VERSION=3.|
|00000980| 36 2e 31 34 22 2c 22 52 41 42 42 49 54 4d 51 5f |6.14","RABBITMQ_|
|00000990| 47 49 54 48 55 42 5f 54 41 47 3d 72 61 62 62 69 |GITHUB_TAG=rabbi|
|000009a0| 74 6d 71 5f 76 33 5f 36 5f 31 34 22 2c 22 52 41 |tmq_v3_6_14","RA|
|000009b0| 42 42 49 54 4d 51 5f 44 45 42 49 41 4e 5f 56 45 |BBITMQ_DEBIAN_VE|
|000009c0| 52 53 49 4f 4e 3d 33 2e 36 2e 31 34 2d 31 22 2c |RSION=3.6.14-1",|
|000009d0| 22 48 4f 4d 45 3d 2f 76 61 72 2f 6c 69 62 2f 72 |"HOME=/var/lib/r|
|000009e0| 61 62 62 69 74 6d 71 22 5d 2c 22 43 6d 64 22 3a |abbitmq"],"Cmd":|
|000009f0| 5b 22 72 61 62 62 69 74 6d 71 2d 73 65 72 76 65 |["rabbitmq-serve|
|00000a00| 72 22 5d 2c 22 41 72 67 73 45 73 63 61 70 65 64 |r"],"ArgsEscaped|
|00000a10| 22 3a 74 72 75 65 2c 22 49 6d 61 67 65 22 3a 22 |":true,"Image":"|
|00000a20| 72 61 62 62 69 74 6d 71 3a 33 2e 36 2e 31 34 22 |rabbitmq:3.6.14"|
|00000a30| 2c 22 56 6f 6c 75 6d 65 73 22 3a 7b 22 2f 76 61 |,"Volumes":{"/va|
|00000a40| 72 2f 6c 69 62 2f 72 61 62 62 69 74 6d 71 22 3a |r/lib/rabbitmq":|
|00000a50| 7b 7d 7d 2c 22 57 6f 72 6b 69 6e 67 44 69 72 22 |{}},"WorkingDir"|
|00000a60| 3a 22 22 2c 22 45 6e 74 72 79 70 6f 69 6e 74 22 |:"","Entrypoint"|
|00000a70| 3a 5b 22 64 6f 63 6b 65 72 2d 65 6e 74 72 79 70 |:["docker-entryp|
|00000a80| 6f 69 6e 74 2e 73 68 22 5d 2c 22 4f 6e 42 75 69 |oint.sh"],"OnBui|
|00000a90| 6c 64 22 3a 6e 75 6c 6c 2c 22 4c 61 62 65 6c 73 |ld":null,"Labels|
|00000aa0| 22 3a 7b 22 6f 72 67 2e 74 65 73 74 63 6f 6e 74 |":{"org.testcont|
|00000ab0| 61 69 6e 65 72 73 22 3a 22 74 72 75 65 22 7d 7d |ainers":"true"}}|
|00000ac0| 2c 22 4e 65 74 77 6f 72 6b 53 65 74 74 69 6e 67 |,"NetworkSetting|
|00000ad0| 73 22 3a 7b 22 42 72 69 64 67 65 22 3a 22 22 2c |s":{"Bridge":"",|
|00000ae0| 22 53 61 6e 64 62 6f 78 49 44 22 3a 22 38 66 38 |"SandboxID":"8f8|
|00000af0| 35 65 33 63 65 66 39 62 32 66 39 39 31 63 39 36 |5e3cef9b2f991c96|
|00000b00| 30 30 35 61 32 38 64 36 65 63 35 32 64 63 34 35 |005a28d6ec52dc45|
|00000b10| 33 33 33 64 63 65 37 38 38 37 36 64 30 39 37 65 |333dce78876d097e|
|00000b20| 63 31 32 38 66 39 39 36 37 33 38 36 64 22 2c 22 |c128f9967386d","|
|00000b30| 48 61 69 72 70 69 6e 4d 6f 64 65 22 3a 66 61 6c |HairpinMode":fal|
|00000b40| 73 65 2c 22 4c 69 6e 6b 4c 6f 63 61 6c 49 50 76 |se,"LinkLocalIPv|
|00000b50| 36 41 64 64 72 65 73 73 22 3a 22 22 2c 22 4c 69 |6Address":"","Li|
|00000b60| 6e 6b 4c 6f 63 61 6c 49 50 76 36 50 72 65 66 69 |nkLocalIPv6Prefi|
|00000b70| 78 4c 65 6e 22 3a 30 2c 22 50 6f 72 74 73 22 3a |xLen":0,"Ports":|
|00000b80| 7b 7d 2c 22 53 61 6e 64 62 6f 78 4b 65 79 22 3a |{},"SandboxKey":|
|00000b90| 22 2f 76 61 72 2f 72 75 6e 2f 64 6f 63 6b 65 72 |"/var/run/docker|
|00000ba0| 2f 6e 65 74 6e 73 2f 38 66 38 35 65 33 63 65 66 |/netns/8f85e3cef|
|00000bb0| 39 62 32 22 2c 22 53 65 63 6f 6e 64 61 72 79 49 |9b2","SecondaryI|
|00000bc0| 50 41 64 64 72 65 73 73 65 73 22 3a 6e 75 6c 6c |PAddresses":null|
|00000bd0| 2c 22 53 65 63 6f 6e 64 61 72 79 49 50 76 36 41 |,"SecondaryIPv6A|
|00000be0| 64 64 72 65 73 73 65 73 22 3a 6e 75 6c 6c 2c 22 |ddresses":null,"|
|00000bf0| 45 6e 64 70 6f 69 6e 74 49 44 22 3a 22 22 2c 22 |EndpointID":"","|
|00000c00| 47 61 74 65 77 61 79 22 3a 22 22 2c 22 47 6c 6f |Gateway":"","Glo|
|00000c10| 62 61 6c 49 50 76 36 41 64 64 72 65 73 73 22 3a |balIPv6Address":|
|00000c20| 22 22 2c 22 47 6c 6f 62 61 6c 49 50 76 36 50 72 |"","GlobalIPv6Pr|
|00000c30| 65 66 69 78 4c 65 6e 22 3a 30 2c 22 49 50 41 64 |efixLen":0,"IPAd|
|00000c40| 64 72 65 73 73 22 3a 22 22 2c 22 49 50 50 72 65 |dress":"","IPPre|
|00000c50| 66 69 78 4c 65 6e 22 3a 30 2c 22 49 50 76 36 47 |fixLen":0,"IPv6G|
|00000c60| 61 74 65 77 61 79 22 3a 22 22 2c 22 4d 61 63 41 |ateway":"","MacA|
|00000c70| 64 64 72 65 73 73 22 3a 22 22 2c 22 4e 65 74 77 |ddress":"","Netw|
|00000c80| 6f 72 6b 73 22 3a 7b 22 62 72 69 64 67 65 22 3a |orks":{"bridge":|
|00000c90| 7b 22 49 50 41 4d 43 6f 6e 66 69 67 22 3a 6e 75 |{"IPAMConfig":nu|
|00000ca0| 6c 6c 2c 22 4c 69 6e 6b 73 22 3a 6e 75 6c 6c 2c |ll,"Links":null,|
|00000cb0| 22 41 6c 69 61 73 65 73 22 3a 6e 75 6c 6c 2c 22 |"Aliases":null,"|
|00000cc0| 4e 65 74 77 6f 72 6b 49 44 22 3a 22 39 66 65 38 |NetworkID":"9fe8|
|00000cd0| 62 39 32 64 61 66 63 30 35 34 34 36 33 33 37 39 |b92dafc054463379|
|00000ce0| 64 39 34 35 38 61 64 65 37 37 64 35 31 61 34 61 |d9458ade77d51a4a|
|00000cf0| 62 39 30 61 64 31 33 65 35 34 61 65 32 31 61 31 |b90ad13e54ae21a1|
|00000d00| 38 64 36 35 66 66 32 63 30 37 63 61 22 2c 22 45 |8d65ff2c07ca","E|
|00000d10| 6e 64 70 6f 69 6e 74 49 44 22 3a 22 22 2c 22 47 |ndpointID":"","G|
|00000d20| 61 74 65 77 61 79 22 3a 22 22 2c 22 49 50 41 64 |ateway":"","IPAd|
|00000d30| 64 72 65 73 73 22 3a 22 22 2c 22 49 50 50 72 65 |dress":"","IPPre|
|00000d40| 66 69 78 4c 65 6e 22 3a 30 2c 22 49 50 76 36 47 |fixLen":0,"IPv6G|
|00000d50| 61 74 65 77 61 79 22 3a 22 22 2c 22 47 6c 6f 62 |ateway":"","Glob|
|00000d60| 61 6c 49 50 76 36 41 64 64 72 65 73 73 22 3a 22 |alIPv6Address":"|
|00000d70| 22 2c 22 47 6c 6f 62 61 6c 49 50 76 36 50 72 65 |","GlobalIPv6Pre|
|00000d80| 66 69 78 4c 65 6e 22 3a 30 2c 22 4d 61 63 41 64 |fixLen":0,"MacAd|
|00000d90| 64 72 65 73 73 22 3a 22 22 2c 22 44 72 69 76 65 |dress":"","Drive|
|00000da0| 72 4f 70 74 73 22 3a 6e 75 6c 6c 7d 7d 7d 7d 0a |rOpts":null}}}}.|
|00000db0| 0d 0a 30 0d 0a 0d 0a                            |..0....         |
+--------+-------------------------------------------------+----------------+
2017-11-27 22:09:23.342 DEBUG 24827 --- [rjava-netty-1-3] c.g.d.netty.NettyDockerCmdExecFactory$1  : [id: 0x6fa75780, L:null - R:/var/run/docker.sock] READ: DefaultHttpContent(data: PooledSlicedByteBuf(ridx: 0, widx: 3504, cap: 3504/3504, unwrapped: PooledUnsafeDirectByteBuf(ridx: 3506, widx: 3511, cap: 16384)), decoderResult: success), 3504B
         +-------------------------------------------------+
         |  0  1  2  3  4  5  6  7  8  9  a  b  c  d  e  f |
+--------+-------------------------------------------------+----------------+
|00000000| 38 65 31 38 65 62 34 31 35 33 66 31 62 66 63 34 |8e18eb4153f1bfc4|
|00000010| 30 65 32 33 65 31 36 61 64 61 35 63 63 2f 68 6f |0e23e16ada5cc/ho|
|00000020| 73 74 73 22 2c 22 4c 6f 67 50 61 74 68 22 3a 22 |sts","LogPath":"|
|00000030| 2f 76 61 72 2f 6c 69 62 2f 64 6f 63 6b 65 72 2f |/var/lib/docker/|
|00000040| 63 6f 6e 74 61 69 6e 65 72 73 2f 37 36 30 61 31 |containers/760a1|
|00000050| 31 63 64 61 30 32 65 39 31 30 66 30 30 37 31 31 |1cda02e910f00711|
|00000060| 62 35 61 31 33 62 64 61 39 62 31 61 39 31 38 65 |b5a13bda9b1a918e|
|00000070| 31 38 65 62 34 31 35 33 66 31 62 66 63 34 30 65 |18eb4153f1bfc40e|
|00000080| 32 33 65 31 36 61 64 61 35 63 63 2f 37 36 30 61 |23e16ada5cc/760a|
|00000090| 31 31 63 64 61 30 32 65 39 31 30 66 30 30 37 31 |11cda02e910f0071|
|000000a0| 31 62 35 61 31 33 62 64 61 39 62 31 61 39 31 38 |1b5a13bda9b1a918|
|000000b0| 65 31 38 65 62 34 31 35 33 66 31 62 66 63 34 30 |e18eb4153f1bfc40|
|000000c0| 65 32 33 65 31 36 61 64 61 35 63 63 2d 6a 73 6f |e23e16ada5cc-jso|
|000000d0| 6e 2e 6c 6f 67 22 2c 22 4e 61 6d 65 22 3a 22 2f |n.log","Name":"/|
|000000e0| 64 69 73 74 72 61 63 74 65 64 5f 62 65 6e 7a 22 |distracted_benz"|
|000000f0| 2c 22 52 65 73 74 61 72 74 43 6f 75 6e 74 22 3a |,"RestartCount":|
|00000100| 30 2c 22 44 72 69 76 65 72 22 3a 22 61 75 66 73 |0,"Driver":"aufs|
|00000110| 22 2c 22 50 6c 61 74 66 6f 72 6d 22 3a 22 6c 69 |","Platform":"li|
|00000120| 6e 75 78 22 2c 22 4d 6f 75 6e 74 4c 61 62 65 6c |nux","MountLabel|
|00000130| 22 3a 22 22 2c 22 50 72 6f 63 65 73 73 4c 61 62 |":"","ProcessLab|
|00000140| 65 6c 22 3a 22 22 2c 22 41 70 70 41 72 6d 6f 72 |el":"","AppArmor|
|00000150| 50 72 6f 66 69 6c 65 22 3a 22 22 2c 22 45 78 65 |Profile":"","Exe|
|00000160| 63 49 44 73 22 3a 6e 75 6c 6c 2c 22 48 6f 73 74 |cIDs":null,"Host|
|00000170| 43 6f 6e 66 69 67 22 3a 7b 22 42 69 6e 64 73 22 |Config":{"Binds"|
|00000180| 3a 5b 5d 2c 22 43 6f 6e 74 61 69 6e 65 72 49 44 |:[],"ContainerID|
|00000190| 46 69 6c 65 22 3a 22 22 2c 22 4c 6f 67 43 6f 6e |File":"","LogCon|
|000001a0| 66 69 67 22 3a 7b 22 54 79 70 65 22 3a 22 6a 73 |fig":{"Type":"js|
|000001b0| 6f 6e 2d 66 69 6c 65 22 2c 22 43 6f 6e 66 69 67 |on-file","Config|
|000001c0| 22 3a 7b 7d 7d 2c 22 4e 65 74 77 6f 72 6b 4d 6f |":{}},"NetworkMo|
|000001d0| 64 65 22 3a 22 64 65 66 61 75 6c 74 22 2c 22 50 |de":"default","P|
|000001e0| 6f 72 74 42 69 6e 64 69 6e 67 73 22 3a 7b 7d 2c |ortBindings":{},|
|000001f0| 22 52 65 73 74 61 72 74 50 6f 6c 69 63 79 22 3a |"RestartPolicy":|
|00000200| 7b 22 4e 61 6d 65 22 3a 22 22 2c 22 4d 61 78 69 |{"Name":"","Maxi|
|00000210| 6d 75 6d 52 65 74 72 79 43 6f 75 6e 74 22 3a 30 |mumRetryCount":0|
|00000220| 7d 2c 22 41 75 74 6f 52 65 6d 6f 76 65 22 3a 66 |},"AutoRemove":f|
|00000230| 61 6c 73 65 2c 22 56 6f 6c 75 6d 65 44 72 69 76 |alse,"VolumeDriv|
|00000240| 65 72 22 3a 22 22 2c 22 56 6f 6c 75 6d 65 73 46 |er":"","VolumesF|
|00000250| 72 6f 6d 22 3a 5b 5d 2c 22 43 61 70 41 64 64 22 |rom":[],"CapAdd"|
|00000260| 3a 6e 75 6c 6c 2c 22 43 61 70 44 72 6f 70 22 3a |:null,"CapDrop":|
|00000270| 6e 75 6c 6c 2c 22 44 6e 73 22 3a 6e 75 6c 6c 2c |null,"Dns":null,|
|00000280| 22 44 6e 73 4f 70 74 69 6f 6e 73 22 3a 6e 75 6c |"DnsOptions":nul|
|00000290| 6c 2c 22 44 6e 73 53 65 61 72 63 68 22 3a 6e 75 |l,"DnsSearch":nu|
|000002a0| 6c 6c 2c 22 45 78 74 72 61 48 6f 73 74 73 22 3a |ll,"ExtraHosts":|
|000002b0| 5b 5d 2c 22 47 72 6f 75 70 41 64 64 22 3a 6e 75 |[],"GroupAdd":nu|
|000002c0| 6c 6c 2c 22 49 70 63 4d 6f 64 65 22 3a 22 73 68 |ll,"IpcMode":"sh|
|000002d0| 61 72 65 61 62 6c 65 22 2c 22 43 67 72 6f 75 70 |areable","Cgroup|
|000002e0| 22 3a 22 22 2c 22 4c 69 6e 6b 73 22 3a 6e 75 6c |":"","Links":nul|
|000002f0| 6c 2c 22 4f 6f 6d 53 63 6f 72 65 41 64 6a 22 3a |l,"OomScoreAdj":|
|00000300| 30 2c 22 50 69 64 4d 6f 64 65 22 3a 22 22 2c 22 |0,"PidMode":"","|
|00000310| 50 72 69 76 69 6c 65 67 65 64 22 3a 66 61 6c 73 |Privileged":fals|
|00000320| 65 2c 22 50 75 62 6c 69 73 68 41 6c 6c 50 6f 72 |e,"PublishAllPor|
|00000330| 74 73 22 3a 74 72 75 65 2c 22 52 65 61 64 6f 6e |ts":true,"Readon|
|00000340| 6c 79 52 6f 6f 74 66 73 22 3a 66 61 6c 73 65 2c |lyRootfs":false,|
|00000350| 22 53 65 63 75 72 69 74 79 4f 70 74 22 3a 6e 75 |"SecurityOpt":nu|
|00000360| 6c 6c 2c 22 55 54 53 4d 6f 64 65 22 3a 22 22 2c |ll,"UTSMode":"",|
|00000370| 22 55 73 65 72 6e 73 4d 6f 64 65 22 3a 22 22 2c |"UsernsMode":"",|
|00000380| 22 53 68 6d 53 69 7a 65 22 3a 36 37 31 30 38 38 |"ShmSize":671088|
|00000390| 36 34 2c 22 52 75 6e 74 69 6d 65 22 3a 22 72 75 |64,"Runtime":"ru|
|000003a0| 6e 63 22 2c 22 43 6f 6e 73 6f 6c 65 53 69 7a 65 |nc","ConsoleSize|
|000003b0| 22 3a 5b 30 2c 30 5d 2c 22 49 73 6f 6c 61 74 69 |":[0,0],"Isolati|
|000003c0| 6f 6e 22 3a 22 22 2c 22 43 70 75 53 68 61 72 65 |on":"","CpuShare|
|000003d0| 73 22 3a 30 2c 22 4d 65 6d 6f 72 79 22 3a 30 2c |s":0,"Memory":0,|
|000003e0| 22 4e 61 6e 6f 43 70 75 73 22 3a 30 2c 22 43 67 |"NanoCpus":0,"Cg|
|000003f0| 72 6f 75 70 50 61 72 65 6e 74 22 3a 22 22 2c 22 |roupParent":"","|
|00000400| 42 6c 6b 69 6f 57 65 69 67 68 74 22 3a 30 2c 22 |BlkioWeight":0,"|
|00000410| 42 6c 6b 69 6f 57 65 69 67 68 74 44 65 76 69 63 |BlkioWeightDevic|
|00000420| 65 22 3a 6e 75 6c 6c 2c 22 42 6c 6b 69 6f 44 65 |e":null,"BlkioDe|
|00000430| 76 69 63 65 52 65 61 64 42 70 73 22 3a 6e 75 6c |viceReadBps":nul|
|00000440| 6c 2c 22 42 6c 6b 69 6f 44 65 76 69 63 65 57 72 |l,"BlkioDeviceWr|
|00000450| 69 74 65 42 70 73 22 3a 6e 75 6c 6c 2c 22 42 6c |iteBps":null,"Bl|
|00000460| 6b 69 6f 44 65 76 69 63 65 52 65 61 64 49 4f 70 |kioDeviceReadIOp|
|00000470| 73 22 3a 6e 75 6c 6c 2c 22 42 6c 6b 69 6f 44 65 |s":null,"BlkioDe|
|00000480| 76 69 63 65 57 72 69 74 65 49 4f 70 73 22 3a 6e |viceWriteIOps":n|
|00000490| 75 6c 6c 2c 22 43 70 75 50 65 72 69 6f 64 22 3a |ull,"CpuPeriod":|
|000004a0| 30 2c 22 43 70 75 51 75 6f 74 61 22 3a 30 2c 22 |0,"CpuQuota":0,"|
|000004b0| 43 70 75 52 65 61 6c 74 69 6d 65 50 65 72 69 6f |CpuRealtimePerio|
|000004c0| 64 22 3a 30 2c 22 43 70 75 52 65 61 6c 74 69 6d |d":0,"CpuRealtim|
|000004d0| 65 52 75 6e 74 69 6d 65 22 3a 30 2c 22 43 70 75 |eRuntime":0,"Cpu|
|000004e0| 73 65 74 43 70 75 73 22 3a 22 22 2c 22 43 70 75 |setCpus":"","Cpu|
|000004f0| 73 65 74 4d 65 6d 73 22 3a 22 22 2c 22 44 65 76 |setMems":"","Dev|
|00000500| 69 63 65 73 22 3a 6e 75 6c 6c 2c 22 44 65 76 69 |ices":null,"Devi|
|00000510| 63 65 43 67 72 6f 75 70 52 75 6c 65 73 22 3a 6e |ceCgroupRules":n|
|00000520| 75 6c 6c 2c 22 44 69 73 6b 51 75 6f 74 61 22 3a |ull,"DiskQuota":|
|00000530| 30 2c 22 4b 65 72 6e 65 6c 4d 65 6d 6f 72 79 22 |0,"KernelMemory"|
|00000540| 3a 30 2c 22 4d 65 6d 6f 72 79 52 65 73 65 72 76 |:0,"MemoryReserv|
|00000550| 61 74 69 6f 6e 22 3a 30 2c 22 4d 65 6d 6f 72 79 |ation":0,"Memory|
|00000560| 53 77 61 70 22 3a 30 2c 22 4d 65 6d 6f 72 79 53 |Swap":0,"MemoryS|
|00000570| 77 61 70 70 69 6e 65 73 73 22 3a 6e 75 6c 6c 2c |wappiness":null,|
|00000580| 22 4f 6f 6d 4b 69 6c 6c 44 69 73 61 62 6c 65 22 |"OomKillDisable"|
|00000590| 3a 66 61 6c 73 65 2c 22 50 69 64 73 4c 69 6d 69 |:false,"PidsLimi|
|000005a0| 74 22 3a 30 2c 22 55 6c 69 6d 69 74 73 22 3a 6e |t":0,"Ulimits":n|
|000005b0| 75 6c 6c 2c 22 43 70 75 43 6f 75 6e 74 22 3a 30 |ull,"CpuCount":0|
|000005c0| 2c 22 43 70 75 50 65 72 63 65 6e 74 22 3a 30 2c |,"CpuPercent":0,|
|000005d0| 22 49 4f 4d 61 78 69 6d 75 6d 49 4f 70 73 22 3a |"IOMaximumIOps":|
|000005e0| 30 2c 22 49 4f 4d 61 78 69 6d 75 6d 42 61 6e 64 |0,"IOMaximumBand|
|000005f0| 77 69 64 74 68 22 3a 30 7d 2c 22 47 72 61 70 68 |width":0},"Graph|
|00000600| 44 72 69 76 65 72 22 3a 7b 22 44 61 74 61 22 3a |Driver":{"Data":|
|00000610| 6e 75 6c 6c 2c 22 4e 61 6d 65 22 3a 22 61 75 66 |null,"Name":"auf|
|00000620| 73 22 7d 2c 22 4d 6f 75 6e 74 73 22 3a 5b 7b 22 |s"},"Mounts":[{"|
|00000630| 54 79 70 65 22 3a 22 76 6f 6c 75 6d 65 22 2c 22 |Type":"volume","|
|00000640| 4e 61 6d 65 22 3a 22 65 64 33 30 66 34 65 64 39 |Name":"ed30f4ed9|
|00000650| 63 37 31 31 66 32 32 63 62 63 66 30 31 39 66 31 |c711f22cbcf019f1|
|00000660| 33 36 39 62 61 36 63 33 63 64 35 62 66 36 30 61 |369ba6c3cd5bf60a|
|00000670| 35 66 64 31 34 30 39 65 30 61 39 61 62 61 61 38 |5fd1409e0a9abaa8|
|00000680| 34 30 61 63 33 63 32 22 2c 22 53 6f 75 72 63 65 |40ac3c2","Source|
|00000690| 22 3a 22 2f 76 61 72 2f 6c 69 62 2f 64 6f 63 6b |":"/var/lib/dock|
|000006a0| 65 72 2f 76 6f 6c 75 6d 65 73 2f 65 64 33 30 66 |er/volumes/ed30f|
|000006b0| 34 65 64 39 63 37 31 31 66 32 32 63 62 63 66 30 |4ed9c711f22cbcf0|
|000006c0| 31 39 66 31 33 36 39 62 61 36 63 33 63 64 35 62 |19f1369ba6c3cd5b|
|000006d0| 66 36 30 61 35 66 64 31 34 30 39 65 30 61 39 61 |f60a5fd1409e0a9a|
|000006e0| 62 61 61 38 34 30 61 63 33 63 32 2f 5f 64 61 74 |baa840ac3c2/_dat|
|000006f0| 61 22 2c 22 44 65 73 74 69 6e 61 74 69 6f 6e 22 |a","Destination"|
|00000700| 3a 22 2f 76 61 72 2f 6c 69 62 2f 72 61 62 62 69 |:"/var/lib/rabbi|
|00000710| 74 6d 71 22 2c 22 44 72 69 76 65 72 22 3a 22 6c |tmq","Driver":"l|
|00000720| 6f 63 61 6c 22 2c 22 4d 6f 64 65 22 3a 22 22 2c |ocal","Mode":"",|
|00000730| 22 52 57 22 3a 74 72 75 65 2c 22 50 72 6f 70 61 |"RW":true,"Propa|
|00000740| 67 61 74 69 6f 6e 22 3a 22 22 7d 5d 2c 22 43 6f |gation":""}],"Co|
|00000750| 6e 66 69 67 22 3a 7b 22 48 6f 73 74 6e 61 6d 65 |nfig":{"Hostname|
|00000760| 22 3a 22 37 36 30 61 31 31 63 64 61 30 32 65 22 |":"760a11cda02e"|
|00000770| 2c 22 44 6f 6d 61 69 6e 6e 61 6d 65 22 3a 22 22 |,"Domainname":""|
|00000780| 2c 22 55 73 65 72 22 3a 22 22 2c 22 41 74 74 61 |,"User":"","Atta|
|00000790| 63 68 53 74 64 69 6e 22 3a 66 61 6c 73 65 2c 22 |chStdin":false,"|
|000007a0| 41 74 74 61 63 68 53 74 64 6f 75 74 22 3a 66 61 |AttachStdout":fa|
|000007b0| 6c 73 65 2c 22 41 74 74 61 63 68 53 74 64 65 72 |lse,"AttachStder|
|000007c0| 72 22 3a 66 61 6c 73 65 2c 22 45 78 70 6f 73 65 |r":false,"Expose|
|000007d0| 64 50 6f 72 74 73 22 3a 7b 22 32 35 36 37 32 2f |dPorts":{"25672/|
|000007e0| 74 63 70 22 3a 7b 7d 2c 22 34 33 36 39 2f 74 63 |tcp":{},"4369/tc|
|000007f0| 70 22 3a 7b 7d 2c 22 35 36 37 31 2f 74 63 70 22 |p":{},"5671/tcp"|
|00000800| 3a 7b 7d 2c 22 35 36 37 32 2f 74 63 70 22 3a 7b |:{},"5672/tcp":{|
|00000810| 7d 7d 2c 22 54 74 79 22 3a 66 61 6c 73 65 2c 22 |}},"Tty":false,"|
|00000820| 4f 70 65 6e 53 74 64 69 6e 22 3a 66 61 6c 73 65 |OpenStdin":false|
|00000830| 2c 22 53 74 64 69 6e 4f 6e 63 65 22 3a 66 61 6c |,"StdinOnce":fal|
|00000840| 73 65 2c 22 45 6e 76 22 3a 5b 22 52 41 42 42 49 |se,"Env":["RABBI|
|00000850| 54 4d 51 5f 55 53 45 52 3d 67 75 65 73 74 22 2c |TMQ_USER=guest",|
|00000860| 22 52 41 42 42 49 54 4d 51 5f 50 41 53 53 57 4f |"RABBITMQ_PASSWO|
|00000870| 52 44 3d 67 75 65 73 74 22 2c 22 6e 6f 5f 70 72 |RD=guest","no_pr|
|00000880| 6f 78 79 3d 2a 2e 6c 6f 63 61 6c 2c 20 31 36 39 |oxy=*.local, 169|
|00000890| 2e 32 35 34 2f 31 36 22 2c 22 50 41 54 48 3d 2f |.254/16","PATH=/|
|000008a0| 75 73 72 2f 6c 69 62 2f 72 61 62 62 69 74 6d 71 |usr/lib/rabbitmq|
|000008b0| 2f 62 69 6e 3a 2f 75 73 72 2f 6c 6f 63 61 6c 2f |/bin:/usr/local/|
|000008c0| 73 62 69 6e 3a 2f 75 73 72 2f 6c 6f 63 61 6c 2f |sbin:/usr/local/|
|000008d0| 62 69 6e 3a 2f 75 73 72 2f 73 62 69 6e 3a 2f 75 |bin:/usr/sbin:/u|
|000008e0| 73 72 2f 62 69 6e 3a 2f 73 62 69 6e 3a 2f 62 69 |sr/bin:/sbin:/bi|
|000008f0| 6e 22 2c 22 47 4f 53 55 5f 56 45 52 53 49 4f 4e |n","GOSU_VERSION|
|00000900| 3d 31 2e 31 30 22 2c 22 52 41 42 42 49 54 4d 51 |=1.10","RABBITMQ|
|00000910| 5f 4c 4f 47 53 3d 2d 22 2c 22 52 41 42 42 49 54 |_LOGS=-","RABBIT|
|00000920| 4d 51 5f 53 41 53 4c 5f 4c 4f 47 53 3d 2d 22 2c |MQ_SASL_LOGS=-",|
|00000930| 22 52 41 42 42 49 54 4d 51 5f 47 50 47 5f 4b 45 |"RABBITMQ_GPG_KE|
|00000940| 59 3d 30 41 39 41 46 32 31 31 35 46 34 36 38 37 |Y=0A9AF2115F4687|
|00000950| 42 44 32 39 38 30 33 41 32 30 36 42 37 33 41 33 |BD29803A206B73A3|
|00000960| 36 45 36 30 32 36 44 46 43 41 22 2c 22 52 41 42 |6E6026DFCA","RAB|
|00000970| 42 49 54 4d 51 5f 56 45 52 53 49 4f 4e 3d 33 2e |BITMQ_VERSION=3.|
|00000980| 36 2e 31 34 22 2c 22 52 41 42 42 49 54 4d 51 5f |6.14","RABBITMQ_|
|00000990| 47 49 54 48 55 42 5f 54 41 47 3d 72 61 62 62 69 |GITHUB_TAG=rabbi|
|000009a0| 74 6d 71 5f 76 33 5f 36 5f 31 34 22 2c 22 52 41 |tmq_v3_6_14","RA|
|000009b0| 42 42 49 54 4d 51 5f 44 45 42 49 41 4e 5f 56 45 |BBITMQ_DEBIAN_VE|
|000009c0| 52 53 49 4f 4e 3d 33 2e 36 2e 31 34 2d 31 22 2c |RSION=3.6.14-1",|
|000009d0| 22 48 4f 4d 45 3d 2f 76 61 72 2f 6c 69 62 2f 72 |"HOME=/var/lib/r|
|000009e0| 61 62 62 69 74 6d 71 22 5d 2c 22 43 6d 64 22 3a |abbitmq"],"Cmd":|
|000009f0| 5b 22 72 61 62 62 69 74 6d 71 2d 73 65 72 76 65 |["rabbitmq-serve|
|00000a00| 72 22 5d 2c 22 41 72 67 73 45 73 63 61 70 65 64 |r"],"ArgsEscaped|
|00000a10| 22 3a 74 72 75 65 2c 22 49 6d 61 67 65 22 3a 22 |":true,"Image":"|
|00000a20| 72 61 62 62 69 74 6d 71 3a 33 2e 36 2e 31 34 22 |rabbitmq:3.6.14"|
|00000a30| 2c 22 56 6f 6c 75 6d 65 73 22 3a 7b 22 2f 76 61 |,"Volumes":{"/va|
|00000a40| 72 2f 6c 69 62 2f 72 61 62 62 69 74 6d 71 22 3a |r/lib/rabbitmq":|
|00000a50| 7b 7d 7d 2c 22 57 6f 72 6b 69 6e 67 44 69 72 22 |{}},"WorkingDir"|
|00000a60| 3a 22 22 2c 22 45 6e 74 72 79 70 6f 69 6e 74 22 |:"","Entrypoint"|
|00000a70| 3a 5b 22 64 6f 63 6b 65 72 2d 65 6e 74 72 79 70 |:["docker-entryp|
|00000a80| 6f 69 6e 74 2e 73 68 22 5d 2c 22 4f 6e 42 75 69 |oint.sh"],"OnBui|
|00000a90| 6c 64 22 3a 6e 75 6c 6c 2c 22 4c 61 62 65 6c 73 |ld":null,"Labels|
|00000aa0| 22 3a 7b 22 6f 72 67 2e 74 65 73 74 63 6f 6e 74 |":{"org.testcont|
|00000ab0| 61 69 6e 65 72 73 22 3a 22 74 72 75 65 22 7d 7d |ainers":"true"}}|
|00000ac0| 2c 22 4e 65 74 77 6f 72 6b 53 65 74 74 69 6e 67 |,"NetworkSetting|
|00000ad0| 73 22 3a 7b 22 42 72 69 64 67 65 22 3a 22 22 2c |s":{"Bridge":"",|
|00000ae0| 22 53 61 6e 64 62 6f 78 49 44 22 3a 22 38 66 38 |"SandboxID":"8f8|
|00000af0| 35 65 33 63 65 66 39 62 32 66 39 39 31 63 39 36 |5e3cef9b2f991c96|
|00000b00| 30 30 35 61 32 38 64 36 65 63 35 32 64 63 34 35 |005a28d6ec52dc45|
|00000b10| 33 33 33 64 63 65 37 38 38 37 36 64 30 39 37 65 |333dce78876d097e|
|00000b20| 63 31 32 38 66 39 39 36 37 33 38 36 64 22 2c 22 |c128f9967386d","|
|00000b30| 48 61 69 72 70 69 6e 4d 6f 64 65 22 3a 66 61 6c |HairpinMode":fal|
|00000b40| 73 65 2c 22 4c 69 6e 6b 4c 6f 63 61 6c 49 50 76 |se,"LinkLocalIPv|
|00000b50| 36 41 64 64 72 65 73 73 22 3a 22 22 2c 22 4c 69 |6Address":"","Li|
|00000b60| 6e 6b 4c 6f 63 61 6c 49 50 76 36 50 72 65 66 69 |nkLocalIPv6Prefi|
|00000b70| 78 4c 65 6e 22 3a 30 2c 22 50 6f 72 74 73 22 3a |xLen":0,"Ports":|
|00000b80| 7b 7d 2c 22 53 61 6e 64 62 6f 78 4b 65 79 22 3a |{},"SandboxKey":|
|00000b90| 22 2f 76 61 72 2f 72 75 6e 2f 64 6f 63 6b 65 72 |"/var/run/docker|
|00000ba0| 2f 6e 65 74 6e 73 2f 38 66 38 35 65 33 63 65 66 |/netns/8f85e3cef|
|00000bb0| 39 62 32 22 2c 22 53 65 63 6f 6e 64 61 72 79 49 |9b2","SecondaryI|
|00000bc0| 50 41 64 64 72 65 73 73 65 73 22 3a 6e 75 6c 6c |PAddresses":null|
|00000bd0| 2c 22 53 65 63 6f 6e 64 61 72 79 49 50 76 36 41 |,"SecondaryIPv6A|
|00000be0| 64 64 72 65 73 73 65 73 22 3a 6e 75 6c 6c 2c 22 |ddresses":null,"|
|00000bf0| 45 6e 64 70 6f 69 6e 74 49 44 22 3a 22 22 2c 22 |EndpointID":"","|
|00000c00| 47 61 74 65 77 61 79 22 3a 22 22 2c 22 47 6c 6f |Gateway":"","Glo|
|00000c10| 62 61 6c 49 50 76 36 41 64 64 72 65 73 73 22 3a |balIPv6Address":|
|00000c20| 22 22 2c 22 47 6c 6f 62 61 6c 49 50 76 36 50 72 |"","GlobalIPv6Pr|
|00000c30| 65 66 69 78 4c 65 6e 22 3a 30 2c 22 49 50 41 64 |efixLen":0,"IPAd|
|00000c40| 64 72 65 73 73 22 3a 22 22 2c 22 49 50 50 72 65 |dress":"","IPPre|
|00000c50| 66 69 78 4c 65 6e 22 3a 30 2c 22 49 50 76 36 47 |fixLen":0,"IPv6G|
|00000c60| 61 74 65 77 61 79 22 3a 22 22 2c 22 4d 61 63 41 |ateway":"","MacA|
|00000c70| 64 64 72 65 73 73 22 3a 22 22 2c 22 4e 65 74 77 |ddress":"","Netw|
|00000c80| 6f 72 6b 73 22 3a 7b 22 62 72 69 64 67 65 22 3a |orks":{"bridge":|
|00000c90| 7b 22 49 50 41 4d 43 6f 6e 66 69 67 22 3a 6e 75 |{"IPAMConfig":nu|
|00000ca0| 6c 6c 2c 22 4c 69 6e 6b 73 22 3a 6e 75 6c 6c 2c |ll,"Links":null,|
|00000cb0| 22 41 6c 69 61 73 65 73 22 3a 6e 75 6c 6c 2c 22 |"Aliases":null,"|
|00000cc0| 4e 65 74 77 6f 72 6b 49 44 22 3a 22 39 66 65 38 |NetworkID":"9fe8|
|00000cd0| 62 39 32 64 61 66 63 30 35 34 34 36 33 33 37 39 |b92dafc054463379|
|00000ce0| 64 39 34 35 38 61 64 65 37 37 64 35 31 61 34 61 |d9458ade77d51a4a|
|00000cf0| 62 39 30 61 64 31 33 65 35 34 61 65 32 31 61 31 |b90ad13e54ae21a1|
|00000d00| 38 64 36 35 66 66 32 63 30 37 63 61 22 2c 22 45 |8d65ff2c07ca","E|
|00000d10| 6e 64 70 6f 69 6e 74 49 44 22 3a 22 22 2c 22 47 |ndpointID":"","G|
|00000d20| 61 74 65 77 61 79 22 3a 22 22 2c 22 49 50 41 64 |ateway":"","IPAd|
|00000d30| 64 72 65 73 73 22 3a 22 22 2c 22 49 50 50 72 65 |dress":"","IPPre|
|00000d40| 66 69 78 4c 65 6e 22 3a 30 2c 22 49 50 76 36 47 |fixLen":0,"IPv6G|
|00000d50| 61 74 65 77 61 79 22 3a 22 22 2c 22 47 6c 6f 62 |ateway":"","Glob|
|00000d60| 61 6c 49 50 76 36 41 64 64 72 65 73 73 22 3a 22 |alIPv6Address":"|
|00000d70| 22 2c 22 47 6c 6f 62 61 6c 49 50 76 36 50 72 65 |","GlobalIPv6Pre|
|00000d80| 66 69 78 4c 65 6e 22 3a 30 2c 22 4d 61 63 41 64 |fixLen":0,"MacAd|
|00000d90| 64 72 65 73 73 22 3a 22 22 2c 22 44 72 69 76 65 |dress":"","Drive|
|00000da0| 72 4f 70 74 73 22 3a 6e 75 6c 6c 7d 7d 7d 7d 0a |rOpts":null}}}}.|
+--------+-------------------------------------------------+----------------+
2017-11-27 22:09:23.343 DEBUG 24827 --- [rjava-netty-1-3] c.g.d.netty.NettyDockerCmdExecFactory$1  : [id: 0x6fa75780, L:null - R:/var/run/docker.sock] READ, EmptyLastHttpContent, 0B
2017-11-27 22:09:23.343 DEBUG 24827 --- [rjava-netty-1-3] c.g.d.netty.NettyDockerCmdExecFactory$1  : [id: 0x6fa75780, L:null - R:/var/run/docker.sock] CLOSE
2017-11-27 22:09:23.343 DEBUG 24827 --- [rjava-netty-1-3] xecFactory$UnixDomainSocketInitializer$3 : [id: 0x6fa75780, L:null - R:/var/run/docker.sock] CLOSE
2017-11-27 22:09:23.343 DEBUG 24827 --- [rjava-netty-1-3] xecFactory$UnixDomainSocketInitializer$3 : [id: 0x6fa75780, L:null ! R:/var/run/docker.sock] READ COMPLETE
2017-11-27 22:09:23.343 DEBUG 24827 --- [rjava-netty-1-3] c.g.d.netty.NettyDockerCmdExecFactory$1  : [id: 0x6fa75780, L:null ! R:/var/run/docker.sock] READ COMPLETE
2017-11-27 22:09:23.343 DEBUG 24827 --- [       Thread-1] c.g.d.core.command.AbstrDockerCmd        : Cmd: 760a11cda02e910f00711b5a13bda9b1a918e18eb4153f1bfc40e23e16ada5cc,true,true,com.github.dockerjava.netty.exec.RemoveContainerCmdExec@1f4ecc4
2017-11-27 22:09:23.344 DEBUG 24827 --- [rjava-netty-1-3] xecFactory$UnixDomainSocketInitializer$3 : [id: 0x6fa75780, L:null ! R:/var/run/docker.sock] INACTIVE
2017-11-27 22:09:23.344 DEBUG 24827 --- [rjava-netty-1-3] c.g.d.netty.NettyDockerCmdExecFactory$1  : [id: 0x6fa75780, L:null ! R:/var/run/docker.sock] INACTIVE
2017-11-27 22:09:23.344 DEBUG 24827 --- [rjava-netty-1-3] xecFactory$UnixDomainSocketInitializer$3 : [id: 0x6fa75780, L:null ! R:/var/run/docker.sock] UNREGISTERED
2017-11-27 22:09:23.344 DEBUG 24827 --- [rjava-netty-1-3] c.g.d.netty.NettyDockerCmdExecFactory$1  : [id: 0x6fa75780, L:null ! R:/var/run/docker.sock] UNREGISTERED
2017-11-27 22:09:23.344 DEBUG 24827 --- [rjava-netty-1-4] xecFactory$UnixDomainSocketInitializer$3 : [id: 0xe989e371] REGISTERED
2017-11-27 22:09:23.344 DEBUG 24827 --- [rjava-netty-1-4] xecFactory$UnixDomainSocketInitializer$3 : [id: 0xe989e371] CONNECT: /var/run/docker.sock
2017-11-27 22:09:23.344 DEBUG 24827 --- [rjava-netty-1-4] xecFactory$UnixDomainSocketInitializer$3 : [id: 0xe989e371, L:null - R:/var/run/docker.sock] ACTIVE
2017-11-27 22:09:23.344 DEBUG 24827 --- [rjava-netty-1-4] c.g.d.netty.NettyDockerCmdExecFactory$1  : [id: 0xe989e371, L:null - R:/var/run/docker.sock] WRITE, DefaultFullHttpRequest(decodeResult: success, version: HTTP/1.1, content: UnpooledByteBufAllocator$InstrumentedUnpooledUnsafeHeapByteBuf(ridx: 0, widx: 0, cap: 0))
DELETE /containers/760a11cda02e910f00711b5a13bda9b1a918e18eb4153f1bfc40e23e16ada5cc?v=true&force=true HTTP/1.1
host:
connection: keep-alive
accept-encoding: gzip
accept: application/json, 0B
2017-11-27 22:09:23.344 DEBUG 24827 --- [rjava-netty-1-4] xecFactory$UnixDomainSocketInitializer$3 : [id: 0xe989e371, L:null - R:/var/run/docker.sock] WRITE: 195B
         +-------------------------------------------------+
         |  0  1  2  3  4  5  6  7  8  9  a  b  c  d  e  f |
+--------+-------------------------------------------------+----------------+
|00000000| 44 45 4c 45 54 45 20 2f 63 6f 6e 74 61 69 6e 65 |DELETE /containe|
|00000010| 72 73 2f 37 36 30 61 31 31 63 64 61 30 32 65 39 |rs/760a11cda02e9|
|00000020| 31 30 66 30 30 37 31 31 62 35 61 31 33 62 64 61 |10f00711b5a13bda|
|00000030| 39 62 31 61 39 31 38 65 31 38 65 62 34 31 35 33 |9b1a918e18eb4153|
|00000040| 66 31 62 66 63 34 30 65 32 33 65 31 36 61 64 61 |f1bfc40e23e16ada|
|00000050| 35 63 63 3f 76 3d 74 72 75 65 26 66 6f 72 63 65 |5cc?v=true&force|
|00000060| 3d 74 72 75 65 20 48 54 54 50 2f 31 2e 31 0d 0a |=true HTTP/1.1..|
|00000070| 68 6f 73 74 3a 20 0d 0a 63 6f 6e 6e 65 63 74 69 |host: ..connecti|
|00000080| 6f 6e 3a 20 6b 65 65 70 2d 61 6c 69 76 65 0d 0a |on: keep-alive..|
|00000090| 61 63 63 65 70 74 2d 65 6e 63 6f 64 69 6e 67 3a |accept-encoding:|
|000000a0| 20 67 7a 69 70 0d 0a 61 63 63 65 70 74 3a 20 61 | gzip..accept: a|
|000000b0| 70 70 6c 69 63 61 74 69 6f 6e 2f 6a 73 6f 6e 0d |pplication/json.|
|000000c0| 0a 0d 0a                                        |...             |
+--------+-------------------------------------------------+----------------+
2017-11-27 22:09:23.344 DEBUG 24827 --- [rjava-netty-1-4] c.g.d.netty.NettyDockerCmdExecFactory$1  : [id: 0xe989e371, L:null - R:/var/run/docker.sock] FLUSH
2017-11-27 22:09:23.344 DEBUG 24827 --- [rjava-netty-1-4] xecFactory$UnixDomainSocketInitializer$3 : [id: 0xe989e371, L:null - R:/var/run/docker.sock] FLUSH
2017-11-27 22:09:23.355 DEBUG 24827 --- [rjava-netty-1-4] xecFactory$UnixDomainSocketInitializer$3 : [id: 0xe989e371, L:null - R:/var/run/docker.sock] READ: 161B
         +-------------------------------------------------+
         |  0  1  2  3  4  5  6  7  8  9  a  b  c  d  e  f |
+--------+-------------------------------------------------+----------------+
|00000000| 48 54 54 50 2f 31 2e 31 20 32 30 34 20 4e 6f 20 |HTTP/1.1 204 No |
|00000010| 43 6f 6e 74 65 6e 74 0d 0a 41 70 69 2d 56 65 72 |Content..Api-Ver|
|00000020| 73 69 6f 6e 3a 20 31 2e 33 32 0d 0a 44 61 74 65 |sion: 1.32..Date|
|00000030| 3a 20 4d 6f 6e 2c 20 32 37 20 4e 6f 76 20 32 30 |: Mon, 27 Nov 20|
|00000040| 31 37 20 32 31 3a 30 39 3a 31 39 20 47 4d 54 0d |17 21:09:19 GMT.|
|00000050| 0a 44 6f 63 6b 65 72 2d 45 78 70 65 72 69 6d 65 |.Docker-Experime|
|00000060| 6e 74 61 6c 3a 20 66 61 6c 73 65 0d 0a 4f 73 74 |ntal: false..Ost|
|00000070| 79 70 65 3a 20 6c 69 6e 75 78 0d 0a 53 65 72 76 |ype: linux..Serv|
|00000080| 65 72 3a 20 44 6f 63 6b 65 72 2f 31 37 2e 30 39 |er: Docker/17.09|
|00000090| 2e 30 2d 63 65 20 28 6c 69 6e 75 78 29 0d 0a 0d |.0-ce (linux)...|
|000000a0| 0a                                              |.               |
+--------+-------------------------------------------------+----------------+
2017-11-27 22:09:23.355 DEBUG 24827 --- [rjava-netty-1-4] c.g.d.netty.NettyDockerCmdExecFactory$1  : [id: 0xe989e371, L:null - R:/var/run/docker.sock] READ: DefaultHttpResponse(decodeResult: success, version: HTTP/1.1)
HTTP/1.1 204 No Content
Api-Version: 1.32
Date: Mon, 27 Nov 2017 21:09:19 GMT
Docker-Experimental: false
Ostype: linux
Server: Docker/17.09.0-ce (linux)
2017-11-27 22:09:23.355 DEBUG 24827 --- [rjava-netty-1-4] c.g.d.netty.NettyDockerCmdExecFactory$1  : [id: 0xe989e371, L:null - R:/var/run/docker.sock] READ, EmptyLastHttpContent, 0B
2017-11-27 22:09:23.355 DEBUG 24827 --- [rjava-netty-1-4] c.g.d.netty.NettyDockerCmdExecFactory$1  : [id: 0xe989e371, L:null - R:/var/run/docker.sock] CLOSE
2017-11-27 22:09:23.355 DEBUG 24827 --- [rjava-netty-1-4] xecFactory$UnixDomainSocketInitializer$3 : [id: 0xe989e371, L:null - R:/var/run/docker.sock] CLOSE
2017-11-27 22:09:23.356 DEBUG 24827 --- [rjava-netty-1-4] xecFactory$UnixDomainSocketInitializer$3 : [id: 0xe989e371, L:null ! R:/var/run/docker.sock] READ COMPLETE
2017-11-27 22:09:23.356 DEBUG 24827 --- [rjava-netty-1-4] c.g.d.netty.NettyDockerCmdExecFactory$1  : [id: 0xe989e371, L:null ! R:/var/run/docker.sock] READ COMPLETE
2017-11-27 22:09:23.356 DEBUG 24827 --- [rjava-netty-1-4] xecFactory$UnixDomainSocketInitializer$3 : [id: 0xe989e371, L:null ! R:/var/run/docker.sock] INACTIVE
2017-11-27 22:09:23.356 DEBUG 24827 --- [rjava-netty-1-4] c.g.d.netty.NettyDockerCmdExecFactory$1  : [id: 0xe989e371, L:null ! R:/var/run/docker.sock] INACTIVE
2017-11-27 22:09:23.356 DEBUG 24827 --- [rjava-netty-1-4] xecFactory$UnixDomainSocketInitializer$3 : [id: 0xe989e371, L:null ! R:/var/run/docker.sock] UNREGISTERED
2017-11-27 22:09:23.356 DEBUG 24827 --- [rjava-netty-1-4] c.g.d.netty.NettyDockerCmdExecFactory$1  : [id: 0xe989e371, L:null ! R:/var/run/docker.sock] UNREGISTERED

Process finished with exit code 255
